[21:18:56] ============================================================
[21:18:56] 批量处理 1-250 期 启动
[21:18:56] ============================================================
[21:18:56] [1/250] 第 1 期...
[21:18:59]   空数据, 跳过
[21:18:59] [2/250] 第 2 期...
[21:19:02] 分区数: 1
[21:19:02]   - 社会: 1 条
[21:19:02] 追加到分区笔记...
[21:19:02]   社会: +1 条 → 社会.md
[21:19:02] 已记录到日志: 第 2 期 → _processed.json
[21:19:02]   成功: 1 条 → 1 个分区
[21:19:03] [3/250] 第 3 期...
[21:19:05] 分区数: 1
[21:19:05]   - 科学科普: 1 条
[21:19:05] 追加到分区笔记...
[21:19:05]   科学科普: +1 条 → 科学科普.md
[21:19:05] 已记录到日志: 第 3 期 → _processed.json
[21:19:05]   成功: 1 条 → 1 个分区
[21:19:06] [4/250] 第 4 期...
[21:19:08] 分区数: 3
[21:19:08]   - 综合: 2 条
[21:19:08]   - 热点: 1 条
[21:19:08]   - 数码: 1 条
[21:19:08] 追加到分区笔记...
[21:19:08]   综合: +2 条 → 综合.md
[21:19:08]   热点: +1 条 → 热点.md
[21:19:08]   数码: +1 条 → 数码.md
[21:19:08] 已记录到日志: 第 4 期 → _processed.json
[21:19:08]   成功: 4 条 → 3 个分区
[21:19:08] [5/250] 第 5 期...
[21:19:09]   空数据, 跳过
[21:19:09] [6/250] 第 6 期...
[21:19:09]   空数据, 跳过
[21:19:09] [7/250] 第 7 期...
[21:19:10]   空数据, 跳过
[21:19:10] [8/250] 第 8 期...
[21:19:10]   空数据, 跳过
[21:19:10] [9/250] 第 9 期...
[21:19:12] 分区数: 1
[21:19:12]   - 热点: 1 条
[21:19:12] 追加到分区笔记...
[21:19:12]   热点: +1 条 → 热点.md
[21:19:12] 已记录到日志: 第 9 期 → _processed.json
[21:19:12]   成功: 1 条 → 1 个分区
[21:19:13] [10/250] 第 10 期...
[21:19:13]   空数据, 跳过
[21:19:13] [11/250] 第 11 期...
[21:19:14]   空数据, 跳过
[21:19:14] [12/250] 第 12 期...
[21:19:15]   空数据, 跳过
[21:19:15] [13/250] 第 13 期...
[21:19:15]   空数据, 跳过
[21:19:15] [14/250] 第 14 期...
[21:19:15]   空数据, 跳过
[21:19:15] [15/250] 第 15 期...
[21:19:16]   空数据, 跳过
[21:19:16] [16/250] 第 16 期...
[21:19:16]   空数据, 跳过
[21:19:16] [17/250] 第 17 期...
[21:19:17]   空数据, 跳过
[21:19:17] [18/250] 第 18 期...
[21:19:17]   空数据, 跳过
[21:19:17] [19/250] 第 19 期...
[21:19:18]   空数据, 跳过
[21:19:18] [20/250] 第 20 期...
[21:19:18]   空数据, 跳过
[21:19:18] [21/250] 第 21 期...
[21:19:19]   空数据, 跳过
[21:19:19] [22/250] 第 22 期...
[21:19:19]   空数据, 跳过
[21:19:20] [23/250] 第 23 期...
[21:19:20]   空数据, 跳过
[21:19:20] [24/250] 第 24 期...
[21:19:21]   空数据, 跳过
[21:19:21] [25/250] 第 25 期...
[21:19:21]   空数据, 跳过
[21:19:21] [26/250] 第 26 期...
[21:19:22]   空数据, 跳过
[21:19:22] [27/250] 第 27 期...
[21:19:22]   空数据, 跳过
[21:19:22] [28/250] 第 28 期...
[21:19:23]   空数据, 跳过
[21:19:23] [29/250] 第 29 期...
[21:19:23]   空数据, 跳过
[21:19:23] [30/250] 第 30 期...
[21:19:24]   空数据, 跳过
[21:19:24] [31/250] 第 31 期...
[21:19:24]   空数据, 跳过
[21:19:24] [32/250] 第 32 期...
[21:19:25]   空数据, 跳过
[21:19:25] [33/250] 第 33 期...
[21:19:25]   空数据, 跳过
[21:19:25] [34/250] 第 34 期...
[21:19:25]   空数据, 跳过
[21:19:25] [35/250] 第 35 期...
[21:19:26]   空数据, 跳过
[21:19:26] [36/250] 第 36 期...
[21:19:26]   空数据, 跳过
[21:19:26] [37/250] 第 37 期...
[21:19:27]   空数据, 跳过
[21:19:27] [38/250] 第 38 期...
[21:19:28]   空数据, 跳过
[21:19:28] [39/250] 第 39 期...
[21:19:28]   空数据, 跳过
[21:19:28] [40/250] 第 40 期...
[21:19:29]   空数据, 跳过
[21:19:29] [41/250] 第 41 期...
[21:19:29]   空数据, 跳过
[21:19:29] [42/250] 第 42 期...
[21:19:30]   空数据, 跳过
[21:19:30] [43/250] 第 43 期...
[21:19:30]   空数据, 跳过
[21:19:30] [44/250] 第 44 期...
[21:19:31]   空数据, 跳过
[21:19:31] [45/250] 第 45 期...
[21:19:31]   空数据, 跳过
[21:19:31] [46/250] 第 46 期...
[21:19:32]   空数据, 跳过
[21:19:32] [47/250] 第 47 期...
[21:19:32]   空数据, 跳过
[21:19:32] [48/250] 第 48 期...
[21:19:33]   空数据, 跳过
[21:19:33] [49/250] 第 49 期...
[21:19:33]   空数据, 跳过
[21:19:33] [50/250] 第 50 期...
[21:19:34]   空数据, 跳过
[21:19:34] [51/250] 第 51 期...
[21:19:34]   空数据, 跳过
[21:19:34] [52/250] 第 52 期...
[21:19:35]   空数据, 跳过
[21:19:35] [53/250] 第 53 期...
[21:19:35]   空数据, 跳过
[21:19:35] [54/250] 第 54 期...
[21:19:36]   空数据, 跳过
[21:19:36] [55/250] 第 55 期...
[21:19:36]   空数据, 跳过
[21:19:36] [56/250] 第 56 期...
[21:19:37]   空数据, 跳过
[21:19:37] [57/250] 第 57 期...
[21:19:37]   空数据, 跳过
[21:19:37] [58/250] 第 58 期...
[21:19:38]   空数据, 跳过
[21:19:38] [59/250] 第 59 期...
[21:19:38]   空数据, 跳过
[21:19:38] [60/250] 第 60 期...
[21:19:39]   空数据, 跳过
[21:19:39] [61/250] 第 61 期...
[21:19:39]   空数据, 跳过
[21:19:39] [62/250] 第 62 期...
[21:19:40]   空数据, 跳过
[21:19:40] [63/250] 第 63 期...
[21:19:41]   空数据, 跳过
[21:19:41] [64/250] 第 64 期...
[21:19:41]   空数据, 跳过
[21:19:41] [65/250] 第 65 期...
[21:19:41]   空数据, 跳过
[21:19:41] [66/250] 第 66 期...
[21:19:42]   空数据, 跳过
[21:19:42] [67/250] 第 67 期...
[21:19:43]   空数据, 跳过
[21:19:43] [68/250] 第 68 期...
[21:19:43]   空数据, 跳过
[21:19:43] [69/250] 第 69 期...
[21:19:44]   空数据, 跳过
[21:19:44] [70/250] 第 70 期...
[21:19:44]   空数据, 跳过
[21:19:44] [71/250] 第 71 期...
[21:19:45]   空数据, 跳过
[21:19:45] [72/250] 第 72 期...
[21:19:45]   空数据, 跳过
[21:19:45] [73/250] 第 73 期...
[21:19:46]   空数据, 跳过
[21:19:46] [74/250] 第 74 期...
[21:19:46]   空数据, 跳过
[21:19:46] [75/250] 第 75 期...
[21:19:47]   空数据, 跳过
[21:19:47] [76/250] 第 76 期...
[21:19:47]   空数据, 跳过
[21:19:47] [77/250] 第 77 期...
[21:19:48]   空数据, 跳过
[21:19:48] [78/250] 第 78 期...
[21:19:48]   空数据, 跳过
[21:19:48] [79/250] 第 79 期...
[21:19:49]   空数据, 跳过
[21:19:49] [80/250] 第 80 期...
[21:19:50]   空数据, 跳过
[21:19:50] [81/250] 第 81 期...
[21:19:50]   空数据, 跳过
[21:19:50] [82/250] 第 82 期...
[21:19:51]   空数据, 跳过
[21:19:51] [83/250] 第 83 期...
[21:19:51]   空数据, 跳过
[21:19:51] [84/250] 第 84 期...
[21:19:52]   空数据, 跳过
[21:19:52] [85/250] 第 85 期...
[21:19:52]   空数据, 跳过
[21:19:52] [86/250] 第 86 期...
[21:19:53]   空数据, 跳过
[21:19:53] [87/250] 第 87 期...
[21:19:53]   空数据, 跳过
[21:19:53] [88/250] 第 88 期...
[21:19:54]   空数据, 跳过
[21:19:54] [89/250] 第 89 期...
[21:19:54]   空数据, 跳过
[21:19:54] [90/250] 第 90 期...
[21:19:55]   空数据, 跳过
[21:19:55] [91/250] 第 91 期...
[21:19:55]   空数据, 跳过
[21:19:55] [92/250] 第 92 期...
[21:19:56]   空数据, 跳过
[21:19:56] [93/250] 第 93 期...
[21:19:56]   空数据, 跳过
[21:19:56] [94/250] 第 94 期...
[21:19:57]   空数据, 跳过
[21:19:57] [95/250] 第 95 期...
[21:19:57]   空数据, 跳过
[21:19:57] [96/250] 第 96 期...
[21:19:58]   空数据, 跳过
[21:19:58] [97/250] 第 97 期...
[21:19:58]   空数据, 跳过
[21:19:58] [98/250] 第 98 期...
[21:19:59]   空数据, 跳过
[21:19:59] [99/250] 第 99 期...
[21:19:59]   空数据, 跳过
[21:19:59] [100/250] 第 100 期...
[21:20:00]   空数据, 跳过
[21:20:00] [101/250] 第 101 期...
[21:20:00]   空数据, 跳过
[21:20:00] [102/250] 第 102 期...
[21:20:01]   空数据, 跳过
[21:20:01] [103/250] 第 103 期...
[21:20:01]   空数据, 跳过
[21:20:01] [104/250] 第 104 期...
[21:20:02]   空数据, 跳过
[21:20:02] [105/250] 第 105 期...
[21:20:02]   空数据, 跳过
[21:20:02] [106/250] 第 106 期...
[21:20:03]   空数据, 跳过
[21:20:03] [107/250] 第 107 期...
[21:20:03]   空数据, 跳过
[21:20:03] [108/250] 第 108 期...
[21:20:04]   空数据, 跳过
[21:20:04] [109/250] 第 109 期...
[21:20:05]   空数据, 跳过
[21:20:05] [110/250] 第 110 期...
[21:20:05]   空数据, 跳过
[21:20:05] [111/250] 第 111 期...
[21:20:06]   空数据, 跳过
[21:20:06] [112/250] 第 112 期...
[21:20:06]   空数据, 跳过
[21:20:06] [113/250] 第 113 期...
[21:20:07]   空数据, 跳过
[21:20:07] [114/250] 第 114 期...
[21:20:07]   空数据, 跳过
[21:20:07] [115/250] 第 115 期...
[21:20:08]   空数据, 跳过
[21:20:08] [116/250] 第 116 期...
[21:20:08]   空数据, 跳过
[21:20:08] [117/250] 第 117 期...
[21:20:09]   空数据, 跳过
[21:20:09] [118/250] 第 118 期...
[21:20:09]   空数据, 跳过
[21:20:09] [119/250] 第 119 期...
[21:20:10]   空数据, 跳过
[21:20:10] [120/250] 第 120 期...
[21:20:10]   空数据, 跳过
[21:20:10] [121/250] 第 121 期...
[21:20:11]   空数据, 跳过
[21:20:11] [122/250] 第 122 期...
[21:20:11]   空数据, 跳过
[21:20:11] [123/250] 第 123 期...
[21:20:12]   空数据, 跳过
[21:20:12] [124/250] 第 124 期...
[21:20:12]   空数据, 跳过
[21:20:12] [125/250] 第 125 期...
[21:20:13]   空数据, 跳过
[21:20:13] [126/250] 第 126 期...
[21:20:13]   空数据, 跳过
[21:20:13] [127/250] 第 127 期...
[21:20:14]   空数据, 跳过
[21:20:14] [128/250] 第 128 期...
[21:20:14]   空数据, 跳过
[21:20:14] [129/250] 第 129 期...
[21:20:15]   空数据, 跳过
[21:20:15] [130/250] 第 130 期...
[21:20:16]   空数据, 跳过
[21:20:16] [131/250] 第 131 期...
[21:20:16]   空数据, 跳过
[21:20:16] [132/250] 第 132 期...
[21:20:17]   空数据, 跳过
[21:20:17] [133/250] 第 133 期...
[21:20:17]   空数据, 跳过
[21:20:17] [134/250] 第 134 期...
[21:20:18]   空数据, 跳过
[21:20:18] [135/250] 第 135 期...
[21:20:18]   空数据, 跳过
[21:20:18] [136/250] 第 136 期...
[21:20:19]   空数据, 跳过
[21:20:19] [137/250] 第 137 期...
[21:20:19]   空数据, 跳过
[21:20:19] [138/250] 第 138 期...
[21:20:20]   空数据, 跳过
[21:20:20] [139/250] 第 139 期...
[21:20:20]   空数据, 跳过
[21:20:20] [140/250] 第 140 期...
[21:20:21]   空数据, 跳过
[21:20:21] [141/250] 第 141 期...
[21:20:21]   空数据, 跳过
[21:20:21] [142/250] 第 142 期...
[21:20:22]   空数据, 跳过
[21:20:22] [143/250] 第 143 期...
[21:20:22]   空数据, 跳过
[21:20:22] [144/250] 第 144 期...
[21:20:23]   空数据, 跳过
[21:20:23] [145/250] 第 145 期...
[21:20:23]   空数据, 跳过
[21:20:23] [146/250] 第 146 期...
[21:20:24]   空数据, 跳过
[21:20:24] [147/250] 第 147 期...
[21:20:24]   空数据, 跳过
[21:20:24] [148/250] 第 148 期...
[21:20:25]   空数据, 跳过
[21:20:25] [149/250] 第 149 期...
[21:20:26]   空数据, 跳过
[21:20:26] [150/250] 第 150 期...
[21:20:26]   空数据, 跳过
[21:20:26] [151/250] 第 151 期...
[21:20:27]   空数据, 跳过
[21:20:27] [152/250] 第 152 期...
[21:20:27]   空数据, 跳过
[21:20:27] [153/250] 第 153 期...
[21:20:28]   空数据, 跳过
[21:20:28] [154/250] 第 154 期...
[21:20:28]   空数据, 跳过
[21:20:28] [155/250] 第 155 期...
[21:20:29]   空数据, 跳过
[21:20:29] [156/250] 第 156 期...
[21:20:29]   空数据, 跳过
[21:20:29] [157/250] 第 157 期...
[21:20:30]   空数据, 跳过
[21:20:30] [158/250] 第 158 期...
[21:20:30]   空数据, 跳过
[21:20:30] [159/250] 第 159 期...
[21:20:31]   空数据, 跳过
[21:20:31] [160/250] 第 160 期...
[21:20:31]   空数据, 跳过
[21:20:31] [161/250] 第 161 期...
[21:20:32]   空数据, 跳过
[21:20:32] [162/250] 第 162 期...
[21:20:32]   空数据, 跳过
[21:20:32] [163/250] 第 163 期...
[21:20:33]   空数据, 跳过
[21:20:33] [164/250] 第 164 期...
[21:20:33]   空数据, 跳过
[21:20:33] [165/250] 第 165 期...
[21:20:33]   空数据, 跳过
[21:20:33] [166/250] 第 166 期...
[21:20:34]   空数据, 跳过
[21:20:34] [167/250] 第 167 期...
[21:20:34]   空数据, 跳过
[21:20:34] [168/250] 第 168 期...
[21:20:35]   空数据, 跳过
[21:20:35] [169/250] 第 169 期...
[21:20:35]   空数据, 跳过
[21:20:35] [170/250] 第 170 期...
[21:20:36]   空数据, 跳过
[21:20:36] [171/250] 第 171 期...
[21:20:36]   空数据, 跳过
[21:20:36] [172/250] 第 172 期...
[21:20:37]   空数据, 跳过
[21:20:37] [173/250] 第 173 期...
[21:20:37]   空数据, 跳过
[21:20:37] [174/250] 第 174 期...
[21:20:38]   空数据, 跳过
[21:20:38] [175/250] 第 175 期...
[21:20:38]   空数据, 跳过
[21:20:38] [176/250] 第 176 期...
[21:20:39]   空数据, 跳过
[21:20:39] [177/250] 第 177 期...
[21:20:39]   空数据, 跳过
[21:20:39] [178/250] 第 178 期...
[21:20:40]   空数据, 跳过
[21:20:40] [179/250] 第 179 期...
[21:20:40]   空数据, 跳过
[21:20:40] [180/250] 第 180 期...
[21:20:41]   空数据, 跳过
[21:20:41] [181/250] 第 181 期...
[21:20:41]   空数据, 跳过
[21:20:41] [182/250] 第 182 期...
[21:20:42]   空数据, 跳过
[21:20:42] [183/250] 第 183 期...
[21:20:43]   空数据, 跳过
[21:20:43] [184/250] 第 184 期...
[21:20:44]   空数据, 跳过
[21:20:44] [185/250] 第 185 期...
[21:20:45]   空数据, 跳过
[21:20:45] [186/250] 第 186 期...
[21:20:45]   空数据, 跳过
[21:20:45] [187/250] 第 187 期...
[21:20:46]   空数据, 跳过
[21:20:46] [188/250] 第 188 期...
[21:20:46]   空数据, 跳过
[21:20:46] [189/250] 第 189 期...
[21:20:47]   空数据, 跳过
[21:20:47] [190/250] 第 190 期...
[21:20:47]   空数据, 跳过
[21:20:47] [191/250] 第 191 期...
[21:20:48]   空数据, 跳过
[21:20:48] [192/250] 第 192 期...
[21:20:48]   空数据, 跳过
[21:20:48] [193/250] 第 193 期...
[21:20:49]   空数据, 跳过
[21:20:49] [194/250] 第 194 期...
[21:20:49]   空数据, 跳过
[21:20:49] [195/250] 第 195 期...
[21:20:49]   空数据, 跳过
[21:20:49] [196/250] 第 196 期...
[21:20:50]   空数据, 跳过
[21:20:50] [197/250] 第 197 期...
[21:20:51]   空数据, 跳过
[21:20:51] [198/250] 第 198 期...
[21:20:51]   空数据, 跳过
[21:20:51] [199/250] 第 199 期...
[21:20:52]   空数据, 跳过
[21:20:52] [200/250] 第 200 期...
[21:20:52]   空数据, 跳过
[21:20:52] [201/250] 第 201 期...
[21:20:53]   空数据, 跳过
[21:20:53] [202/250] 第 202 期...
[21:20:53]   空数据, 跳过
[21:20:53] [203/250] 第 203 期...
[21:20:54]   空数据, 跳过
[21:20:54] [204/250] 第 204 期...
[21:20:54]   空数据, 跳过
[21:20:54] [205/250] 第 205 期...
[21:20:55]   空数据, 跳过
[21:20:55] [206/250] 第 206 期...
[21:20:55]   空数据, 跳过
[21:20:55] [207/250] 第 207 期...
[21:20:56]   空数据, 跳过
[21:20:56] [208/250] 第 208 期...
[21:20:56]   空数据, 跳过
[21:20:56] [209/250] 第 209 期...
[21:20:57]   空数据, 跳过
[21:20:57] [210/250] 第 210 期...
[21:20:57]   空数据, 跳过
[21:20:57] [211/250] 第 211 期...
[21:20:58]   空数据, 跳过
[21:20:58] [212/250] 第 212 期...
[21:20:58]   空数据, 跳过
[21:20:58] [213/250] 第 213 期...
[21:20:59]   空数据, 跳过
[21:20:59] [214/250] 第 214 期...
[21:20:59]   空数据, 跳过
[21:20:59] [215/250] 第 215 期...
[21:21:00]   空数据, 跳过
[21:21:00] [216/250] 第 216 期...
[21:21:00]   空数据, 跳过
[21:21:00] [217/250] 第 217 期...
[21:21:01]   空数据, 跳过
[21:21:01] [218/250] 第 218 期...
[21:21:01]   空数据, 跳过
[21:21:01] [219/250] 第 219 期...
[21:21:02]   空数据, 跳过
[21:21:02] [220/250] 第 220 期...
[21:21:02]   空数据, 跳过
[21:21:02] [221/250] 第 221 期...
[21:21:03]   空数据, 跳过
[21:21:03] [222/250] 第 222 期...
[21:21:03]   空数据, 跳过
[21:21:03] [223/250] 第 223 期...
[21:21:04]   空数据, 跳过
[21:21:04] [224/250] 第 224 期...
[21:21:04]   空数据, 跳过
[21:21:04] [225/250] 第 225 期...
[21:21:05]   空数据, 跳过
[21:21:05] [226/250] 第 226 期...
[21:21:05]   空数据, 跳过
[21:21:06] [227/250] 第 227 期...
[21:21:06]   空数据, 跳过
[21:21:06] [228/250] 第 228 期...
[21:21:07]   空数据, 跳过
[21:21:07] [229/250] 第 229 期...
[21:21:07]   空数据, 跳过
[21:21:07] [230/250] 第 230 期...
[21:21:08]   空数据, 跳过
[21:21:08] [231/250] 第 231 期...
[21:21:08]   空数据, 跳过
[21:21:08] [232/250] 第 232 期...
[21:21:09]   空数据, 跳过
[21:21:09] [233/250] 第 233 期...
[21:21:09]   空数据, 跳过
[21:21:09] [234/250] 第 234 期...
[21:21:10]   空数据, 跳过
[21:21:10] [235/250] 第 235 期...
[21:21:10]   空数据, 跳过
[21:21:10] [236/250] 第 236 期...
[21:21:11]   空数据, 跳过
[21:21:11] [237/250] 第 237 期...
[21:21:11]   空数据, 跳过
[21:21:11] [238/250] 第 238 期...
[21:21:12]   空数据, 跳过
[21:21:12] [239/250] 第 239 期...
[21:21:13]   空数据, 跳过
[21:21:13] [240/250] 第 240 期...
[21:21:13]   空数据, 跳过
[21:21:13] [241/250] 第 241 期...
[21:21:14]   空数据, 跳过
[21:21:14] [242/250] 第 242 期...
[21:21:14]   空数据, 跳过
[21:21:14] [243/250] 第 243 期...
[21:21:15]   空数据, 跳过
[21:21:15] [244/250] 第 244 期...
[21:21:15]   空数据, 跳过
[21:21:15] [245/250] 第 245 期...
[21:21:16]   空数据, 跳过
[21:21:16] [246/250] 第 246 期...
[21:21:16]   空数据, 跳过
[21:21:16] [247/250] 第 247 期...
[21:21:17]   空数据, 跳过
[21:21:17] [248/250] 第 248 期...
[21:21:17]   空数据, 跳过
[21:21:17] [249/250] 第 249 期...
[21:21:18]   空数据, 跳过
[21:21:18] [250/250] 第 250 期...
[21:21:18]   空数据, 跳过
[21:21:18] ------------------------------------------------------------
[21:21:18] 批量完成: 成功 4, 空数据 246, 失败 0
[21:21:18] 总耗时: 142 秒 (2.4 分钟)
