[17:35:29] 调用 doubao ask, prompt 长度: 58
[17:35:44] ok=True
[17:35:44] stdout 长度: 215
[17:35:44] stdout 前 500 字符:
[
  {
    "Role": "User",
    "Text": "请把以下英文翻译成中文, 只返回JSON数组, 不要其他文字: [\"hello world\", \"foo bar\"]"
  },
  {
    "Role": "Assistant",
    "Text": "AI 创作关于豆包下载电脑版登录有什么我能帮你的吗？快速新PPT 生成图像生成帮我写作视频生成深入研究录音转写更多"
  }
]

[17:35:44] stdout 后 500 字符:
[
  {
    "Role": "User",
    "Text": "请把以下英文翻译成中文, 只返回JSON数组, 不要其他文字: [\"hello world\", \"foo bar\"]"
  },
  {
    "Role": "Assistant",
    "Text": "AI 创作关于豆包下载电脑版登录有什么我能帮你的吗？快速新PPT 生成图像生成帮我写作视频生成深入研究录音转写更多"
  }
]

[17:35:44] 
解析成功, 类型: list
[17:35:44] 数组长度: 2
[17:35:44]   [0] type=dict, keys=['Role', 'Text']
[17:35:44]       content: {"Role": "User", "Text": "请把以下英文翻译成中文, 只返回JSON数组, 不要其他文字: [\"hello world\", \"foo bar\"]"}
[17:35:44]   [1] type=dict, keys=['Role', 'Text']
[17:35:44]       content: {"Role": "Assistant", "Text": "AI 创作关于豆包下载电脑版登录有什么我能帮你的吗？快速新PPT 生成图像生成帮我写作视频生成深入研究录音转写更多"}
