[08:35:39] 总文件数: 198
[08:35:39] 待处理: 194
[08:35:39] 已处理(将跳过): 0
[08:35:39] [1/194] IT咖啡馆-7K star，想用AI搞副业？这个项目汇总了思路.md
[08:35:39]   BV: BV1mH4y1a7mk
[08:35:41]   成功追加 ## 视频简介
[08:35:42] [2/194] IT咖啡馆-80后的回忆杀，红警居然开源了！.md
[08:35:42]   BV: BV1tA4m1376Z
[08:35:43]   成功追加 ## 视频简介
[08:35:44] [3/194] IT咖啡馆-8K star！功能强大的开源JSON可视神器.md
[08:35:44]   BV: BV1Gy421Y7cS
[08:35:45]   成功追加 ## 视频简介
[08:35:46] [4/194] IT咖啡馆-8K star！这款可视化 Git 客户端帮你提升效率.md
[08:35:46]   BV: BV1xv421r7HQ
[08:35:48]   成功追加 ## 视频简介
[08:35:49] [5/194] IT咖啡馆-90%的人不知道，轻量服务器和云服务器的区别？5分钟带你速通选购指南！.md
[08:35:49]   BV: BV1nS411A7LJ
[08:35:50]   成功追加 ## 视频简介
[08:35:51] [6/194] IT咖啡馆-900块 Macmini 升顶配，扩容心得分享，打造办公性价比之王.md
[08:35:51]   BV: BV1RE421M7UG
