[21:25:40] ============================================================
[21:25:40] B站每周必看 批量采集 启动
[21:25:40] ============================================================
[21:25:40] 参数: year=2025, limit=5
[21:25:40] 已处理: 108 期 (成功 108, 空 0, 错误 0)
[21:25:40] 调用 series/list API 获取期数列表...
[21:25:41] 共 384 期
[21:25:41] 2025 年共 52 期, 限制为最新 5 期
[21:25:41] 待生成: 5 期 (第 350-354 期)
[21:25:41] 输出目录: d:\obsidian\demo\05_long_project\B站\每周必看
[21:25:41] 预计耗时: 每期约 8-15 秒 (COOKIE 策略)
[21:25:41] ------------------------------------------------------------
[21:25:41] [1/5] 第 350 期: 津门动物城 (2025第350期 11.28 - 12.04)
[21:25:54] 分区数: 4
[21:25:54]   - 科学科普: 2 条
[21:25:54]   - 计算机技术: 1 条
[21:25:54]   - 人文历史: 1 条
[21:25:54]   - 财经商业: 1 条
[21:25:54] 追加到分区笔记...
[21:25:54]   科学科普: +2 条 → 科学科普.md
[21:25:54]   计算机技术: +1 条 → 计算机技术.md
[21:25:54]   人文历史: +1 条 → 人文历史.md
[21:25:54]   财经商业: +1 条 → 财经商业.md
[21:25:54] 已记录到日志: 第 350 期 [success] → _processed.json
[21:25:54]   成功: 5 条 → 4 个分区 [success]
[21:25:55] [2/5] 第 351 期: 英文版恭喜发财 (2025第351期 12.05 - 12.11)
[21:25:56] 分区数: 7
[21:25:56]   - 计算机技术: 2 条
[21:25:56]   - 校园学习: 1 条
[21:25:56]   - 人文历史: 1 条
[21:25:56]   - 社科·法律·心理: 2 条
[21:25:56]   - 职业职场: 1 条
[21:25:56]   - 科学科普: 1 条
[21:25:56]   - 财经商业: 1 条
[21:25:56] 追加到分区笔记...
[21:25:56]   计算机技术: +2 条 → 计算机技术.md
[21:25:56]   校园学习: +1 条 → 校园学习.md
[21:25:56]   人文历史: +1 条 → 人文历史.md
[21:25:56]   社科·法律·心理: +2 条 → 社科·法律·心理.md
[21:25:56]   职业职场: +1 条 → 职业职场.md
[21:25:56]   科学科普: +1 条 → 科学科普.md
[21:25:56]   财经商业: +1 条 → 财经商业.md
[21:25:56] 已记录到日志: 第 351 期 [success] → _processed.json
[21:25:56]   成功: 9 条 → 7 个分区 [success]
[21:25:57] [3/5] 第 352 期: 年度套娃2025 (2025第352期 12.12 - 12.18)
[21:25:57] 分区数: 4
[21:25:57]   - 人文历史: 1 条
[21:25:57]   - 数码: 2 条
[21:25:57]   - 科学科普: 1 条
[21:25:57]   - 财经商业: 2 条
[21:25:57] 追加到分区笔记...
[21:25:57]   人文历史: +1 条 → 人文历史.md
[21:25:57]   数码: +2 条 → 数码.md
[21:25:57]   科学科普: +1 条 → 科学科普.md
[21:25:57]   财经商业: +2 条 → 财经商业.md
[21:25:57] 已记录到日志: 第 352 期 [success] → _processed.json
[21:25:57]   成功: 6 条 → 4 个分区 [success]
[21:25:58] [4/5] 第 353 期: 手搓象牙鬼工球 (2025第353期 12.19 - 12.25)
[21:25:59] 分区数: 5
[21:25:59]   - 计算机技术: 1 条
[21:25:59]   - 人文历史: 2 条
[21:25:59]   - 科学科普: 2 条
[21:25:59]   - 数码: 2 条
[21:25:59]   - 财经商业: 2 条
[21:25:59] 追加到分区笔记...
[21:25:59]   计算机技术: +1 条 → 计算机技术.md
[21:25:59]   人文历史: +2 条 → 人文历史.md
[21:25:59]   科学科普: +2 条 → 科学科普.md
[21:25:59]   数码: +2 条 → 数码.md
[21:25:59]   财经商业: +2 条 → 财经商业.md
[21:25:59] 已记录到日志: 第 353 期 [success] → _processed.json
[21:25:59]   成功: 9 条 → 5 个分区 [success]
[21:26:00] [5/5] 第 354 期: 用一个字证明你不是AI (2025第354期 12.26 - 01.01)
[21:26:01] 分区数: 7
[21:26:01]   - 校园学习: 2 条
[21:26:01]   - 财经商业: 2 条
[21:26:01]   - 人文历史: 2 条
[21:26:01]   - 社科·法律·心理: 1 条
[21:26:01]   - 极客DIY: 1 条
[21:26:01]   - 科学科普: 2 条
[21:26:01]   - 数码: 2 条
[21:26:01] 追加到分区笔记...
[21:26:01]   校园学习: +2 条 → 校园学习.md
[21:26:01]   财经商业: +2 条 → 财经商业.md
[21:26:01]   人文历史: +2 条 → 人文历史.md
[21:26:01]   社科·法律·心理: +1 条 → 社科·法律·心理.md
[21:26:01]   极客DIY: +1 条 → 极客DIY.md
[21:26:01]   科学科普: +2 条 → 科学科普.md
[21:26:01]   数码: +2 条 → 数码.md
[21:26:01] 已记录到日志: 第 354 期 [success] → _processed.json
[21:26:01]   成功: 12 条 → 7 个分区 [success]
[21:26:01] ------------------------------------------------------------
[21:26:01] 批量完成: 成功 5, 空数据 0, 错误 0
[21:26:01] 总耗时: 20 秒 (0.3 分钟)
