[20:47:01] ============================================================
[20:47:01] B站每周必看 按分区追加笔记 启动
[20:47:01] 输出目录: d:\obsidian\demo\05_long_project\B站\每周必看\分区
[20:47:01] ============================================================
[20:47:01] 参数: number=383
[20:47:01] 调用 bilibili weekly (COOKIE 策略, 约 8-15 秒)...
[20:47:01] 获取到 7 条视频
[20:47:01] 获取期数信息...
[20:47:02] 期数名称: 2026第383期 07.17 - 07.23
[20:47:02] 分区数: 3
[20:47:02]   - 数码: 2 条
[20:47:02]   - 人文历史: 3 条
[20:47:02]   - 科学科普: 2 条
[20:47:02] ------------------------------------------------------------
[20:47:02] 追加到分区笔记...
[20:47:02]   数码: +2 条 → 数码.md
[20:47:02]   人文历史: +3 条 → 人文历史.md
[20:47:02]   科学科普: +2 条 → 科学科普.md
[20:47:02] ------------------------------------------------------------
[20:47:02] 完成: 共 3 个分区, 7 条视频
