[07:14:18] ============================================================
[07:14:18] B站关注视频采集 启动
[07:14:18] OPENCLI_CMD: ('node', 'd:\\voice\\opencli-main\\dist\\main.js')
[07:14:18] 输出文件: d:\obsidian\demo\05_long_project\B站关注\关注视频.md, d:\obsidian\demo\05_long_project\B站关注\本周视频.md, d:\obsidian\demo\05_long_project\B站关注\本月视频.md
[07:14:18] ============================================================
[07:14:18] 每人视频数: 3, 强制刷新缓存: True
[07:14:18] 缓存不存在或需刷新, 调用 bilibili_following.py 生成缓存...
[07:14:18] 刷新关注列表缓存: python D:\obsidian\demo\inbox\python\bilibili_following.py --limit 50
[07:14:20] 关注博主数: 11, 开始拉取视频...
[07:14:20] [1/11] 老麦的工具库 (mid=486989780)
[07:14:22] [2/11] 杰森的效率工坊 (mid=3546884870244925)
[07:14:24] [3/11] 我是阿众 (mid=281120100)
[07:14:27] [4/11] Kiven大汉堡 (mid=315945401)
[07:14:29] [5/11] 飞天闪客 (mid=325864133)
[07:14:32] [6/11] 隔壁的程序员老王 (mid=16433002)
[07:14:35] [7/11] 马克的技术工作坊 (mid=1815948385)
[07:14:38] [8/11] 数字黑魔法 (mid=1235535223)
[07:14:40] [9/11] 技术爬爬虾 (mid=316183842)
[07:14:43] [10/11] 浪里小白龙7 (mid=71216218)
[07:14:45] [11/11] Echo_NebulaPKM (mid=332569278)
[07:14:46] 已保存: d:\obsidian\demo\05_long_project\B站关注\关注视频.md
[07:14:46] 已保存: d:\obsidian\demo\05_long_project\B站关注\本周视频.md (4 位博主有本周新视频)
[07:14:46] 已保存: d:\obsidian\demo\05_long_project\B站关注\本月视频.md (8 位博主有本月新视频)
[07:14:46] 完成
