[20:55:27] ============================================================
[20:55:27] B站每周必看 按分区追加笔记 启动
[20:55:27] 输出目录: d:\obsidian\demo\05_long_project\B站\每周必看\分区
[20:55:27] ============================================================
[20:55:27] 参数: number=最新一期, force=True
[20:55:27] 调用 bilibili weekly (COOKIE 策略, 约 8-15 秒)...
[20:55:28] 获取到 5 条视频
[20:55:28] 获取期数信息...
[20:55:29] 期数名称: 2026第385期 07.31 - 08.06
[20:55:29] ------------------------------------------------------------
[20:55:29] 分区数: 4
[20:55:29]   - 人文历史: 2 条
[20:55:29]   - 财经商业: 1 条
[20:55:29]   - 数码: 1 条
[20:55:29]   - 科学科普: 1 条
[20:55:29] 追加到分区笔记...
[20:55:29]   人文历史: +2 条 → 人文历史.md
[20:55:29]   财经商业: +1 条 → 财经商业.md
[20:55:29]   数码: +1 条 → 数码.md
[20:55:29]   科学科普: +1 条 → 科学科普.md
[20:55:29] ------------------------------------------------------------
[20:55:29] 完成: 共 4 个分区, 5 条视频
