[20:55:36] ============================================================
[20:55:36] B站每周必看 批量采集 启动
[20:55:36] ============================================================
[20:55:36] 参数: year=2026, limit=5
[20:55:36] 调用 series/list API 获取期数列表...
[20:55:36] 共 384 期
[20:55:36] 2026 年共 31 期, 限制为最新 5 期
[20:55:36] 跳过已处理期数: 2 期 (扫描分区笔记检测到)
[20:55:36] 待生成: 3 期 (第 381-384 期)
[20:55:36] 输出目录: d:\obsidian\demo\05_long_project\B站\每周必看
[20:55:36] 预计耗时: 每期约 8-15 秒 (COOKIE 策略)
[20:55:36] ------------------------------------------------------------
[20:55:36] [1/3] 第 381 期: 父与子手绘动画 (2026第381期 07.03 - 07.09)
[20:55:36] 分区数: 4
[20:55:36]   - 社科·法律·心理: 1 条
[20:55:36]   - 科学科普: 2 条
[20:55:36]   - 数码: 1 条
[20:55:36]   - 财经商业: 1 条
[20:55:36] 追加到分区笔记...
[20:55:36]   社科·法律·心理: +1 条 → 社科·法律·心理.md
[20:55:36]   科学科普: +2 条 → 科学科普.md
[20:55:36]   数码: +1 条 → 数码.md
[20:55:36]   财经商业: +1 条 → 财经商业.md
[20:55:36]   成功: 5 条 → 4 个分区
[20:55:37] [2/3] 第 382 期: 光头强高燃混剪 (2026第382期 07.10 - 07.16)
[20:55:38] 分区数: 6
[20:55:38]   - 科工机械: 1 条
[20:55:38]   - 人文历史: 2 条
[20:55:38]   - 数码: 2 条
[20:55:38]   - 社科·法律·心理: 1 条
[20:55:38]   - 财经商业: 1 条
[20:55:38]   - 计算机技术: 1 条
[20:55:38] 追加到分区笔记...
[20:55:38]   科工机械: +1 条 → 科工机械.md
[20:55:38]   人文历史: +2 条 → 人文历史.md
[20:55:38]   数码: +2 条 → 数码.md
[20:55:38]   社科·法律·心理: +1 条 → 社科·法律·心理.md
[20:55:38]   财经商业: +1 条 → 财经商业.md
[20:55:38]   计算机技术: +1 条 → 计算机技术.md
[20:55:38]   成功: 8 条 → 6 个分区
[20:55:39] [3/3] 第 384 期: FGO十周年快乐 (2026第384期 07.24 - 07.30)
[20:55:40] 分区数: 6
[20:55:40]   - 科学科普: 1 条
[20:55:40]   - 人文历史: 1 条
[20:55:40]   - 计算机技术: 1 条
[20:55:40]   - 数码: 2 条
[20:55:40]   - 财经商业: 1 条
[20:55:40]   - 社科·法律·心理: 1 条
[20:55:40] 追加到分区笔记...
[20:55:40]   科学科普: +1 条 → 科学科普.md
[20:55:40]   人文历史: +1 条 → 人文历史.md
[20:55:40]   计算机技术: +1 条 → 计算机技术.md
[20:55:40]   数码: +2 条 → 数码.md
[20:55:40]   财经商业: +1 条 → 财经商业.md
[20:55:40]   社科·法律·心理: +1 条 → 社科·法律·心理.md
[20:55:40]   成功: 7 条 → 6 个分区
[20:55:40] ------------------------------------------------------------
[20:55:40] 批量完成: 成功 3/3, 失败 0
[20:55:40] 总耗时: 4 秒 (0.1 分钟)
