[20:49:10] ============================================================
[20:49:10] B站每周必看 按分区追加笔记 启动
[20:49:10] 输出目录: d:\obsidian\demo\05_long_project\B站\每周必看\分区
[20:49:10] ============================================================
[20:49:10] 参数: number=200
[20:49:10] 调用 bilibili weekly (COOKIE 策略, 约 8-15 秒)...
[20:49:16] 获取到 9 条视频
[20:49:16] 获取期数信息...
[20:49:18] 期数名称: 2023第200期 01.13 - 01.19
[20:49:18] 分区数: 6
[20:49:18]   - 财经商业: 1 条
[20:49:18]   - 极客DIY: 3 条
[20:49:18]   - 社会: 1 条
[20:49:18]   - 人文历史: 2 条
[20:49:18]   - 野生技能协会: 1 条
[20:49:18]   - 科学科普: 1 条
[20:49:18] ------------------------------------------------------------
[20:49:18] 追加到分区笔记...
[20:49:18]   财经商业: +1 条 → 财经商业.md
[20:49:18]   极客DIY: +3 条 → 极客DIY.md
[20:49:18]   社会: +1 条 → 社会.md
[20:49:18]   人文历史: +2 条 → 人文历史.md
[20:49:18]   野生技能协会: +1 条 → 野生技能协会.md
[20:49:18]   科学科普: +1 条 → 科学科普.md
[20:49:18] ------------------------------------------------------------
[20:49:18] 完成: 共 6 个分区, 9 条视频
