[22:28:18] ============================================================
[22:28:18] B站每周必看 批量采集 启动
[22:28:18] ============================================================
[22:28:18] 参数: year=2020, limit=全部
[22:28:18] 已处理: 295 期 (成功 288, 空 7, 错误 0)
[22:28:18] 调用 series/list API 获取期数列表...
[22:28:19] 共 384 期
[22:28:19] 待生成: 52 期 (第 42-93 期)
[22:28:19] 输出目录: d:\obsidian\demo\05_long_project\B站\每周必看
[22:28:19] 预计耗时: 每期约 8-15 秒 (COOKIE 策略)
[22:28:19] ------------------------------------------------------------
[22:28:19] [1/52] 第 42 期: 【英雄联盟】——战士 (2020第42期 01.03 - 01.09)
[22:28:20] 分区数: 3
[22:28:20]   - 财经商业: 1 条
[22:28:20]   - 环球: 1 条
[22:28:20]   - 社会: 1 条
[22:28:20] 追加到分区笔记...
[22:28:20]   财经商业: +1 条 → 财经商业.md
[22:28:20]   环球: +1 条 → 环球.md
[22:28:20]   社会: +1 条 → 社会.md
[22:28:20] 已记录到日志: 第 42 期 [success] → _processed.json
[22:28:20]   成功: 3 条 → 3 个分区 [success]
[22:28:21] [2/52] 第 43 期: 你的女朋友可能是个男的？ (2020第43期 01.10 - 01.16)
[22:28:21] 分区数: 1
[22:28:21]   - 野生技能协会: 2 条
[22:28:21] 追加到分区笔记...
[22:28:21]   野生技能协会: +2 条 → 野生技能协会.md
[22:28:21] 已记录到日志: 第 43 期 [success] → _processed.json
[22:28:21]   成功: 2 条 → 1 个分区 [success]
[22:28:22] [3/52] 第 44 期: 新型肺炎6大疑问 (2020第44期 01.17 - 01.23)
[22:28:23] 分区数: 2
[22:28:23]   - 科学科普: 1 条
[22:28:23]   - 热点: 1 条
[22:28:23] 追加到分区笔记...
[22:28:23]   科学科普: +1 条 → 科学科普.md
[22:28:23]   热点: +1 条 → 热点.md
[22:28:23] 已记录到日志: 第 44 期 [success] → _processed.json
[22:28:23]   成功: 2 条 → 2 个分区 [success]
[22:28:24] [4/52] 第 45 期: 武汉加油 (2020第45期 01.24 - 01.30)
[22:28:25] 分区数: 3
[22:28:25]   - 热点: 2 条
[22:28:25]   - 综合: 2 条
[22:28:25]   - 科学科普: 2 条
[22:28:25] 追加到分区笔记...
[22:28:25]   热点: +2 条 → 热点.md
[22:28:25]   综合: +2 条 → 综合.md
[22:28:25]   科学科普: +2 条 → 科学科普.md
[22:28:25] 已记录到日志: 第 45 期 [success] → _processed.json
[22:28:25]   成功: 6 条 → 3 个分区 [success]
[22:28:26] [5/52] 第 46 期: 关于新冠肺炎的一切 (2020第46期 01.31 - 02.06)
[22:28:26] 分区数: 1
[22:28:26]   - 科学科普: 1 条
[22:28:26] 追加到分区笔记...
[22:28:26]   科学科普: +1 条 → 科学科普.md
[22:28:26] 已记录到日志: 第 46 期 [success] → _processed.json
[22:28:26]   成功: 1 条 → 1 个分区 [success]
[22:28:27] [6/52] 第 47 期: 哪吒之象牙山降世 (2020第47期 02.07 - 02.13)
[22:28:28] 分区数: 3
[22:28:28]   - 财经商业: 1 条
[22:28:28]   - 热点: 1 条
[22:28:28]   - 科学科普: 1 条
[22:28:28] 追加到分区笔记...
[22:28:28]   财经商业: +1 条 → 财经商业.md
[22:28:28]   热点: +1 条 → 热点.md
[22:28:28]   科学科普: +1 条 → 科学科普.md
[22:28:28] 已记录到日志: 第 47 期 [success] → _processed.json
[22:28:28]   成功: 3 条 → 3 个分区 [success]
[22:28:29] [7/52] 第 48 期: 下 次 一 钉 (2020第48期 02.14 - 02.20)
[22:28:29] 分区数: 2
[22:28:29]   - 软件应用: 1 条
[22:28:29]   - 财经商业: 1 条
[22:28:29] 追加到分区笔记...
[22:28:30]   软件应用: +1 条 → 软件应用.md
[22:28:30]   财经商业: +1 条 → 财经商业.md
[22:28:30] 已记录到日志: 第 48 期 [success] → _processed.json
[22:28:30]   成功: 2 条 → 2 个分区 [success]
[22:28:31] [8/52] 第 49 期: B 站 现 状 (2020第49期 02.21 - 02.27)
[22:28:31] 分区数: 2
[22:28:31]   - 极客DIY: 1 条
[22:28:31]   - 社科·法律·心理: 2 条
[22:28:31] 追加到分区笔记...
[22:28:31]   极客DIY: +1 条 → 极客DIY.md
[22:28:31]   社科·法律·心理: +2 条 → 社科·法律·心理.md
[22:28:31] 已记录到日志: 第 49 期 [success] → _processed.json
[22:28:31]   成功: 3 条 → 2 个分区 [success]
[22:28:32] [9/52] 第 50 期: 师 生 对 线 (2020第50期 02.28 - 03.05)
[22:28:33] 分区数: 2
[22:28:33]   - 数码: 1 条
[22:28:33]   - 财经商业: 1 条
[22:28:33] 追加到分区笔记...
[22:28:33]   数码: +1 条 → 数码.md
[22:28:33]   财经商业: +1 条 → 财经商业.md
[22:28:33] 已记录到日志: 第 50 期 [success] → _processed.json
[22:28:33]   成功: 2 条 → 2 个分区 [success]
[22:28:34] [10/52] 第 51 期: 罗翔老师开课啦！ (2020第51期 03.06 - 03.12)
[22:28:34] 分区数: 3
[22:28:34]   - 社科·法律·心理: 2 条
[22:28:34]   - 野生技能协会: 1 条
[22:28:34]   - 校园学习: 1 条
[22:28:34] 追加到分区笔记...
[22:28:34]   社科·法律·心理: +2 条 → 社科·法律·心理.md
[22:28:34]   野生技能协会: +1 条 → 野生技能协会.md
[22:28:34]   校园学习: +1 条 → 校园学习.md
[22:28:34] 已记录到日志: 第 51 期 [success] → _processed.json
[22:28:34]   成功: 4 条 → 3 个分区 [success]
[22:28:35] [11/52] 第 52 期: 人不贩我，我不贩人！ (2020第52期 03.13 - 03.19)
[22:28:36] 分区数: 8
[22:28:36]   - 社科·法律·心理: 1 条
[22:28:36]   - 数码: 1 条
[22:28:36]   - 极客DIY: 1 条
[22:28:36]   - 校园学习: 1 条
[22:28:36]   - 财经商业: 1 条
[22:28:36]   - 人文历史: 1 条
[22:28:36]   - 综合: 1 条
[22:28:36]   - 科学科普: 1 条
[22:28:36] 追加到分区笔记...
[22:28:36]   社科·法律·心理: +1 条 → 社科·法律·心理.md
[22:28:36]   数码: +1 条 → 数码.md
[22:28:36]   极客DIY: +1 条 → 极客DIY.md
[22:28:36]   校园学习: +1 条 → 校园学习.md
[22:28:36]   财经商业: +1 条 → 财经商业.md
[22:28:36]   人文历史: +1 条 → 人文历史.md
[22:28:36]   综合: +1 条 → 综合.md
[22:28:36]   科学科普: +1 条 → 科学科普.md
[22:28:36] 已记录到日志: 第 52 期 [success] → _processed.json
[22:28:36]   成功: 8 条 → 8 个分区 [success]
[22:28:37] [12/52] 第 53 期: 三 国 不 裂 (2020第53期 03.20 - 03.26)
[22:28:38] 分区数: 6
[22:28:38]   - 社科·法律·心理: 3 条
[22:28:38]   - 科学科普: 1 条
[22:28:38]   - 财经商业: 1 条
[22:28:38]   - 数码: 1 条
[22:28:38]   - 综合: 1 条
[22:28:38]   - 人文历史: 1 条
[22:28:38] 追加到分区笔记...
[22:28:38]   社科·法律·心理: +3 条 → 社科·法律·心理.md
[22:28:38]   科学科普: +1 条 → 科学科普.md
[22:28:38]   财经商业: +1 条 → 财经商业.md
[22:28:38]   数码: +1 条 → 数码.md
[22:28:38]   综合: +1 条 → 综合.md
[22:28:38]   人文历史: +1 条 → 人文历史.md
[22:28:38] 已记录到日志: 第 53 期 [success] → _processed.json
[22:28:38]   成功: 8 条 → 6 个分区 [success]
[22:28:39] [13/52] 第 54 期: 蛋黄的长裙 (2020第54期 03.27 - 04.02)
[22:28:40] 分区数: 4
[22:28:40]   - 财经商业: 1 条
[22:28:40]   - 数码: 1 条
[22:28:40]   - 社科·法律·心理: 1 条
[22:28:40]   - 科学科普: 1 条
[22:28:40] 追加到分区笔记...
[22:28:40]   财经商业: +1 条 → 财经商业.md
[22:28:40]   数码: +1 条 → 数码.md
[22:28:40]   社科·法律·心理: +1 条 → 社科·法律·心理.md
[22:28:40]   科学科普: +1 条 → 科学科普.md
[22:28:40] 已记录到日志: 第 54 期 [success] → _processed.json
[22:28:40]   成功: 4 条 → 4 个分区 [success]
[22:28:41] [14/52] 第 55 期: 师生对线× 师生同线√ (2020第55期 04.03 - 04.09)
[22:28:41] 分区数: 2
[22:28:41]   - 财经商业: 1 条
[22:28:41]   - 社科·法律·心理: 2 条
[22:28:41] 追加到分区笔记...
[22:28:41]   财经商业: +1 条 → 财经商业.md
[22:28:41]   社科·法律·心理: +2 条 → 社科·法律·心理.md
[22:28:41] 已记录到日志: 第 55 期 [success] → _processed.json
[22:28:41]   成功: 3 条 → 2 个分区 [success]
[22:28:42] [15/52] 第 56 期: 百大UP互殴现场 (2020第56期 04.10 - 04.16)
[22:28:45] 分区数: 3
[22:28:45]   - 社科·法律·心理: 2 条
[22:28:45]   - 极客DIY: 1 条
[22:28:45]   - 财经商业: 1 条
[22:28:45] 追加到分区笔记...
[22:28:45]   社科·法律·心理: +2 条 → 社科·法律·心理.md
[22:28:45]   极客DIY: +1 条 → 极客DIY.md
[22:28:45]   财经商业: +1 条 → 财经商业.md
[22:28:45] 已记录到日志: 第 56 期 [success] → _processed.json
[22:28:45]   成功: 4 条 → 3 个分区 [success]
[22:28:46] [16/52] 第 57 期: 无 人 生 还 (2020第57期 04.17 - 04.23)
[22:28:47] 分区数: 4
[22:28:47]   - 数码: 1 条
[22:28:47]   - 社科·法律·心理: 1 条
[22:28:47]   - 财经商业: 1 条
[22:28:47]   - 科学科普: 1 条
[22:28:47] 追加到分区笔记...
[22:28:47]   数码: +1 条 → 数码.md
[22:28:47]   社科·法律·心理: +1 条 → 社科·法律·心理.md
[22:28:47]   财经商业: +1 条 → 财经商业.md
[22:28:47]   科学科普: +1 条 → 科学科普.md
[22:28:47] 已记录到日志: 第 57 期 [success] → _processed.json
[22:28:47]   成功: 4 条 → 4 个分区 [success]
[22:28:48] [17/52] 第 58 期: 最强尴尬王！！ (2020第58期 04.24 - 04.30)
[22:28:49] 分区数: 4
[22:28:49]   - 财经商业: 1 条
[22:28:49]   - 社科·法律·心理: 1 条
[22:28:49]   - 野生技能协会: 1 条
[22:28:49]   - 科学科普: 1 条
[22:28:49] 追加到分区笔记...
[22:28:49]   财经商业: +1 条 → 财经商业.md
[22:28:49]   社科·法律·心理: +1 条 → 社科·法律·心理.md
[22:28:49]   野生技能协会: +1 条 → 野生技能协会.md
[22:28:49]   科学科普: +1 条 → 科学科普.md
[22:28:49] 已记录到日志: 第 58 期 [success] → _processed.json
[22:28:49]   成功: 4 条 → 4 个分区 [success]
[22:28:50] [18/52] 第 59 期: 你发的图片安全吗 (2020第59期 05.01 - 05.07)
[22:28:52] 分区数: 5
[22:28:52]   - 科学科普: 1 条
[22:28:52]   - 数码: 1 条
[22:28:52]   - 财经商业: 2 条
[22:28:52]   - 社科·法律·心理: 1 条
[22:28:52]   - 校园学习: 1 条
[22:28:52] 追加到分区笔记...
[22:28:52]   科学科普: +1 条 → 科学科普.md
[22:28:52]   数码: +1 条 → 数码.md
[22:28:52]   财经商业: +2 条 → 财经商业.md
[22:28:52]   社科·法律·心理: +1 条 → 社科·法律·心理.md
[22:28:52]   校园学习: +1 条 → 校园学习.md
[22:28:52] 已记录到日志: 第 59 期 [success] → _processed.json
[22:28:52]   成功: 6 条 → 5 个分区 [success]
[22:28:53] [19/52] 第 60 期: 罗老师说刑法 (2020第60期 05.08 - 05.14)
[22:28:56] 分区数: 4
[22:28:56]   - 社科·法律·心理: 1 条
[22:28:56]   - 社会: 1 条
[22:28:56]   - 野生技能协会: 2 条
[22:28:56]   - 人文历史: 1 条
[22:28:56] 追加到分区笔记...
[22:28:56]   社科·法律·心理: +1 条 → 社科·法律·心理.md
[22:28:56]   社会: +1 条 → 社会.md
[22:28:56]   野生技能协会: +2 条 → 野生技能协会.md
[22:28:56]   人文历史: +1 条 → 人文历史.md
[22:28:56] 已记录到日志: 第 60 期 [success] → _processed.json
[22:28:56]   成功: 5 条 → 4 个分区 [success]
[22:28:57] [20/52] 第 61 期: 跃入人海，各有风雨灿烂 (2020第61期 05.15 - 05.21)
[22:28:58] 分区数: 3
[22:28:58]   - 软件应用: 1 条
[22:28:58]   - 社科·法律·心理: 1 条
[22:28:58]   - 科学科普: 1 条
[22:28:58] 追加到分区笔记...
[22:28:58]   软件应用: +1 条 → 软件应用.md
[22:28:58]   社科·法律·心理: +1 条 → 社科·法律·心理.md
[22:28:58]   科学科普: +1 条 → 科学科普.md
[22:28:58] 已记录到日志: 第 61 期 [success] → _processed.json
[22:28:58]   成功: 3 条 → 3 个分区 [success]
[22:28:59] [21/52] 第 62 期: 师生对线午休篇 (2020第62期 05.22 - 05.28)
[22:28:59] 分区数: 4
[22:28:59]   - 社科·法律·心理: 1 条
[22:28:59]   - 职业职场: 1 条
[22:28:59]   - 校园学习: 1 条
[22:28:59]   - 财经商业: 1 条
[22:28:59] 追加到分区笔记...
[22:28:59]   社科·法律·心理: +1 条 → 社科·法律·心理.md
[22:28:59]   职业职场: +1 条 → 职业职场.md
[22:28:59]   校园学习: +1 条 → 校园学习.md
[22:28:59]   财经商业: +1 条 → 财经商业.md
[22:28:59] 已记录到日志: 第 62 期 [success] → _processed.json
[22:28:59]   成功: 4 条 → 4 个分区 [success]
[22:29:00] [22/52] 第 63 期: 川普X浮夸 (2020第63期 05.29 - 06.04)
[22:29:01] 分区数: 5
[22:29:01]   - 科工机械: 1 条
[22:29:01]   - 环球: 2 条
[22:29:01]   - 科学科普: 1 条
[22:29:01]   - 社科·法律·心理: 1 条
[22:29:01]   - 野生技能协会: 1 条
[22:29:01] 追加到分区笔记...
[22:29:01]   科工机械: +1 条 → 科工机械.md
[22:29:01]   环球: +2 条 → 环球.md
[22:29:01]   科学科普: +1 条 → 科学科普.md
[22:29:01]   社科·法律·心理: +1 条 → 社科·法律·心理.md
[22:29:01]   野生技能协会: +1 条 → 野生技能协会.md
[22:29:01] 已记录到日志: 第 63 期 [success] → _processed.json
[22:29:01]   成功: 6 条 → 5 个分区 [success]
[22:29:02] [23/52] 第 64 期: 周杰伦Mojito (2020第64期 06.05 - 06.11)
[22:29:03] 分区数: 4
[22:29:03]   - 热点: 1 条
[22:29:03]   - 社科·法律·心理: 1 条
[22:29:03]   - 环球: 1 条
[22:29:03]   - 人文历史: 1 条
[22:29:03] 追加到分区笔记...
[22:29:03]   热点: +1 条 → 热点.md
[22:29:03]   社科·法律·心理: +1 条 → 社科·法律·心理.md
[22:29:03]   环球: +1 条 → 环球.md
[22:29:03]   人文历史: +1 条 → 人文历史.md
[22:29:03] 已记录到日志: 第 64 期 [success] → _processed.json
[22:29:03]   成功: 4 条 → 4 个分区 [success]
[22:29:04] [24/52] 第 65 期: 最 强 汤 姆 (2020第65期 06.12 - 06.18)
[22:29:04] 分区数: 5
[22:29:04]   - 数码: 1 条
[22:29:04]   - 社科·法律·心理: 1 条
[22:29:04]   - 环球: 1 条
[22:29:04]   - 人文历史: 1 条
[22:29:04]   - 财经商业: 1 条
[22:29:04] 追加到分区笔记...
[22:29:04]   数码: +1 条 → 数码.md
[22:29:04]   社科·法律·心理: +1 条 → 社科·法律·心理.md
[22:29:04]   环球: +1 条 → 环球.md
[22:29:04]   人文历史: +1 条 → 人文历史.md
[22:29:04]   财经商业: +1 条 → 财经商业.md
[22:29:04] 已记录到日志: 第 65 期 [success] → _processed.json
[22:29:04]   成功: 5 条 → 5 个分区 [success]
[22:29:05] [25/52] 第 66 期: 杨超越Rap (2020第66期 06.19 - 06.25)
[22:29:06] 分区数: 3
[22:29:06]   - 社科·法律·心理: 1 条
[22:29:06]   - 数码: 1 条
[22:29:06]   - 极客DIY: 1 条
[22:29:06] 追加到分区笔记...
[22:29:06]   社科·法律·心理: +1 条 → 社科·法律·心理.md
[22:29:06]   数码: +1 条 → 数码.md
[22:29:06]   极客DIY: +1 条 → 极客DIY.md
[22:29:06] 已记录到日志: 第 66 期 [success] → _processed.json
[22:29:06]   成功: 3 条 → 3 个分区 [success]
[22:29:07] [26/52] 第 67 期: 企 鹅 抬 酱 (2020第67期 06.26 - 07.02)
[22:29:08] 分区数: 5
[22:29:08]   - 社会: 2 条
[22:29:08]   - 社科·法律·心理: 3 条
[22:29:08]   - 野生技能协会: 1 条
[22:29:08]   - 财经商业: 1 条
[22:29:08]   - 数码: 1 条
[22:29:08] 追加到分区笔记...
[22:29:08]   社会: +2 条 → 社会.md
[22:29:08]   社科·法律·心理: +3 条 → 社科·法律·心理.md
[22:29:08]   野生技能协会: +1 条 → 野生技能协会.md
[22:29:08]   财经商业: +1 条 → 财经商业.md
[22:29:08]   数码: +1 条 → 数码.md
[22:29:08] 已记录到日志: 第 67 期 [success] → _processed.json
[22:29:08]   成功: 8 条 → 5 个分区 [success]
[22:29:09] [27/52] 第 68 期: 张三争夺战 (2020第68期 07.03 - 07.09)
[22:29:10] 分区数: 2
[22:29:10]   - 科学科普: 1 条
[22:29:10]   - 社科·法律·心理: 1 条
[22:29:10] 追加到分区笔记...
[22:29:10]   科学科普: +1 条 → 科学科普.md
[22:29:10]   社科·法律·心理: +1 条 → 社科·法律·心理.md
[22:29:10] 已记录到日志: 第 68 期 [success] → _processed.json
[22:29:10]   成功: 2 条 → 2 个分区 [success]
[22:29:11] [28/52] 第 69 期: 敢 杀 我 的 马？ (2020第69期 07.10 - 07.16)
[22:29:11] 分区数: 3
[22:29:11]   - 社科·法律·心理: 3 条
[22:29:11]   - 热点: 1 条
[22:29:11]   - 校园学习: 1 条
[22:29:11] 追加到分区笔记...
[22:29:11]   社科·法律·心理: +3 条 → 社科·法律·心理.md
[22:29:11]   热点: +1 条 → 热点.md
[22:29:12]   校园学习: +1 条 → 校园学习.md
[22:29:12] 已记录到日志: 第 69 期 [success] → _processed.json
[22:29:12]   成功: 5 条 → 3 个分区 [success]
[22:29:13] [29/52] 第 70 期: 钬☆，峩鍆淶ㄋ (2020第70期 07.17 - 07.23)
[22:29:13] 分区数: 5
[22:29:13]   - 科学科普: 1 条
[22:29:13]   - 社科·法律·心理: 2 条
[22:29:13]   - 人文历史: 1 条
[22:29:13]   - 热点: 1 条
[22:29:13]   - 环球: 1 条
[22:29:13] 追加到分区笔记...
[22:29:13]   科学科普: +1 条 → 科学科普.md
[22:29:13]   社科·法律·心理: +2 条 → 社科·法律·心理.md
[22:29:13]   人文历史: +1 条 → 人文历史.md
[22:29:13]   热点: +1 条 → 热点.md
[22:29:13]   环球: +1 条 → 环球.md
[22:29:13] 已记录到日志: 第 70 期 [success] → _processed.json
[22:29:13]   成功: 6 条 → 5 个分区 [success]
[22:29:14] [30/52] 第 71 期: 懂 王 的 使 命 (2020第71期 07.24 - 07.30)
[22:29:15] 分区数: 4
[22:29:15]   - 社科·法律·心理: 2 条
[22:29:15]   - 科学科普: 1 条
[22:29:15]   - 职业职场: 1 条
[22:29:15]   - 校园学习: 1 条
[22:29:15] 追加到分区笔记...
[22:29:15]   社科·法律·心理: +2 条 → 社科·法律·心理.md
[22:29:15]   科学科普: +1 条 → 科学科普.md
[22:29:15]   职业职场: +1 条 → 职业职场.md
[22:29:15]   校园学习: +1 条 → 校园学习.md
[22:29:15] 已记录到日志: 第 71 期 [success] → _processed.json
[22:29:15]   成功: 5 条 → 4 个分区 [success]
[22:29:16] [31/52] 第 72 期: 理科生的浪漫 (2020第72期 07.31 - 08.06)
[22:29:17] 分区数: 3
[22:29:17]   - 数码: 2 条
[22:29:17]   - 社科·法律·心理: 1 条
[22:29:17]   - 职业职场: 1 条
[22:29:17] 追加到分区笔记...
[22:29:17]   数码: +2 条 → 数码.md
[22:29:17]   社科·法律·心理: +1 条 → 社科·法律·心理.md
[22:29:17]   职业职场: +1 条 → 职业职场.md
[22:29:17] 已记录到日志: 第 72 期 [success] → _processed.json
[22:29:17]   成功: 4 条 → 3 个分区 [success]
[22:29:18] [32/52] 第 73 期: 狂 龙 战 神 (2020第73期 08.07 - 08.13)
[22:29:18] 分区数: 4
[22:29:18]   - 社科·法律·心理: 5 条
[22:29:18]   - 环球: 1 条
[22:29:18]   - 科学科普: 1 条
[22:29:18]   - 软件应用: 1 条
[22:29:18] 追加到分区笔记...
[22:29:18]   社科·法律·心理: +5 条 → 社科·法律·心理.md
[22:29:19]   环球: +1 条 → 环球.md
[22:29:19]   科学科普: +1 条 → 科学科普.md
[22:29:19]   软件应用: +1 条 → 软件应用.md
[22:29:19] 已记录到日志: 第 73 期 [success] → _processed.json
[22:29:19]   成功: 8 条 → 4 个分区 [success]
[22:29:20] [33/52] 第 74 期: 黑神话：悟空 (2020第74期 08.14 - 08.20)
[22:29:20] 分区数: 2
[22:29:20]   - 社科·法律·心理: 2 条
[22:29:20]   - 数码: 1 条
[22:29:20] 追加到分区笔记...
[22:29:20]   社科·法律·心理: +2 条 → 社科·法律·心理.md
[22:29:20]   数码: +1 条 → 数码.md
[22:29:20] 已记录到日志: 第 74 期 [success] → _processed.json
[22:29:20]   成功: 3 条 → 2 个分区 [success]
[22:29:21] [34/52] 第 75 期: 反 客 为 主 (2020第75期 08.21 - 08.27)
[22:29:22] 分区数: 6
[22:29:22]   - 社科·法律·心理: 3 条
[22:29:22]   - 软件应用: 1 条
[22:29:22]   - 数码: 1 条
[22:29:22]   - 职业职场: 1 条
[22:29:22]   - 人文历史: 1 条
[22:29:22]   - 野生技能协会: 1 条
[22:29:22] 追加到分区笔记...
[22:29:22]   社科·法律·心理: +3 条 → 社科·法律·心理.md
[22:29:22]   软件应用: +1 条 → 软件应用.md
[22:29:22]   数码: +1 条 → 数码.md
[22:29:22]   职业职场: +1 条 → 职业职场.md
[22:29:22]   人文历史: +1 条 → 人文历史.md
[22:29:22]   野生技能协会: +1 条 → 野生技能协会.md
[22:29:22] 已记录到日志: 第 75 期 [success] → _processed.json
[22:29:22]   成功: 8 条 → 6 个分区 [success]
[22:29:23] [35/52] 第 76 期: 大型开学灾难片 (2020第76期 08.28 - 09.03)
[22:29:24] 分区数: 4
[22:29:24]   - 数码: 1 条
[22:29:24]   - 社科·法律·心理: 1 条
[22:29:24]   - 极客DIY: 1 条
[22:29:24]   - 校园学习: 1 条
[22:29:24] 追加到分区笔记...
[22:29:24]   数码: +1 条 → 数码.md
[22:29:24]   社科·法律·心理: +1 条 → 社科·法律·心理.md
[22:29:24]   极客DIY: +1 条 → 极客DIY.md
[22:29:24]   校园学习: +1 条 → 校园学习.md
[22:29:24] 已记录到日志: 第 76 期 [success] → _processed.json
[22:29:24]   成功: 4 条 → 4 个分区 [success]
[22:29:25] [36/52] 第 77 期: 辣 妹 拽 姐 (2020第77期 09.04 - 09.10)
[22:29:25] 分区数: 5
[22:29:25]   - 社会: 1 条
[22:29:25]   - 科学科普: 2 条
[22:29:25]   - 财经商业: 1 条
[22:29:25]   - 社科·法律·心理: 1 条
[22:29:25]   - 软件应用: 1 条
[22:29:25] 追加到分区笔记...
[22:29:25]   社会: +1 条 → 社会.md
[22:29:25]   科学科普: +2 条 → 科学科普.md
[22:29:25]   财经商业: +1 条 → 财经商业.md
[22:29:25]   社科·法律·心理: +1 条 → 社科·法律·心理.md
[22:29:25]   软件应用: +1 条 → 软件应用.md
[22:29:25] 已记录到日志: 第 77 期 [success] → _processed.json
[22:29:25]   成功: 6 条 → 5 个分区 [success]
[22:29:26] [37/52] 第 78 期: 所向无前 (2020第78期 09.11 - 09.17)
[22:29:27] 分区数: 2
[22:29:27]   - 科学科普: 2 条
[22:29:27]   - 校园学习: 2 条
[22:29:27] 追加到分区笔记...
[22:29:27]   科学科普: +2 条 → 科学科普.md
[22:29:27]   校园学习: +2 条 → 校园学习.md
[22:29:27] 已记录到日志: 第 78 期 [success] → _processed.json
[22:29:27]   成功: 4 条 → 2 个分区 [success]
[22:29:28] [38/52] 第 79 期: 张伟辩护，死刑起步 (2020第79期 09.18 - 09.24)
[22:29:29] 分区数: 4
[22:29:29]   - 热点: 1 条
[22:29:29]   - 软件应用: 1 条
[22:29:29]   - 人文历史: 2 条
[22:29:29]   - 科学科普: 2 条
[22:29:29] 追加到分区笔记...
[22:29:29]   热点: +1 条 → 热点.md
[22:29:29]   软件应用: +1 条 → 软件应用.md
[22:29:29]   人文历史: +2 条 → 人文历史.md
[22:29:29]   科学科普: +2 条 → 科学科普.md
[22:29:29] 已记录到日志: 第 79 期 [success] → _processed.json
[22:29:29]   成功: 6 条 → 4 个分区 [success]
[22:29:30] [39/52] 第 80 期: 魔性沙雕舞 (2020第80期 09.25 - 10.01)
[22:29:31] 分区数: 3
[22:29:31]   - 科学科普: 1 条
[22:29:31]   - 社科·法律·心理: 2 条
[22:29:31]   - 热点: 1 条
[22:29:31] 追加到分区笔记...
[22:29:31]   科学科普: +1 条 → 科学科普.md
[22:29:31]   社科·法律·心理: +2 条 → 社科·法律·心理.md
[22:29:31]   热点: +1 条 → 热点.md
[22:29:31] 已记录到日志: 第 80 期 [success] → _processed.json
[22:29:31]   成功: 4 条 → 3 个分区 [success]
[22:29:32] [40/52] 第 81 期: 新概念情商 (2020第81期 10.02 - 10.08)
[22:29:32] 分区数: 4
[22:29:32]   - 科学科普: 1 条
[22:29:32]   - 财经商业: 1 条
[22:29:32]   - 极客DIY: 1 条
[22:29:32]   - 社科·法律·心理: 1 条
[22:29:32] 追加到分区笔记...
[22:29:32]   科学科普: +1 条 → 科学科普.md
[22:29:32]   财经商业: +1 条 → 财经商业.md
[22:29:32]   极客DIY: +1 条 → 极客DIY.md
[22:29:32]   社科·法律·心理: +1 条 → 社科·法律·心理.md
[22:29:32] 已记录到日志: 第 81 期 [success] → _processed.json
[22:29:32]   成功: 4 条 → 4 个分区 [success]
[22:29:33] [41/52] 第 82 期: 闰土与猹世纪之战 (2020第82期 10.09 - 10.15)
[22:29:34] 分区数: 6
[22:29:34]   - 财经商业: 1 条
[22:29:34]   - 社科·法律·心理: 3 条
[22:29:34]   - 科学科普: 1 条
[22:29:34]   - 数码: 1 条
[22:29:34]   - 野生技能协会: 1 条
[22:29:34]   - 人文历史: 1 条
[22:29:34] 追加到分区笔记...
[22:29:34]   财经商业: +1 条 → 财经商业.md
[22:29:34]   社科·法律·心理: +3 条 → 社科·法律·心理.md
[22:29:34]   科学科普: +1 条 → 科学科普.md
[22:29:34]   数码: +1 条 → 数码.md
[22:29:34]   野生技能协会: +1 条 → 野生技能协会.md
[22:29:34]   人文历史: +1 条 → 人文历史.md
[22:29:34] 已记录到日志: 第 82 期 [success] → _processed.json
[22:29:34]   成功: 8 条 → 6 个分区 [success]
[22:29:35] [42/52] 第 83 期: 郎 朗 上 头 (2020第83期 10.16 - 10.22)
[22:29:36] 分区数: 4
[22:29:36]   - 财经商业: 1 条
[22:29:36]   - 社科·法律·心理: 2 条
[22:29:36]   - 数码: 2 条
[22:29:36]   - 人文历史: 2 条
[22:29:36] 追加到分区笔记...
[22:29:36]   财经商业: +1 条 → 财经商业.md
[22:29:36]   社科·法律·心理: +2 条 → 社科·法律·心理.md
[22:29:36]   数码: +2 条 → 数码.md
[22:29:36]   人文历史: +2 条 → 人文历史.md
[22:29:36] 已记录到日志: 第 83 期 [success] → _processed.json
[22:29:36]   成功: 7 条 → 4 个分区 [success]
[22:29:37] [43/52] 第 84 期: 爷爷拯救计划 (2020第84期 10.23 - 10.29)
[22:29:38] 分区数: 2
[22:29:38]   - 社科·法律·心理: 1 条
[22:29:38]   - 数码: 2 条
[22:29:38] 追加到分区笔记...
[22:29:38]   社科·法律·心理: +1 条 → 社科·法律·心理.md
[22:29:38]   数码: +2 条 → 数码.md
[22:29:38] 已记录到日志: 第 84 期 [success] → _processed.json
[22:29:38]   成功: 3 条 → 2 个分区 [success]
[22:29:39] [44/52] 第 85 期: 来自1984的微笑 (2020第85期 10.30 - 11.05)
[22:29:39] 分区数: 4
[22:29:39]   - 数码: 1 条
[22:29:39]   - 校园学习: 1 条
[22:29:39]   - 财经商业: 1 条
[22:29:39]   - 软件应用: 1 条
[22:29:39] 追加到分区笔记...
[22:29:39]   数码: +1 条 → 数码.md
[22:29:39]   校园学习: +1 条 → 校园学习.md
[22:29:39]   财经商业: +1 条 → 财经商业.md
[22:29:39]   软件应用: +1 条 → 软件应用.md
[22:29:39] 已记录到日志: 第 85 期 [success] → _processed.json
[22:29:39]   成功: 4 条 → 4 个分区 [success]
[22:29:40] [45/52] 第 86 期: 学习羞耻吗 (2020第86期 11.06 - 11.12)
[22:29:41] 分区数: 2
[22:29:41]   - 科学科普: 2 条
[22:29:41]   - 财经商业: 1 条
[22:29:41] 追加到分区笔记...
[22:29:41]   科学科普: +2 条 → 科学科普.md
[22:29:41]   财经商业: +1 条 → 财经商业.md
[22:29:41] 已记录到日志: 第 86 期 [success] → _processed.json
[22:29:41]   成功: 3 条 → 2 个分区 [success]
[22:29:42] [46/52] 第 87 期: 马冬梅 Havana (2020第87期 11.13 - 11.19)
[22:29:43] 分区数: 3
[22:29:43]   - 社科·法律·心理: 1 条
[22:29:43]   - 科学科普: 1 条
[22:29:43]   - 数码: 1 条
[22:29:43] 追加到分区笔记...
[22:29:43]   社科·法律·心理: +1 条 → 社科·法律·心理.md
[22:29:43]   科学科普: +1 条 → 科学科普.md
[22:29:43]   数码: +1 条 → 数码.md
[22:29:43] 已记录到日志: 第 87 期 [success] → _processed.json
[22:29:43]   成功: 3 条 → 3 个分区 [success]
[22:29:44] [47/52] 第 88 期: 太空杀人案 (2020第88期 11.20 - 11.26)
[22:29:45] 分区数: 5
[22:29:45]   - 社科·法律·心理: 1 条
[22:29:45]   - 社会: 1 条
[22:29:45]   - 人文历史: 1 条
[22:29:45]   - 科学科普: 1 条
[22:29:45]   - 数码: 1 条
[22:29:45] 追加到分区笔记...
[22:29:45]   社科·法律·心理: +1 条 → 社科·法律·心理.md
[22:29:45]   社会: +1 条 → 社会.md
[22:29:45]   人文历史: +1 条 → 人文历史.md
[22:29:45]   科学科普: +1 条 → 科学科普.md
[22:29:45]   数码: +1 条 → 数码.md
[22:29:45] 已记录到日志: 第 88 期 [success] → _processed.json
[22:29:45]   成功: 5 条 → 5 个分区 [success]
[22:29:46] [48/52] 第 89 期: 日版好汉歌 (2020第89期 11.27 - 12.03)
[22:29:46] 分区数: 4
[22:29:46]   - 科学科普: 1 条
[22:29:46]   - 校园学习: 1 条
[22:29:46]   - 人文历史: 1 条
[22:29:46]   - 社科·法律·心理: 1 条
[22:29:46] 追加到分区笔记...
[22:29:46]   科学科普: +1 条 → 科学科普.md
[22:29:46]   校园学习: +1 条 → 校园学习.md
[22:29:46]   人文历史: +1 条 → 人文历史.md
[22:29:46]   社科·法律·心理: +1 条 → 社科·法律·心理.md
[22:29:46] 已记录到日志: 第 89 期 [success] → _processed.json
[22:29:46]   成功: 4 条 → 4 个分区 [success]
[22:29:48] [49/52] 第 90 期: 年度魔鬼评论区 (2020第90期 12.04 - 12.10)
[22:29:48] 分区数: 4
[22:29:48]   - 数码: 3 条
[22:29:48]   - 财经商业: 1 条
[22:29:48]   - 科学科普: 1 条
[22:29:48]   - 软件应用: 1 条
[22:29:48] 追加到分区笔记...
[22:29:48]   数码: +3 条 → 数码.md
[22:29:48]   财经商业: +1 条 → 财经商业.md
[22:29:48]   科学科普: +1 条 → 科学科普.md
[22:29:48]   软件应用: +1 条 → 软件应用.md
[22:29:48] 已记录到日志: 第 90 期 [success] → _processed.json
[22:29:48]   成功: 6 条 → 4 个分区 [success]
[22:29:49] [50/52] 第 91 期: 钟点工灵魂英文版 (2020第91期 12.11 - 12.17)
[22:29:50]   空数据, 跳过 [empty]
[22:29:50] [51/52] 第 92 期: 硬核圣诞 (2020第92期 12.18 - 12.24)
[22:29:51]   空数据, 跳过 [empty]
[22:29:51] [52/52] 第 93 期: 罗翔童话镇 (2020第93期 12.25 - 12.31)
[22:29:51]   空数据, 跳过 [empty]
[22:29:51] ------------------------------------------------------------
[22:29:51] 批量完成: 成功 49, 空数据 3, 错误 0
[22:29:51] 总耗时: 92 秒 (1.5 分钟)
