[22:31:13] ============================================================
[22:31:13] B站每周必看 批量采集 启动
[22:31:13] ============================================================
[22:31:13] 参数: year=2019, limit=全部
[22:31:13] 已处理: 347 期 (成功 337, 空 10, 错误 0)
[22:31:13] 调用 series/list API 获取期数列表...
[22:31:14] 共 384 期
[22:31:14] 跳过已成功期数: 4 期
[22:31:14] 待生成: 37 期 (第 1-41 期)
[22:31:14] 输出目录: d:\obsidian\demo\05_long_project\B站\每周必看
[22:31:14] 预计耗时: 每期约 8-15 秒 (COOKIE 策略)
[22:31:14] ------------------------------------------------------------
[22:31:14] [1/37] 第 1 期: 神仙爱情 (2019第1期 03.22 - 03.28)
[22:31:24]   空数据, 跳过 [empty]
[22:31:24] [2/37] 第 5 期: 复仇者联盟4 (2019第5期 04.19 - 04.25)
[22:31:25]   空数据, 跳过 [empty]
[22:31:25] [3/37] 第 6 期: 真人版只狼 (2019第6期 04.26 - 05.02)
[22:31:25]   空数据, 跳过 [empty]
[22:31:26] [4/37] 第 7 期: 大侦探皮卡丘 (2019第7期 05.03 - 05.09)
[22:31:26]   空数据, 跳过 [empty]
[22:31:26] [5/37] 第 8 期: 宇宙尽头 (2019第8期 05.10 - 05.16)
[22:31:27]   空数据, 跳过 [empty]
[22:31:27] [6/37] 第 10 期: 雨女无瓜 (2019第10期 05.24 - 05.30)
[22:31:28]   空数据, 跳过 [empty]
[22:31:28] [7/37] 第 11 期: 笑对高考 (2019第11期 05.31 - 06.06)
[22:31:28] 分区数: 3
[22:31:28]   - 校园学习: 1 条
[22:31:28]   - 热点: 1 条
[22:31:28]   - 数码: 1 条
[22:31:28] 追加到分区笔记...
[22:31:28]   校园学习: +1 条 → 校园学习.md
[22:31:28]   热点: +1 条 → 热点.md
[22:31:28]   数码: +1 条 → 数码.md
[22:31:28] 已记录到日志: 第 11 期 [success] → _processed.json
[22:31:28]   成功: 3 条 → 3 个分区 [success]
[22:31:29] [8/37] 第 12 期: 5G有多快？ (2019第12期 06.07 - 06.13)
[22:31:30] 分区数: 1
[22:31:30]   - 数码: 1 条
[22:31:30] 追加到分区笔记...
[22:31:30]   数码: +1 条 → 数码.md
[22:31:30] 已记录到日志: 第 12 期 [success] → _processed.json
[22:31:30]   成功: 1 条 → 1 个分区 [success]
[22:31:31] [9/37] 第 13 期: 千与千寻 (2019第13期 06.14 - 06.20)
[22:31:32] 分区数: 1
[22:31:32]   - 人文历史: 1 条
[22:31:32] 追加到分区笔记...
[22:31:32]   人文历史: +1 条 → 人文历史.md
[22:31:32] 已记录到日志: 第 13 期 [success] → _processed.json
[22:31:32]   成功: 1 条 → 1 个分区 [success]
[22:31:33] [10/37] 第 14 期: 干杯十周年 (2019第14期 06.21 - 06.27)
[22:31:33] 分区数: 1
[22:31:33]   - 社科·法律·心理: 1 条
[22:31:33] 追加到分区笔记...
[22:31:33]   社科·法律·心理: +1 条 → 社科·法律·心理.md
[22:31:33] 已记录到日志: 第 14 期 [success] → _processed.json
[22:31:33]   成功: 1 条 → 1 个分区 [success]
[22:31:34] [11/37] 第 15 期: 垃圾分类 (2019第15期 06.28 - 07.04)
[22:31:35]   空数据, 跳过 [empty]
[22:31:35] [12/37] 第 16 期: 七月新番 (2019第16期 07.05 - 07.11)
[22:31:36]   空数据, 跳过 [empty]
[22:31:36] [13/37] 第 17 期: Bad Guy (2019第17期 07.12 - 07.18)
[22:31:37]   空数据, 跳过 [empty]
[22:31:37] [14/37] 第 18 期: 失踪人口回归 (2019第18期 07.19 - 07.25)
[22:31:37] 分区数: 1
[22:31:37]   - 数码: 1 条
[22:31:37] 追加到分区笔记...
[22:31:37]   数码: +1 条 → 数码.md
[22:31:37] 已记录到日志: 第 18 期 [success] → _processed.json
[22:31:37]   成功: 1 条 → 1 个分区 [success]
[22:31:38] [15/37] 第 19 期: 哪吒之魔童降世 (2019第19期 07.26 - 08.01)
[22:31:39]   空数据, 跳过 [empty]
[22:31:39] [16/37] 第 20 期: 商标维权 (2019第20期 08.02 - 08.08)
[22:31:40]   空数据, 跳过 [empty]
[22:31:40] [17/37] 第 21 期: 上海堡垒 (2019第21期 08.09 - 08.15)
[22:31:40]   空数据, 跳过 [empty]
[22:31:40] [18/37] 第 22 期: 霸道总裁黄晓明 (2019第22期 08.16 - 08.22)
[22:31:41]   空数据, 跳过 [empty]
[22:31:41] [19/37] 第 23 期: 芒种 (2019第23期 08.23 - 08.29)
[22:31:42]   空数据, 跳过 [empty]
[22:31:42] [20/37] 第 24 期: 华农兄弟 (2019第24期 08.30 - 09.05)
[22:31:43]   空数据, 跳过 [empty]
[22:31:43] [21/37] 第 25 期: iPhone11 (2019第25期 09.06 - 09.12)
[22:31:44]   空数据, 跳过 [empty]
[22:31:44] [22/37] 第 26 期: 说好不哭 (2019第26期 09.13 - 09.19)
[22:31:44]   空数据, 跳过 [empty]
[22:31:44] [23/37] 第 27 期: 102位UP主歌唱祖国 (2019第27期 09.20 - 09.26)
[22:31:45]   空数据, 跳过 [empty]
[22:31:45] [24/37] 第 28 期: 国庆特辑 (2019第28期 09.27 - 10.03)
[22:31:45]   空数据, 跳过 [empty]
[22:31:46] [25/37] 第 29 期: 英雄联盟S9 (2019第29期 10.04 - 10.10)
[22:31:46]   空数据, 跳过 [empty]
[22:31:46] [26/37] 第 30 期: 英雄联盟手游 (2019第30期 10.11 - 10.17)
[22:31:47]   空数据, 跳过 [empty]
[22:31:47] [27/37] 第 31 期: 阅片无数 (2019第31期 10.18 - 10.24)
[22:31:47]   空数据, 跳过 [empty]
[22:31:47] [28/37] 第 32 期: 一棵“高数” (2019第32期 10.25 - 10.31)
[22:31:48]   空数据, 跳过 [empty]
[22:31:48] [29/37] 第 33 期: 「天气之子」真人版 (2019第33期 11.01 - 11.07)
[22:31:48]   空数据, 跳过 [empty]
[22:31:48] [30/37] 第 34 期: FPX登顶回顾 (2019第34期 11.08 - 11.14)
[22:31:49]   空数据, 跳过 [empty]
[22:31:49] [31/37] 第 35 期: 赵本山劝导小丑 (2019第35期 11.15 - 11.21)
[22:31:50]   空数据, 跳过 [empty]
[22:31:50] [32/37] 第 36 期: 最全柯南时间线 (2019第36期 11.22 - 11.28)
[22:31:51]   空数据, 跳过 [empty]
[22:31:51] [33/37] 第 37 期: 华语乐坛2009 (2019第37期 11.29 - 12.05)
[22:31:51]   空数据, 跳过 [empty]
[22:31:51] [34/37] 第 38 期: 黑寡妇 X 佟湘玉 (2019第38期 12.06 - 12.12)
[22:31:52]   空数据, 跳过 [empty]
[22:31:52] [35/37] 第 39 期: 1月新番导视 (2019第39期 12.13 - 12.19)
[22:31:52]   空数据, 跳过 [empty]
[22:31:53] [36/37] 第 40 期: 古力娜扎鬼畜 (2019第40期 12.20 - 12.26)
[22:31:54]   空数据, 跳过 [empty]
[22:31:54] [37/37] 第 41 期: 2019年度鬼畜回顾 (2019第41期 12.27 - 01.02)
[22:31:54]   空数据, 跳过 [empty]
[22:31:54] ------------------------------------------------------------
[22:31:54] 批量完成: 成功 5, 空数据 32, 错误 0
[22:31:54] 总耗时: 40 秒 (0.7 分钟)
