[21:14:28] ============================================================
[21:14:28] B站每周必看 批量采集 启动
[21:14:28] ============================================================
[21:14:28] ============================================================
[21:14:28] B站每周必看 批量采集 启动
[21:14:28] 参数: year=2024, limit=全部
[21:14:28] ============================================================
[21:14:28] 调用 series/list API 获取期数列表...
[21:14:28] 参数: year=2025, limit=全部
[21:14:28] 调用 series/list API 获取期数列表...
[21:14:28] 共 384 期
[21:14:28] 待生成: 52 期 (第 251-302 期)
[21:14:28] 输出目录: d:\obsidian\demo\05_long_project\B站\每周必看
[21:14:28] 预计耗时: 每期约 8-15 秒 (COOKIE 策略)
[21:14:28] 共 384 期
[21:14:28] ------------------------------------------------------------
[21:14:28] [1/52] 第 251 期: 十年神番混剪 (2024第251期 01.05 - 01.11)
[21:14:28] 待生成: 52 期 (第 303-354 期)
[21:14:28] 输出目录: d:\obsidian\demo\05_long_project\B站\每周必看
[21:14:28] 预计耗时: 每期约 8-15 秒 (COOKIE 策略)
[21:14:28] ------------------------------------------------------------
[21:14:28] [1/52] 第 303 期: 今年春晚来B站了 (2025第303期 01.03 - 01.09)
[21:14:36] 分区数: 2
[21:14:36]   - 人文历史: 4 条
[21:14:36]   - 综合: 1 条
[21:14:36] 追加到分区笔记...
[21:14:36]   人文历史: +4 条 → 人文历史.md
[21:14:36]   综合: +1 条 → 综合.md
[21:14:36] 已记录到日志: 第 251 期 → _processed.json
[21:14:36]   成功: 5 条 → 2 个分区
[21:14:37] [2/52] 第 252 期: 当好兄弟结婚了 (2024第252期 01.12 - 01.18)
[21:14:38] 分区数: 7
[21:14:38]   - 野生技能协会: 2 条
[21:14:38]   - 数码: 3 条
[21:14:38]   - 科学科普: 2 条
[21:14:38]   - 极客DIY: 1 条
[21:14:38]   - 软件应用: 1 条
[21:14:38]   - 人文历史: 3 条
[21:14:38]   - 社科·法律·心理: 1 条
[21:14:38] 追加到分区笔记...
[21:14:38]   野生技能协会: +2 条 → 野生技能协会.md
[21:14:38]   数码: +3 条 → 数码.md
[21:14:38]   科学科普: +2 条 → 科学科普.md
[21:14:38]   极客DIY: +1 条 → 极客DIY.md
[21:14:38]   软件应用: +1 条 → 软件应用.md
[21:14:38]   人文历史: +3 条 → 人文历史.md
[21:14:38]   社科·法律·心理: +1 条 → 社科·法律·心理.md
[21:14:38] 已记录到日志: 第 252 期 → _processed.json
[21:14:38]   成功: 13 条 → 7 个分区
[21:14:39] [3/52] 第 253 期: 何同学自制流水线 (2024第253期 01.19 - 01.25)
[21:14:40] 分区数: 4
[21:14:40]   - 极客DIY: 1 条
[21:14:40]   - 数码: 1 条
[21:14:40]   - 人文历史: 3 条
[21:14:40]   - 科学科普: 3 条
[21:14:40] 追加到分区笔记...
[21:14:40]   极客DIY: +1 条 → 极客DIY.md
[21:14:40]   数码: +1 条 → 数码.md
[21:14:40]   人文历史: +3 条 → 人文历史.md
[21:14:40]   科学科普: +3 条 → 科学科普.md
[21:14:40] 已记录到日志: 第 253 期 → _processed.json
[21:14:40]   成功: 8 条 → 4 个分区
[21:14:41] [4/52] 第 254 期: 纸片版星有野 (2024第254期 01.26 - 02.01)
[21:14:41] 分区数: 3
[21:14:41]   - 科学科普: 1 条
[21:14:41]   - 极客DIY: 1 条
[21:14:41]   - 人文历史: 2 条
[21:14:41] 追加到分区笔记...
[21:14:41]   科学科普: +1 条 → 科学科普.md
[21:14:41]   极客DIY: +1 条 → 极客DIY.md
[21:14:41]   人文历史: +2 条 → 人文历史.md
[21:14:41] 已记录到日志: 第 254 期 → _processed.json
[21:14:41]   成功: 4 条 → 3 个分区
[21:14:42] [5/52] 第 255 期: 原神惊艳二创 (2024第255期 02.02 - 02.08)
[21:14:43] 分区数: 5
[21:14:43]   - 数码: 2 条
[21:14:43]   - 人文历史: 1 条
[21:14:43]   - 科学科普: 1 条
[21:14:43]   - 极客DIY: 1 条
[21:14:43]   - 社科·法律·心理: 1 条
[21:14:43] 追加到分区笔记...
[21:14:43]   数码: +2 条 → 数码.md
[21:14:43]   人文历史: +1 条 → 人文历史.md
[21:14:43]   科学科普: +1 条 → 科学科普.md
[21:14:43]   极客DIY: +1 条 → 极客DIY.md
[21:14:43]   社科·法律·心理: +1 条 → 社科·法律·心理.md
[21:14:43] 已记录到日志: 第 255 期 → _processed.json
[21:14:43]   成功: 6 条 → 5 个分区
[21:14:44] [6/52] 第 256 期: 2024拜年纪 (2024第256期 02.09 - 02.15)
[21:14:45] 分区数: 5
[21:14:45]   - 社科·法律·心理: 2 条
[21:14:45]   - 人文历史: 2 条
[21:14:45]   - 科学科普: 1 条
[21:14:45]   - 软件应用: 1 条
[21:14:45]   - 校园学习: 1 条
[21:14:45] 追加到分区笔记...
[21:14:45]   社科·法律·心理: +2 条 → 社科·法律·心理.md
[21:14:45]   人文历史: +2 条 → 人文历史.md
[21:14:45]   科学科普: +1 条 → 科学科普.md
[21:14:45]   软件应用: +1 条 → 软件应用.md
[21:14:45]   校园学习: +1 条 → 校园学习.md
[21:14:45] 已记录到日志: 第 256 期 → _processed.json
[21:14:45]   成功: 7 条 → 5 个分区
[21:14:46] [7/52] 第 257 期: 雕出冰霜巨龙 (2024第257期 02.16 - 02.22)
[21:14:46] 分区数: 3
[21:14:46]   - 野生技能协会: 1 条
[21:14:46]   - 数码: 1 条
[21:14:46]   - 人文历史: 1 条
[21:14:46] 追加到分区笔记...
[21:14:46]   野生技能协会: +1 条 → 野生技能协会.md
[21:14:46]   数码: +1 条 → 数码.md
[21:14:46]   人文历史: +1 条 → 人文历史.md
[21:14:46] 已记录到日志: 第 257 期 → _processed.json
[21:14:46]   成功: 3 条 → 3 个分区
[21:14:47] [8/52] 第 258 期: 视频失效但文艺复兴 (2024第258期 02.23 - 02.29)
[21:14:48] 分区数: 4
[21:14:48]   - 职业职场: 1 条
[21:14:48]   - 科学科普: 2 条
[21:14:48]   - 数码: 1 条
[21:14:48]   - 财经商业: 1 条
[21:14:48] 追加到分区笔记...
[21:14:48]   职业职场: +1 条 → 职业职场.md
[21:14:48]   科学科普: +2 条 → 科学科普.md
[21:14:48]   数码: +1 条 → 数码.md
[21:14:48]   财经商业: +1 条 → 财经商业.md
[21:14:48] 已记录到日志: 第 258 期 → _processed.json
[21:14:48]   成功: 5 条 → 4 个分区
[21:14:49] [9/52] 第 259 期: 佐助大战宿傩 (2024第259期 03.01 - 03.07)
[21:14:49] 分区数: 4
[21:14:49]   - 科学科普: 4 条
[21:14:49]   - 人文历史: 2 条
[21:14:49]   - 社科·法律·心理: 1 条
[21:14:49]   - 财经商业: 1 条
[21:14:49] 追加到分区笔记...
[21:14:49]   科学科普: +4 条 → 科学科普.md
[21:14:49]   人文历史: +2 条 → 人文历史.md
[21:14:49]   社科·法律·心理: +1 条 → 社科·法律·心理.md
[21:14:49]   财经商业: +1 条 → 财经商业.md
[21:14:49] 已记录到日志: 第 259 期 → _processed.json
[21:14:49]   成功: 8 条 → 4 个分区
[21:14:50] [10/52] 第 260 期: 史上最佳免费游戏 (2024第260期 03.08 - 03.14)
[21:14:51] 分区数: 4
[21:14:51]   - 财经商业: 2 条
[21:14:51]   - 人文历史: 3 条
[21:14:51]   - 科学科普: 1 条
[21:14:51]   - 数码: 1 条
[21:14:51] 追加到分区笔记...
[21:14:51]   财经商业: +2 条 → 财经商业.md
[21:14:51]   人文历史: +3 条 → 人文历史.md
[21:14:51]   科学科普: +1 条 → 科学科普.md
[21:14:51]   数码: +1 条 → 数码.md
[21:14:51] 已记录到日志: 第 260 期 → _processed.json
[21:14:51]   成功: 7 条 → 4 个分区
[21:14:52] [11/52] 第 261 期: 小潮team全军集结 (2024第261期 03.15 - 03.21)
[21:14:53] 分区数: 5
[21:14:53]   - 校园学习: 1 条
[21:14:53]   - 科学科普: 3 条
[21:14:53]   - 人文历史: 2 条
[21:14:53]   - 极客DIY: 1 条
[21:14:53]   - 社科·法律·心理: 1 条
[21:14:53] 追加到分区笔记...
[21:14:53]   校园学习: +1 条 → 校园学习.md
[21:14:53]   科学科普: +3 条 → 科学科普.md
[21:14:53]   人文历史: +2 条 → 人文历史.md
[21:14:53]   极客DIY: +1 条 → 极客DIY.md
[21:14:53]   社科·法律·心理: +1 条 → 社科·法律·心理.md
[21:14:53] 已记录到日志: 第 261 期 → _processed.json
[21:14:53]   成功: 8 条 → 5 个分区
[21:14:54] [12/52] 第 262 期: 百万学子B站上课 (2024第262期 03.22 - 03.28)
[21:14:54] 分区数: 5
[21:14:54]   - 校园学习: 1 条
[21:14:54]   - 人文历史: 4 条
[21:14:54]   - 数码: 2 条
[21:14:54]   - 财经商业: 1 条
[21:14:54]   - 科学科普: 2 条
[21:14:54] 追加到分区笔记...
[21:14:54]   校园学习: +1 条 → 校园学习.md
[21:14:54]   人文历史: +4 条 → 人文历史.md
[21:14:54]   数码: +2 条 → 数码.md
[21:14:54]   财经商业: +1 条 → 财经商业.md
[21:14:54]   科学科普: +2 条 → 科学科普.md
[21:14:54] 已记录到日志: 第 262 期 → _processed.json
[21:14:54]   成功: 10 条 → 5 个分区
[21:14:55] [13/52] 第 263 期: 火影好声音 (2024第263期 03.29 - 04.04)
[21:14:56] 分区数: 4
[21:14:56]   - 人文历史: 3 条
[21:14:56]   - 社科·法律·心理: 1 条
[21:14:56]   - 数码: 1 条
[21:14:56]   - 极客DIY: 1 条
[21:14:56] 追加到分区笔记...
[21:14:56]   人文历史: +3 条 → 人文历史.md
[21:14:56]   社科·法律·心理: +1 条 → 社科·法律·心理.md
[21:14:56]   数码: +1 条 → 数码.md
[21:14:56]   极客DIY: +1 条 → 极客DIY.md
[21:14:56] 已记录到日志: 第 263 期 → _processed.json
[21:14:56]   成功: 6 条 → 4 个分区
[21:14:57] [14/52] 第 264 期: 我在5:20睡觉 (2024第264期 04.05 - 04.11)
[21:14:58] 分区数: 3
[21:14:58]   - 数码: 3 条
[21:14:58]   - 人文历史: 1 条
[21:14:58]   - 财经商业: 1 条
[21:14:58] 追加到分区笔记...
[21:14:58]   数码: +3 条 → 数码.md
[21:14:58]   人文历史: +1 条 → 人文历史.md
[21:14:58]   财经商业: +1 条 → 财经商业.md
[21:14:58] 已记录到日志: 第 264 期 → _processed.json
[21:14:58]   成功: 5 条 → 3 个分区
[21:14:59] [15/52] 第 265 期: 假如原神是FPS游戏 (2024第265期 04.12 - 04.18)
[21:15:04] 分区数: 6
[21:15:04]   - 社科·法律·心理: 1 条
[21:15:04]   - 数码: 3 条
[21:15:04]   - 人文历史: 2 条
[21:15:04]   - 科学科普: 1 条
[21:15:04]   - 极客DIY: 1 条
[21:15:04]   - 野生技能协会: 1 条
[21:15:04] 追加到分区笔记...
[21:15:04]   社科·法律·心理: +1 条 → 社科·法律·心理.md
[21:15:04]   数码: +3 条 → 数码.md
[21:15:04]   人文历史: +2 条 → 人文历史.md
[21:15:04] 分区数: 4
[21:15:04]   科学科普: +1 条 → 科学科普.md
[21:15:04]   - 科学科普: 2 条
[21:15:04]   - 社科·法律·心理: 2 条
[21:15:04]   极客DIY: +1 条 → 极客DIY.md
[21:15:04] 追加到分区笔记...
[21:15:04]   野生技能协会: +1 条 → 野生技能协会.md
[21:15:04] 已记录到日志: 第 265 期 → _processed.json
[21:15:04]   成功: 9 条 → 6 个分区
[21:15:04]   人文历史: +2 条 → 人文历史.md
[21:15:04]   科学科普: +2 条 → 科学科普.md
[21:15:04]   社科·法律·心理: +2 条 → 社科·法律·心理.md
[21:15:04]   数码: +1 条 → 数码.md
[21:15:04] 已记录到日志: 第 303 期 → _processed.json
[21:15:04]   成功: 7 条 → 4 个分区
[21:15:05] [16/52] 第 266 期: 影视飓风折叠地球 (2024第266期 04.19 - 04.25)
[21:15:05] [2/52] 第 304 期: 什么是肝帝 (2025第304期 01.10 - 01.16)
[21:15:05] 分区数: 2
[21:15:05]   - 科学科普: 4 条
[21:15:05]   - 数码: 1 条
[21:15:05] 追加到分区笔记...
[21:15:05]   科学科普: +4 条 → 科学科普.md
[21:15:05]   数码: +1 条 → 数码.md
[21:15:05] 已记录到日志: 第 266 期 → _processed.json
[21:15:05]   成功: 5 条 → 2 个分区
[21:15:06] 分区数: 6
[21:15:06]   - 综合: 1 条
[21:15:06]   - 科学科普: 4 条
[21:15:06]   - 人文历史: 1 条
[21:15:06]   - 数码: 1 条
[21:15:06]   - 热点: 1 条
[21:15:06]   - 财经商业: 2 条
[21:15:06] 追加到分区笔记...
[21:15:06]   综合: +1 条 → 综合.md
[21:15:06]   科学科普: +4 条 → 科学科普.md
[21:15:06]   人文历史: +1 条 → 人文历史.md
[21:15:06]   数码: +1 条 → 数码.md
[21:15:06]   热点: +1 条 → 热点.md
[21:15:06]   财经商业: +2 条 → 财经商业.md
[21:15:06] 已记录到日志: 第 304 期 → _processed.json
[21:15:06]   成功: 10 条 → 6 个分区
[21:15:06] [17/52] 第 267 期: 星穹铁道生日会 (2024第267期 04.26 - 05.02)
[21:15:07] [3/52] 第 305 期: Miku打音游 (2025第305期 01.17 - 01.23)
[21:15:07] 分区数: 3
[21:15:07]   - 社科·法律·心理: 1 条
[21:15:07]   - 数码: 3 条
[21:15:07]   - 人文历史: 2 条
[21:15:07] 追加到分区笔记...
[21:15:07]   社科·法律·心理: +1 条 → 社科·法律·心理.md
[21:15:07]   数码: +3 条 → 数码.md
[21:15:07]   人文历史: +2 条 → 人文历史.md
[21:15:07] 已记录到日志: 第 267 期 → _processed.json
[21:15:07]   成功: 6 条 → 3 个分区
[21:15:07] 分区数: 5
[21:15:07]   - 极客DIY: 1 条
[21:15:07]   - 数码: 2 条
[21:15:07]   - 人文历史: 1 条
[21:15:07]   - 财经商业: 1 条
[21:15:07]   - 社科·法律·心理: 1 条
[21:15:07] 追加到分区笔记...
[21:15:07]   极客DIY: +1 条 → 极客DIY.md
[21:15:07]   数码: +2 条 → 数码.md
[21:15:07]   人文历史: +1 条 → 人文历史.md
[21:15:07]   财经商业: +1 条 → 财经商业.md
[21:15:07]   社科·法律·心理: +1 条 → 社科·法律·心理.md
[21:15:07] 已记录到日志: 第 305 期 → _processed.json
[21:15:07]   成功: 6 条 → 5 个分区
[21:15:08] [18/52] 第 268 期: 考研级做菜教程 (2024第268期 05.03 - 05.09)
[21:15:08] [4/52] 第 306 期: 2025拜年纪 (2025第306期 01.24 - 01.30)
[21:15:09] 分区数: 4
[21:15:09]   - 极客DIY: 1 条
[21:15:09]   - 科学科普: 1 条
[21:15:09]   - 人文历史: 2 条
[21:15:09]   - 财经商业: 1 条
[21:15:09] 追加到分区笔记...
[21:15:09]   极客DIY: +1 条 → 极客DIY.md
[21:15:09]   科学科普: +1 条 → 科学科普.md
[21:15:09]   人文历史: +2 条 → 人文历史.md
[21:15:09]   财经商业: +1 条 → 财经商业.md
[21:15:09] 已记录到日志: 第 268 期 → _processed.json
[21:15:09]   成功: 5 条 → 4 个分区
[21:15:09] 分区数: 5
[21:15:09]   - 人文历史: 2 条
[21:15:09]   - 科学科普: 2 条
[21:15:09]   - 数码: 3 条
[21:15:09]   - 计算机技术: 1 条
[21:15:09]   - 财经商业: 1 条
[21:15:09] 追加到分区笔记...
[21:15:09]   人文历史: +2 条 → 人文历史.md
[21:15:09]   科学科普: +2 条 → 科学科普.md
[21:15:09]   数码: +3 条 → 数码.md
[21:15:09]   计算机技术: +1 条 → 计算机技术.md
[21:15:09]   财经商业: +1 条 → 财经商业.md
[21:15:09] 已记录到日志: 第 306 期 → _processed.json
[21:15:09]   成功: 9 条 → 5 个分区
[21:15:10] [19/52] 第 269 期: 一个曾毅配六个玲花 (2024第269期 05.10 - 05.16)
[21:15:10] [5/52] 第 307 期: 剧情向MC (2025第307期 01.31 - 02.06)
[21:15:10] 分区数: 4
[21:15:10]   - 数码: 2 条
[21:15:10]   - 社科·法律·心理: 2 条
[21:15:10]   - 设计·创意: 1 条
[21:15:10]   - 科学科普: 1 条
[21:15:10] 追加到分区笔记...
[21:15:10]   数码: +2 条 → 数码.md
[21:15:10]   社科·法律·心理: +2 条 → 社科·法律·心理.md
[21:15:10]   设计·创意: +1 条 → 设计·创意.md
[21:15:10]   科学科普: +1 条 → 科学科普.md
[21:15:10] 已记录到日志: 第 269 期 → _processed.json
[21:15:10]   成功: 6 条 → 4 个分区
[21:15:10] 分区数: 8
[21:15:10]   - 科工机械: 1 条
[21:15:10]   - 综合: 1 条
[21:15:10]   - 数码: 1 条
[21:15:10]   - 极客DIY: 1 条
[21:15:10]   - 科学科普: 2 条
[21:15:10]   - 人文历史: 2 条
[21:15:10]   - 软件应用: 1 条
[21:15:10]   - 社科·法律·心理: 1 条
[21:15:10] 追加到分区笔记...
[21:15:10]   科工机械: +1 条 → 科工机械.md
[21:15:10]   综合: +1 条 → 综合.md
[21:15:10]   数码: +1 条 → 数码.md
[21:15:10]   极客DIY: +1 条 → 极客DIY.md
[21:15:10]   科学科普: +2 条 → 科学科普.md
[21:15:10]   人文历史: +2 条 → 人文历史.md
[21:15:10]   软件应用: +1 条 → 软件应用.md
[21:15:10]   社科·法律·心理: +1 条 → 社科·法律·心理.md
[21:15:10] 已记录到日志: 第 307 期 → _processed.json
[21:15:10]   成功: 10 条 → 8 个分区
[21:15:11] [20/52] 第 270 期: 和芙宁娜过520 (2024第270期 05.17 - 05.23)
[21:15:11] [6/52] 第 308 期: 哪吒版多米诺骨牌 (2025第308期 02.07 - 02.13)
[21:15:12] 分区数: 5
[21:15:12]   - 设计·创意: 1 条
[21:15:12]   - 社科·法律·心理: 1 条
[21:15:12]   - 极客DIY: 1 条
[21:15:12]   - 数码: 1 条
[21:15:12]   - 科学科普: 1 条
[21:15:12] 追加到分区笔记...
[21:15:12]   设计·创意: +1 条 → 设计·创意.md
[21:15:12]   社科·法律·心理: +1 条 → 社科·法律·心理.md
[21:15:12]   极客DIY: +1 条 → 极客DIY.md
[21:15:12]   数码: +1 条 → 数码.md
[21:15:12]   科学科普: +1 条 → 科学科普.md
[21:15:12] 已记录到日志: 第 270 期 → _processed.json
[21:15:12]   成功: 5 条 → 5 个分区
[21:15:12] 分区数: 5
[21:15:12]   - 计算机技术: 1 条
[21:15:12]   - 人文历史: 2 条
[21:15:12]   - 数码: 1 条
[21:15:12]   - 科学科普: 1 条
[21:15:12]   - 财经商业: 1 条
[21:15:12] 追加到分区笔记...
[21:15:12]   计算机技术: +1 条 → 计算机技术.md
[21:15:12]   人文历史: +2 条 → 人文历史.md
[21:15:12]   数码: +1 条 → 数码.md
[21:15:12]   科学科普: +1 条 → 科学科普.md
[21:15:12]   财经商业: +1 条 → 财经商业.md
[21:15:12] 已记录到日志: 第 308 期 → _processed.json
[21:15:12]   成功: 6 条 → 5 个分区
[21:15:13] [21/52] 第 271 期: 狮兄狮姐终于相遇 (2024第271期 05.24 - 05.30)
[21:15:13] [7/52] 第 309 期: 国产3A还有高手 (2025第309期 02.14 - 02.20)
[21:15:13] 分区数: 2
[21:15:13]   - 人文历史: 2 条
[21:15:13]   - 科学科普: 1 条
[21:15:13] 追加到分区笔记...
[21:15:13]   人文历史: +2 条 → 人文历史.md
[21:15:13]   科学科普: +1 条 → 科学科普.md
[21:15:13] 已记录到日志: 第 271 期 → _processed.json
[21:15:13]   成功: 3 条 → 2 个分区
[21:15:14] 分区数: 4
[21:15:14]   - 极客DIY: 2 条
[21:15:14]   - 数码: 1 条
[21:15:14]   - 科学科普: 1 条
[21:15:14]   - 财经商业: 2 条
[21:15:14] 追加到分区笔记...
[21:15:14]   极客DIY: +2 条 → 极客DIY.md
[21:15:14]   数码: +1 条 → 数码.md
[21:15:14]   科学科普: +1 条 → 科学科普.md
[21:15:14]   财经商业: +2 条 → 财经商业.md
[21:15:14] 已记录到日志: 第 309 期 → _processed.json
[21:15:14]   成功: 6 条 → 4 个分区
[21:15:14] [22/52] 第 272 期: UP化身赛博孟德尔 (2024第272期 05.31 - 06.06)
[21:15:15] [8/52] 第 310 期: 勇闯南美毒窝 (2025第310期 02.21 - 02.27)
[21:15:15] 分区数: 4
[21:15:15]   - 校园学习: 2 条
[21:15:15]   - 数码: 3 条
[21:15:15]   - 科学科普: 2 条
[21:15:15]   - 极客DIY: 1 条
[21:15:15] 追加到分区笔记...
[21:15:15]   校园学习: +2 条 → 校园学习.md
[21:15:15]   数码: +3 条 → 数码.md
[21:15:15]   科学科普: +2 条 → 科学科普.md
[21:15:15]   极客DIY: +1 条 → 极客DIY.md
[21:15:15] 已记录到日志: 第 272 期 → _processed.json
[21:15:15]   成功: 8 条 → 4 个分区
[21:15:15] 分区数: 7
[21:15:15]   - 科学科普: 2 条
[21:15:15]   - 人文历史: 2 条
[21:15:15]   - 科工机械: 1 条
[21:15:15]   - 数码: 3 条
[21:15:15]   - 设计·创意: 1 条
[21:15:15]   - 财经商业: 1 条
[21:15:15]   - 校园学习: 1 条
[21:15:15] 追加到分区笔记...
[21:15:15]   科学科普: +2 条 → 科学科普.md
[21:15:15]   人文历史: +2 条 → 人文历史.md
[21:15:15]   科工机械: +1 条 → 科工机械.md
[21:15:15]   数码: +3 条 → 数码.md
[21:15:15]   设计·创意: +1 条 → 设计·创意.md
[21:15:15]   财经商业: +1 条 → 财经商业.md
[21:15:15]   校园学习: +1 条 → 校园学习.md
[21:15:15] 已记录到日志: 第 310 期 → _processed.json
[21:15:15]   成功: 11 条 → 7 个分区
[21:15:16] [23/52] 第 273 期: 火影完美结局 (2024第273期 06.07 - 06.13)
[21:15:16] [9/52] 第 311 期: 游戏开发接龙 (2025第311期 02.28 - 03.06)
[21:15:16] 分区数: 4
[21:15:16]   - 科学科普: 4 条
[21:15:16]   - 人文历史: 2 条
[21:15:16]   - 校园学习: 1 条
[21:15:16]   - 社科·法律·心理: 1 条
[21:15:16] 追加到分区笔记...
[21:15:16]   科学科普: +4 条 → 科学科普.md
[21:15:16]   人文历史: +2 条 → 人文历史.md
[21:15:16]   校园学习: +1 条 → 校园学习.md
[21:15:16]   社科·法律·心理: +1 条 → 社科·法律·心理.md
[21:15:16] 已记录到日志: 第 273 期 → _processed.json
[21:15:16]   成功: 8 条 → 4 个分区
[21:15:17] 分区数: 7
[21:15:17]   - 社科·法律·心理: 3 条
[21:15:17]   - 人文历史: 2 条
[21:15:17]   - 环球: 1 条
[21:15:17]   - 财经商业: 1 条
[21:15:17]   - 数码: 1 条
[21:15:17]   - 极客DIY: 1 条
[21:15:17]   - 科学科普: 2 条
[21:15:17] 追加到分区笔记...
[21:15:17]   社科·法律·心理: +3 条 → 社科·法律·心理.md
[21:15:17]   人文历史: +2 条 → 人文历史.md
[21:15:17]   环球: +1 条 → 环球.md
[21:15:17]   财经商业: +1 条 → 财经商业.md
[21:15:17]   数码: +1 条 → 数码.md
[21:15:17]   极客DIY: +1 条 → 极客DIY.md
[21:15:17]   科学科普: +2 条 → 科学科普.md
[21:15:17] 已记录到日志: 第 311 期 → _processed.json
[21:15:17]   成功: 11 条 → 7 个分区
[21:15:17] [24/52] 第 274 期: 山海经走进现实 (2024第274期 06.14 - 06.20)
[21:15:18] [10/52] 第 312 期: 芙宁娜绝美二创 (2025第312期 03.07 - 03.13)
[21:15:18] 分区数: 3
[21:15:18]   - 数码: 2 条
[21:15:18]   - 软件应用: 1 条
[21:15:18]   - 人文历史: 1 条
[21:15:18] 追加到分区笔记...
[21:15:18]   数码: +2 条 → 数码.md
[21:15:18]   软件应用: +1 条 → 软件应用.md
[21:15:18]   人文历史: +1 条 → 人文历史.md
[21:15:18] 已记录到日志: 第 274 期 → _processed.json
[21:15:18]   成功: 4 条 → 3 个分区
[21:15:18] 分区数: 8
[21:15:18]   - 科学科普: 3 条
[21:15:18]   - 极客DIY: 1 条
[21:15:18]   - 校园学习: 1 条
[21:15:18]   - 数码: 1 条
[21:15:18]   - 综合: 1 条
[21:15:18]   - 人文历史: 1 条
[21:15:18]   - 设计·创意: 1 条
[21:15:18]   - 财经商业: 1 条
[21:15:18] 追加到分区笔记...
[21:15:18]   科学科普: +3 条 → 科学科普.md
[21:15:18]   极客DIY: +1 条 → 极客DIY.md
[21:15:18]   校园学习: +1 条 → 校园学习.md
[21:15:18]   数码: +1 条 → 数码.md
[21:15:18]   综合: +1 条 → 综合.md
[21:15:18]   人文历史: +1 条 → 人文历史.md
[21:15:18]   设计·创意: +1 条 → 设计·创意.md
[21:15:18]   财经商业: +1 条 → 财经商业.md
[21:15:18] 已记录到日志: 第 312 期 → _processed.json
[21:15:18]   成功: 10 条 → 8 个分区
[21:15:19] [25/52] 第 275 期: 重磅自制三体动画 (2024第275期 06.21 - 06.27)
[21:15:19] [11/52] 第 313 期: 2024年度追番总结 (2025第313期 03.14 - 03.20)
[21:15:19] 分区数: 6
[21:15:19]   - 科学科普: 2 条
[21:15:19]   - 人文历史: 3 条
[21:15:19]   - 职业职场: 1 条
[21:15:19]   - 校园学习: 2 条
[21:15:19]   - 极客DIY: 1 条
[21:15:19]   - 社科·法律·心理: 1 条
[21:15:19] 追加到分区笔记...
[21:15:19]   科学科普: +2 条 → 科学科普.md
[21:15:19]   人文历史: +3 条 → 人文历史.md
[21:15:19]   职业职场: +1 条 → 职业职场.md
[21:15:19]   校园学习: +2 条 → 校园学习.md
[21:15:19]   极客DIY: +1 条 → 极客DIY.md
[21:15:19]   社科·法律·心理: +1 条 → 社科·法律·心理.md
[21:15:19] 已记录到日志: 第 275 期 → _processed.json
[21:15:19]   成功: 10 条 → 6 个分区
[21:15:20] 分区数: 6
[21:15:20]   - 人文历史: 2 条
[21:15:20]   - 财经商业: 2 条
[21:15:20]   - 极客DIY: 1 条
[21:15:20]   - 社科·法律·心理: 1 条
[21:15:20]   - 科学科普: 2 条
[21:15:20]   - 数码: 1 条
[21:15:20] 追加到分区笔记...
[21:15:20]   人文历史: +2 条 → 人文历史.md
[21:15:20]   财经商业: +2 条 → 财经商业.md
[21:15:20]   极客DIY: +1 条 → 极客DIY.md
[21:15:20]   社科·法律·心理: +1 条 → 社科·法律·心理.md
[21:15:20]   科学科普: +2 条 → 科学科普.md
[21:15:20]   数码: +1 条 → 数码.md
[21:15:20] 已记录到日志: 第 313 期 → _processed.json
[21:15:20]   成功: 9 条 → 6 个分区
[21:15:20] [26/52] 第 276 期: 火柴人VS几何 (2024第276期 06.28 - 07.04)
[21:15:21] [12/52] 第 314 期: 最强葫芦娃鬼畜调教 (2025第314期 03.21 - 03.27)
[21:15:21] 分区数: 2
[21:15:21]   - 人文历史: 2 条
[21:15:21]   - 科学科普: 1 条
[21:15:21] 追加到分区笔记...
[21:15:21]   人文历史: +2 条 → 人文历史.md
[21:15:21]   科学科普: +1 条 → 科学科普.md
[21:15:21] 已记录到日志: 第 276 期 → _processed.json
[21:15:21]   成功: 3 条 → 2 个分区
[21:15:22] 分区数: 5
[21:15:22]   - 人文历史: 4 条
[21:15:22]   - 科学科普: 5 条
[21:15:22]   - 社科·法律·心理: 1 条
[21:15:22]   - 数码: 1 条
[21:15:22]   - 财经商业: 1 条
[21:15:22] 追加到分区笔记...
[21:15:22]   人文历史: +4 条 → 人文历史.md
[21:15:22]   科学科普: +5 条 → 科学科普.md
[21:15:22]   社科·法律·心理: +1 条 → 社科·法律·心理.md
[21:15:22]   数码: +1 条 → 数码.md
[21:15:22]   财经商业: +1 条 → 财经商业.md
[21:15:22] 已记录到日志: 第 314 期 → _processed.json
[21:15:22]   成功: 12 条 → 5 个分区
[21:15:22] [27/52] 第 277 期: 不用脚的射门大赛 (2024第277期 07.05 - 07.11)
[21:15:23] 分区数: 5
[21:15:23]   - 极客DIY: 1 条
[21:15:23]   - 社科·法律·心理: 1 条
[21:15:23]   - 科学科普: 1 条
[21:15:23]   - 人文历史: 1 条
[21:15:23]   - 野生技能协会: 1 条
[21:15:23] [13/52] 第 315 期: 黑神话：哪吒 (2025第315期 03.28 - 04.03)
[21:15:23]   极客DIY: +1 条 → 极客DIY.md
[21:15:23]   社科·法律·心理: +1 条 → 社科·法律·心理.md
[21:15:23]   科学科普: +1 条 → 科学科普.md
[21:15:23]   人文历史: +1 条 → 人文历史.md
[21:15:23]   野生技能协会: +1 条 → 野生技能协会.md
[21:15:23] 已记录到日志: 第 277 期 → _processed.json
[21:15:23]   成功: 5 条 → 5 个分区
[21:15:23] 分区数: 5
[21:15:23]   - 人文历史: 4 条
[21:15:23]   - 数码: 2 条
[21:15:23]   - 财经商业: 1 条
[21:15:23]   - 科学科普: 2 条
[21:15:23]   - 社科·法律·心理: 1 条
[21:15:23] 追加到分区笔记...
[21:15:23]   人文历史: +4 条 → 人文历史.md
[21:15:23]   数码: +2 条 → 数码.md
[21:15:23]   财经商业: +1 条 → 财经商业.md
[21:15:23]   科学科普: +2 条 → 科学科普.md
[21:15:23]   社科·法律·心理: +1 条 → 社科·法律·心理.md
[21:15:23] 已记录到日志: 第 315 期 → _processed.json
[21:15:23]   成功: 10 条 → 5 个分区
[21:15:24] [28/52] 第 278 期: 中国诸神最强简史 (2024第278期 07.12 - 07.18)
[21:15:24] [14/52] 第 316 期: 甲亢哥进军鬼畜区 (2025第316期 04.04 - 04.10)
[21:15:24] 分区数: 3
[21:15:24]   - 人文历史: 2 条
[21:15:24]   - 科学科普: 2 条
[21:15:24]   - 社科·法律·心理: 1 条
[21:15:24] 追加到分区笔记...
[21:15:24]   人文历史: +2 条 → 人文历史.md
[21:15:24]   科学科普: +2 条 → 科学科普.md
[21:15:24]   社科·法律·心理: +1 条 → 社科·法律·心理.md
[21:15:24] 已记录到日志: 第 278 期 → _processed.json
[21:15:24]   成功: 5 条 → 3 个分区
[21:15:25] 分区数: 3
[21:15:25]   - 科学科普: 2 条
[21:15:25]   - 野生技能协会: 1 条
[21:15:25]   - 人文历史: 2 条
[21:15:25] 追加到分区笔记...
[21:15:25]   科学科普: +2 条 → 科学科普.md
[21:15:25]   野生技能协会: +1 条 → 野生技能协会.md
[21:15:25]   人文历史: +2 条 → 人文历史.md
[21:15:25] 已记录到日志: 第 316 期 → _processed.json
[21:15:25]   成功: 5 条 → 3 个分区
[21:15:25] [29/52] 第 279 期: 身残志坚钻石大盗 (2024第279期 07.19 - 07.25)
[21:15:26] [15/52] 第 317 期: 游戏王GX魅力时刻 (2025第317期 04.11 - 04.17)
[21:15:26] 分区数: 2
[21:15:26]   - 科学科普: 2 条
[21:15:26]   - 人文历史: 2 条
[21:15:26] 追加到分区笔记...
[21:15:26]   科学科普: +2 条 → 科学科普.md
[21:15:26]   人文历史: +2 条 → 人文历史.md
[21:15:26] 已记录到日志: 第 279 期 → _processed.json
[21:15:26]   成功: 4 条 → 2 个分区
[21:15:26] 分区数: 4
[21:15:26]   - 人文历史: 2 条
[21:15:26]   - 科学科普: 4 条
[21:15:26]   - 校园学习: 1 条
[21:15:26]   - 财经商业: 1 条
[21:15:26] 追加到分区笔记...
[21:15:26]   人文历史: +2 条 → 人文历史.md
[21:15:26]   科学科普: +4 条 → 科学科普.md
[21:15:26]   校园学习: +1 条 → 校园学习.md
[21:15:26]   财经商业: +1 条 → 财经商业.md
[21:15:26] 已记录到日志: 第 317 期 → _processed.json
[21:15:26]   成功: 8 条 → 4 个分区
[21:15:27] [30/52] 第 280 期: 赛博皇帝上泰山 (2024第280期 07.26 - 08.01)
[21:15:27] 分区数: 5
[21:15:27]   - 数码: 1 条
[21:15:27]   - 财经商业: 1 条
[21:15:27]   - 科学科普: 1 条
[21:15:27]   - 人文历史: 2 条
[21:15:27]   - 设计·创意: 1 条
[21:15:27] 追加到分区笔记...
[21:15:27]   数码: +1 条 → 数码.md
[21:15:27]   财经商业: +1 条 → 财经商业.md
[21:15:27]   科学科普: +1 条 → 科学科普.md
[21:15:27]   人文历史: +2 条 → 人文历史.md
[21:15:27]   设计·创意: +1 条 → 设计·创意.md
[21:15:27] 已记录到日志: 第 280 期 → _processed.json
[21:15:27]   成功: 6 条 → 5 个分区
[21:15:27] [16/52] 第 318 期: 歌比人还红 (2025第318期 04.18 - 04.24)
[21:15:28] [31/52] 第 281 期: 影视飓风十年回顾 (2024第281期 08.02 - 08.08)
[21:15:31] 分区数: 3
[21:15:31]   - 科学科普: 3 条
[21:15:31]   - 人文历史: 1 条
[21:15:31]   - 数码: 1 条
[21:15:31] 追加到分区笔记...
[21:15:31]   科学科普: +3 条 → 科学科普.md
[21:15:31]   人文历史: +1 条 → 人文历史.md
[21:15:31]   数码: +1 条 → 数码.md
[21:15:31] 已记录到日志: 第 281 期 → _processed.json
[21:15:31]   成功: 5 条 → 3 个分区
[21:15:32] [32/52] 第 282 期: 金牌欺诈师大作战 (2024第282期 08.09 - 08.15)
[21:15:33] 分区数: 2
[21:15:33]   - 数码: 1 条
[21:15:33]   - 设计·创意: 1 条
[21:15:33] 追加到分区笔记...
[21:15:33]   数码: +1 条 → 数码.md
[21:15:33]   设计·创意: +1 条 → 设计·创意.md
[21:15:33] 已记录到日志: 第 282 期 → _processed.json
[21:15:33]   成功: 2 条 → 2 个分区
[21:15:33] 分区数: 5
[21:15:33]   - 人文历史: 3 条
[21:15:33]   - 财经商业: 3 条
[21:15:33]   - 社科·法律·心理: 3 条
[21:15:33]   - 数码: 1 条
[21:15:33]   - 科学科普: 1 条
[21:15:33] 追加到分区笔记...
[21:15:33]   人文历史: +3 条 → 人文历史.md
[21:15:33]   财经商业: +3 条 → 财经商业.md
[21:15:33]   社科·法律·心理: +3 条 → 社科·法律·心理.md
[21:15:33]   数码: +1 条 → 数码.md
[21:15:33]   科学科普: +1 条 → 科学科普.md
[21:15:33] 已记录到日志: 第 318 期 → _processed.json
[21:15:33]   成功: 11 条 → 5 个分区
[21:15:34] [33/52] 第 283 期: 黑神话无伤攻略 (2024第283期 08.16 - 08.22)
[21:15:34] [17/52] 第 319 期: 星铁二周年动画 (2025第319期 04.25 - 05.01)
[21:15:35] 分区数: 5
[21:15:35]   - 极客DIY: 1 条
[21:15:35]   - 科学科普: 1 条
[21:15:35]   - 财经商业: 1 条
[21:15:35]   - 设计·创意: 1 条
[21:15:35]   - 社科·法律·心理: 1 条
[21:15:35] 追加到分区笔记...
[21:15:35]   极客DIY: +1 条 → 极客DIY.md
[21:15:35]   科学科普: +1 条 → 科学科普.md
[21:15:35]   财经商业: +1 条 → 财经商业.md
[21:15:35] 分区数: 6
[21:15:35]   - 科学科普: 2 条
[21:15:35]   - 极客DIY: 1 条
[21:15:35]   - 人文历史: 4 条
[21:15:35]   - 数码: 1 条
[21:15:35]   - 社科·法律·心理: 1 条
[21:15:35]   - 财经商业: 1 条
[21:15:35] 追加到分区笔记...
[21:15:35]   科学科普: +2 条 → 科学科普.md
[21:15:35]   设计·创意: +1 条 → 设计·创意.md
[21:15:35]   极客DIY: +1 条 → 极客DIY.md
[21:15:35]   社科·法律·心理: +1 条 → 社科·法律·心理.md
[21:15:35] 已记录到日志: 第 283 期 → _processed.json
[21:15:35]   成功: 5 条 → 5 个分区
[21:15:35]   人文历史: +4 条 → 人文历史.md
[21:15:35]   数码: +1 条 → 数码.md
[21:15:35]   社科·法律·心理: +1 条 → 社科·法律·心理.md
[21:15:35]   财经商业: +1 条 → 财经商业.md
[21:15:35] 已记录到日志: 第 319 期 → _processed.json
[21:15:35]   成功: 10 条 → 6 个分区
[21:15:36] [34/52] 第 284 期: 黑神话最强彩蛋 (2024第284期 08.23 - 08.29)
[21:15:36] [18/52] 第 320 期: 2025星铁LIVE (2025第320期 05.02 - 05.08)
[21:15:37] 分区数: 5
[21:15:37]   - 综合: 1 条
[21:15:37]   - 野生技能协会: 1 条
[21:15:37]   - 科学科普: 1 条
[21:15:37]   - 数码: 1 条
[21:15:37]   - 人文历史: 1 条
[21:15:37] 追加到分区笔记...
[21:15:37]   综合: +1 条 → 综合.md
[21:15:37]   野生技能协会: +1 条 → 野生技能协会.md
[21:15:37]   科学科普: +1 条 → 科学科普.md
[21:15:37]   数码: +1 条 → 数码.md
[21:15:37] 分区数: 3
[21:15:37]   - 人文历史: 1 条
[21:15:37]   - 社科·法律·心理: 1 条
[21:15:37]   - 科学科普: 1 条
[21:15:37]   人文历史: +1 条 → 人文历史.md
[21:15:37] 追加到分区笔记...
[21:15:37] 已记录到日志: 第 284 期 → _processed.json
[21:15:37]   成功: 5 条 → 5 个分区
[21:15:37]   人文历史: +1 条 → 人文历史.md
[21:15:37]   社科·法律·心理: +1 条 → 社科·法律·心理.md
[21:15:37]   科学科普: +1 条 → 科学科普.md
[21:15:37] 已记录到日志: 第 320 期 → _processed.json
[21:15:37]   成功: 3 条 → 3 个分区
[21:15:38] [35/52] 第 285 期: 如何辨别哥布林 (2024第285期 08.30 - 09.05)
[21:15:38] [19/52] 第 321 期: 揭秘人生进度条 (2025第321期 05.09 - 05.15)
[21:15:38] 分区数: 3
[21:15:38]   - 计算机技术: 1 条
[21:15:38]   - 数码: 1 条
[21:15:38]   - 科学科普: 1 条
[21:15:38] 追加到分区笔记...
[21:15:38]   计算机技术: +1 条 → 计算机技术.md
[21:15:39]   数码: +1 条 → 数码.md
[21:15:39]   科学科普: +1 条 → 科学科普.md
[21:15:39] 已记录到日志: 第 285 期 → _processed.json
[21:15:39]   成功: 3 条 → 3 个分区
[21:15:39] 分区数: 6
[21:15:39]   - 科学科普: 2 条
[21:15:39]   - 人文历史: 2 条
[21:15:39]   - 数码: 1 条
[21:15:39]   - 财经商业: 2 条
[21:15:39]   - 社科·法律·心理: 3 条
[21:15:39]   - 极客DIY: 1 条
[21:15:39] 追加到分区笔记...
[21:15:39]   科学科普: +2 条 → 科学科普.md
[21:15:39]   人文历史: +2 条 → 人文历史.md
[21:15:39]   数码: +1 条 → 数码.md
[21:15:39]   财经商业: +2 条 → 财经商业.md
[21:15:39]   社科·法律·心理: +3 条 → 社科·法律·心理.md
[21:15:39]   极客DIY: +1 条 → 极客DIY.md
[21:15:39] 已记录到日志: 第 321 期 → _processed.json
[21:15:39]   成功: 11 条 → 6 个分区
[21:15:40] [36/52] 第 286 期: 给300个人做红烧肉 (2024第286期 09.06 - 09.12)
[21:15:40] [20/52] 第 322 期: 超绝逐帧动画短片 (2025第322期 05.16 - 05.22)
[21:15:40] 分区数: 3
[21:15:40]   - 人文历史: 2 条
[21:15:40]   - 数码: 1 条
[21:15:40]   - 财经商业: 1 条
[21:15:40] 追加到分区笔记...
[21:15:40]   人文历史: +2 条 → 人文历史.md
[21:15:40]   数码: +1 条 → 数码.md
[21:15:40]   财经商业: +1 条 → 财经商业.md
[21:15:40] 已记录到日志: 第 286 期 → _processed.json
[21:15:40]   成功: 4 条 → 3 个分区
[21:15:41] 分区数: 4
[21:15:41]   - 数码: 2 条
[21:15:41]   - 人文历史: 3 条
[21:15:41]   - 社科·法律·心理: 1 条
[21:15:41]   - 野生技能协会: 1 条
[21:15:41] 追加到分区笔记...
[21:15:41]   数码: +2 条 → 数码.md
[21:15:41]   人文历史: +3 条 → 人文历史.md
[21:15:41]   社科·法律·心理: +1 条 → 社科·法律·心理.md
[21:15:41]   野生技能协会: +1 条 → 野生技能协会.md
[21:15:41] 已记录到日志: 第 322 期 → _processed.json
[21:15:41]   成功: 7 条 → 4 个分区
[21:15:41] [37/52] 第 287 期: 原神生日会仙品二创 (2024第287期 09.13 - 09.19)
[21:15:42] 分区数: 3
[21:15:42]   - 科学科普: 1 条
[21:15:42]   - 数码: 2 条
[21:15:42]   - 人文历史: 3 条
[21:15:42] 追加到分区笔记...
[21:15:42]   科学科普: +1 条 → 科学科普.md
[21:15:42]   数码: +2 条 → 数码.md
[21:15:42]   人文历史: +3 条 → 人文历史.md
[21:15:42] 已记录到日志: 第 287 期 → _processed.json
[21:15:42]   成功: 6 条 → 3 个分区
[21:15:42] [21/52] 第 323 期: 突击检查专业知识 (2025第323期 05.23 - 05.29)
[21:15:43] 分区数: 4
[21:15:43]   - 人文历史: 4 条
[21:15:43]   - 科学科普: 4 条
[21:15:43]   - 数码: 2 条
[21:15:43]   - 社科·法律·心理: 1 条
[21:15:43] 追加到分区笔记...
[21:15:43]   人文历史: +4 条 → 人文历史.md
[21:15:43]   科学科普: +4 条 → 科学科普.md
[21:15:43]   数码: +2 条 → 数码.md
[21:15:43]   社科·法律·心理: +1 条 → 社科·法律·心理.md
[21:15:43] 已记录到日志: 第 323 期 → _processed.json
[21:15:43]   成功: 11 条 → 4 个分区
[21:15:43] [38/52] 第 288 期: 用霍元甲打开黑神话 (2024第288期 09.20 - 09.26)
[21:15:43] 分区数: 4
[21:15:43]   - 数码: 1 条
[21:15:43]   - 校园学习: 1 条
[21:15:43]   - 科学科普: 1 条
[21:15:43]   - 人文历史: 1 条
[21:15:43] 追加到分区笔记...
[21:15:43]   数码: +1 条 → 数码.md
[21:15:43]   校园学习: +1 条 → 校园学习.md
[21:15:43]   科学科普: +1 条 → 科学科普.md
[21:15:43]   人文历史: +1 条 → 人文历史.md
[21:15:43] 已记录到日志: 第 288 期 → _processed.json
[21:15:43]   成功: 4 条 → 4 个分区
[21:15:44] [22/52] 第 324 期: 探秘视频行业龙头 (2025第324期 05.30 - 06.05)
[21:15:44] 分区数: 6
[21:15:44]   - 数码: 1 条
[21:15:44]   - 人文历史: 2 条
[21:15:44]   - 校园学习: 1 条
[21:15:44]   - 极客DIY: 2 条
[21:15:44]   - 野生技能协会: 2 条
[21:15:44]   - 社科·法律·心理: 1 条
[21:15:44] 追加到分区笔记...
[21:15:44]   数码: +1 条 → 数码.md
[21:15:44]   人文历史: +2 条 → 人文历史.md
[21:15:44] [39/52] 第 289 期: 孙悟空爆改蟠桃园 (2024第289期 09.27 - 10.03)
[21:15:44]   校园学习: +1 条 → 校园学习.md
[21:15:44]   极客DIY: +2 条 → 极客DIY.md
[21:15:44]   野生技能协会: +2 条 → 野生技能协会.md
[21:15:44]   社科·法律·心理: +1 条 → 社科·法律·心理.md
[21:15:44] 已记录到日志: 第 324 期 → _processed.json
[21:15:44]   成功: 9 条 → 6 个分区
[21:15:45] 分区数: 3
[21:15:45]   - 人文历史: 2 条
[21:15:45]   - 数码: 1 条
[21:15:45]   - 软件应用: 1 条
[21:15:45] 追加到分区笔记...
[21:15:45]   人文历史: +2 条 → 人文历史.md
[21:15:45]   数码: +1 条 → 数码.md
[21:15:45]   软件应用: +1 条 → 软件应用.md
[21:15:45] 已记录到日志: 第 289 期 → _processed.json
[21:15:45]   成功: 4 条 → 3 个分区
[21:15:45] [23/52] 第 325 期: 中国车手的纽北身影 (2025第325期 06.06 - 06.12)
[21:15:46] 分区数: 5
[21:15:46]   - 人文历史: 2 条
[21:15:46]   - 社科·法律·心理: 1 条
[21:15:46]   - 科学科普: 1 条
[21:15:46]   - 数码: 2 条
[21:15:46]   - 财经商业: 1 条
[21:15:46] 追加到分区笔记...
[21:15:46]   人文历史: +2 条 → 人文历史.md
[21:15:46]   社科·法律·心理: +1 条 → 社科·法律·心理.md
[21:15:46]   科学科普: +1 条 → 科学科普.md
[21:15:46]   数码: +2 条 → 数码.md
[21:15:46]   财经商业: +1 条 → 财经商业.md
[21:15:46] 已记录到日志: 第 325 期 → _processed.json
[21:15:46]   成功: 7 条 → 5 个分区
[21:15:46] [40/52] 第 290 期: UP版青春环游记 (2024第290期 10.04 - 10.10)
[21:15:47] 分区数: 4
[21:15:47]   - 社科·法律·心理: 1 条
[21:15:47]   - 数码: 2 条
[21:15:47]   - 计算机技术: 1 条
[21:15:47]   - 设计·创意: 1 条
[21:15:47] 追加到分区笔记...
[21:15:47]   社科·法律·心理: +1 条 → 社科·法律·心理.md
[21:15:47]   数码: +2 条 → 数码.md
[21:15:47]   计算机技术: +1 条 → 计算机技术.md
[21:15:47]   设计·创意: +1 条 → 设计·创意.md
[21:15:47] 已记录到日志: 第 290 期 → _processed.json
[21:15:47]   成功: 5 条 → 4 个分区
[21:15:47] [24/52] 第 326 期: 社恐博士的奇妙冒险 (2025第326期 06.13 - 06.19)
[21:15:48] 分区数: 4
[21:15:48]   - 社科·法律·心理: 2 条
[21:15:48]   - 数码: 2 条
[21:15:48]   - 人文历史: 2 条
[21:15:48]   - 科学科普: 1 条
[21:15:48] 追加到分区笔记...
[21:15:48]   社科·法律·心理: +2 条 → 社科·法律·心理.md
[21:15:48]   数码: +2 条 → 数码.md
[21:15:48]   人文历史: +2 条 → 人文历史.md
[21:15:48]   科学科普: +1 条 → 科学科普.md
[21:15:48] [41/52] 第 291 期: 探秘中国十大禁区 (2024第291期 10.11 - 10.17)
[21:15:48] 已记录到日志: 第 326 期 → _processed.json
[21:15:48]   成功: 7 条 → 4 个分区
[21:15:48] 分区数: 4
[21:15:48]   - 数码: 1 条
[21:15:48]   - 人文历史: 2 条
[21:15:48]   - 综合: 1 条
[21:15:48]   - 财经商业: 1 条
[21:15:48] 追加到分区笔记...
[21:15:48]   数码: +1 条 → 数码.md
[21:15:48]   人文历史: +2 条 → 人文历史.md
[21:15:48]   综合: +1 条 → 综合.md
[21:15:48]   财经商业: +1 条 → 财经商业.md
[21:15:48] 已记录到日志: 第 291 期 → _processed.json
[21:15:48]   成功: 5 条 → 4 个分区
[21:15:49] [25/52] 第 327 期: 猫和老鼠还在上分 (2025第327期 06.20 - 06.26)
[21:15:49] 分区数: 5
[21:15:49]   - 社科·法律·心理: 1 条
[21:15:49]   - 数码: 1 条
[21:15:49]   - 人文历史: 2 条
[21:15:49]   - 科学科普: 1 条
[21:15:49]   - 财经商业: 1 条
[21:15:49] 追加到分区笔记...
[21:15:49]   社科·法律·心理: +1 条 → 社科·法律·心理.md
[21:15:49]   数码: +1 条 → 数码.md
[21:15:49]   人文历史: +2 条 → 人文历史.md
[21:15:49]   科学科普: +1 条 → 科学科普.md
[21:15:49]   财经商业: +1 条 → 财经商业.md
[21:15:49] 已记录到日志: 第 327 期 → _processed.json
[21:15:49]   成功: 6 条 → 5 个分区
[21:15:49] [42/52] 第 292 期: 黄磊八大名菜 (2024第292期 10.18 - 10.24)
[21:15:50] 分区数: 7
[21:15:50]   - 财经商业: 1 条
[21:15:50]   - 社会: 1 条
[21:15:50]   - 数码: 1 条
[21:15:50]   - 人文历史: 3 条
[21:15:50]   - 软件应用: 1 条
[21:15:50]   - 科学科普: 2 条
[21:15:50]   - 极客DIY: 1 条
[21:15:50] 追加到分区笔记...
[21:15:50]   财经商业: +1 条 → 财经商业.md
[21:15:50]   社会: +1 条 → 社会.md
[21:15:50]   数码: +1 条 → 数码.md
[21:15:50]   人文历史: +3 条 → 人文历史.md
[21:15:50]   软件应用: +1 条 → 软件应用.md
[21:15:50]   科学科普: +2 条 → 科学科普.md
[21:15:50]   极客DIY: +1 条 → 极客DIY.md
[21:15:50] 已记录到日志: 第 292 期 → _processed.json
[21:15:50]   成功: 10 条 → 7 个分区
[21:15:50] [26/52] 第 328 期: 动画之神何以成神 (2025第328期 06.27 - 07.03)
[21:15:51] 分区数: 4
[21:15:51]   - 数码: 1 条
[21:15:51]   - 社科·法律·心理: 1 条
[21:15:51]   - 极客DIY: 2 条
[21:15:51]   - 财经商业: 1 条
[21:15:51] 追加到分区笔记...
[21:15:51]   数码: +1 条 → 数码.md
[21:15:51]   社科·法律·心理: +1 条 → 社科·法律·心理.md
[21:15:51]   极客DIY: +2 条 → 极客DIY.md
[21:15:51]   财经商业: +1 条 → 财经商业.md
[21:15:51] 已记录到日志: 第 328 期 → _processed.json
[21:15:51]   成功: 5 条 → 4 个分区
[21:15:51] [43/52] 第 293 期: 大慈大悲钓鱼佬 (2024第293期 10.25 - 10.31)
[21:15:52] 分区数: 6
[21:15:52]   - 极客DIY: 1 条
[21:15:52]   - 数码: 2 条
[21:15:52]   - 人文历史: 2 条
[21:15:52]   - 科学科普: 3 条
[21:15:52]   - 社科·法律·心理: 1 条
[21:15:52]   - 财经商业: 2 条
[21:15:52] 追加到分区笔记...
[21:15:52]   极客DIY: +1 条 → 极客DIY.md
[21:15:52]   数码: +2 条 → 数码.md
[21:15:52]   人文历史: +2 条 → 人文历史.md
[21:15:52]   科学科普: +3 条 → 科学科普.md
[21:15:52]   社科·法律·心理: +1 条 → 社科·法律·心理.md
[21:15:52]   财经商业: +2 条 → 财经商业.md
[21:15:52] 已记录到日志: 第 293 期 → _processed.json
[21:15:52]   成功: 11 条 → 6 个分区
[21:15:52] [27/52] 第 329 期: 馒头仙人最新力作 (2025第329期 07.04 - 07.10)
[21:15:53] [44/52] 第 294 期: 实拍万剑归宗 (2024第294期 11.01 - 11.07)
[21:15:53] 分区数: 3
[21:15:53]   - 科学科普: 2 条
[21:15:53]   - 人文历史: 2 条
[21:15:53]   - 软件应用: 1 条
[21:15:53] 追加到分区笔记...
[21:15:53]   科学科普: +2 条 → 科学科普.md
[21:15:53]   人文历史: +2 条 → 人文历史.md
[21:15:53]   软件应用: +1 条 → 软件应用.md
[21:15:53] 已记录到日志: 第 329 期 → _processed.json
[21:15:53]   成功: 5 条 → 3 个分区
[21:15:54] 分区数: 5
[21:15:54]   - 科学科普: 2 条
[21:15:54]   - 社科·法律·心理: 3 条
[21:15:54]   - 人文历史: 3 条
[21:15:54]   - 数码: 3 条
[21:15:54]   - 财经商业: 2 条
[21:15:54] 追加到分区笔记...
[21:15:54]   科学科普: +2 条 → 科学科普.md
[21:15:54]   社科·法律·心理: +3 条 → 社科·法律·心理.md
[21:15:54]   人文历史: +3 条 → 人文历史.md
[21:15:54]   数码: +3 条 → 数码.md
[21:15:54]   财经商业: +2 条 → 财经商业.md
[21:15:54] 已记录到日志: 第 294 期 → _processed.json
[21:15:54]   成功: 13 条 → 5 个分区
[21:15:54] [28/52] 第 330 期: 天依生日快乐 (2025第330期 07.11 - 07.17)
[21:15:54] 分区数: 6
[21:15:54]   - 极客DIY: 1 条
[21:15:54]   - 科学科普: 1 条
[21:15:54]   - 人文历史: 2 条
[21:15:54]   - 财经商业: 2 条
[21:15:54]   - 社科·法律·心理: 1 条
[21:15:54]   - 计算机技术: 1 条
[21:15:54] 追加到分区笔记...
[21:15:54]   极客DIY: +1 条 → 极客DIY.md
[21:15:54]   科学科普: +1 条 → 科学科普.md
[21:15:54]   人文历史: +2 条 → 人文历史.md
[21:15:54]   财经商业: +2 条 → 财经商业.md
[21:15:54]   社科·法律·心理: +1 条 → 社科·法律·心理.md
[21:15:54]   计算机技术: +1 条 → 计算机技术.md
[21:15:55] 已记录到日志: 第 330 期 → _processed.json
[21:15:55]   成功: 8 条 → 6 个分区
[21:15:55] [45/52] 第 295 期: 李子柒时隔三年回归 (2024第295期 11.08 - 11.14)
[21:15:55] 分区数: 6
[21:15:55]   - 科学科普: 3 条
[21:15:55]   - 人文历史: 2 条
[21:15:55]   - 校园学习: 1 条
[21:15:55]   - 科工机械: 1 条
[21:15:55]   - 热点: 1 条
[21:15:55]   - 财经商业: 1 条
[21:15:55] 追加到分区笔记...
[21:15:55]   科学科普: +3 条 → 科学科普.md
[21:15:55]   人文历史: +2 条 → 人文历史.md
[21:15:55]   校园学习: +1 条 → 校园学习.md
[21:15:55]   科工机械: +1 条 → 科工机械.md
[21:15:55]   热点: +1 条 → 热点.md
[21:15:55]   财经商业: +1 条 → 财经商业.md
[21:15:55] 已记录到日志: 第 295 期 → _processed.json
[21:15:55]   成功: 9 条 → 6 个分区
[21:15:56] [29/52] 第 331 期: 一拳超人的诞生 (2025第331期 07.18 - 07.24)
[21:15:56]   空数据, 跳过
[21:15:56] [30/52] 第 332 期: 游弋在风暴之中 (2025第332期 07.25 - 07.31)
[21:15:56] [46/52] 第 296 期: 把自己变成一颗流星 (2024第296期 11.15 - 11.21)
[21:15:57]   空数据, 跳过
[21:15:57] [31/52] 第 333 期: Q版你的名字 (2025第333期 08.01 - 08.07)
[21:15:57]   空数据, 跳过
[21:15:57] [47/52] 第 297 期: 奥特曼百万转场 (2024第297期 11.22 - 11.28)
[21:16:00]   空数据, 跳过
[21:16:00] [48/52] 第 298 期: 鲲鲲速通黑神话 (2024第298期 11.29 - 12.05)
[21:16:01]   空数据, 跳过
[21:16:01] [49/52] 第 299 期: 自制史莱姆模拟游戏 (2024第299期 12.06 - 12.12)
[21:16:03]   空数据, 跳过
[21:16:03] [50/52] 第 300 期: 黑神话高质量鬼畜说唱 (2024第300期 12.13 - 12.19)
[21:16:03]   空数据, 跳过
[21:16:03] [32/52] 第 334 期: 神民的名义 (2025第334期 08.08 - 08.14)
[21:16:03]   空数据, 跳过
[21:16:03] [51/52] 第 301 期: 洛天依绝美新歌 (2024第301期 12.20 - 12.26)
[21:16:03]   空数据, 跳过
[21:16:03] [33/52] 第 335 期: 黑神话系列再出新作 (2025第335期 08.15 - 08.21)
[21:16:04]   空数据, 跳过
[21:16:04] [52/52] 第 302 期: 全领域年度混剪 (2024第302期 12.27 - 01.02)
[21:16:04]   空数据, 跳过
[21:16:04] [34/52] 第 336 期: 下一个是谁下一季再见 (2025第336期 08.22 - 08.28)
[21:16:04]   空数据, 跳过
[21:16:04] ------------------------------------------------------------
[21:16:04] 批量完成: 成功 45/52, 失败 7
[21:16:04] 总耗时: 96 秒 (1.6 分钟)
[21:16:04]   空数据, 跳过
[21:16:04] [35/52] 第 337 期: 阅兵完整视频 (2025第337期 08.29 - 09.04)
[21:16:06]   空数据, 跳过
[21:16:07] [36/52] 第 338 期: 探索宇宙与李庄白肉 (2025第338期 09.05 - 09.11)
[21:16:07]   空数据, 跳过
[21:16:07] [37/52] 第 339 期: 壮志凌云科目三 (2025第339期 09.12 - 09.18)
[21:16:07]   空数据, 跳过
[21:16:07] [38/52] 第 340 期: 请回答1995 (2025第340期 09.19 - 09.25)
[21:16:08]   空数据, 跳过
[21:16:08] [39/52] 第 341 期: 探秘世界第一高桥 (2025第341期 09.26 - 10.02)
[21:16:08]   空数据, 跳过
[21:16:08] [40/52] 第 342 期: 未必船长的冒险故事 (2025第342期 10.03 - 10.09)
[21:16:09]   空数据, 跳过
[21:16:09] [41/52] 第 343 期: 我在新疆修地标 (2025第343期 10.10 - 10.16)
[21:16:09]   空数据, 跳过
[21:16:09] [42/52] 第 344 期: 在看番的时候又唱又跳 (2025第344期 10.17 - 10.23)
[21:16:10]   空数据, 跳过
[21:16:10] [43/52] 第 345 期: 智逗巅峰 (2025第345期 10.24 - 10.30)
[21:16:10]   空数据, 跳过
[21:16:10] [44/52] 第 346 期: 再见翁法罗斯 (2025第346期 10.31 - 11.06)
[21:16:11]   空数据, 跳过
[21:16:11] [45/52] 第 347 期: 鬼畜明星大团建 (2025第347期 11.07 - 11.13)
[21:16:12]   空数据, 跳过
[21:16:12] [46/52] 第 348 期: 走进S15总决赛后台 (2025第348期 11.14 - 11.20)
[21:16:12]   空数据, 跳过
[21:16:12] [47/52] 第 349 期: 文字游戏 (2025第349期 11.21 - 11.27)
[21:16:13]   空数据, 跳过
[21:16:13] [48/52] 第 350 期: 津门动物城 (2025第350期 11.28 - 12.04)
[21:16:13]   空数据, 跳过
[21:16:13] [49/52] 第 351 期: 英文版恭喜发财 (2025第351期 12.05 - 12.11)
[21:16:14]   空数据, 跳过
[21:16:14] [50/52] 第 352 期: 年度套娃2025 (2025第352期 12.12 - 12.18)
[21:16:14]   空数据, 跳过
[21:16:14] [51/52] 第 353 期: 手搓象牙鬼工球 (2025第353期 12.19 - 12.25)
[21:16:15]   空数据, 跳过
[21:16:15] [52/52] 第 354 期: 用一个字证明你不是AI (2025第354期 12.26 - 01.01)
[21:16:15]   空数据, 跳过
[21:16:15] ------------------------------------------------------------
[21:16:15] 批量完成: 成功 28/52, 失败 24
[21:16:15] 总耗时: 107 秒 (1.8 分钟)
