[21:08:50] ============================================================
[21:08:50] B站每周必看 按分区追加笔记 启动
[21:08:50] 输出目录: d:\obsidian\demo\05_long_project\B站\每周必看\分区
[21:08:50] 处理日志: d:\obsidian\demo\05_long_project\B站\每周必看\分区\_processed.json
[21:08:50] 已处理期数: 3 期 (最新: 第 385 期)
[21:08:50] ============================================================
[21:08:50] 参数: number=382, force=True
[21:08:50] 调用 bilibili weekly (COOKIE 策略, 约 8-15 秒)...
[21:08:51] 获取到 8 条视频
[21:08:51] 获取期数信息...
[21:08:52] 期数名称: 2026第382期 07.10 - 07.16
[21:08:52] ------------------------------------------------------------
[21:08:52] 分区数: 6
[21:08:52]   - 科工机械: 1 条
[21:08:52]   - 人文历史: 2 条
[21:08:52]   - 数码: 2 条
[21:08:52]   - 社科·法律·心理: 1 条
[21:08:52]   - 财经商业: 1 条
[21:08:52]   - 计算机技术: 1 条
[21:08:52] 追加到分区笔记...
[21:08:52]   科工机械: +1 条 → 科工机械.md
[21:08:52]   人文历史: +2 条 → 人文历史.md
[21:08:52]   数码: +2 条 → 数码.md
[21:08:52]   社科·法律·心理: +1 条 → 社科·法律·心理.md
[21:08:52]   财经商业: +1 条 → 财经商业.md
[21:08:52]   计算机技术: +1 条 → 计算机技术.md
[21:08:52] 已记录到日志: 第 382 期 → _processed.json
[21:08:52] ------------------------------------------------------------
[21:08:52] 完成: 共 6 个分区, 8 条视频
