[15:21:02] ============================================================
[15:21:02] B站关注视频采集 启动
[15:21:02] OPENCLI_CMD: ('node', 'd:\\voice\\opencli-main\\dist\\main.js')
[15:21:02] 输出文件: d:\obsidian\demo\05_long_project\B站关注\关注视频.md, d:\obsidian\demo\05_long_project\B站关注\本周视频.md, d:\obsidian\demo\05_long_project\B站关注\本月视频.md
[15:21:02] ============================================================
[15:21:02] 每人视频数: 3, 强制刷新缓存: False
[15:21:02] 关注博主数: 11, 开始拉取视频...
[15:21:02] [1/11] 老麦的工具库 (mid=486989780)
[15:21:05] [2/11] 杰森的效率工坊 (mid=3546884870244925)
[15:21:07] [3/11] 我是阿众 (mid=281120100)
[15:21:10] [4/11] Kiven大汉堡 (mid=315945401)
[15:21:12] [5/11] 飞天闪客 (mid=325864133)
[15:21:15] [6/11] 隔壁的程序员老王 (mid=16433002)
[15:21:17] [7/11] 马克的技术工作坊 (mid=1815948385)
[15:21:20] [8/11] 数字黑魔法 (mid=1235535223)
[15:21:23] [9/11] 技术爬爬虾 (mid=316183842)
[15:21:26] [10/11] 浪里小白龙7 (mid=71216218)
[15:21:29] [11/11] Echo_NebulaPKM (mid=332569278)
[15:21:30] 已保存: d:\obsidian\demo\05_long_project\B站关注\关注视频.md
[15:21:30] 已保存: d:\obsidian\demo\05_long_project\B站关注\本周视频.md (5 位博主有本周新视频)
[15:21:30] 已保存: d:\obsidian\demo\05_long_project\B站关注\本月视频.md (7 位博主有本月新视频)
[15:21:30] 完成
