[22:26:17] ============================================================
[22:26:17] B站每周必看 批量采集 启动
[22:26:17] ============================================================
[22:26:17] 参数: year=2021, limit=全部
[22:26:17] 已处理: 244 期 (成功 238, 空 6, 错误 0)
[22:26:17] 调用 series/list API 获取期数列表...
[22:26:17] 共 384 期
[22:26:17] 跳过已成功期数: 1 期
[22:26:17] 待生成: 51 期 (第 94-146 期)
[22:26:17] 输出目录: d:\obsidian\demo\05_long_project\B站\每周必看
[22:26:17] 预计耗时: 每期约 8-15 秒 (COOKIE 策略)
[22:26:17] ------------------------------------------------------------
[22:26:17] [1/51] 第 94 期: 不愧是我王冰冰 (2021第94期 01.01 - 01.07)
[22:26:27] 分区数: 4
[22:26:27]   - 数码: 2 条
[22:26:27]   - 科学科普: 1 条
[22:26:27]   - 社科·法律·心理: 1 条
[22:26:27]   - 人文历史: 1 条
[22:26:27] 追加到分区笔记...
[22:26:27]   数码: +2 条 → 数码.md
[22:26:27]   科学科普: +1 条 → 科学科普.md
[22:26:27]   社科·法律·心理: +1 条 → 社科·法律·心理.md
[22:26:27]   人文历史: +1 条 → 人文历史.md
[22:26:27] 已记录到日志: 第 94 期 [success] → _processed.json
[22:26:27]   成功: 5 条 → 4 个分区 [success]
[22:26:28] [2/51] 第 95 期: 大 唐 新 说 唱 (2021第95期 01.08 - 01.14)
[22:26:29] 分区数: 2
[22:26:29]   - 科学科普: 3 条
[22:26:29]   - 财经商业: 1 条
[22:26:29] 追加到分区笔记...
[22:26:29]   科学科普: +3 条 → 科学科普.md
[22:26:29]   财经商业: +1 条 → 财经商业.md
[22:26:29] 已记录到日志: 第 95 期 [success] → _processed.json
[22:26:29]   成功: 4 条 → 2 个分区 [success]
[22:26:30] [3/51] 第 96 期: 八 戒 炫 技 (2021第96期 01.15 - 01.21)
[22:26:30] 分区数: 6
[22:26:30]   - 校园学习: 1 条
[22:26:30]   - 软件应用: 1 条
[22:26:30]   - 社会: 1 条
[22:26:30]   - 科学科普: 1 条
[22:26:30]   - 人文历史: 1 条
[22:26:30]   - 社科·法律·心理: 1 条
[22:26:30] 追加到分区笔记...
[22:26:30]   校园学习: +1 条 → 校园学习.md
[22:26:30]   软件应用: +1 条 → 软件应用.md
[22:26:30]   社会: +1 条 → 社会.md
[22:26:30]   科学科普: +1 条 → 科学科普.md
[22:26:30]   人文历史: +1 条 → 人文历史.md
[22:26:30]   社科·法律·心理: +1 条 → 社科·法律·心理.md
[22:26:30] 已记录到日志: 第 96 期 [success] → _processed.json
[22:26:30]   成功: 6 条 → 6 个分区 [success]
[22:26:31] [4/51] 第 97 期: 什么叫专业？ (2021第97期 01.22 - 01.28)
[22:26:32] 分区数: 2
[22:26:32]   - 社科·法律·心理: 2 条
[22:26:32]   - 极客DIY: 1 条
[22:26:32] 追加到分区笔记...
[22:26:32]   社科·法律·心理: +2 条 → 社科·法律·心理.md
[22:26:32]   极客DIY: +1 条 → 极客DIY.md
[22:26:32] 已记录到日志: 第 97 期 [success] → _processed.json
[22:26:32]   成功: 3 条 → 2 个分区 [success]
[22:26:33] [5/51] 第 98 期: 冰冰带你看春晚 (2021第98期 01.29 - 02.04)
[22:26:34] 分区数: 1
[22:26:34]   - 财经商业: 1 条
[22:26:34] 追加到分区笔记...
[22:26:34]   财经商业: +1 条 → 财经商业.md
[22:26:34] 已记录到日志: 第 98 期 [success] → _processed.json
[22:26:34]   成功: 1 条 → 1 个分区 [success]
[22:26:35] [6/51] 第 99 期: 2021拜年纪 (2021第99期 02.05 - 02.11)
[22:26:36] 分区数: 2
[22:26:36]   - 软件应用: 1 条
[22:26:36]   - 社科·法律·心理: 1 条
[22:26:36] 追加到分区笔记...
[22:26:36]   软件应用: +1 条 → 软件应用.md
[22:26:36]   社科·法律·心理: +1 条 → 社科·法律·心理.md
[22:26:36] 已记录到日志: 第 99 期 [success] → _processed.json
[22:26:36]   成功: 2 条 → 2 个分区 [success]
[22:26:37] [7/51] 第 101 期: 最骚杀手大结局 (2021第101期 02.19 - 02.25)
[22:26:37] 分区数: 2
[22:26:37]   - 科学科普: 1 条
[22:26:37]   - 人文历史: 1 条
[22:26:37] 追加到分区笔记...
[22:26:37]   科学科普: +1 条 → 科学科普.md
[22:26:37]   人文历史: +1 条 → 人文历史.md
[22:26:37] 已记录到日志: 第 101 期 [success] → _processed.json
[22:26:37]   成功: 2 条 → 2 个分区 [success]
[22:26:38] [8/51] 第 102 期: 课堂叫醒服务 (2021第102期 02.26 - 03.04)
[22:26:39] 分区数: 5
[22:26:39]   - 社会: 1 条
[22:26:39]   - 社科·法律·心理: 2 条
[22:26:39]   - 软件应用: 2 条
[22:26:39]   - 科学科普: 1 条
[22:26:39]   - 校园学习: 1 条
[22:26:39] 追加到分区笔记...
[22:26:39]   社会: +1 条 → 社会.md
[22:26:39]   社科·法律·心理: +2 条 → 社科·法律·心理.md
[22:26:39]   软件应用: +2 条 → 软件应用.md
[22:26:39]   科学科普: +1 条 → 科学科普.md
[22:26:39]   校园学习: +1 条 → 校园学习.md
[22:26:39] 已记录到日志: 第 102 期 [success] → _processed.json
[22:26:39]   成功: 7 条 → 5 个分区 [success]
[22:26:40] [9/51] 第 103 期: 天生变态？ (2021第103期 03.05 - 03.11)
[22:26:41] 分区数: 6
[22:26:41]   - 科学科普: 2 条
[22:26:41]   - 软件应用: 1 条
[22:26:41]   - 科工机械: 1 条
[22:26:41]   - 人文历史: 1 条
[22:26:41]   - 野生技能协会: 1 条
[22:26:41]   - 热点: 1 条
[22:26:41] 追加到分区笔记...
[22:26:41]   科学科普: +2 条 → 科学科普.md
[22:26:41]   软件应用: +1 条 → 软件应用.md
[22:26:41]   科工机械: +1 条 → 科工机械.md
[22:26:41]   人文历史: +1 条 → 人文历史.md
[22:26:41]   野生技能协会: +1 条 → 野生技能协会.md
[22:26:41]   热点: +1 条 → 热点.md
[22:26:41] 已记录到日志: 第 103 期 [success] → _processed.json
[22:26:41]   成功: 7 条 → 6 个分区 [success]
[22:26:42] [10/51] 第 104 期: 只想回家利路修 (2021第104期 03.12 - 03.18)
[22:26:43] 分区数: 3
[22:26:43]   - 财经商业: 2 条
[22:26:43]   - 热点: 1 条
[22:26:43]   - 科学科普: 3 条
[22:26:43] 追加到分区笔记...
[22:26:43]   财经商业: +2 条 → 财经商业.md
[22:26:43]   热点: +1 条 → 热点.md
[22:26:43]   科学科普: +3 条 → 科学科普.md
[22:26:43] 已记录到日志: 第 104 期 [success] → _processed.json
[22:26:43]   成功: 6 条 → 3 个分区 [success]
[22:26:44] [11/51] 第 106 期: 奥特曼来啦 (2021第106期 03.26 - 04.01)
[22:26:46] 分区数: 7
[22:26:46]   - 野生技能协会: 1 条
[22:26:46]   - 软件应用: 1 条
[22:26:46]   - 人文历史: 1 条
[22:26:46]   - 科学科普: 1 条
[22:26:46]   - 财经商业: 1 条
[22:26:46]   - 社会: 1 条
[22:26:46]   - 社科·法律·心理: 1 条
[22:26:46] 追加到分区笔记...
[22:26:46]   野生技能协会: +1 条 → 野生技能协会.md
[22:26:46]   软件应用: +1 条 → 软件应用.md
[22:26:46]   人文历史: +1 条 → 人文历史.md
[22:26:46]   科学科普: +1 条 → 科学科普.md
[22:26:46]   财经商业: +1 条 → 财经商业.md
[22:26:46]   社会: +1 条 → 社会.md
[22:26:46]   社科·法律·心理: +1 条 → 社科·法律·心理.md
[22:26:46] 已记录到日志: 第 106 期 [success] → _processed.json
[22:26:46]   成功: 7 条 → 7 个分区 [success]
[22:26:47] [12/51] 第 107 期: 我摊牌了！ (2021第107期 04.02 - 04.08)
[22:26:48] 分区数: 5
[22:26:48]   - 数码: 1 条
[22:26:48]   - 社科·法律·心理: 1 条
[22:26:48]   - 财经商业: 1 条
[22:26:48]   - 科学科普: 1 条
[22:26:48]   - 人文历史: 1 条
[22:26:48] 追加到分区笔记...
[22:26:48]   数码: +1 条 → 数码.md
[22:26:48]   社科·法律·心理: +1 条 → 社科·法律·心理.md
[22:26:48]   财经商业: +1 条 → 财经商业.md
[22:26:48]   科学科普: +1 条 → 科学科普.md
[22:26:48]   人文历史: +1 条 → 人文历史.md
[22:26:48] 已记录到日志: 第 107 期 [success] → _processed.json
[22:26:48]   成功: 5 条 → 5 个分区 [success]
[22:26:49] [13/51] 第 108 期: 手工复刻三星堆 (2021第108期 04.09 - 04.15)
[22:26:50] 分区数: 6
[22:26:50]   - 极客DIY: 1 条
[22:26:50]   - 数码: 1 条
[22:26:50]   - 财经商业: 1 条
[22:26:50]   - 环球: 1 条
[22:26:50]   - 社科·法律·心理: 3 条
[22:26:50]   - 科学科普: 2 条
[22:26:50] 追加到分区笔记...
[22:26:50]   极客DIY: +1 条 → 极客DIY.md
[22:26:50]   数码: +1 条 → 数码.md
[22:26:50]   财经商业: +1 条 → 财经商业.md
[22:26:50]   环球: +1 条 → 环球.md
[22:26:50]   社科·法律·心理: +3 条 → 社科·法律·心理.md
[22:26:50]   科学科普: +2 条 → 科学科普.md
[22:26:50] 已记录到日志: 第 108 期 [success] → _processed.json
[22:26:50]   成功: 9 条 → 6 个分区 [success]
[22:26:51] [14/51] 第 109 期: 橘子老六说唱diss (2021第109期 04.16 - 04.22)
[22:26:52] 分区数: 5
[22:26:52]   - 人文历史: 2 条
[22:26:52]   - 数码: 2 条
[22:26:52]   - 社会: 2 条
[22:26:52]   - 科学科普: 2 条
[22:26:52]   - 热点: 1 条
[22:26:52] 追加到分区笔记...
[22:26:52]   人文历史: +2 条 → 人文历史.md
[22:26:52]   数码: +2 条 → 数码.md
[22:26:52]   社会: +2 条 → 社会.md
[22:26:52]   科学科普: +2 条 → 科学科普.md
[22:26:52]   热点: +1 条 → 热点.md
[22:26:52] 已记录到日志: 第 109 期 [success] → _processed.json
[22:26:52]   成功: 9 条 → 5 个分区 [success]
[22:26:53] [15/51] 第 110 期: 潘嘎之交 (2021第110期 04.23 - 04.29)
[22:26:54] 分区数: 6
[22:26:54]   - 综合: 1 条
[22:26:54]   - 热点: 1 条
[22:26:54]   - 人文历史: 1 条
[22:26:54]   - 环球: 1 条
[22:26:54]   - 科学科普: 1 条
[22:26:54]   - 财经商业: 1 条
[22:26:54] 追加到分区笔记...
[22:26:54]   综合: +1 条 → 综合.md
[22:26:54]   热点: +1 条 → 热点.md
[22:26:54]   人文历史: +1 条 → 人文历史.md
[22:26:54]   环球: +1 条 → 环球.md
[22:26:54]   科学科普: +1 条 → 科学科普.md
[22:26:54]   财经商业: +1 条 → 财经商业.md
[22:26:54] 已记录到日志: 第 110 期 [success] → _processed.json
[22:26:54]   成功: 6 条 → 6 个分区 [success]
[22:26:55] [16/51] 第 111 期: 两面包夹芝士 (2021第111期 04.30 - 05.06)
[22:26:56] 分区数: 2
[22:26:56]   - 财经商业: 1 条
[22:26:56]   - 社会: 1 条
[22:26:56] 追加到分区笔记...
[22:26:56]   财经商业: +1 条 → 财经商业.md
[22:26:56]   社会: +1 条 → 社会.md
[22:26:56] 已记录到日志: 第 111 期 [success] → _processed.json
[22:26:56]   成功: 2 条 → 2 个分区 [success]
[22:26:57] [17/51] 第 112 期: 史上最骚魔法师 (2021第112期 05.07 - 05.13)
[22:26:57] 分区数: 4
[22:26:57]   - 科学科普: 2 条
[22:26:57]   - 环球: 1 条
[22:26:57]   - 社科·法律·心理: 1 条
[22:26:57]   - 财经商业: 1 条
[22:26:57] 追加到分区笔记...
[22:26:57]   科学科普: +2 条 → 科学科普.md
[22:26:57]   环球: +1 条 → 环球.md
[22:26:57]   社科·法律·心理: +1 条 → 社科·法律·心理.md
[22:26:58]   财经商业: +1 条 → 财经商业.md
[22:26:58] 已记录到日志: 第 112 期 [success] → _processed.json
[22:26:58]   成功: 5 条 → 4 个分区 [success]
[22:26:59] [18/51] 第 113 期: 海上东北钢琴师 (2021第113期 05.14 - 05.20)
[22:26:59] 分区数: 2
[22:26:59]   - 社科·法律·心理: 2 条
[22:26:59]   - 科学科普: 1 条
[22:26:59] 追加到分区笔记...
[22:26:59]   社科·法律·心理: +2 条 → 社科·法律·心理.md
[22:26:59]   科学科普: +1 条 → 科学科普.md
[22:26:59] 已记录到日志: 第 113 期 [success] → _processed.json
[22:26:59]   成功: 3 条 → 2 个分区 [success]
[22:27:00] [19/51] 第 114 期: 三点饮茶啦！ (2021第114期 05.21 - 05.27)
[22:27:01] 分区数: 3
[22:27:01]   - 科学科普: 2 条
[22:27:01]   - 校园学习: 1 条
[22:27:01]   - 综合: 1 条
[22:27:01] 追加到分区笔记...
[22:27:01]   科学科普: +2 条 → 科学科普.md
[22:27:01]   校园学习: +1 条 → 校园学习.md
[22:27:01]   综合: +1 条 → 综合.md
[22:27:01] 已记录到日志: 第 114 期 [success] → _processed.json
[22:27:01]   成功: 4 条 → 3 个分区 [success]
[22:27:02] [20/51] 第 115 期: 速度与激情9.5 (2021第115期 05.28 - 06.03)
[22:27:03] 分区数: 5
[22:27:03]   - 数码: 2 条
[22:27:03]   - 人文历史: 3 条
[22:27:03]   - 野生技能协会: 2 条
[22:27:03]   - 社科·法律·心理: 2 条
[22:27:03]   - 校园学习: 1 条
[22:27:03] 追加到分区笔记...
[22:27:03]   数码: +2 条 → 数码.md
[22:27:03]   人文历史: +3 条 → 人文历史.md
[22:27:03]   野生技能协会: +2 条 → 野生技能协会.md
[22:27:03]   社科·法律·心理: +2 条 → 社科·法律·心理.md
[22:27:03]   校园学习: +1 条 → 校园学习.md
[22:27:03] 已记录到日志: 第 115 期 [success] → _processed.json
[22:27:03]   成功: 10 条 → 5 个分区 [success]
[22:27:04] [21/51] 第 116 期: 自动驾驶自行车！ (2021第116期 06.04 - 06.10)
[22:27:04] 分区数: 10
[22:27:04]   - 极客DIY: 1 条
[22:27:04]   - 野生技能协会: 2 条
[22:27:04]   - 财经商业: 1 条
[22:27:04]   - 社科·法律·心理: 2 条
[22:27:04]   - 数码: 1 条
[22:27:04]   - 职业职场: 1 条
[22:27:04]   - 校园学习: 1 条
[22:27:04]   - 软件应用: 1 条
[22:27:04]   - 科学科普: 2 条
[22:27:04]   - 热点: 1 条
[22:27:05] 追加到分区笔记...
[22:27:05]   极客DIY: +1 条 → 极客DIY.md
[22:27:05]   野生技能协会: +2 条 → 野生技能协会.md
[22:27:05]   财经商业: +1 条 → 财经商业.md
[22:27:05]   社科·法律·心理: +2 条 → 社科·法律·心理.md
[22:27:05]   数码: +1 条 → 数码.md
[22:27:05]   职业职场: +1 条 → 职业职场.md
[22:27:05]   校园学习: +1 条 → 校园学习.md
[22:27:05]   软件应用: +1 条 → 软件应用.md
[22:27:05]   科学科普: +2 条 → 科学科普.md
[22:27:05]   热点: +1 条 → 热点.md
[22:27:05] 已记录到日志: 第 116 期 [success] → _processed.json
[22:27:05]   成功: 13 条 → 10 个分区 [success]
[22:27:06] [22/51] 第 117 期: 华语群星热爱105°C (2021第117期 06.11 - 06.17)
[22:27:06] 分区数: 3
[22:27:06]   - 人文历史: 1 条
[22:27:06]   - 校园学习: 1 条
[22:27:06]   - 野生技能协会: 1 条
[22:27:06] 追加到分区笔记...
[22:27:06]   人文历史: +1 条 → 人文历史.md
[22:27:06]   校园学习: +1 条 → 校园学习.md
[22:27:06]   野生技能协会: +1 条 → 野生技能协会.md
[22:27:06] 已记录到日志: 第 117 期 [success] → _processed.json
[22:27:06]   成功: 3 条 → 3 个分区 [success]
[22:27:07] [23/51] 第 118 期: 热爱105℃灰原哀 (2021第118期 06.18 - 06.24)
[22:27:08] 分区数: 4
[22:27:08]   - 科学科普: 1 条
[22:27:08]   - 极客DIY: 1 条
[22:27:08]   - 社会: 2 条
[22:27:08]   - 热点: 1 条
[22:27:08] 追加到分区笔记...
[22:27:08]   科学科普: +1 条 → 科学科普.md
[22:27:08]   极客DIY: +1 条 → 极客DIY.md
[22:27:08]   社会: +2 条 → 社会.md
[22:27:08]   热点: +1 条 → 热点.md
[22:27:08] 已记录到日志: 第 118 期 [success] → _processed.json
[22:27:08]   成功: 5 条 → 4 个分区 [success]
[22:27:09] [24/51] 第 119 期: 百年风华 (2021第119期 06.25 - 07.01)
[22:27:10] 分区数: 7
[22:27:10]   - 热点: 5 条
[22:27:10]   - 综合: 2 条
[22:27:10]   - 社会: 1 条
[22:27:10]   - 极客DIY: 1 条
[22:27:10]   - 科学科普: 1 条
[22:27:10]   - 人文历史: 2 条
[22:27:10]   - 数码: 1 条
[22:27:10] 追加到分区笔记...
[22:27:10]   热点: +5 条 → 热点.md
[22:27:10]   综合: +2 条 → 综合.md
[22:27:10]   社会: +1 条 → 社会.md
[22:27:10]   极客DIY: +1 条 → 极客DIY.md
[22:27:10]   科学科普: +1 条 → 科学科普.md
[22:27:10]   人文历史: +2 条 → 人文历史.md
[22:27:10]   数码: +1 条 → 数码.md
[22:27:10] 已记录到日志: 第 119 期 [success] → _processed.json
[22:27:10]   成功: 13 条 → 7 个分区 [success]
[22:27:11] [25/51] 第 120 期: 4K重置版新宝岛 (2021第120期 07.02 - 07.08)
[22:27:12] 分区数: 5
[22:27:12]   - 数码: 1 条
[22:27:12]   - 人文历史: 3 条
[22:27:12]   - 综合: 1 条
[22:27:12]   - 社科·法律·心理: 1 条
[22:27:12]   - 科学科普: 1 条
[22:27:12] 追加到分区笔记...
[22:27:12]   数码: +1 条 → 数码.md
[22:27:12]   人文历史: +3 条 → 人文历史.md
[22:27:12]   综合: +1 条 → 综合.md
[22:27:12]   社科·法律·心理: +1 条 → 社科·法律·心理.md
[22:27:12]   科学科普: +1 条 → 科学科普.md
[22:27:12] 已记录到日志: 第 120 期 [success] → _processed.json
[22:27:12]   成功: 7 条 → 5 个分区 [success]
[22:27:13] [26/51] 第 121 期: 猛男版极乐净土 (2021第121期 07.09 - 07.15)
[22:27:14] 分区数: 6
[22:27:14]   - 科学科普: 3 条
[22:27:14]   - 软件应用: 1 条
[22:27:14]   - 计算机技术: 1 条
[22:27:14]   - 极客DIY: 1 条
[22:27:14]   - 人文历史: 1 条
[22:27:14]   - 社科·法律·心理: 2 条
[22:27:14] 追加到分区笔记...
[22:27:14]   科学科普: +3 条 → 科学科普.md
[22:27:14]   软件应用: +1 条 → 软件应用.md
[22:27:14]   计算机技术: +1 条 → 计算机技术.md
[22:27:14]   极客DIY: +1 条 → 极客DIY.md
[22:27:14]   人文历史: +1 条 → 人文历史.md
[22:27:14]   社科·法律·心理: +2 条 → 社科·法律·心理.md
[22:27:14] 已记录到日志: 第 121 期 [success] → _processed.json
[22:27:14]   成功: 9 条 → 6 个分区 [success]
[22:27:15] [27/51] 第 122 期: 疯狂动物鉴定 (2021第122期 07.16 - 07.22)
[22:27:16] 分区数: 2
[22:27:16]   - 科学科普: 2 条
[22:27:16]   - 软件应用: 1 条
[22:27:16] 追加到分区笔记...
[22:27:16]   科学科普: +2 条 → 科学科普.md
[22:27:16]   软件应用: +1 条 → 软件应用.md
[22:27:16] 已记录到日志: 第 122 期 [success] → _processed.json
[22:27:16]   成功: 3 条 → 2 个分区 [success]
[22:27:17] [28/51] 第 123 期: 张继科国乒加油 (2021第123期 07.23 - 07.29)
[22:27:18] 分区数: 6
[22:27:18]   - 社会: 1 条
[22:27:18]   - 科学科普: 1 条
[22:27:18]   - 人文历史: 2 条
[22:27:18]   - 热点: 2 条
[22:27:18]   - 校园学习: 2 条
[22:27:18]   - 社科·法律·心理: 1 条
[22:27:18] 追加到分区笔记...
[22:27:18]   社会: +1 条 → 社会.md
[22:27:18]   科学科普: +1 条 → 科学科普.md
[22:27:18]   人文历史: +2 条 → 人文历史.md
[22:27:18]   热点: +2 条 → 热点.md
[22:27:18]   校园学习: +2 条 → 校园学习.md
[22:27:18]   社科·法律·心理: +1 条 → 社科·法律·心理.md
[22:27:18] 已记录到日志: 第 123 期 [success] → _processed.json
[22:27:18]   成功: 9 条 → 6 个分区 [success]
[22:27:19] [29/51] 第 124 期: 国乒喜剧人 (2021第124期 07.30 - 08.05)
[22:27:20] 分区数: 3
[22:27:20]   - 社会: 2 条
[22:27:20]   - 热点: 2 条
[22:27:20]   - 社科·法律·心理: 1 条
[22:27:20] 追加到分区笔记...
[22:27:20]   社会: +2 条 → 社会.md
[22:27:20]   热点: +2 条 → 热点.md
[22:27:20]   社科·法律·心理: +1 条 → 社科·法律·心理.md
[22:27:20] 已记录到日志: 第 124 期 [success] → _processed.json
[22:27:20]   成功: 5 条 → 3 个分区 [success]
[22:27:21] [30/51] 第 125 期: 无伤反杀刘华强 (2021第125期 08.06 - 08.12)
[22:27:22] 分区数: 7
[22:27:22]   - 科学科普: 2 条
[22:27:22]   - 校园学习: 1 条
[22:27:22]   - 财经商业: 1 条
[22:27:22]   - 热点: 1 条
[22:27:22]   - 社科·法律·心理: 1 条
[22:27:22]   - 软件应用: 1 条
[22:27:22]   - 人文历史: 1 条
[22:27:22] 追加到分区笔记...
[22:27:22]   科学科普: +2 条 → 科学科普.md
[22:27:22]   校园学习: +1 条 → 校园学习.md
[22:27:22]   财经商业: +1 条 → 财经商业.md
[22:27:22]   热点: +1 条 → 热点.md
[22:27:22]   社科·法律·心理: +1 条 → 社科·法律·心理.md
[22:27:22]   软件应用: +1 条 → 软件应用.md
[22:27:22]   人文历史: +1 条 → 人文历史.md
[22:27:22] 已记录到日志: 第 125 期 [success] → _processed.json
[22:27:22]   成功: 8 条 → 7 个分区 [success]
[22:27:23] [31/51] 第 126 期: 黑神话：悟空 (2021第126期 08.13 - 08.19)
[22:27:24] 分区数: 4
[22:27:24]   - 科学科普: 1 条
[22:27:24]   - 社科·法律·心理: 2 条
[22:27:24]   - 人文历史: 1 条
[22:27:24]   - 数码: 3 条
[22:27:24] 追加到分区笔记...
[22:27:24]   科学科普: +1 条 → 科学科普.md
[22:27:24]   社科·法律·心理: +2 条 → 社科·法律·心理.md
[22:27:24]   人文历史: +1 条 → 人文历史.md
[22:27:24]   数码: +3 条 → 数码.md
[22:27:24] 已记录到日志: 第 126 期 [success] → _processed.json
[22:27:24]   成功: 7 条 → 4 个分区 [success]
[22:27:25] [32/51] 第 127 期: 我上电视啦！ (2021第127期 08.20 - 08.26)
[22:27:28] 分区数: 5
[22:27:28]   - 热点: 1 条
[22:27:28]   - 校园学习: 1 条
[22:27:28]   - 科学科普: 1 条
[22:27:28]   - 社科·法律·心理: 1 条
[22:27:28]   - 人文历史: 1 条
[22:27:28] 追加到分区笔记...
[22:27:28]   热点: +1 条 → 热点.md
[22:27:28]   校园学习: +1 条 → 校园学习.md
[22:27:28]   科学科普: +1 条 → 科学科普.md
[22:27:28]   社科·法律·心理: +1 条 → 社科·法律·心理.md
[22:27:28]   人文历史: +1 条 → 人文历史.md
[22:27:28] 已记录到日志: 第 127 期 [success] → _processed.json
[22:27:28]   成功: 5 条 → 5 个分区 [success]
[22:27:29] [33/51] 第 128 期: 周董点赞UP原创 (2021第128期 08.27 - 09.02)
[22:27:30] 分区数: 4
[22:27:30]   - 人文历史: 1 条
[22:27:30]   - 极客DIY: 1 条
[22:27:30]   - 热点: 1 条
[22:27:30]   - 社会: 1 条
[22:27:30] 追加到分区笔记...
[22:27:30]   人文历史: +1 条 → 人文历史.md
[22:27:30]   极客DIY: +1 条 → 极客DIY.md
[22:27:30]   热点: +1 条 → 热点.md
[22:27:30]   社会: +1 条 → 社会.md
[22:27:30] 已记录到日志: 第 128 期 [success] → _processed.json
[22:27:30]   成功: 4 条 → 4 个分区 [success]
[22:27:31] [34/51] 第 129 期: 魔性玩具 (2021第129期 09.03 - 09.09)
[22:27:31] 分区数: 5
[22:27:31]   - 极客DIY: 1 条
[22:27:31]   - 科学科普: 3 条
[22:27:31]   - 综合: 1 条
[22:27:31]   - 社科·法律·心理: 1 条
[22:27:31]   - 人文历史: 1 条
[22:27:31] 追加到分区笔记...
[22:27:31]   极客DIY: +1 条 → 极客DIY.md
[22:27:31]   科学科普: +3 条 → 科学科普.md
[22:27:31]   综合: +1 条 → 综合.md
[22:27:31]   社科·法律·心理: +1 条 → 社科·法律·心理.md
[22:27:31]   人文历史: +1 条 → 人文历史.md
[22:27:31] 已记录到日志: 第 129 期 [success] → _processed.json
[22:27:31]   成功: 7 条 → 5 个分区 [success]
[22:27:32] [35/51] 第 130 期: 最离谱随机挑战 (2021第130期 09.10 - 09.16)
[22:27:33] 分区数: 6
[22:27:33]   - 科学科普: 2 条
[22:27:33]   - 极客DIY: 1 条
[22:27:33]   - 财经商业: 1 条
[22:27:33]   - 人文历史: 3 条
[22:27:33]   - 数码: 1 条
[22:27:33]   - 软件应用: 2 条
[22:27:33] 追加到分区笔记...
[22:27:33]   科学科普: +2 条 → 科学科普.md
[22:27:33]   极客DIY: +1 条 → 极客DIY.md
[22:27:33]   财经商业: +1 条 → 财经商业.md
[22:27:33]   人文历史: +3 条 → 人文历史.md
[22:27:33]   数码: +1 条 → 数码.md
[22:27:33]   软件应用: +2 条 → 软件应用.md
[22:27:33] 已记录到日志: 第 130 期 [success] → _processed.json
[22:27:33]   成功: 10 条 → 6 个分区 [success]
[22:27:34] [36/51] 第 131 期: 大唐Gang 2.0 (2021第131期 09.17 - 09.23)
[22:27:36] 分区数: 6
[22:27:36]   - 社会: 1 条
[22:27:36]   - 数码: 2 条
[22:27:36]   - 软件应用: 1 条
[22:27:36]   - 野生技能协会: 1 条
[22:27:36]   - 人文历史: 1 条
[22:27:36]   - 科学科普: 1 条
[22:27:36] 追加到分区笔记...
[22:27:36]   社会: +1 条 → 社会.md
[22:27:36]   数码: +2 条 → 数码.md
[22:27:36]   软件应用: +1 条 → 软件应用.md
[22:27:36]   野生技能协会: +1 条 → 野生技能协会.md
[22:27:36]   人文历史: +1 条 → 人文历史.md
[22:27:36]   科学科普: +1 条 → 科学科普.md
[22:27:36] 已记录到日志: 第 131 期 [success] → _processed.json
[22:27:36]   成功: 7 条 → 6 个分区 [success]
[22:27:37] [37/51] 第 132 期: 英雄联盟S11 (2021第132期 09.24 - 09.30)
[22:27:38] 分区数: 5
[22:27:38]   - 人文历史: 2 条
[22:27:38]   - 社会: 1 条
[22:27:38]   - 科学科普: 3 条
[22:27:38]   - 极客DIY: 1 条
[22:27:38]   - 热点: 1 条
[22:27:38] 追加到分区笔记...
[22:27:38]   人文历史: +2 条 → 人文历史.md
[22:27:38]   社会: +1 条 → 社会.md
[22:27:38]   科学科普: +3 条 → 科学科普.md
[22:27:38]   极客DIY: +1 条 → 极客DIY.md
[22:27:38]   热点: +1 条 → 热点.md
[22:27:38] 已记录到日志: 第 132 期 [success] → _processed.json
[22:27:38]   成功: 8 条 → 5 个分区 [success]
[22:27:39] [38/51] 第 133 期: 最骚杀手番外篇 (2021第133期 10.01 - 10.07)
[22:27:39] 分区数: 8
[22:27:39]   - 数码: 1 条
[22:27:39]   - 野生技能协会: 1 条
[22:27:39]   - 财经商业: 1 条
[22:27:39]   - 社科·法律·心理: 2 条
[22:27:39]   - 社会: 1 条
[22:27:39]   - 热点: 1 条
[22:27:39]   - 极客DIY: 1 条
[22:27:39]   - 校园学习: 1 条
[22:27:39] 追加到分区笔记...
[22:27:40]   数码: +1 条 → 数码.md
[22:27:40]   野生技能协会: +1 条 → 野生技能协会.md
[22:27:40]   财经商业: +1 条 → 财经商业.md
[22:27:40]   社科·法律·心理: +2 条 → 社科·法律·心理.md
[22:27:40]   社会: +1 条 → 社会.md
[22:27:40]   热点: +1 条 → 热点.md
[22:27:40]   极客DIY: +1 条 → 极客DIY.md
[22:27:40]   校园学习: +1 条 → 校园学习.md
[22:27:40] 已记录到日志: 第 133 期 [success] → _processed.json
[22:27:40]   成功: 9 条 → 8 个分区 [success]
[22:27:41] [39/51] 第 134 期: 迪迦童年珍贵影像 (2021第134期 10.08 - 10.14)
[22:27:41] 分区数: 5
[22:27:41]   - 极客DIY: 1 条
[22:27:41]   - 社会: 1 条
[22:27:41]   - 人文历史: 2 条
[22:27:41]   - 科学科普: 2 条
[22:27:41]   - 社科·法律·心理: 1 条
[22:27:41] 追加到分区笔记...
[22:27:41]   极客DIY: +1 条 → 极客DIY.md
[22:27:41]   社会: +1 条 → 社会.md
[22:27:41]   人文历史: +2 条 → 人文历史.md
[22:27:41]   科学科普: +2 条 → 科学科普.md
[22:27:41]   社科·法律·心理: +1 条 → 社科·法律·心理.md
[22:27:41] 已记录到日志: 第 134 期 [success] → _processed.json
[22:27:41]   成功: 7 条 → 5 个分区 [success]
[22:27:42] [40/51] 第 135 期: 何同学求量产！ (2021第135期 10.15 - 10.21)
[22:27:43] 分区数: 6
[22:27:43]   - 极客DIY: 2 条
[22:27:43]   - 科学科普: 1 条
[22:27:43]   - 财经商业: 1 条
[22:27:43]   - 人文历史: 1 条
[22:27:43]   - 数码: 1 条
[22:27:43]   - 软件应用: 1 条
[22:27:43] 追加到分区笔记...
[22:27:43]   极客DIY: +2 条 → 极客DIY.md
[22:27:43]   科学科普: +1 条 → 科学科普.md
[22:27:43]   财经商业: +1 条 → 财经商业.md
[22:27:43]   人文历史: +1 条 → 人文历史.md
[22:27:43]   数码: +1 条 → 数码.md
[22:27:43]   软件应用: +1 条 → 软件应用.md
[22:27:43] 已记录到日志: 第 135 期 [success] → _processed.json
[22:27:43]   成功: 7 条 → 6 个分区 [success]
[22:27:44] [41/51] 第 136 期: 鱿鱼游戏冠军团队 (2021第136期 10.22 - 10.28)
[22:27:45] 分区数: 5
[22:27:45]   - 软件应用: 3 条
[22:27:45]   - 数码: 1 条
[22:27:45]   - 野生技能协会: 1 条
[22:27:45]   - 科学科普: 1 条
[22:27:45]   - 极客DIY: 1 条
[22:27:45] 追加到分区笔记...
[22:27:45]   软件应用: +3 条 → 软件应用.md
[22:27:45]   数码: +1 条 → 数码.md
[22:27:45]   野生技能协会: +1 条 → 野生技能协会.md
[22:27:45]   科学科普: +1 条 → 科学科普.md
[22:27:45]   极客DIY: +1 条 → 极客DIY.md
[22:27:45] 已记录到日志: 第 136 期 [success] → _processed.json
[22:27:45]   成功: 7 条 → 5 个分区 [success]
[22:27:46] [42/51] 第 137 期: 国王排名 (2021第137期 10.29 - 11.04)
[22:27:47] 分区数: 4
[22:27:47]   - 科学科普: 1 条
[22:27:47]   - 数码: 1 条
[22:27:47]   - 人文历史: 2 条
[22:27:47]   - 设计·创意: 1 条
[22:27:47] 追加到分区笔记...
[22:27:47]   科学科普: +1 条 → 科学科普.md
[22:27:47]   数码: +1 条 → 数码.md
[22:27:47]   人文历史: +2 条 → 人文历史.md
[22:27:47]   设计·创意: +1 条 → 设计·创意.md
[22:27:47] 已记录到日志: 第 137 期 [success] → _processed.json
[22:27:47]   成功: 5 条 → 4 个分区 [success]
[22:27:48] [43/51] 第 138 期: 老番茄家蹭饭成功 (2021第138期 11.05 - 11.11)
[22:27:48] 分区数: 5
[22:27:48]   - 科学科普: 1 条
[22:27:48]   - 极客DIY: 1 条
[22:27:48]   - 野生技能协会: 1 条
[22:27:48]   - 人文历史: 1 条
[22:27:48]   - 社会: 1 条
[22:27:48] 追加到分区笔记...
[22:27:48]   科学科普: +1 条 → 科学科普.md
[22:27:48]   极客DIY: +1 条 → 极客DIY.md
[22:27:48]   野生技能协会: +1 条 → 野生技能协会.md
[22:27:49]   人文历史: +1 条 → 人文历史.md
[22:27:49]   社会: +1 条 → 社会.md
[22:27:49] 已记录到日志: 第 138 期 [success] → _processed.json
[22:27:49]   成功: 5 条 → 5 个分区 [success]
[22:27:50] [44/51] 第 139 期: 被市长请喝茶！ (2021第139期 11.12 - 11.18)
[22:27:50]   空数据, 跳过 [empty]
[22:27:50] [45/51] 第 140 期: 狂扁小朋友！ (2021第140期 11.19 - 11.25)
[22:27:51] 分区数: 1
[22:27:51]   - 校园学习: 1 条
[22:27:51] 追加到分区笔记...
[22:27:51]   校园学习: +1 条 → 校园学习.md
[22:27:51] 已记录到日志: 第 140 期 [success] → _processed.json
[22:27:51]   成功: 1 条 → 1 个分区 [success]
[22:27:52] [46/51] 第 141 期: 使命必达先生们 (2021第141期 11.26 - 12.02)
[22:27:53] 分区数: 6
[22:27:53]   - 科学科普: 2 条
[22:27:53]   - 计算机技术: 1 条
[22:27:53]   - 社科·法律·心理: 1 条
[22:27:53]   - 野生技能协会: 1 条
[22:27:53]   - 软件应用: 1 条
[22:27:53]   - 极客DIY: 1 条
[22:27:53] 追加到分区笔记...
[22:27:53]   科学科普: +2 条 → 科学科普.md
[22:27:53]   计算机技术: +1 条 → 计算机技术.md
[22:27:53]   社科·法律·心理: +1 条 → 社科·法律·心理.md
[22:27:53]   野生技能协会: +1 条 → 野生技能协会.md
[22:27:53]   软件应用: +1 条 → 软件应用.md
[22:27:53]   极客DIY: +1 条 → 极客DIY.md
[22:27:53] 已记录到日志: 第 141 期 [success] → _processed.json
[22:27:53]   成功: 7 条 → 6 个分区 [success]
[22:27:54] [47/51] 第 142 期: "上司葬礼" (2021第142期 12.03 - 12.09)
[22:27:55] 分区数: 7
[22:27:55]   - 数码: 2 条
[22:27:55]   - 计算机技术: 1 条
[22:27:55]   - 社会: 1 条
[22:27:55]   - 科学科普: 1 条
[22:27:55]   - 综合: 1 条
[22:27:55]   - 热点: 1 条
[22:27:55]   - 社科·法律·心理: 1 条
[22:27:55] 追加到分区笔记...
[22:27:55]   数码: +2 条 → 数码.md
[22:27:55]   计算机技术: +1 条 → 计算机技术.md
[22:27:55]   社会: +1 条 → 社会.md
[22:27:55]   科学科普: +1 条 → 科学科普.md
[22:27:55]   综合: +1 条 → 综合.md
[22:27:55]   热点: +1 条 → 热点.md
[22:27:55]   社科·法律·心理: +1 条 → 社科·法律·心理.md
[22:27:55] 已记录到日志: 第 142 期 [success] → _processed.json
[22:27:55]   成功: 8 条 → 7 个分区 [success]
[22:27:56] [48/51] 第 143 期: 内卷之王 (2021第143期 12.10 - 12.16)
[22:27:56] 分区数: 5
[22:27:56]   - 热点: 1 条
[22:27:56]   - 人文历史: 1 条
[22:27:56]   - 科学科普: 1 条
[22:27:56]   - 财经商业: 1 条
[22:27:56]   - 社科·法律·心理: 1 条
[22:27:56] 追加到分区笔记...
[22:27:56]   热点: +1 条 → 热点.md
[22:27:56]   人文历史: +1 条 → 人文历史.md
[22:27:56]   科学科普: +1 条 → 科学科普.md
[22:27:56]   财经商业: +1 条 → 财经商业.md
[22:27:56]   社科·法律·心理: +1 条 → 社科·法律·心理.md
[22:27:57] 已记录到日志: 第 143 期 [success] → _processed.json
[22:27:57]   成功: 5 条 → 5 个分区 [success]
[22:27:58] [49/51] 第 144 期: 淘宝丑东西大赏 (2021第144期 12.17 - 12.23)
[22:27:58] 分区数: 5
[22:27:58]   - 设计·创意: 1 条
[22:27:58]   - 热点: 3 条
[22:27:58]   - 人文历史: 2 条
[22:27:58]   - 数码: 1 条
[22:27:58]   - 社科·法律·心理: 1 条
[22:27:58] 追加到分区笔记...
[22:27:58]   设计·创意: +1 条 → 设计·创意.md
[22:27:58]   热点: +3 条 → 热点.md
[22:27:58]   人文历史: +2 条 → 人文历史.md
[22:27:58]   数码: +1 条 → 数码.md
[22:27:58]   社科·法律·心理: +1 条 → 社科·法律·心理.md
[22:27:58] 已记录到日志: 第 144 期 [success] → _processed.json
[22:27:58]   成功: 8 条 → 5 个分区 [success]
[22:27:59] [50/51] 第 145 期: 谁没个明星朋友 (2021第145期 12.24 - 12.30)
[22:28:00] 分区数: 9
[22:28:00]   - 极客DIY: 1 条
[22:28:00]   - 人文历史: 2 条
[22:28:00]   - 社会: 2 条
[22:28:00]   - 科学科普: 2 条
[22:28:00]   - 综合: 1 条
[22:28:00]   - 财经商业: 1 条
[22:28:00]   - 数码: 1 条
[22:28:00]   - 软件应用: 2 条
[22:28:00]   - 社科·法律·心理: 1 条
[22:28:00] 追加到分区笔记...
[22:28:00]   极客DIY: +1 条 → 极客DIY.md
[22:28:00]   人文历史: +2 条 → 人文历史.md
[22:28:00]   社会: +2 条 → 社会.md
[22:28:00]   科学科普: +2 条 → 科学科普.md
[22:28:00]   综合: +1 条 → 综合.md
[22:28:00]   财经商业: +1 条 → 财经商业.md
[22:28:00]   数码: +1 条 → 数码.md
[22:28:00]   软件应用: +2 条 → 软件应用.md
[22:28:00]   社科·法律·心理: +1 条 → 社科·法律·心理.md
[22:28:00] 已记录到日志: 第 145 期 [success] → _processed.json
[22:28:00]   成功: 13 条 → 9 个分区 [success]
[22:28:01] [51/51] 第 146 期: 特效年度之战 (2021第146期 12.31 - 01.06)
[22:28:02] 分区数: 3
[22:28:02]   - 人文历史: 2 条
[22:28:02]   - 数码: 2 条
[22:28:02]   - 科学科普: 1 条
[22:28:02] 追加到分区笔记...
[22:28:02]   人文历史: +2 条 → 人文历史.md
[22:28:02]   数码: +2 条 → 数码.md
[22:28:02]   科学科普: +1 条 → 科学科普.md
[22:28:02] 已记录到日志: 第 146 期 [success] → _processed.json
[22:28:02]   成功: 5 条 → 3 个分区 [success]
[22:28:02] ------------------------------------------------------------
[22:28:02] 批量完成: 成功 50, 空数据 1, 错误 0
[22:28:02] 总耗时: 105 秒 (1.7 分钟)
