[21:26:09] ============================================================
[21:26:09] B站每周必看 按分区追加笔记 启动
[21:26:09] 输出目录: d:\obsidian\demo\05_long_project\B站\每周必看\分区
[21:26:09] 处理日志: d:\obsidian\demo\05_long_project\B站\每周必看\分区\_processed.json
[21:26:09] 已处理: 113 期 (成功 113, 空数据 0, 错误 0) 最新: 第 385 期
[21:26:09] ============================================================
[21:26:09] 参数: number=298
[21:26:09] 获取期数信息...
[21:26:10] 期数名称: 2024第298期 11.29 - 12.05
[21:26:10] 调用 bilibili weekly (COOKIE 策略, 约 8-15 秒)...
[21:26:10] 获取到 7 条视频
[21:26:10] ------------------------------------------------------------
[21:26:10] 分区数: 5
[21:26:10]   - 综合: 1 条
[21:26:10]   - 人文历史: 1 条
[21:26:10]   - 极客DIY: 1 条
[21:26:10]   - 社科·法律·心理: 2 条
[21:26:10]   - 科学科普: 2 条
[21:26:10] 追加到分区笔记...
[21:26:10]   综合: +1 条 → 综合.md
[21:26:10]   人文历史: +1 条 → 人文历史.md
[21:26:10]   极客DIY: +1 条 → 极客DIY.md
[21:26:10]   社科·法律·心理: +2 条 → 社科·法律·心理.md
[21:26:10]   科学科普: +2 条 → 科学科普.md
[21:26:10] 已记录到日志: 第 298 期 [success] → _processed.json
[21:26:10] ------------------------------------------------------------
[21:26:10] 完成: 共 5 个分区, 7 条视频
