[20:24:29] ============================================================
[20:24:29] B站每周必看 批量采集 启动
[20:24:29] ============================================================
[20:24:29] 参数: year=2026, limit=3
[20:24:29] 调用 series/list API 获取期数列表...
[20:24:29] 共 384 期
[20:24:29] 2026 年共 31 期, 限制为最新 3 期
[20:24:29] 待生成: 3 期 (第 383-385 期)
[20:24:29] 输出目录: d:\obsidian\demo\05_long_project\B站\每周必看
[20:24:29] 预计耗时: 每期约 8-15 秒 (COOKIE 策略)
[20:24:29] ------------------------------------------------------------
[20:24:29] [1/3] 第 383 期: 订书钉演奏千本樱 (2026第383期 07.17 - 07.23)
[20:24:38]   成功: 7 条, 已保存 weekly_383_20260812.md
[20:24:39] [2/3] 第 384 期: FGO十周年快乐 (2026第384期 07.24 - 07.30)
[20:24:39]   成功: 7 条, 已保存 weekly_384_20260812.md
[20:24:40] [3/3] 第 385 期: 宗主连携技 (2026第385期 07.31 - 08.06)
[20:24:41]   成功: 5 条, 已保存 weekly_385_20260812.md
[20:24:41] ------------------------------------------------------------
[20:24:41] 批量完成: 成功 3/3, 失败 0
[20:24:41] 总耗时: 12 秒 (0.2 分钟)
