[21:28:51] ============================================================
[21:28:51] B站每周必看 批量采集 启动
[21:28:51] ============================================================
[21:28:51] 参数: year=2025, limit=全部
[21:28:51] 已处理: 115 期 (成功 115, 空 0, 错误 0)
[21:28:51] 调用 series/list API 获取期数列表...
[21:28:51] 共 384 期
[21:28:51] 跳过已成功期数: 33 期
[21:28:51] 待生成: 19 期 (第 331-349 期)
[21:28:51] 输出目录: d:\obsidian\demo\05_long_project\B站\每周必看
[21:28:51] 预计耗时: 每期约 8-15 秒 (COOKIE 策略)
[21:28:51] ------------------------------------------------------------
[21:28:51] [1/19] 第 331 期: 一拳超人的诞生 (2025第331期 07.18 - 07.24)
[21:28:55] 分区数: 5
[21:28:55]   - 人文历史: 2 条
[21:28:55]   - 社科·法律·心理: 2 条
[21:28:55]   - 财经商业: 1 条
[21:28:55]   - 科学科普: 1 条
[21:28:55]   - 野生技能协会: 1 条
[21:28:55] 追加到分区笔记...
[21:28:55]   人文历史: +2 条 → 人文历史.md
[21:28:55]   社科·法律·心理: +2 条 → 社科·法律·心理.md
[21:28:55]   财经商业: +1 条 → 财经商业.md
[21:28:55]   科学科普: +1 条 → 科学科普.md
[21:28:55]   野生技能协会: +1 条 → 野生技能协会.md
[21:28:55] 已记录到日志: 第 331 期 [success] → _processed.json
[21:28:55]   成功: 7 条 → 5 个分区 [success]
[21:28:56] [2/19] 第 332 期: 游弋在风暴之中 (2025第332期 07.25 - 07.31)
[21:28:56] 分区数: 4
[21:28:56]   - 数码: 2 条
[21:28:56]   - 科学科普: 2 条
[21:28:56]   - 人文历史: 3 条
[21:28:56]   - 财经商业: 1 条
[21:28:56] 追加到分区笔记...
[21:28:56]   数码: +2 条 → 数码.md
[21:28:56]   科学科普: +2 条 → 科学科普.md
[21:28:56]   人文历史: +3 条 → 人文历史.md
[21:28:56]   财经商业: +1 条 → 财经商业.md
[21:28:56] 已记录到日志: 第 332 期 [success] → _processed.json
[21:28:56]   成功: 8 条 → 4 个分区 [success]
[21:28:58] [3/19] 第 333 期: Q版你的名字 (2025第333期 08.01 - 08.07)
[21:28:58] 分区数: 5
[21:28:58]   - 野生技能协会: 1 条
[21:28:58]   - 人文历史: 2 条
[21:28:58]   - 极客DIY: 1 条
[21:28:58]   - 社科·法律·心理: 1 条
[21:28:58]   - 科学科普: 1 条
[21:28:58] 追加到分区笔记...
[21:28:58]   野生技能协会: +1 条 → 野生技能协会.md
[21:28:58]   人文历史: +2 条 → 人文历史.md
[21:28:58]   极客DIY: +1 条 → 极客DIY.md
[21:28:58]   社科·法律·心理: +1 条 → 社科·法律·心理.md
[21:28:58]   科学科普: +1 条 → 科学科普.md
[21:28:58] 已记录到日志: 第 333 期 [success] → _processed.json
[21:28:58]   成功: 6 条 → 5 个分区 [success]
[21:28:59] [4/19] 第 334 期: 神民的名义 (2025第334期 08.08 - 08.14)
[21:29:00] 分区数: 6
[21:29:00]   - 人文历史: 2 条
[21:29:00]   - 财经商业: 1 条
[21:29:00]   - 社科·法律·心理: 1 条
[21:29:00]   - 科学科普: 2 条
[21:29:00]   - 数码: 2 条
[21:29:00]   - 设计·创意: 1 条
[21:29:00] 追加到分区笔记...
[21:29:00]   人文历史: +2 条 → 人文历史.md
[21:29:00]   财经商业: +1 条 → 财经商业.md
[21:29:00]   社科·法律·心理: +1 条 → 社科·法律·心理.md
[21:29:00]   科学科普: +2 条 → 科学科普.md
[21:29:00]   数码: +2 条 → 数码.md
[21:29:00]   设计·创意: +1 条 → 设计·创意.md
[21:29:00] 已记录到日志: 第 334 期 [success] → _processed.json
[21:29:00]   成功: 9 条 → 6 个分区 [success]
[21:29:01] [5/19] 第 335 期: 黑神话系列再出新作 (2025第335期 08.15 - 08.21)
[21:29:01] 分区数: 4
[21:29:01]   - 科学科普: 1 条
[21:29:01]   - 数码: 1 条
[21:29:01]   - 社科·法律·心理: 1 条
[21:29:01]   - 财经商业: 1 条
[21:29:01] 追加到分区笔记...
[21:29:01]   科学科普: +1 条 → 科学科普.md
[21:29:01]   数码: +1 条 → 数码.md
[21:29:02]   社科·法律·心理: +1 条 → 社科·法律·心理.md
[21:29:02]   财经商业: +1 条 → 财经商业.md
[21:29:02] 已记录到日志: 第 335 期 [success] → _processed.json
[21:29:02]   成功: 4 条 → 4 个分区 [success]
[21:29:03] [6/19] 第 336 期: 下一个是谁下一季再见 (2025第336期 08.22 - 08.28)
[21:29:03] 分区数: 4
[21:29:03]   - 社科·法律·心理: 3 条
[21:29:03]   - 人文历史: 1 条
[21:29:03]   - 数码: 3 条
[21:29:03]   - 极客DIY: 1 条
[21:29:03] 追加到分区笔记...
[21:29:03]   社科·法律·心理: +3 条 → 社科·法律·心理.md
[21:29:03]   人文历史: +1 条 → 人文历史.md
[21:29:03]   数码: +3 条 → 数码.md
[21:29:03]   极客DIY: +1 条 → 极客DIY.md
[21:29:03] 已记录到日志: 第 336 期 [success] → _processed.json
[21:29:03]   成功: 8 条 → 4 个分区 [success]
[21:29:04] [7/19] 第 337 期: 阅兵完整视频 (2025第337期 08.29 - 09.04)
[21:29:05] 分区数: 6
[21:29:05]   - 人文历史: 2 条
[21:29:05]   - 科工机械: 1 条
[21:29:05]   - 财经商业: 1 条
[21:29:05]   - 数码: 2 条
[21:29:05]   - 社科·法律·心理: 1 条
[21:29:05]   - 科学科普: 2 条
[21:29:05] 追加到分区笔记...
[21:29:05]   人文历史: +2 条 → 人文历史.md
[21:29:05]   科工机械: +1 条 → 科工机械.md
[21:29:05]   财经商业: +1 条 → 财经商业.md
[21:29:05]   数码: +2 条 → 数码.md
[21:29:05]   社科·法律·心理: +1 条 → 社科·法律·心理.md
[21:29:05]   科学科普: +2 条 → 科学科普.md
[21:29:05] 已记录到日志: 第 337 期 [success] → _processed.json
[21:29:05]   成功: 9 条 → 6 个分区 [success]
[21:29:06] [8/19] 第 338 期: 探索宇宙与李庄白肉 (2025第338期 09.05 - 09.11)
[21:29:06] 分区数: 3
[21:29:06]   - 人文历史: 2 条
[21:29:06]   - 社科·法律·心理: 4 条
[21:29:07]   - 数码: 1 条
[21:29:07] 追加到分区笔记...
[21:29:07]   人文历史: +2 条 → 人文历史.md
[21:29:07]   社科·法律·心理: +4 条 → 社科·法律·心理.md
[21:29:07]   数码: +1 条 → 数码.md
[21:29:07] 已记录到日志: 第 338 期 [success] → _processed.json
[21:29:07]   成功: 7 条 → 3 个分区 [success]
[21:29:08] [9/19] 第 339 期: 壮志凌云科目三 (2025第339期 09.12 - 09.18)
[21:29:08] 分区数: 5
[21:29:08]   - 数码: 4 条
[21:29:08]   - 社科·法律·心理: 1 条
[21:29:08]   - 人文历史: 1 条
[21:29:08]   - 野生技能协会: 1 条
[21:29:08]   - 财经商业: 1 条
[21:29:08] 追加到分区笔记...
[21:29:08]   数码: +4 条 → 数码.md
[21:29:08]   社科·法律·心理: +1 条 → 社科·法律·心理.md
[21:29:08]   人文历史: +1 条 → 人文历史.md
[21:29:08]   野生技能协会: +1 条 → 野生技能协会.md
[21:29:08]   财经商业: +1 条 → 财经商业.md
[21:29:08] 已记录到日志: 第 339 期 [success] → _processed.json
[21:29:08]   成功: 8 条 → 5 个分区 [success]
[21:29:09] [10/19] 第 340 期: 请回答1995 (2025第340期 09.19 - 09.25)
[21:29:10] 分区数: 3
[21:29:10]   - 科学科普: 1 条
[21:29:10]   - 人文历史: 4 条
[21:29:10]   - 数码: 2 条
[21:29:10] 追加到分区笔记...
[21:29:10]   科学科普: +1 条 → 科学科普.md
[21:29:10]   人文历史: +4 条 → 人文历史.md
[21:29:10]   数码: +2 条 → 数码.md
[21:29:10] 已记录到日志: 第 340 期 [success] → _processed.json
[21:29:10]   成功: 7 条 → 3 个分区 [success]
[21:29:11] [11/19] 第 341 期: 探秘世界第一高桥 (2025第341期 09.26 - 10.02)
[21:29:12] 分区数: 5
[21:29:12]   - 科学科普: 3 条
[21:29:12]   - 极客DIY: 1 条
[21:29:12]   - 人文历史: 1 条
[21:29:12]   - 数码: 1 条
[21:29:12]   - 社科·法律·心理: 1 条
[21:29:12] 追加到分区笔记...
[21:29:12]   科学科普: +3 条 → 科学科普.md
[21:29:12]   极客DIY: +1 条 → 极客DIY.md
[21:29:12]   人文历史: +1 条 → 人文历史.md
[21:29:12]   数码: +1 条 → 数码.md
[21:29:12]   社科·法律·心理: +1 条 → 社科·法律·心理.md
[21:29:12] 已记录到日志: 第 341 期 [success] → _processed.json
[21:29:12]   成功: 7 条 → 5 个分区 [success]
[21:29:13] [12/19] 第 342 期: 未必船长的冒险故事 (2025第342期 10.03 - 10.09)
[21:29:13] 分区数: 4
[21:29:13]   - 数码: 1 条
[21:29:13]   - 科学科普: 2 条
[21:29:13]   - 科工机械: 1 条
[21:29:13]   - 人文历史: 2 条
[21:29:13] 追加到分区笔记...
[21:29:13]   数码: +1 条 → 数码.md
[21:29:13]   科学科普: +2 条 → 科学科普.md
[21:29:13]   科工机械: +1 条 → 科工机械.md
[21:29:13]   人文历史: +2 条 → 人文历史.md
[21:29:13] 已记录到日志: 第 342 期 [success] → _processed.json
[21:29:13]   成功: 6 条 → 4 个分区 [success]
[21:29:14] [13/19] 第 343 期: 我在新疆修地标 (2025第343期 10.10 - 10.16)
[21:29:15] 分区数: 6
[21:29:15]   - 科学科普: 1 条
[21:29:15]   - 人文历史: 2 条
[21:29:15]   - 极客DIY: 1 条
[21:29:15]   - 财经商业: 2 条
[21:29:15]   - 社科·法律·心理: 1 条
[21:29:15]   - 数码: 1 条
[21:29:15] 追加到分区笔记...
[21:29:15]   科学科普: +1 条 → 科学科普.md
[21:29:15]   人文历史: +2 条 → 人文历史.md
[21:29:15]   极客DIY: +1 条 → 极客DIY.md
[21:29:15]   财经商业: +2 条 → 财经商业.md
[21:29:15]   社科·法律·心理: +1 条 → 社科·法律·心理.md
[21:29:15]   数码: +1 条 → 数码.md
[21:29:15] 已记录到日志: 第 343 期 [success] → _processed.json
[21:29:15]   成功: 8 条 → 6 个分区 [success]
[21:29:16] [14/19] 第 344 期: 在看番的时候又唱又跳 (2025第344期 10.17 - 10.23)
[21:29:17] 分区数: 4
[21:29:17]   - 数码: 2 条
[21:29:17]   - 科学科普: 1 条
[21:29:17]   - 人文历史: 3 条
[21:29:17]   - 财经商业: 1 条
[21:29:17] 追加到分区笔记...
[21:29:17]   数码: +2 条 → 数码.md
[21:29:17]   科学科普: +1 条 → 科学科普.md
[21:29:17]   人文历史: +3 条 → 人文历史.md
[21:29:17]   财经商业: +1 条 → 财经商业.md
[21:29:17] 已记录到日志: 第 344 期 [success] → _processed.json
[21:29:17]   成功: 7 条 → 4 个分区 [success]
[21:29:18] [15/19] 第 345 期: 智逗巅峰 (2025第345期 10.24 - 10.30)
[21:29:18] 分区数: 6
[21:29:18]   - 数码: 2 条
[21:29:18]   - 人文历史: 2 条
[21:29:18]   - 社科·法律·心理: 1 条
[21:29:18]   - 财经商业: 1 条
[21:29:18]   - 设计·创意: 1 条
[21:29:18]   - 科工机械: 1 条
[21:29:18] 追加到分区笔记...
[21:29:18]   数码: +2 条 → 数码.md
[21:29:18]   人文历史: +2 条 → 人文历史.md
[21:29:18]   社科·法律·心理: +1 条 → 社科·法律·心理.md
[21:29:18]   财经商业: +1 条 → 财经商业.md
[21:29:18]   设计·创意: +1 条 → 设计·创意.md
[21:29:18]   科工机械: +1 条 → 科工机械.md
[21:29:18] 已记录到日志: 第 345 期 [success] → _processed.json
[21:29:18]   成功: 8 条 → 6 个分区 [success]
[21:29:19] [16/19] 第 346 期: 再见翁法罗斯 (2025第346期 10.31 - 11.06)
[21:29:20] 分区数: 5
[21:29:20]   - 人文历史: 1 条
[21:29:20]   - 科工机械: 1 条
[21:29:20]   - 科学科普: 1 条
[21:29:20]   - 数码: 2 条
[21:29:20]   - 社科·法律·心理: 1 条
[21:29:20] 追加到分区笔记...
[21:29:20]   人文历史: +1 条 → 人文历史.md
[21:29:20]   科工机械: +1 条 → 科工机械.md
[21:29:20]   科学科普: +1 条 → 科学科普.md
[21:29:20]   数码: +2 条 → 数码.md
[21:29:20]   社科·法律·心理: +1 条 → 社科·法律·心理.md
[21:29:20] 已记录到日志: 第 346 期 [success] → _processed.json
[21:29:20]   成功: 6 条 → 5 个分区 [success]
[21:29:21] [17/19] 第 347 期: 鬼畜明星大团建 (2025第347期 11.07 - 11.13)
[21:29:21] 分区数: 5
[21:29:21]   - 人文历史: 2 条
[21:29:21]   - 财经商业: 1 条
[21:29:21]   - 数码: 2 条
[21:29:21]   - 科学科普: 2 条
[21:29:21]   - 社科·法律·心理: 1 条
[21:29:21] 追加到分区笔记...
[21:29:21]   人文历史: +2 条 → 人文历史.md
[21:29:21]   财经商业: +1 条 → 财经商业.md
[21:29:21]   数码: +2 条 → 数码.md
[21:29:21]   科学科普: +2 条 → 科学科普.md
[21:29:21]   社科·法律·心理: +1 条 → 社科·法律·心理.md
[21:29:21] 已记录到日志: 第 347 期 [success] → _processed.json
[21:29:21]   成功: 8 条 → 5 个分区 [success]
[21:29:22] [18/19] 第 348 期: 走进S15总决赛后台 (2025第348期 11.14 - 11.20)
[21:29:23] 分区数: 7
[21:29:23]   - 人文历史: 3 条
[21:29:23]   - 科学科普: 1 条
[21:29:23]   - 社科·法律·心理: 1 条
[21:29:23]   - 软件应用: 1 条
[21:29:23]   - 财经商业: 1 条
[21:29:23]   - 数码: 1 条
[21:29:23]   - 极客DIY: 1 条
[21:29:23] 追加到分区笔记...
[21:29:23]   人文历史: +3 条 → 人文历史.md
[21:29:23]   科学科普: +1 条 → 科学科普.md
[21:29:23]   社科·法律·心理: +1 条 → 社科·法律·心理.md
[21:29:23]   软件应用: +1 条 → 软件应用.md
[21:29:23]   财经商业: +1 条 → 财经商业.md
[21:29:23]   数码: +1 条 → 数码.md
[21:29:23]   极客DIY: +1 条 → 极客DIY.md
[21:29:23] 已记录到日志: 第 348 期 [success] → _processed.json
[21:29:23]   成功: 9 条 → 7 个分区 [success]
[21:29:24] [19/19] 第 349 期: 文字游戏 (2025第349期 11.21 - 11.27)
[21:29:25] 分区数: 5
[21:29:25]   - 设计·创意: 1 条
[21:29:25]   - 科学科普: 1 条
[21:29:25]   - 社科·法律·心理: 1 条
[21:29:25]   - 数码: 1 条
[21:29:25]   - 财经商业: 1 条
[21:29:25] 追加到分区笔记...
[21:29:25]   设计·创意: +1 条 → 设计·创意.md
[21:29:25]   科学科普: +1 条 → 科学科普.md
[21:29:25]   社科·法律·心理: +1 条 → 社科·法律·心理.md
[21:29:25]   数码: +1 条 → 数码.md
[21:29:25]   财经商业: +1 条 → 财经商业.md
[21:29:25] 已记录到日志: 第 349 期 [success] → _processed.json
[21:29:25]   成功: 5 条 → 5 个分区 [success]
[21:29:25] ------------------------------------------------------------
[21:29:25] 批量完成: 成功 19, 空数据 0, 错误 0
[21:29:25] 总耗时: 34 秒 (0.6 分钟)
