[21:04:05] ============================================================
[21:04:05] B站每周必看 批量采集 启动
[21:04:05] ============================================================
[21:04:05] 参数: year=2026, limit=3
[21:04:05] 调用 series/list API 获取期数列表...
[21:04:06] 共 384 期
[21:04:06] 2026 年共 31 期, 限制为最新 3 期
[21:04:06] 待生成: 3 期 (第 383-385 期)
[21:04:06] 输出目录: d:\obsidian\demo\05_long_project\B站\每周必看
[21:04:06] 预计耗时: 每期约 8-15 秒 (COOKIE 策略)
[21:04:06] ------------------------------------------------------------
[21:04:06] [1/3] 第 383 期: 订书钉演奏千本樱 (2026第383期 07.17 - 07.23)
[21:04:12] 分区数: 3
[21:04:12]   - 数码: 2 条
[21:04:12]   - 人文历史: 3 条
[21:04:12]   - 科学科普: 2 条
[21:04:12] 追加到分区笔记...
[21:04:12]   数码: +2 条 → 数码.md
[21:04:12]   人文历史: +3 条 → 人文历史.md
[21:04:12]   科学科普: +2 条 → 科学科普.md
[21:04:12] 已记录到日志: 第 383 期 → _processed.json
[21:04:12]   成功: 7 条 → 3 个分区
[21:04:13] [2/3] 第 384 期: FGO十周年快乐 (2026第384期 07.24 - 07.30)
[21:04:14] 分区数: 6
[21:04:14]   - 科学科普: 1 条
[21:04:14]   - 人文历史: 1 条
[21:04:14]   - 计算机技术: 1 条
[21:04:14]   - 数码: 2 条
[21:04:14]   - 财经商业: 1 条
[21:04:14]   - 社科·法律·心理: 1 条
[21:04:14] 追加到分区笔记...
[21:04:14]   科学科普: +1 条 → 科学科普.md
[21:04:14]   人文历史: +1 条 → 人文历史.md
[21:04:14]   计算机技术: +1 条 → 计算机技术.md
[21:04:14]   数码: +2 条 → 数码.md
[21:04:14]   财经商业: +1 条 → 财经商业.md
[21:04:14]   社科·法律·心理: +1 条 → 社科·法律·心理.md
[21:04:14] 已记录到日志: 第 384 期 → _processed.json
[21:04:14]   成功: 7 条 → 6 个分区
[21:04:15] [3/3] 第 385 期: 宗主连携技 (2026第385期 07.31 - 08.06)
[21:04:16] 分区数: 4
[21:04:16]   - 人文历史: 2 条
[21:04:16]   - 财经商业: 1 条
[21:04:16]   - 数码: 1 条
[21:04:16]   - 科学科普: 1 条
[21:04:16] 追加到分区笔记...
[21:04:16]   人文历史: +2 条 → 人文历史.md
[21:04:16]   财经商业: +1 条 → 财经商业.md
[21:04:16]   数码: +1 条 → 数码.md
[21:04:16]   科学科普: +1 条 → 科学科普.md
[21:04:16] 已记录到日志: 第 385 期 → _processed.json
[21:04:16]   成功: 5 条 → 4 个分区
[21:04:16] ------------------------------------------------------------
[21:04:16] 批量完成: 成功 3/3, 失败 0
[21:04:16] 总耗时: 10 秒 (0.2 分钟)
