[21:11:53] ============================================================
[21:11:53] B站每周必看 批量采集 启动
[21:11:53] ============================================================
[21:11:53] 参数: year=2026, limit=全部
[21:11:53] 调用 series/list API 获取期数列表...
[21:11:54] 共 384 期
[21:11:54] 跳过已处理期数: 4 期 (扫描分区笔记检测到)
[21:11:54] 待生成: 27 期 (第 355-381 期)
[21:11:54] 输出目录: d:\obsidian\demo\05_long_project\B站\每周必看
[21:11:54] 预计耗时: 每期约 8-15 秒 (COOKIE 策略)
[21:11:54] ------------------------------------------------------------
[21:11:54] [1/27] 第 355 期: 高中宵禁模拟器 (2026第355期 01.02 - 01.08)
[21:11:57] 分区数: 6
[21:11:57]   - 科学科普: 1 条
[21:11:57]   - 数码: 1 条
[21:11:57]   - 人文历史: 2 条
[21:11:57]   - 社科·法律·心理: 2 条
[21:11:57]   - 校园学习: 1 条
[21:11:57]   - 极客DIY: 1 条
[21:11:57] 追加到分区笔记...
[21:11:57]   科学科普: +1 条 → 科学科普.md
[21:11:57]   数码: +1 条 → 数码.md
[21:11:57]   人文历史: +2 条 → 人文历史.md
[21:11:57]   社科·法律·心理: +2 条 → 社科·法律·心理.md
[21:11:57]   校园学习: +1 条 → 校园学习.md
[21:11:57]   极客DIY: +1 条 → 极客DIY.md
[21:11:57] 已记录到日志: 第 355 期 → _processed.json
[21:11:57]   成功: 8 条 → 6 个分区
[21:11:58] [2/27] 第 356 期: 丝滑武侠混剪 (2026第356期 01.09 - 01.15)
[21:11:59] 分区数: 4
[21:11:59]   - 人文历史: 3 条
[21:11:59]   - 社科·法律·心理: 1 条
[21:11:59]   - 科学科普: 1 条
[21:11:59]   - 数码: 1 条
[21:11:59] 追加到分区笔记...
[21:11:59]   人文历史: +3 条 → 人文历史.md
[21:11:59]   社科·法律·心理: +1 条 → 社科·法律·心理.md
[21:11:59]   科学科普: +1 条 → 科学科普.md
[21:11:59]   数码: +1 条 → 数码.md
[21:11:59] 已记录到日志: 第 356 期 → _processed.json
[21:11:59]   成功: 6 条 → 4 个分区
[21:12:00] [3/27] 第 357 期: 速览全国方言 (2026第357期 01.16 - 01.22)
[21:12:00] 分区数: 5
[21:12:00]   - 人文历史: 3 条
[21:12:00]   - 科学科普: 3 条
[21:12:00]   - 数码: 1 条
[21:12:00]   - 极客DIY: 1 条
[21:12:00]   - 社科·法律·心理: 1 条
[21:12:00] 追加到分区笔记...
[21:12:00]   人文历史: +3 条 → 人文历史.md
[21:12:00]   科学科普: +3 条 → 科学科普.md
[21:12:00]   数码: +1 条 → 数码.md
[21:12:00]   极客DIY: +1 条 → 极客DIY.md
[21:12:00]   社科·法律·心理: +1 条 → 社科·法律·心理.md
[21:12:00] 已记录到日志: 第 357 期 → _processed.json
[21:12:00]   成功: 9 条 → 5 个分区
[21:12:01] [4/27] 第 358 期: 瞬移剪辑姿势大全 (2026第358期 01.23 - 01.29)
[21:12:02] 分区数: 4
[21:12:02]   - 野生技能协会: 1 条
[21:12:02]   - 科学科普: 1 条
[21:12:02]   - 社科·法律·心理: 1 条
[21:12:02]   - 财经商业: 1 条
[21:12:02] 追加到分区笔记...
[21:12:02]   野生技能协会: +1 条 → 野生技能协会.md
[21:12:02]   科学科普: +1 条 → 科学科普.md
[21:12:02]   社科·法律·心理: +1 条 → 社科·法律·心理.md
[21:12:02]   财经商业: +1 条 → 财经商业.md
[21:12:02] 已记录到日志: 第 358 期 → _processed.json
[21:12:02]   成功: 4 条 → 4 个分区
[21:12:03] [5/27] 第 359 期: 砂糖橘馒头教程 (2026第359期 01.30 - 02.05)
[21:12:04] 分区数: 6
[21:12:04]   - 科学科普: 1 条
[21:12:04]   - 财经商业: 1 条
[21:12:04]   - 设计·创意: 1 条
[21:12:04]   - 人文历史: 2 条
[21:12:04]   - 社科·法律·心理: 1 条
[21:12:04]   - 数码: 1 条
[21:12:04] 追加到分区笔记...
[21:12:04]   科学科普: +1 条 → 科学科普.md
[21:12:04]   财经商业: +1 条 → 财经商业.md
[21:12:04]   设计·创意: +1 条 → 设计·创意.md
[21:12:04]   人文历史: +2 条 → 人文历史.md
[21:12:04]   社科·法律·心理: +1 条 → 社科·法律·心理.md
[21:12:04]   数码: +1 条 → 数码.md
[21:12:04] 已记录到日志: 第 359 期 → _processed.json
[21:12:04]   成功: 7 条 → 6 个分区
[21:12:05] [6/27] 第 360 期: AI春晚过大年 (2026第360期 02.06 - 02.12)
[21:12:05] 分区数: 7
[21:12:05]   - 软件应用: 1 条
[21:12:05]   - 极客DIY: 1 条
[21:12:05]   - 科学科普: 4 条
[21:12:05]   - 计算机技术: 1 条
[21:12:05]   - 数码: 1 条
[21:12:05]   - 人文历史: 2 条
[21:12:05]   - 社科·法律·心理: 1 条
[21:12:05] 追加到分区笔记...
[21:12:05]   软件应用: +1 条 → 软件应用.md
[21:12:05]   极客DIY: +1 条 → 极客DIY.md
[21:12:05]   科学科普: +4 条 → 科学科普.md
[21:12:05]   计算机技术: +1 条 → 计算机技术.md
[21:12:05]   数码: +1 条 → 数码.md
[21:12:05]   人文历史: +2 条 → 人文历史.md
[21:12:05]   社科·法律·心理: +1 条 → 社科·法律·心理.md
[21:12:05] 已记录到日志: 第 360 期 → _processed.json
[21:12:05]   成功: 11 条 → 7 个分区
[21:12:06] [7/27] 第 361 期: 2026拜年纪 (2026第361期 02.13 - 02.19)
[21:12:07] 分区数: 6
[21:12:07]   - 科学科普: 1 条
[21:12:07]   - 数码: 1 条
[21:12:07]   - 校园学习: 1 条
[21:12:07]   - 计算机技术: 1 条
[21:12:07]   - 财经商业: 1 条
[21:12:07]   - 社科·法律·心理: 1 条
[21:12:07] 追加到分区笔记...
[21:12:07]   科学科普: +1 条 → 科学科普.md
[21:12:07]   数码: +1 条 → 数码.md
[21:12:07]   校园学习: +1 条 → 校园学习.md
[21:12:07]   计算机技术: +1 条 → 计算机技术.md
[21:12:07]   财经商业: +1 条 → 财经商业.md
[21:12:07]   社科·法律·心理: +1 条 → 社科·法律·心理.md
[21:12:07] 已记录到日志: 第 361 期 → _processed.json
[21:12:07]   成功: 6 条 → 6 个分区
[21:12:08] [8/27] 第 362 期: 死侍穿越复活格温 (2026第362期 02.20 - 02.26)
[21:12:09] 分区数: 4
[21:12:09]   - 科学科普: 2 条
[21:12:09]   - 人文历史: 2 条
[21:12:09]   - 财经商业: 1 条
[21:12:09]   - 社科·法律·心理: 1 条
[21:12:09] 追加到分区笔记...
[21:12:09]   科学科普: +2 条 → 科学科普.md
[21:12:09]   人文历史: +2 条 → 人文历史.md
[21:12:09]   财经商业: +1 条 → 财经商业.md
[21:12:09]   社科·法律·心理: +1 条 → 社科·法律·心理.md
[21:12:09] 已记录到日志: 第 362 期 → _processed.json
[21:12:09]   成功: 6 条 → 4 个分区
[21:12:10] [9/27] 第 363 期: 下一个是谁第六季收官 (2026第363期 02.27 - 03.05)
[21:12:10] 分区数: 4
[21:12:10]   - 人文历史: 3 条
[21:12:10]   - 科学科普: 1 条
[21:12:10]   - 校园学习: 1 条
[21:12:10]   - 财经商业: 1 条
[21:12:10] 追加到分区笔记...
[21:12:10]   人文历史: +3 条 → 人文历史.md
[21:12:10]   科学科普: +1 条 → 科学科普.md
[21:12:10]   校园学习: +1 条 → 校园学习.md
[21:12:10]   财经商业: +1 条 → 财经商业.md
[21:12:10] 已记录到日志: 第 363 期 → _processed.json
[21:12:10]   成功: 6 条 → 4 个分区
[21:12:11] [10/27] 第 364 期: 神级AI纯爱电影 (2026第364期 03.06 - 03.12)
[21:12:12] 分区数: 4
[21:12:12]   - 数码: 3 条
[21:12:12]   - 财经商业: 1 条
[21:12:12]   - 社科·法律·心理: 1 条
[21:12:12]   - 人文历史: 1 条
[21:12:12] 追加到分区笔记...
[21:12:12]   数码: +3 条 → 数码.md
[21:12:12]   财经商业: +1 条 → 财经商业.md
[21:12:12]   社科·法律·心理: +1 条 → 社科·法律·心理.md
[21:12:12]   人文历史: +1 条 → 人文历史.md
[21:12:12] 已记录到日志: 第 364 期 → _processed.json
[21:12:12]   成功: 6 条 → 4 个分区
[21:12:13] [11/27] 第 365 期: 如果长大是场冒险 (2026第365期 03.13 - 03.19)
[21:12:14] 分区数: 7
[21:12:14]   - 数码: 2 条
[21:12:14]   - 野生技能协会: 1 条
[21:12:14]   - 校园学习: 2 条
[21:12:14]   - 人文历史: 1 条
[21:12:14]   - 社科·法律·心理: 1 条
[21:12:14]   - 设计·创意: 1 条
[21:12:14]   - 财经商业: 1 条
[21:12:14] 追加到分区笔记...
[21:12:14]   数码: +2 条 → 数码.md
[21:12:14]   野生技能协会: +1 条 → 野生技能协会.md
[21:12:14]   校园学习: +2 条 → 校园学习.md
[21:12:14]   人文历史: +1 条 → 人文历史.md
[21:12:14]   社科·法律·心理: +1 条 → 社科·法律·心理.md
[21:12:14]   设计·创意: +1 条 → 设计·创意.md
[21:12:14]   财经商业: +1 条 → 财经商业.md
[21:12:14] 已记录到日志: 第 365 期 → _processed.json
[21:12:14]   成功: 9 条 → 7 个分区
[21:12:15] [12/27] 第 366 期: 太阳之子 (2026第366期 03.20 - 03.26)
[21:12:15] 分区数: 5
[21:12:15]   - 数码: 1 条
[21:12:15]   - 人文历史: 2 条
[21:12:15]   - 社科·法律·心理: 1 条
[21:12:15]   - 财经商业: 2 条
[21:12:15]   - 科学科普: 1 条
[21:12:15] 追加到分区笔记...
[21:12:15]   数码: +1 条 → 数码.md
[21:12:15]   人文历史: +2 条 → 人文历史.md
[21:12:15]   社科·法律·心理: +1 条 → 社科·法律·心理.md
[21:12:15]   财经商业: +2 条 → 财经商业.md
[21:12:15]   科学科普: +1 条 → 科学科普.md
[21:12:15] 已记录到日志: 第 366 期 → _processed.json
[21:12:15]   成功: 7 条 → 5 个分区
[21:12:16] [13/27] 第 367 期: 杀死那个夜之城人 (2026第367期 03.27 - 04.02)
[21:12:17] 分区数: 5
[21:12:17]   - 人文历史: 1 条
[21:12:17]   - 财经商业: 1 条
[21:12:17]   - 数码: 3 条
[21:12:17]   - 科学科普: 2 条
[21:12:17]   - 校园学习: 1 条
[21:12:17] 追加到分区笔记...
[21:12:17]   人文历史: +1 条 → 人文历史.md
[21:12:17]   财经商业: +1 条 → 财经商业.md
[21:12:17]   数码: +3 条 → 数码.md
[21:12:17]   科学科普: +2 条 → 科学科普.md
[21:12:17]   校园学习: +1 条 → 校园学习.md
[21:12:17] 已记录到日志: 第 367 期 → _processed.json
[21:12:17]   成功: 8 条 → 5 个分区
[21:12:18] [14/27] 第 368 期: 电工小谢逃跑的十年 (2026第368期 04.03 - 04.09)
[21:12:19] 分区数: 4
[21:12:19]   - 数码: 1 条
[21:12:19]   - 人文历史: 3 条
[21:12:19]   - 计算机技术: 1 条
[21:12:19]   - 科学科普: 1 条
[21:12:19] 追加到分区笔记...
[21:12:19]   数码: +1 条 → 数码.md
[21:12:19]   人文历史: +3 条 → 人文历史.md
[21:12:19]   计算机技术: +1 条 → 计算机技术.md
[21:12:19]   科学科普: +1 条 → 科学科普.md
[21:12:19] 已记录到日志: 第 368 期 → _processed.json
[21:12:19]   成功: 6 条 → 4 个分区
[21:12:20] [15/27] 第 369 期: 老杨的游戏人生 (2026第369期 04.10 - 04.16)
[21:12:20] 分区数: 6
[21:12:20]   - 财经商业: 1 条
[21:12:20]   - 数码: 1 条
[21:12:20]   - 校园学习: 1 条
[21:12:20]   - 职业职场: 1 条
[21:12:20]   - 人文历史: 2 条
[21:12:20]   - 科学科普: 1 条
[21:12:20] 追加到分区笔记...
[21:12:20]   财经商业: +1 条 → 财经商业.md
[21:12:20]   数码: +1 条 → 数码.md
[21:12:20]   校园学习: +1 条 → 校园学习.md
[21:12:20]   职业职场: +1 条 → 职业职场.md
[21:12:20]   人文历史: +2 条 → 人文历史.md
[21:12:20]   科学科普: +1 条 → 科学科普.md
[21:12:20] 已记录到日志: 第 369 期 → _processed.json
[21:12:20]   成功: 7 条 → 6 个分区
[21:12:21] [16/27] 第 370 期: 京中有善口技者 (2026第370期 04.17 - 04.23)
[21:12:22] 分区数: 4
[21:12:22]   - 数码: 1 条
[21:12:22]   - 人文历史: 2 条
[21:12:22]   - 社科·法律·心理: 2 条
[21:12:22]   - 极客DIY: 1 条
[21:12:22] 追加到分区笔记...
[21:12:22]   数码: +1 条 → 数码.md
[21:12:22]   人文历史: +2 条 → 人文历史.md
[21:12:22]   社科·法律·心理: +2 条 → 社科·法律·心理.md
[21:12:22]   极客DIY: +1 条 → 极客DIY.md
[21:12:22] 已记录到日志: 第 370 期 → _processed.json
[21:12:22]   成功: 6 条 → 4 个分区
[21:12:23] [17/27] 第 371 期: 定格动画丝滑还原MJ (2026第371期 04.24 - 04.30)
[21:12:24] 分区数: 7
[21:12:24]   - 校园学习: 1 条
[21:12:24]   - 人文历史: 2 条
[21:12:24]   - 科工机械: 1 条
[21:12:24]   - 社科·法律·心理: 2 条
[21:12:24]   - 数码: 1 条
[21:12:24]   - 科学科普: 1 条
[21:12:24]   - 财经商业: 1 条
[21:12:24] 追加到分区笔记...
[21:12:24]   校园学习: +1 条 → 校园学习.md
[21:12:24]   人文历史: +2 条 → 人文历史.md
[21:12:24]   科工机械: +1 条 → 科工机械.md
[21:12:24]   社科·法律·心理: +2 条 → 社科·法律·心理.md
[21:12:24]   数码: +1 条 → 数码.md
[21:12:24]   科学科普: +1 条 → 科学科普.md
[21:12:24]   财经商业: +1 条 → 财经商业.md
[21:12:24] 已记录到日志: 第 371 期 → _processed.json
[21:12:24]   成功: 9 条 → 7 个分区
[21:12:25] [18/27] 第 372 期: 史上最强赛马 (2026第372期 05.01 - 05.07)
[21:12:25] 分区数: 5
[21:12:25]   - 极客DIY: 1 条
[21:12:25]   - 人文历史: 2 条
[21:12:25]   - 科学科普: 2 条
[21:12:25]   - 财经商业: 1 条
[21:12:25]   - 社科·法律·心理: 1 条
[21:12:25] 追加到分区笔记...
[21:12:25]   极客DIY: +1 条 → 极客DIY.md
[21:12:25]   人文历史: +2 条 → 人文历史.md
[21:12:25]   科学科普: +2 条 → 科学科普.md
[21:12:25]   财经商业: +1 条 → 财经商业.md
[21:12:25]   社科·法律·心理: +1 条 → 社科·法律·心理.md
[21:12:25] 已记录到日志: 第 372 期 → _processed.json
[21:12:25]   成功: 7 条 → 5 个分区
[21:12:26] [19/27] 第 373 期: 颜文字团建 (2026第373期 05.08 - 05.14)
[21:12:27] 分区数: 4
[21:12:27]   - 数码: 1 条
[21:12:27]   - 人文历史: 2 条
[21:12:27]   - 财经商业: 1 条
[21:12:27]   - 野生技能协会: 1 条
[21:12:27] 追加到分区笔记...
[21:12:27]   数码: +1 条 → 数码.md
[21:12:27]   人文历史: +2 条 → 人文历史.md
[21:12:27]   财经商业: +1 条 → 财经商业.md
[21:12:27]   野生技能协会: +1 条 → 野生技能协会.md
[21:12:27] 已记录到日志: 第 373 期 → _processed.json
[21:12:27]   成功: 5 条 → 4 个分区
[21:12:28] [20/27] 第 374 期: 范进中举但黄粱一梦 (2026第374期 05.15 - 05.21)
[21:12:28] 分区数: 6
[21:12:28]   - 人文历史: 4 条
[21:12:28]   - 科学科普: 2 条
[21:12:28]   - 校园学习: 1 条
[21:12:28]   - 财经商业: 1 条
[21:12:28]   - 数码: 1 条
[21:12:28]   - 社科·法律·心理: 1 条
[21:12:28] 追加到分区笔记...
[21:12:28]   人文历史: +4 条 → 人文历史.md
[21:12:28]   科学科普: +2 条 → 科学科普.md
[21:12:28]   校园学习: +1 条 → 校园学习.md
[21:12:28]   财经商业: +1 条 → 财经商业.md
[21:12:28]   数码: +1 条 → 数码.md
[21:12:28]   社科·法律·心理: +1 条 → 社科·法律·心理.md
[21:12:29] 已记录到日志: 第 374 期 → _processed.json
[21:12:29]   成功: 10 条 → 6 个分区
[21:12:30] [21/27] 第 375 期: 巧克力版清明上河图 (2026第375期 05.22 - 05.28)
[21:12:30] 分区数: 6
[21:12:30]   - 设计·创意: 1 条
[21:12:30]   - 人文历史: 2 条
[21:12:30]   - 极客DIY: 1 条
[21:12:30]   - 科学科普: 1 条
[21:12:30]   - 数码: 1 条
[21:12:30]   - 校园学习: 1 条
[21:12:30] 追加到分区笔记...
[21:12:30]   设计·创意: +1 条 → 设计·创意.md
[21:12:30]   人文历史: +2 条 → 人文历史.md
[21:12:30]   极客DIY: +1 条 → 极客DIY.md
[21:12:30]   科学科普: +1 条 → 科学科普.md
[21:12:30]   数码: +1 条 → 数码.md
[21:12:30]   校园学习: +1 条 → 校园学习.md
[21:12:30] 已记录到日志: 第 375 期 → _processed.json
[21:12:30]   成功: 7 条 → 6 个分区
[21:12:31] [22/27] 第 376 期: 我打孔子，真的假的 (2026第376期 05.29 - 06.04)
[21:12:32] 分区数: 5
[21:12:32]   - 人文历史: 3 条
[21:12:32]   - 数码: 2 条
[21:12:32]   - 财经商业: 2 条
[21:12:32]   - 科学科普: 1 条
[21:12:32]   - 社科·法律·心理: 1 条
[21:12:32] 追加到分区笔记...
[21:12:32]   人文历史: +3 条 → 人文历史.md
[21:12:32]   数码: +2 条 → 数码.md
[21:12:32]   财经商业: +2 条 → 财经商业.md
[21:12:32]   科学科普: +1 条 → 科学科普.md
[21:12:32]   社科·法律·心理: +1 条 → 社科·法律·心理.md
[21:12:32] 已记录到日志: 第 376 期 → _processed.json
[21:12:32]   成功: 9 条 → 5 个分区
[21:12:33] [23/27] 第 377 期: 锐评老三国启动 (2026第377期 06.05 - 06.11)
[21:12:33] 分区数: 5
[21:12:33]   - 财经商业: 1 条
[21:12:33]   - 校园学习: 1 条
[21:12:33]   - 野生技能协会: 1 条
[21:12:33]   - 社科·法律·心理: 1 条
[21:12:33]   - 职业职场: 1 条
[21:12:33] 追加到分区笔记...
[21:12:33]   财经商业: +1 条 → 财经商业.md
[21:12:33]   校园学习: +1 条 → 校园学习.md
[21:12:33]   野生技能协会: +1 条 → 野生技能协会.md
[21:12:33]   社科·法律·心理: +1 条 → 社科·法律·心理.md
[21:12:33]   职业职场: +1 条 → 职业职场.md
[21:12:33] 已记录到日志: 第 377 期 → _processed.json
[21:12:33]   成功: 5 条 → 5 个分区
[21:12:34] [24/27] 第 378 期: 硬核早餐科普 (2026第378期 06.12 - 06.18)
[21:12:35] 分区数: 3
[21:12:35]   - 财经商业: 2 条
[21:12:35]   - 人文历史: 1 条
[21:12:35]   - 社科·法律·心理: 1 条
[21:12:35] 追加到分区笔记...
[21:12:35]   财经商业: +2 条 → 财经商业.md
[21:12:35]   人文历史: +1 条 → 人文历史.md
[21:12:35]   社科·法律·心理: +1 条 → 社科·法律·心理.md
[21:12:35] 已记录到日志: 第 378 期 → _processed.json
[21:12:35]   成功: 4 条 → 3 个分区
[21:12:36] [25/27] 第 379 期: 地球往事 (2026第379期 06.19 - 06.25)
[21:12:36] 分区数: 3
[21:12:36]   - 人文历史: 3 条
[21:12:36]   - 社科·法律·心理: 1 条
[21:12:36]   - 数码: 1 条
[21:12:36] 追加到分区笔记...
[21:12:36]   人文历史: +3 条 → 人文历史.md
[21:12:37]   社科·法律·心理: +1 条 → 社科·法律·心理.md
[21:12:37]   数码: +1 条 → 数码.md
[21:12:37] 已记录到日志: 第 379 期 → _processed.json
[21:12:37]   成功: 5 条 → 3 个分区
[21:12:38] [26/27] 第 380 期: 嗨十年后的我 (2026第380期 06.26 - 07.02)
[21:12:38] 分区数: 4
[21:12:38]   - 数码: 1 条
[21:12:38]   - 人文历史: 3 条
[21:12:38]   - 计算机技术: 1 条
[21:12:38]   - 职业职场: 1 条
[21:12:38] 追加到分区笔记...
[21:12:38]   数码: +1 条 → 数码.md
[21:12:38]   人文历史: +3 条 → 人文历史.md
[21:12:38]   计算机技术: +1 条 → 计算机技术.md
[21:12:38]   职业职场: +1 条 → 职业职场.md
[21:12:38] 已记录到日志: 第 380 期 → _processed.json
[21:12:38]   成功: 6 条 → 4 个分区
[21:12:39] [27/27] 第 381 期: 父与子手绘动画 (2026第381期 07.03 - 07.09)
[21:12:40] 分区数: 4
[21:12:40]   - 社科·法律·心理: 1 条
[21:12:40]   - 科学科普: 2 条
[21:12:40]   - 数码: 1 条
[21:12:40]   - 财经商业: 1 条
[21:12:40] 追加到分区笔记...
[21:12:40]   社科·法律·心理: +1 条 → 社科·法律·心理.md
[21:12:40]   科学科普: +2 条 → 科学科普.md
[21:12:40]   数码: +1 条 → 数码.md
[21:12:40]   财经商业: +1 条 → 财经商业.md
[21:12:40] 已记录到日志: 第 381 期 → _processed.json
[21:12:40]   成功: 5 条 → 4 个分区
[21:12:40] ------------------------------------------------------------
[21:12:40] 批量完成: 成功 27/27, 失败 0
[21:12:40] 总耗时: 46 秒 (0.8 分钟)
