[16:40:39] ============================================================
[16:40:39] B站关注视频采集 启动
[16:40:39] OPENCLI_CMD: ('node', 'd:\\voice\\opencli-main\\dist\\main.js')
[16:40:39] 输出文件: d:\obsidian\demo\05_long_project\B站关注\关注视频.md, d:\obsidian\demo\05_long_project\B站关注\本周视频.md, d:\obsidian\demo\05_long_project\B站关注\本月视频.md
[16:40:39] ============================================================
[16:40:39] 每人视频数: 3, 强制刷新缓存: True
[16:40:39] 缓存不存在或需刷新, 调用 bilibili_following.py 生成缓存...
[16:40:39] 刷新关注列表缓存: python D:\obsidian\demo\inbox\python\bilibili_following.py --limit 50
[16:40:45] 关注博主数: 11, 开始拉取视频...
[16:40:45] [1/11] 老麦的工具库 (mid=486989780)
[16:40:48] [2/11] 杰森的效率工坊 (mid=3546884870244925)
[16:40:50] [3/11] 我是阿众 (mid=281120100)
[16:40:53] [4/11] Kiven大汉堡 (mid=315945401)
[16:40:56] [5/11] 飞天闪客 (mid=325864133)
[16:40:59] [6/11] 隔壁的程序员老王 (mid=16433002)
[16:41:01] [7/11] 马克的技术工作坊 (mid=1815948385)
[16:41:04] [8/11] 数字黑魔法 (mid=1235535223)
[16:41:06] [9/11] 技术爬爬虾 (mid=316183842)
[16:41:09] [10/11] 浪里小白龙7 (mid=71216218)
[16:41:11] [11/11] Echo_NebulaPKM (mid=332569278)
[16:41:12] 已保存: d:\obsidian\demo\05_long_project\B站关注\关注视频.md
[16:41:12] 已保存: d:\obsidian\demo\05_long_project\B站关注\本周视频.md (3 位博主有本周新视频)
[16:41:12] 已保存: d:\obsidian\demo\05_long_project\B站关注\本月视频.md (7 位博主有本月新视频)
[16:41:12] 完成
