[21:26:24] ============================================================
[21:26:24] B站每周必看 按分区追加笔记 启动
[21:26:24] 输出目录: d:\obsidian\demo\05_long_project\B站\每周必看\分区
[21:26:24] 处理日志: d:\obsidian\demo\05_long_project\B站\每周必看\分区\_processed.json
[21:26:24] 已处理: 114 期 (成功 114, 空数据 0, 错误 0) 最新: 第 385 期
[21:26:24] ============================================================
[21:26:24] 参数: number=100
[21:26:24] 获取期数信息...
[21:26:24] 期数名称: 2021第100期 02.12 - 02.18
[21:26:24] 调用 bilibili weekly (COOKIE 策略, 约 8-15 秒)...
[21:26:25] 获取到 6 条视频
[21:26:25] ------------------------------------------------------------
[21:26:25] 分区数: 3
[21:26:25]   - 科学科普: 2 条
[21:26:25]   - 社科·法律·心理: 3 条
[21:26:25]   - 设计·创意: 1 条
[21:26:25] 追加到分区笔记...
[21:26:25]   科学科普: +2 条 → 科学科普.md
[21:26:25]   社科·法律·心理: +3 条 → 社科·法律·心理.md
[21:26:25]   设计·创意: +1 条 → 设计·创意.md
[21:26:25] 已记录到日志: 第 100 期 [success] → _processed.json
[21:26:25] ------------------------------------------------------------
[21:26:25] 完成: 共 3 个分区, 6 条视频
