[12:00:26] ============================================================
[12:00:26] BOSS直聘详情续传 启动
[12:00:26] 文件: d:\obsidian\demo\05_long_project\BOSS直聘\布童科技_宁波.md
[12:00:26] 起始编号: 1
[12:00:26] ============================================================
[12:00:26] 表格中共 15 个职位
[12:00:26] 已获取 14 个详情: [1, 2, 3, 4, 5, 6, 8, 9, 10, 11, 12, 13, 14, 15]
[12:00:26] 需要补充 1 个详情: [7]
[12:00:26]   [1/1] #7 信息流广告投放专员 - 获取详情...
[12:00:43]   [1/1] 第1次失败, 29秒后重试...
[12:00:53]   重试等待中... (10/29秒)
[12:01:03]   重试等待中... (20/29秒)
[12:01:30]   [1/1] 第2次失败, 27秒后重试...
[12:01:40]   重试等待中... (10/27秒)
[12:01:50]   重试等待中... (20/27秒)
[12:02:15]   [1/1] 失败 (重试2次仍失败)
[12:02:15] 详情获取完成: 成功 0/1, 失败 1
[12:02:15] 
[12:02:15] ⚠️  所有详情获取都失败！可能原因：
[12:02:15]   1. securityId 已过期（有时效性）
[12:02:15]   2. 需要重新搜索获取最新的 securityId
[12:02:15]   3. 浏览器cookie可能已过期
[12:02:15] 
[12:02:15] 建议：运行 boss_search.py 重新采集，而不是续传
[12:02:15] 已更新 (采集中): d:\obsidian\demo\05_long_project\BOSS直聘\布童科技_宁波.md - 仍缺失 1 个详情: [7]
[12:02:15] 完成
