[10:26:08] ============================================================
[10:26:08] BOSS直聘详情续传 - 批量扫描
[10:26:08] 目录: d:\obsidian\demo\05_long_project\BOSS直聘
[10:26:08] ============================================================
[10:26:08] 共找到 2 个文件
[10:26:08] 发现 2 个未完成的文件:
[10:26:08]   - 布童科技_宁波.md (状态: 采集中)
[10:26:08]   - 布童科技_宁波_095041.md (状态: 采集中)
[10:26:08] 
[10:26:08] [1/2] 处理: 布童科技_宁波.md
[10:26:08] ============================================================
[10:26:08] BOSS直聘详情续传 启动
[10:26:08] 文件: d:\obsidian\demo\05_long_project\BOSS直聘\布童科技_宁波.md
[10:26:08] 起始编号: 1
[10:26:08] ============================================================
[10:26:08] 表格中共 15 个职位
[10:26:08] 已获取 7 个详情: [1, 2, 3, 4, 5, 6, 7]
[10:26:08] 需要补充 8 个详情: [8, 9, 10, 11, 12, 13, 14, 15]
[10:26:08]   [1/8] #8 婴童用品结构设计师 - 获取详情...
[10:26:16]   [1/8] 第1次失败, 22秒后重试...
[10:26:42]   [1/8] 第2次失败, 26秒后重试...
[10:27:12]   [1/8] 失败
[10:27:12]   [2/8] #9 创意策划 - 获取详情...
[10:27:26]   [2/8] 第1次失败, 25秒后重试...
[10:27:54]   [2/8] 第2次失败, 28秒后重试...
[10:28:26]   [2/8] 失败
[10:28:26]   [3/8] #10 PE工程师 - 获取详情...
[10:28:52]   [3/8] 第1次失败, 22秒后重试...
