[10:13:19] ============================================================
[10:13:19] BOSS直聘详情续传 - 批量扫描
[10:13:19] 目录: d:\obsidian\demo\05_long_project\BOSS直聘
[10:13:19] ============================================================
[10:13:19] 共找到 2 个文件
[10:13:19] 发现 2 个未完成的文件:
[10:13:19]   - 布童科技_宁波.md (状态: 采集中)
[10:13:19]   - 布童科技_宁波_095041.md (状态: 采集中)
[10:13:19] 
[10:13:19] [1/2] 处理: 布童科技_宁波.md
[10:13:19] ============================================================
[10:13:19] BOSS直聘详情续传 启动
[10:13:19] 文件: d:\obsidian\demo\05_long_project\BOSS直聘\布童科技_宁波.md
[10:13:19] 起始编号: 1
[10:13:19] ============================================================
[10:13:19] 表格中共 15 个职位
[10:13:19] 已获取 7 个详情: [1, 2, 3, 4, 5, 6, 7]
[10:13:19] 需要补充 8 个详情: [8, 9, 10, 11, 12, 13, 14, 15]
[10:13:19]   [1/8] #8 婴童用品结构设计师 - 获取详情...
[10:13:23]   [1/8] 第1次失败, 21秒后重试...
[10:13:46]   [1/8] 第2次失败, 22秒后重试...
[10:14:12]   [1/8] 失败
[10:14:12]   [2/8] #9 创意策划 - 获取详情...
[10:14:23]   [2/8] 第1次失败, 22秒后重试...
[10:14:48]   [2/8] 第2次失败, 27秒后重试...
[10:15:19]   [2/8] 失败
[10:15:19]   [3/8] #10 PE工程师 - 获取详情...
[10:15:31]   [3/8] 第1次失败, 27秒后重试...
[10:16:02]   [3/8] 第2次失败, 23秒后重试...
[10:16:29]   [3/8] 失败
[10:16:29]   [4/8] #11 媒介PR - 获取详情...
[10:16:42]   [4/8] 第1次失败, 22秒后重试...
[10:17:07]   [4/8] 第2次失败, 25秒后重试...
[10:17:34]   [4/8] 失败
[10:17:34]   [5/8] #12 微信/社群运营 - 获取详情...
[10:17:45]   [5/8] 第1次失败, 27秒后重试...
[10:18:15]   [5/8] 第2次失败, 22秒后重试...
[10:18:40]   [5/8] 失败
[10:18:40]   [6/8] #13 注塑班长 - 获取详情...
[10:18:55]   [6/8] 第1次失败, 23秒后重试...
[10:19:22]   [6/8] 第2次失败, 20秒后重试...
[10:19:46]   [6/8] 失败
[10:19:46]   [7/8] #14 亚马逊跨境电商运营 - 获取详情...
[10:20:00]   [7/8] 第1次失败, 22秒后重试...
[10:20:31]   [7/8] 第2次失败, 21秒后重试...
[10:20:55]   [7/8] 失败
[10:20:55]   [8/8] #15 用户运营 - 获取详情...
[10:21:08]   [8/8] 第1次失败, 30秒后重试...
[10:21:40]   [8/8] 第2次失败, 24秒后重试...
[10:22:06]   [8/8] 失败
[10:22:06] 详情获取完成: 成功 0/8
[10:22:06] 未获取到新详情, 文件未更新
[10:22:06] 
[10:22:06] [2/2] 处理: 布童科技_宁波_095041.md
[10:22:06] ============================================================
[10:22:06] BOSS直聘详情续传 启动
[10:22:06] 文件: d:\obsidian\demo\05_long_project\BOSS直聘\布童科技_宁波_095041.md
[10:22:06] 起始编号: 1
[10:22:06] ============================================================
[10:22:06] 表格中共 15 个职位
[10:22:06] 已获取 1 个详情: [1]
[10:22:06] 需要补充 14 个详情: [2, 3, 4, 5, 6, 7, 8, 9, 10, 11, 12, 13, 14, 15]
[10:22:06]   [1/14] #2 电子工程师（小家电&3C方向） - 获取详情...
[10:22:09]   [1/14] 第1次失败, 23秒后重试...
[10:22:37]   [1/14] 第2次失败, 28秒后重试...
