[10:51:59] ============================================================
[10:51:59] BOSS直聘职位搜索采集 启动
[10:51:59] OPENCLI_CMD: ('node', 'd:\\voice\\opencli-main\\dist\\main.js')
[10:51:59] 输出目录: d:\obsidian\demo\05_long_project\BOSS直聘
[10:51:59] ============================================================
[10:52:19] 关键词: 布童科技
[10:52:19] 城市: 宁波
[10:52:19] 数量: 15
[10:52:19] 经验: 不限
[10:52:19] 学历: 不限
[10:52:19] 搜索中, 请稍候 (约 15-30 秒)...
[10:52:19] 调用 opencli boss search (城市=宁波, limit=15)
[10:52:31] 获取到 15 个职位
[10:52:31] 已创建 (采集中): d:\obsidian\demo\05_long_project\BOSS直聘\布童科技_宁波.md
[10:52:31] 开始获取职位详情 (15 个, 间隔 8-12秒, 重试2次)...
[10:52:31]   [1/15] 项目经理 - 获取详情...
[10:52:40]   [1/15] OK
[10:52:40]   [2/15] Android - 获取详情...
[10:53:06]   [2/15] OK
[10:53:06]   [3/15] HRBP(制造行业） - 获取详情...
[10:53:34]   [3/15] OK
[10:53:34]   [4/15] 商务BD（抖音） - 获取详情...
[10:54:04]   [4/15] OK
[10:54:04]   [5/15] 注塑工 - 获取详情...
[10:54:33]   [5/15] OK
[10:54:33]   [6/15] 婴童用品结构设计师 - 获取详情...
[10:54:43]   已完成 5 个, 批次暂停 87秒...
