[11:55:57] ============================================================
[11:55:57] BOSS直聘详情续传 启动
[11:55:57] 文件: d:\obsidian\demo\05_long_project\BOSS直聘\布童科技_宁波.md
[11:55:57] 起始编号: 1
[11:55:57] ============================================================
[11:55:57] 表格中共 15 个职位
[11:55:57] 已获取 14 个详情: [1, 2, 3, 4, 5, 6, 8, 9, 10, 11, 12, 13, 14, 15]
[11:55:57] 需要补充 1 个详情: [7]
[11:55:57]   [1/1] #7 信息流广告投放专员 - 获取详情...
[11:56:15]   [1/1] 第1次失败, 23秒后重试...
[11:56:25]   重试等待中... (10/23秒)
[11:56:35]   重试等待中... (20/23秒)
[11:56:56]   [1/1] 第2次失败, 21秒后重试...
[11:57:06]   重试等待中... (10/21秒)
[11:57:16]   重试等待中... (20/21秒)
[11:57:35]   [1/1] 失败 (重试2次仍失败)
[11:57:35] 详情获取完成: 成功 0/1, 失败 1
[11:57:35] 
[11:57:35] ⚠️  所有详情获取都失败！可能原因：
[11:57:35]   1. securityId 已过期（有时效性）
[11:57:35]   2. 需要重新搜索获取最新的 securityId
[11:57:35]   3. 浏览器cookie可能已过期
[11:57:35] 
[11:57:35] 建议：运行 boss_search.py 重新采集，而不是续传
[11:57:35] 已更新 (采集中): d:\obsidian\demo\05_long_project\BOSS直聘\布童科技_宁波.md - 仍缺失 1 个详情: [7]
[11:57:35] 完成
