[07:31:39] ============================================================
[07:31:39] BOSS直聘职位搜索采集 启动
[07:31:39] OPENCLI_CMD: ('node', 'd:\\voice\\opencli-main\\dist\\main.js')
[07:31:39] 输出目录: d:\obsidian\demo\05_long_project\BOSS直聘
[07:31:39] ============================================================
[07:31:39] 关键词: 外贸
[07:31:39] 城市: 上海
[07:31:39] 数量: 3
[07:31:39] 搜索中, 请稍候 (约 15-30 秒)...
[07:31:39] 调用 opencli boss search (城市=上海, limit=3)
[07:31:49] 获取到 3 个职位
[07:31:49] 开始获取职位详情 (3 个, 间隔 3-5秒)...
[07:31:49]   [1/3] 外贸业务员 - 获取详情...
[07:31:58]   [1/3] OK
[07:31:58]   [2/3] 外贸业务员 - 获取详情...
[07:32:19]   [2/3] OK
[07:32:19]   [3/3] 外贸业务员 - 获取详情...
[07:32:40]   [3/3] OK
[07:32:40] 详情获取完成: 成功 3/3, 失败 0
[07:32:40] 已保存: d:\obsidian\demo\05_long_project\BOSS直聘\外贸_上海_073240.md
[07:32:40] 完成
