[11:06:14] ============================================================
[11:06:14] BOSS直聘详情续传 - 批量扫描
[11:06:14] 目录: d:\obsidian\demo\05_long_project\BOSS直聘
[11:06:14] ============================================================
[11:06:14] 共找到 1 个文件
[11:06:14] 发现 1 个未完成的文件:
[11:06:14]   - 布童科技_宁波.md (状态: 采集中)
[11:06:14] 
[11:06:14] [1/1] 处理: 布童科技_宁波.md
[11:06:14] ============================================================
[11:06:14] BOSS直聘详情续传 启动
[11:06:14] 文件: d:\obsidian\demo\05_long_project\BOSS直聘\布童科技_宁波.md
[11:06:14] 起始编号: 1
[11:06:14] ============================================================
[11:06:14] 表格中共 15 个职位
[11:06:14] 已获取 5 个详情: [1, 2, 3, 4, 5]
[11:06:14] 需要补充 10 个详情: [6, 7, 8, 9, 10, 11, 12, 13, 14, 15]
[11:06:14]   [1/10] #6 婴童用品结构设计师 - 获取详情...
[11:06:24]   [1/10] 第1次失败, 22秒后重试...
[11:07:04]   [1/10] 第2次失败, 27秒后重试...
[11:07:52]   [1/10] 失败 (重试2次仍失败)
[11:07:52]   [2/10] #7 信息流广告投放专员 - 获取详情...
[11:08:14]   [2/10] 第1次失败, 29秒后重试...
[11:08:46]   [2/10] 第2次失败, 28秒后重试...
