[07:21:21] ============================================================
[07:21:21] BOSS直聘职位搜索采集 启动
[07:21:21] OPENCLI_CMD: ('node', 'd:\\voice\\opencli-main\\dist\\main.js')
[07:21:21] 输出目录: d:\obsidian\demo\05_long_project\BOSS直聘
[07:21:21] ============================================================
[07:21:21] 关键词: 外贸
[07:21:21] 城市: 上海
[07:21:21] 数量: 3
[07:21:21] 搜索中, 请稍候 (约 15-30 秒)...
[07:21:21] 调用 opencli boss search (城市=上海, limit=3)
[07:21:42] 获取到 3 个职位
[07:21:42] 开始获取职位详情 (3 个, 间隔 3-5秒)...
[07:21:42]   [1/3] 外贸业务员 - 获取详情...
[07:21:46]   [1/3] OK
[07:21:46]   [2/3] 外贸业务员 - 获取详情...
[07:21:53]   [2/3] OK
[07:21:53]   [3/3] 外贸业务员 - 获取详情...
[07:22:00]   [3/3] OK
[07:22:00] 详情获取完成: 成功 3/3, 失败 0
[07:22:00] 已保存: d:\obsidian\demo\05_long_project\BOSS直聘\外贸_上海_072200.md
[07:22:00] 完成
