[11:19:06] ========== 第一步: 追加视频简介/项目地址 ==========
[11:19:06] 时间过滤: 2026-08-14 10:37 之后
[11:19:06] 扫描文件数: 82
[11:19:06] 待追加: 27
[11:19:06] 已处理(将跳过): 300
[11:19:06] [1/27] 追加模块: 1第12期.md
[11:19:06]   无法提取 BV 号, 跳过
[11:19:06] [2/27] 追加模块: 202201252119.md
[11:19:06]   无法提取 BV 号, 跳过
[11:19:06] [3/27] 追加模块: 7.10.1.md
[11:19:06]   无法提取 BV 号, 跳过
[11:19:06] [4/27] 追加模块: APP推荐-B站.md
[11:19:06]   无法提取 BV 号, 跳过
[11:19:06] [5/27] 追加模块: B站9.3.md
[11:19:06]   无法提取 BV 号, 跳过
[11:19:06] [6/27] 追加模块: B站版-电脑优化.md
[11:19:06]   无法提取 BV 号, 跳过
[11:19:06] [7/27] 追加模块: c98ea4bf-fcf1-4f35-b158-8dabdc80b47c.md
[11:19:06]   无法提取 BV 号, 跳过
[11:19:06] [8/27] 追加模块: C盘清理 字幕版.md
[11:19:06]   无法提取 BV 号, 跳过
[11:19:06] [9/27] 追加模块: https_www.bilibili.com_video_BV15U4y1W7QG_p=1.md
[11:19:06]   无法提取 BV 号, 跳过
[11:19:06] [10/27] 追加模块: https_www.bilibili.com_video_BV176t2zSEac_p=1.md
[11:19:06]   无法提取 BV 号, 跳过
[11:19:06] [11/27] 追加模块: https_www.bilibili.com_video_BV1af42117jE_p=1.md
[11:19:06]   无法提取 BV 号, 跳过
[11:19:06] [12/27] 追加模块: https_www.bilibili.com_video_BV1P64y1K76x_p=1.md
[11:19:06]   无法提取 BV 号, 跳过
[11:19:06] [13/27] 追加模块: https_www.bilibili.com_video_BV1ZUcfzmELN_p=1.md
[11:19:06]   无法提取 BV 号, 跳过
[11:19:06] [14/27] 追加模块: iPad技巧.md
[11:19:06]   无法提取 BV 号, 跳过
[11:19:06] [15/27] 追加模块: jiasteam-_4.md
[11:19:06]   无法提取 BV 号, 跳过
[11:19:06] [16/27] 追加模块: Safari11111.md
[11:19:06]   无法提取 BV 号, 跳过
[11:19:06] [17/27] 追加模块: 【建议收藏】这56个白嫖素材资源的网站，你知道几个？免费下载PPT模板 视频素材 图片素材 音频素材 免费字体 配色方案！.md
[11:19:06]   无法提取 BV 号, 跳过
[11:19:06] [18/27] 追加模块: 一万也-中国文化传出去了吗？黑神话传播真相硬核解析.md
[11:19:06]   BV: BV14o1RYpEx3
[11:19:17]   尝试 1/3 失败: unknown
[11:19:20]   尝试 2/3 失败: unknown
[11:19:24]   尝试 3/3 失败: unknown
[11:19:24]   获取 desc 失败, 跳过
[11:19:24] [19/27] 追加模块: 国产软件.md
[11:19:24]   无法提取 BV 号, 跳过
[11:19:24] [20/27] 追加模块: 布莱叶文(9).md
[11:19:24]   无法提取 BV 号, 跳过
[11:19:24] [21/27] 追加模块: 抖音第三期--主序列.md
[11:19:24]   无法提取 BV 号, 跳过
[11:19:24] [22/27] 追加模块: 檀东东Tango-超级搜索技术，普通人变强的唯一外挂 全套宝藏实操秘技.md
[11:19:24]   BV: BV1yw411F7J1
[11:19:26]   尝试 1/3 失败: unknown
[11:19:29]   尝试 2/3 失败: unknown
[11:19:32]   尝试 3/3 失败: unknown
[11:19:32]   获取 desc 失败, 跳过
[11:19:32] [23/27] 追加模块: 流氓软件测评.md
[11:19:32]   无法提取 BV 号, 跳过
[11:19:32] [24/27] 追加模块: 痞仔第4 06.12(1).md
[11:19:32]   无法提取 BV 号, 跳过
[11:19:32] [25/27] 追加模块: 耗时1个月！我挖出了Edge浏览器最实用的13个功能，你未必都知道！.md
[11:19:32]   无法提取 BV 号, 跳过
[11:19:32] [26/27] 追加模块: 雨田Finger-色彩原理调色.md
[11:19:32]   BV: BV1VLFTzxE5V
[11:19:33]   尝试 1/3 失败: unknown
[11:19:36]   尝试 2/3 失败: unknown
[11:19:39]   尝试 3/3 失败: unknown
[11:19:39]   获取 desc 失败, 跳过
[11:19:39] [27/27] 追加模块: 黑白间设计-这不是PPT技术，是PPT魔术吧.md
[11:19:39]   BV: BV1Pq4y1R7xu
[11:19:41]   尝试 1/3 失败: unknown
[11:19:45]   尝试 2/3 失败: unknown
[11:19:49]   尝试 3/3 失败: unknown
[11:19:49]   获取 desc 失败, 跳过
[11:19:49] 
[11:19:49] 追加结果: 成功 0, 失败 27, 跳过 0
[11:19:49] 失败文件:
[11:19:49]   - 1第12期.md
[11:19:49]   - 202201252119.md
[11:19:49]   - 7.10.1.md
[11:19:49]   - APP推荐-B站.md
[11:19:49]   - B站9.3.md
[11:19:49]   - B站版-电脑优化.md
[11:19:49]   - c98ea4bf-fcf1-4f35-b158-8dabdc80b47c.md
[11:19:49]   - C盘清理 字幕版.md
[11:19:49]   - https_www.bilibili.com_video_BV15U4y1W7QG_p=1.md
[11:19:49]   - https_www.bilibili.com_video_BV176t2zSEac_p=1.md
[11:19:49]   - https_www.bilibili.com_video_BV1af42117jE_p=1.md
[11:19:49]   - https_www.bilibili.com_video_BV1P64y1K76x_p=1.md
[11:19:49]   - https_www.bilibili.com_video_BV1ZUcfzmELN_p=1.md
[11:19:49]   - iPad技巧.md
[11:19:49]   - jiasteam-_4.md
[11:19:49]   - Safari11111.md
[11:19:49]   - 【建议收藏】这56个白嫖素材资源的网站，你知道几个？免费下载PPT模板 视频素材 图片素材 音频素材 免费字体 配色方案！.md
[11:19:49]   - 一万也-中国文化传出去了吗？黑神话传播真相硬核解析.md
[11:19:49]   - 国产软件.md
[11:19:49]   - 布莱叶文(9).md
[11:19:49]   - 抖音第三期--主序列.md
[11:19:49]   - 檀东东Tango-超级搜索技术，普通人变强的唯一外挂 全套宝藏实操秘技.md
[11:19:49]   - 流氓软件测评.md
[11:19:49]   - 痞仔第4 06.12(1).md
[11:19:49]   - 耗时1个月！我挖出了Edge浏览器最实用的13个功能，你未必都知道！.md
[11:19:49]   - 雨田Finger-色彩原理调色.md
[11:19:49]   - 黑白间设计-这不是PPT技术，是PPT魔术吧.md
[11:19:49] 
[11:19:49] ========== 第二步: 修复二级标题格式 ==========
[11:19:49] 扫描文件数: 82
[11:19:49]   修复格式: -LKs--【年更】良心到难以置信的网站推荐第5期丨超长注意.md: 1 处
[11:19:49]   修复格式: -LKs--良心到难以置信的网站推荐8丨6年最强合集.md: 5 处
[11:19:49]   修复格式: -LKs--良心到难以置信的网站推荐第6期丨上网必备.md: 6 处
[11:19:49]   修复格式: -LKs--良心到难以置信的网站推荐第7期丨全程干货.md: 3 处
[11:19:49]   修复格式: App大能猫-那些绝美的中国传统文化Apps.md: 4 处
[11:19:49]   修复格式: APP推荐-B站.md: 4 处
[11:19:49]   修复格式: B站9.3.md: 3 处
[11:19:49]   修复格式: B站版-电脑优化.md: 10 处
[11:19:49]   修复格式: c98ea4bf-fcf1-4f35-b158-8dabdc80b47c.md: 4 处
[11:19:49]   修复格式: C盘清理 字幕版.md: 3 处
[11:19:49]   修复格式: iPad技巧.md: 1 处
[11:19:49]   修复格式: Jack-Cui-AI杀疯了！2021年高能的AI算法，超乎想象！.md: 8 处
[11:19:49]   修复格式: oooooohmygosh-中国车牌丑吗？.md: 5 处
[11:19:49]   修复格式: Safari11111.md: 2 处
[11:19:49]   修复格式: 【建议收藏】这56个白嫖素材资源的网站，你知道几个？免费下载PPT模板 视频素材 图片素材 音频素材 免费字体 配色方案！.md: 7 处
[11:19:49]   修复格式: 小宇Boi-这才是我想要的浏览器！纯干货，建议收藏！！！.md: 6 处
[11:19:49]   修复格式: 异环-《异环》「共存测试」招募PV丨「你好，新人」_1.md: 1 处
[11:19:49]   修复格式: 旁门左道PPT-同事这张看着就贵的PPT，原来都是学了这一招！【旁门左道】.md: 4 处
[11:19:49]   修复格式: 是毛布斯呀-【满满干货】让你的Win10变得更好用的5款小软件！.md: 4 处
[11:19:49]   修复格式: 林亦LYi-我做了个麻将外挂，决战春节！.md: 5 处
[11:19:49]   修复格式: 檀东东Tango-超级搜索技术，普通人变强的唯一外挂 全套宝藏实操秘技.md: 4 处
[11:19:49]   修复格式: 流氓软件测评.md: 2 处
[11:19:49]   修复格式: 耗时1个月！我挖出了Edge浏览器最实用的13个功能，你未必都知道！.md: 6 处
[11:19:49]   修复格式: 苏星河牛通-【苏星河】我的这个微信，你们没人用过.md: 3 处
[11:19:49]   修复格式: 苏星河牛通-【苏星河】最常见的软件，最恐怖的功能.md: 5 处
[11:19:49]   修复格式: 苏星河牛通-【苏星河】苹果新的抄袭对象？让贾维斯成真的国产系统！.md: 3 处
[11:19:49]   修复格式: 苏星河牛通-【苏星河】被我们误解最深的软件？学习强国的正确用法！.md: 8 处
[11:19:49]   修复格式: 英雄哪里出来-《直接给我生成完整代码》.md: 3 处
[11:19:49]   修复格式: 设计师深海-这，不可能！.md: 4 处
[11:19:49]   修复格式: 陆过的Lu-2分钟搞懂图层和蒙版——从原理理解应用.md: 3 处
[11:19:49]   修复格式: 陆过的Lu-4分钟搞懂PS图层混合模式——从原理理解应用.md: 4 处
[11:19:49] 
[11:19:49] 修复结果: 影响文件 31 个, 总修复 131 处
[11:19:49] 
[11:19:49] ========== 全部完成 ==========
