[17:12:34] ============================================================
[17:12:34] 前程无忧批量投递 启动
[17:12:34] OPENCLI_CMD: ('node', 'd:/voice/opencli-main/dist/main.js')
[17:12:34] 来源文件: d:\obsidian\demo\inbox\python\test_recheck.md
[17:12:34] 投递间隔: 5 秒
[17:12:34] 起始序号: 1
[17:12:34] 测试模式: 否
[17:12:34] 投递后复核: 是
[17:12:34] 只复核模式: 是
[17:12:34] ============================================================
[17:12:34] 提取到 2 个职位 URL
[17:12:34] ============================================================
[17:12:34] 只复核模式 启动 (跳过投递阶段)
[17:12:34] 待复核职位: 2 个
[17:12:34] 复核间隔: 3 秒
[17:12:34] ============================================================
[17:12:34] [1/2] 复核 171207097 ...
[17:12:39]   ⚠ 触发风控: 触发滑动验证, 请先手动访问搜索页解除风控
[17:12:39]   ⚠ 复核触发滑动验证, 立即停止复核 (避免账号风控)
[17:12:39]   续复核命令: python job51_apply.py "d:\obsidian\demo\inbox\python\test_recheck.md" --recheck-only --start 2
[17:12:39] 
[17:12:39] ========== 复核完成 ==========
[17:12:39] 已投递: 0
[17:12:39] 未投递 → 补投成功: 0
[17:12:39] 未投递 → 补投失败: 0
[17:12:39] 复核失败/异常: 1
[17:12:39] 复核记录: d:\obsidian\demo\05_long_project\招聘\投递复核记录.md
