[11:20:25] ============================================================
[11:20:25] 前程无忧批量投递 启动
[11:20:25] OPENCLI_CMD: ('node', 'd:/voice/opencli-main/dist/main.js')
[11:20:25] 来源文件: d:\obsidian\demo\05_long_project\招聘\前程无忧_跟单_宁波.md
[11:20:25] 投递间隔: 5 秒
[11:20:25] 起始序号: 1
[11:20:25] 测试模式: 否
[11:20:25] 投递后复核: 是
[11:20:25] 只复核模式: 否
[11:20:25] ============================================================
[11:20:25] 提取到 12 个职位 URL
[11:20:25] 已处理 (将跳过): 42
[11:20:25] [1/12] 投递 170945771 ...
[11:20:40]   成功: 投递已触发 (点击成功, 未检测到失败提示, 默认视为成功)
[11:20:45] [2/12] 投递 136723019 ...
[11:20:57]   成功: 投递已触发 (点击成功, 未检测到失败提示, 默认视为成功)
[11:21:02] [3/12] 投递 169484600 ...
[11:21:15]   成功: 投递已触发 (点击成功, 未检测到失败提示, 默认视为成功)
[11:21:20] [4/12] 投递 171670519 ...
[11:21:32]   成功: 投递已触发 (点击成功, 未检测到失败提示, 默认视为成功)
[11:21:37] [5/12] 投递 151980729 ...
[11:21:49]   成功: 投递已触发 (点击成功, 未检测到失败提示, 默认视为成功)
[11:21:54] [6/12] 投递 173126640 ...
[11:22:06]   成功: 投递已触发 (点击成功, 未检测到失败提示, 默认视为成功)
[11:22:11] [7/12] 投递 170478705 ...
[11:22:24]   成功: 投递已触发 (点击成功, 未检测到失败提示, 默认视为成功)
[11:22:29] [8/12] 投递 171910187 ...
[11:22:31]   状态: no_apply_button - 未找到投递按钮 (可能已下架或需手动投递)
[11:22:36] [9/12] 投递 172923575 ...
[11:22:48]   成功: 投递已触发 (点击成功, 未检测到失败提示, 默认视为成功)
[11:22:53] [10/12] 投递 120269662 ...
[11:23:05]   成功: 投递已触发 (点击成功, 未检测到失败提示, 默认视为成功)
[11:23:10] [11/12] 投递 172972302 ...
[11:23:22]   成功: 投递已触发 (点击成功, 未检测到失败提示, 默认视为成功)
[11:23:27] [12/12] 投递 172966983 ...
[11:23:40]   成功: 投递已触发 (点击成功, 未检测到失败提示, 默认视为成功)
[11:23:40] 
[11:23:40] ========== 投递阶段完成 ==========
[11:23:40] 成功: 11
[11:23:40] 已投递过: 0
[11:23:40] 失败: 1
[11:23:40] 跳过(已处理): 0
[11:23:40] 投递记录: d:\obsidian\demo\05_long_project\招聘\投递记录.md
[11:23:40] 
[11:23:40] ============================================================
[11:23:40] 投递复核 启动
[11:23:40] 待复核职位: 11 个
[11:23:40] 复核间隔: 3 秒
[11:23:40] ============================================================
[11:23:40] [1/11] 复核 170945771 ...
[11:23:42]   ✓ 已投递: 已投递 (按钮: "已投递", 禁用)
[11:23:45] [2/11] 复核 136723019 ...
[11:23:47]   ✓ 已投递: 已投递 (按钮: "已投递", 禁用)
[11:23:50] [3/11] 复核 169484600 ...
[11:23:52]   ✓ 已投递: 已投递 (按钮: "已投递", 禁用)
[11:23:55] [4/11] 复核 171670519 ...
[11:23:57]   ✓ 已投递: 已投递 (按钮: "已投递", 禁用)
[11:24:00] [5/11] 复核 151980729 ...
[11:24:02]   ✓ 已投递: 已投递 (按钮: "已投递", 禁用)
[11:24:05] [6/11] 复核 173126640 ...
[11:24:07]   ✓ 已投递: 已投递 (按钮: "已投递", 禁用)
[11:24:10] [7/11] 复核 170478705 ...
[11:24:12]   ✓ 已投递: 已投递 (按钮: "已投递", 禁用)
[11:24:15] [8/11] 复核 172923575 ...
[11:24:17]   ✓ 已投递: 已投递 (按钮: "已投递", 禁用)
[11:24:20] [9/11] 复核 120269662 ...
[11:24:22]   ✓ 已投递: 已投递 (按钮: "已投递", 禁用)
[11:24:25] [10/11] 复核 172972302 ...
[11:24:30]   ✓ 已投递: 已投递 (按钮: "已投递", 禁用)
[11:24:33] [11/11] 复核 172966983 ...
[11:24:37]   ✓ 已投递: 已投递 (按钮: "已投递", 禁用)
[11:24:37] 
[11:24:37] ========== 复核完成 ==========
[11:24:37] 已投递 (符合预期): 11
[11:24:37] 未投递 → 补投成功: 0
[11:24:37] 未投递 → 补投失败: 0
[11:24:37] 复核失败/异常: 0
[11:24:37] 复核记录: d:\obsidian\demo\05_long_project\招聘\投递复核记录.md
