[08:49:59] ============================================================
[08:49:59] 前程无忧批量投递 启动
[08:49:59] OPENCLI_CMD: ('node', 'd:/voice/opencli-main/dist/main.js')
[08:49:59] 来源文件: d:\obsidian\demo\05_long_project\招聘\前程无忧_宠物_宁波.md
[08:49:59] 投递间隔: 5 秒
[08:49:59] 起始序号: 1
[08:49:59] 测试模式: 否
[08:49:59] 投递后复核: 是
[08:49:59] 只复核模式: 否
[08:49:59] ============================================================
[08:49:59] 提取到 23 个职位 URL
[08:49:59] 已处理 (将跳过): 23
[08:49:59] 
[08:49:59] ========== 投递阶段完成 ==========
[08:49:59] 成功: 0
[08:49:59] 已投递过: 0
[08:49:59] 失败: 0
[08:49:59] 跳过(已处理): 23
[08:49:59] 投递记录: d:\obsidian\demo\05_long_project\招聘\投递记录.md
[08:49:59] 无投递成功的记录, 跳过复核
