[15:01:51] ============================================================
[15:01:51] 前程无忧职位搜索采集 启动
[15:01:51] OPENCLI_CMD: ('node', 'd:\\voice\\opencli-main\\dist\\main.js')
[15:01:51] 输出目录: d:\obsidian\demo\05_long_project\招聘
[15:01:51] ============================================================
[15:02:35] 关键词: 录入
[15:02:35] 城市: 宁波
[15:02:35] 区域(多选): 海曙区, 江北区, 北仑区, 镇海区, 鄞州区
[15:02:35] 数量: 50
[15:02:35] 搜索中, 请稍候 (约 15-30 秒)...
[15:02:35] --- 全市分页搜索 (city=宁波, 目标 500 个, 最多 10 页) ---
[15:02:35] 分页采集: 目标 500 个, 每页 20, 最多 10 页
[15:02:35] --- 第 1/10 页 ---
[15:02:35] 调用 opencli job51 search (city=宁波, limit=20, page=1)
[15:02:48] 第 1 页新增 20 个 (累计 20)
[15:02:52] --- 第 2/10 页 ---
[15:02:52] 调用 opencli job51 search (city=宁波, limit=20, page=2)
[15:02:56] 第 2 页新增 20 个 (累计 40)
[15:02:59] --- 第 3/10 页 ---
[15:02:59] 调用 opencli job51 search (city=宁波, limit=20, page=3)
[15:03:07] 第 3 页新增 20 个 (累计 60)
[15:03:09] --- 第 4/10 页 ---
[15:03:09] 调用 opencli job51 search (city=宁波, limit=20, page=4)
[15:03:20] 第 4 页新增 20 个 (累计 80)
[15:03:22] --- 第 5/10 页 ---
[15:03:22] 调用 opencli job51 search (city=宁波, limit=20, page=5)
[15:03:36] 第 5 页新增 20 个 (累计 100)
[15:03:39] --- 第 6/10 页 ---
[15:03:39] 调用 opencli job51 search (city=宁波, limit=20, page=6)
[15:03:57] 第 6 页新增 20 个 (累计 120)
[15:04:00] --- 第 7/10 页 ---
[15:04:00] 调用 opencli job51 search (city=宁波, limit=20, page=7)
[15:04:21] 第 7 页新增 20 个 (累计 140)
[15:04:24] --- 第 8/10 页 ---
[15:04:24] 调用 opencli job51 search (city=宁波, limit=20, page=8)
[15:04:48] 第 8 页新增 20 个 (累计 160)
[15:04:51] --- 第 9/10 页 ---
[15:04:51] 调用 opencli job51 search (city=宁波, limit=20, page=9)
[15:05:17] 第 9 页新增 20 个 (累计 180)
[15:05:19] --- 第 10/10 页 ---
[15:05:19] 调用 opencli job51 search (city=宁波, limit=20, page=10)
[15:05:48] 第 10 页新增 20 个 (累计 200)
[15:05:51] 全市共获取 200 个职位, 开始按区域过滤...
[15:05:51]   海曙区: 21 个
[15:05:51]   江北区: 20 个
[15:05:51]   北仑区: 20 个
[15:05:51]   镇海区: 7 个
[15:05:52]   鄞州区: 42 个
[15:05:52] 过滤后总计: 110 个 (全市共 200, 其他区域 90)
[15:05:52] 获取到 110 个职位 (去重后)
[15:05:52] 已创建 (采集中): d:\obsidian\demo\05_long_project\招聘\前程无忧_录入_宁波多区.md
[15:05:52] 跳过详情获取 (已暂时取消), 只保留表格; 设置 SKIP_DETAIL=0 可恢复详情获取
[15:05:52] 已保存 (已采集): d:\obsidian\demo\05_long_project\招聘\前程无忧_录入_宁波多区.md
[15:05:52] 完成
