[14:39:00] ============================================================
[14:39:00] 前程无忧职位搜索采集 启动
[14:39:00] OPENCLI_CMD: ('node', 'd:\\voice\\opencli-main\\dist\\main.js')
[14:39:00] 输出目录: d:\obsidian\demo\05_long_project\招聘
[14:39:00] ============================================================
[14:39:16] 关键词: 录入
[14:39:16] 城市: 宁波
[14:39:16] 区域(多选): 海曙区, 江北区, 北仑区, 镇海区, 鄞州区
[14:39:16] 数量: 50
[14:39:16] 搜索中, 请稍候 (约 15-30 秒)...
[14:39:16] ⚠ 需求 50 个/区 × 5 区 = 250 个, 但 51job 单次最多 50 条, 实际可能不足
[14:39:16] --- 全市搜索 (city=宁波, limit=50) ---
[14:39:16] 调用 opencli job51 search (city=宁波, limit=50)
[14:39:27] 全市共获取 50 个职位, 开始按区域过滤...
[14:39:27]   海曙区: 4 个
[14:39:27]   江北区: 6 个
[14:39:27]   北仑区: 7 个
[14:39:27]   镇海区: 2 个
[14:39:27]   鄞州区: 8 个
[14:39:27] 过滤后总计: 27 个 (全市共 50, 其他区域 23)
[14:39:27] 获取到 27 个职位 (去重后)
[14:39:27] 已创建 (采集中): d:\obsidian\demo\05_long_project\招聘\前程无忧_录入_宁波多区.md
[14:39:28] 跳过详情获取 (已暂时取消), 只保留表格; 设置 SKIP_DETAIL=0 可恢复详情获取
[14:39:28] 已保存 (已采集): d:\obsidian\demo\05_long_project\招聘\前程无忧_录入_宁波多区.md
[14:39:28] 完成
