[14:33:00] ============================================================
[14:33:00] 前程无忧职位搜索采集 启动
[14:33:00] OPENCLI_CMD: ('node', 'd:\\voice\\opencli-main\\dist\\main.js')
[14:33:00] 输出目录: d:\obsidian\demo\05_long_project\前程无忧
[14:33:00] ============================================================
[14:33:00] 关键词: 外贸
[14:33:00] 城市: 宁波
[14:33:00] 数量: 20
[14:33:00] 搜索中, 请稍候 (约 15-30 秒)...
[14:33:00] 调用 opencli job51 search (城市=宁波, limit=20)
[14:33:06] 获取到 20 个职位
[14:33:06] 已创建 (采集中): d:\obsidian\demo\05_long_project\前程无忧\外贸_宁波_143306.md
[14:33:06] 开始获取职位详情 (20 个, 间隔 8-12秒, 重试2次)...
[14:33:06]   [1/20] 外贸跟单 - 获取详情...
[14:33:14]   [1/20] OK
[14:33:14]   [2/20] 外贸业务员/国际贸易专员 - 获取详情...
[14:33:33]   [2/20] OK
[14:33:33]   [3/20] 外贸业务/业务助理 - 获取详情...
[14:33:51]   [3/20] OK
[14:33:51]   [4/20] 外贸销售 - 获取详情...
[14:34:10]   [4/20] OK
[14:34:10]   [5/20] 外贸销售/海外销售 - 获取详情...
[14:34:30]   [5/20] OK
[14:34:30]   [6/20] 外贸推广专员 - 获取详情...
[14:34:40]   已完成 5 个, 批次暂停 16秒...
[14:34:50]   批次暂停中... (10/16秒)
[14:35:05]   [6/20] OK
[14:35:05]   [7/20] 西班牙语外贸业务经理 - 获取详情...
[14:35:24]   [7/20] OK
[14:35:24]   [8/20] 外贸业务员(J10019) - 获取详情...
[14:35:42]   [8/20] OK
[14:35:42]   [9/20] 外贸采购员（双休+五险一金） - 获取详情...
[14:36:01]   [9/20] OK
[14:36:01]   [10/20] 服装外贸业务员 南部商务区 - 获取详情...
[14:36:18]   [10/20] OK
[14:36:18]   [11/20] 外贸跟单员（年薪8万元起） - 获取详情...
[14:36:27]   已完成 10 个, 批次暂停 24秒...
[14:36:37]   批次暂停中... (10/24秒)
[14:36:47]   批次暂停中... (20/24秒)
[14:36:59]   [11/20] OK
[14:36:59]   [12/20] 箱包外贸业务员 - 获取详情...
[14:37:16]   [12/20] OK
[14:37:16]   [13/20] 外贸业务员 - 获取详情...
[14:37:32]   [13/20] OK
[14:37:32]   [14/20] 外贸采购 - 获取详情...
[14:37:52]   [14/20] OK
[14:37:52]   [15/20] 外贸服装资深业务员 - 获取详情...
[14:38:10]   [15/20] OK
[14:38:10]   [16/20] 外贸采购跟单 - 获取详情...
[14:38:19]   已完成 15 个, 批次暂停 16秒...
[14:38:29]   批次暂停中... (10/15秒)
[14:38:40]   detail 调用失败: 💥 Unexpected error: 触发了滑动验证！请先在浏览器中手动访问一次搜索页面，然后再试。
  Run with --verbose for details, or report: https://github.com/jackwener/opencli/issues

[14:38:40]   [16/20] 第1次失败, 27秒后重试...
[14:38:50]   重试等待中... (10/27秒)
[14:39:00]   重试等待中... (20/27秒)
[14:39:10]   detail 调用失败: 💥 Unexpected error: 触发了滑动验证！请先在浏览器中手动访问一次搜索页面，然后再试。
  Run with --verbose for details, or report: https://github.com/jackwener/opencli/issues

[14:39:10]   [16/20] 第2次失败, 20秒后重试...
[14:39:20]   重试等待中... (10/20秒)
[14:39:33]   detail 调用失败: 💥 Unexpected error: 触发了滑动验证！请先在浏览器中手动访问一次搜索页面，然后再试。
  Run with --verbose for details, or report: https://github.com/jackwener/opencli/issues

[14:39:33]   [16/20] 失败 (重试2次仍失败)
[14:39:33]   [17/20] 外贸采购 - 获取详情...
[14:39:49]   detail 调用失败: 💥 Unexpected error: 触发了滑动验证！请先在浏览器中手动访问一次搜索页面，然后再试。
  Run with --verbose for details, or report: https://github.com/jackwener/opencli/issues

[14:39:49]   [17/20] 第1次失败, 27秒后重试...
[14:39:59]   重试等待中... (10/26秒)
[14:40:09]   重试等待中... (20/26秒)
[14:40:18]   detail 调用失败: 💥 Unexpected error: 触发了滑动验证！请先在浏览器中手动访问一次搜索页面，然后再试。
  Run with --verbose for details, or report: https://github.com/jackwener/opencli/issues

[14:40:18]   [17/20] 第2次失败, 30秒后重试...
[14:40:28]   重试等待中... (10/29秒)
[14:40:38]   重试等待中... (20/29秒)
[14:40:50]   detail 调用失败: 💥 Unexpected error: 触发了滑动验证！请先在浏览器中手动访问一次搜索页面，然后再试。
  Run with --verbose for details, or report: https://github.com/jackwener/opencli/issues

[14:40:50]   [17/20] 失败 (重试2次仍失败)
[14:40:50]   [18/20] 外贸业务员（香薰蜡烛类） - 获取详情...
[14:40:59]   连续失败 2 次, 冷却 115秒...
[14:41:09]   冷却中... (10/114秒)
[14:41:19]   冷却中... (20/114秒)
[14:41:29]   冷却中... (30/114秒)
[14:41:39]   冷却中... (40/114秒)
[14:41:49]   冷却中... (50/114秒)
[14:41:59]   冷却中... (60/114秒)
[14:42:09]   冷却中... (70/114秒)
[14:42:19]   冷却中... (80/114秒)
[14:42:30]   冷却中... (90/114秒)
[14:42:40]   冷却中... (100/114秒)
[14:42:50]   冷却中... (110/114秒)
[14:42:57]   detail 调用失败: 💥 Unexpected error: 触发了滑动验证！请先在浏览器中手动访问一次搜索页面，然后再试。
  Run with --verbose for details, or report: https://github.com/jackwener/opencli/issues

[14:42:57]   [18/20] 第1次失败, 26秒后重试...
[14:43:07]   重试等待中... (10/25秒)
[14:43:17]   重试等待中... (20/25秒)
[14:43:24]   detail 调用失败: 💥 Unexpected error: 触发了滑动验证！请先在浏览器中手动访问一次搜索页面，然后再试。
  Run with --verbose for details, or report: https://github.com/jackwener/opencli/issues

[14:43:24]   [18/20] 第2次失败, 29秒后重试...
[14:43:34]   重试等待中... (10/28秒)
[14:43:44]   重试等待中... (20/28秒)
[14:43:54]   [18/20] OK
[14:43:54]   [19/20] 外贸服装业务员(双休+高薪) - 获取详情...
[14:44:11]   [19/20] OK
[14:44:11]   [20/20] 外贸业务员（服装） - 获取详情...
[14:44:28]   [20/20] OK
[14:44:28] 详情获取完成: 成功 18/20, 失败 2
[14:44:28] 缺失详情: [16, 17]
[14:44:28] 已保存 (采集中): d:\obsidian\demo\05_long_project\前程无忧\外贸_宁波_143306.md - 需要补充 2 个详情
[14:44:28] 完成
