[14:51:22] ============================================================
[14:51:22] 前程无忧批量投递 启动
[14:51:22] OPENCLI_CMD: ('node', 'd:/voice/opencli-main/dist/main.js')
[14:51:22] 来源文件: d:\obsidian\demo\05_long_project\招聘\前程无忧_外贸跟单_宁波.md
[14:51:22] 投递间隔: 5 秒
[14:51:22] 起始序号: 1
[14:51:22] 测试模式: 否
[14:51:22] 投递后复核: 是
[14:51:22] 只复核模式: 否
[14:51:22] ============================================================
[14:51:22] 提取到 50 个职位 URL
[14:51:22] 已处理 (将跳过): 54
[14:51:22] [1/50] 投递 171769363 ...
[14:51:38]   成功: 投递已触发 (点击成功, 未检测到失败提示, 默认视为成功)
[14:51:43] [2/50] 投递 127309748 ...
[14:51:48]   触发风控: 触发滑动验证, 请先手动访问搜索页解除风控
[14:51:48]   ⚠ 检测到滑动验证, 立即停止批量投递 (避免账号被风控封禁)
[14:51:48]   请手动访问 51job 搜索页解除风控后, 使用 --start 参数续投
[14:51:48]   续投命令: python job51_apply.py "d:\obsidian\demo\05_long_project\招聘\前程无忧_外贸跟单_宁波.md" --start 3
[14:51:48] 
[14:51:48] ========== 投递阶段完成 ==========
[14:51:48] 成功: 1
[14:51:48] 已投递过: 0
[14:51:48] 失败: 0
[14:51:48] 跳过(已处理): 0
[14:51:48] 投递记录: d:\obsidian\demo\05_long_project\招聘\投递记录.md
[14:51:48] 
[14:51:48] ============================================================
[14:51:48] 投递复核 启动
[14:51:48] 待复核职位: 1 个
[14:51:48] 复核间隔: 3 秒
[14:51:48] ============================================================
[14:51:48] [1/1] 复核 171769363 ...
[14:51:52]   ⚠ 触发风控: 触发滑动验证, 请先手动访问搜索页解除风控
[14:51:53]   ⚠ 复核触发滑动验证, 立即停止复核 (避免账号风控)
[14:51:53]   续复核命令: 重新运行 (脚本未支持 --recheck-start, 请手动重跑)
[14:51:53] 
[14:51:53] ========== 复核完成 ==========
[14:51:53] 已投递 (符合预期): 0
[14:51:53] 未投递 → 补投成功: 0
[14:51:53] 未投递 → 补投失败: 0
[14:51:53] 复核失败/异常: 1
[14:51:53] 复核记录: d:\obsidian\demo\05_long_project\招聘\投递复核记录.md
