[11:04:58] ============================================================
[11:04:58] 前程无忧职位搜索采集 启动
[11:04:58] OPENCLI_CMD: ('node', 'd:\\voice\\opencli-main\\dist\\main.js')
[11:04:58] 输出目录: d:\obsidian\demo\05_long_project\招聘
[11:04:58] ============================================================
[11:05:10] 关键词: 数据
[11:05:10] 城市: 宁波
[11:05:10] 区域(多选): 海曙区, 江北区, 北仑区, 镇海区, 鄞州区
[11:05:10] 数量: 50
[11:05:10] 搜索中, 请稍候 (约 15-30 秒)...
[11:05:10] --- 全市分页搜索 (city=宁波, 目标 500 个, 最多 10 页) ---
[11:05:10] 分页采集: 目标 500 个, 每页 20, 最多 10 页
[11:05:10] --- 第 1/10 页 ---
[11:05:10] 调用 opencli job51 search (city=宁波, limit=20, page=1)
[11:05:39] 第 1 页新增 20 个 (累计 20)
[11:05:41] --- 第 2/10 页 ---
[11:05:41] 调用 opencli job51 search (city=宁波, limit=20, page=2)
[11:05:45] 第 2 页新增 20 个 (累计 40)
[11:05:49] --- 第 3/10 页 ---
[11:05:49] 调用 opencli job51 search (city=宁波, limit=20, page=3)
[11:05:56] 第 3 页新增 20 个 (累计 60)
[11:05:58] --- 第 4/10 页 ---
[11:05:58] 调用 opencli job51 search (city=宁波, limit=20, page=4)
[11:06:09] 第 4 页新增 20 个 (累计 80)
[11:06:12] --- 第 5/10 页 ---
[11:06:12] 调用 opencli job51 search (city=宁波, limit=20, page=5)
[11:06:26] 第 5 页新增 20 个 (累计 100)
[11:06:30] --- 第 6/10 页 ---
[11:06:30] 调用 opencli job51 search (city=宁波, limit=20, page=6)
[11:06:47] 第 6 页新增 20 个 (累计 120)
[11:06:50] --- 第 7/10 页 ---
[11:06:50] 调用 opencli job51 search (city=宁波, limit=20, page=7)
[11:07:11] 第 7 页新增 20 个 (累计 140)
[11:07:13] --- 第 8/10 页 ---
[11:07:13] 调用 opencli job51 search (city=宁波, limit=20, page=8)
[11:07:37] 第 8 页新增 20 个 (累计 160)
[11:07:40] --- 第 9/10 页 ---
[11:07:40] 调用 opencli job51 search (city=宁波, limit=20, page=9)
[11:08:07] 第 9 页新增 20 个 (累计 180)
[11:08:10] --- 第 10/10 页 ---
[11:08:10] 调用 opencli job51 search (city=宁波, limit=20, page=10)
[11:08:40] 第 10 页新增 20 个 (累计 200)
[11:08:43] 全市共获取 200 个职位, 开始按区域过滤...
[11:08:43]   海曙区: 16 个
[11:08:43]   江北区: 15 个
[11:08:43]   北仑区: 18 个
[11:08:43]   镇海区: 11 个
[11:08:43]   鄞州区: 39 个
[11:08:43] 过滤后总计: 99 个 (全市共 200, 其他区域 101)
[11:08:43] 获取到 99 个职位 (去重后)
[11:08:43] 已创建 (采集中): d:\obsidian\demo\05_long_project\招聘\前程无忧_数据_宁波多区.md
[11:08:43] 跳过详情获取 (已暂时取消), 只保留表格; 设置 SKIP_DETAIL=0 可恢复详情获取
[11:08:43] 已保存 (已采集): d:\obsidian\demo\05_long_project\招聘\前程无忧_数据_宁波多区.md
[11:08:43] 完成
