[11:06:31] ============================================================
[11:06:31] 前程无忧批量投递 启动
[11:06:31] OPENCLI_CMD: ('node', 'd:/voice/opencli-main/dist/main.js')
[11:06:31] 来源文件: d:\obsidian\demo\05_long_project\招聘\前程无忧_ai_宁波.md
[11:06:31] 投递间隔: 5 秒
[11:06:31] 起始序号: 1
[11:06:31] 测试模式: 否
[11:06:31] 投递后复核: 是
[11:06:31] 只复核模式: 否
[11:06:31] ============================================================
[11:06:31] 提取到 19 个职位 URL
[11:06:31] 已处理 (将跳过): 25
[11:06:31] [3/19] 投递 172971715 ...
[11:06:46]   成功: 投递已触发 (点击成功, 未检测到失败提示, 默认视为成功)
[11:06:51] [4/19] 投递 173135179 ...
[11:06:55]   触发风控: 触发滑动验证, 请先手动访问搜索页解除风控
[11:06:55]   ⚠ 检测到滑动验证, 立即停止批量投递 (避免账号被风控封禁)
[11:06:55]   请手动访问 51job 搜索页解除风控后, 使用 --start 参数续投
[11:06:55]   续投命令: python job51_apply.py "d:\obsidian\demo\05_long_project\招聘\前程无忧_ai_宁波.md" --start 5
[11:06:55] 
[11:06:55] ========== 投递阶段完成 ==========
[11:06:55] 成功: 1
[11:06:55] 已投递过: 0
[11:06:55] 失败: 0
[11:06:55] 跳过(已处理): 2
[11:06:55] 投递记录: d:\obsidian\demo\05_long_project\招聘\投递记录.md
[11:06:55] 
[11:06:55] ============================================================
[11:06:55] 投递复核 启动
[11:06:55] 待复核职位: 1 个
[11:06:55] 复核间隔: 3 秒
[11:06:55] ============================================================
[11:06:55] [1/1] 复核 172971715 ...
[11:07:03]   ✓ 已投递: 已投递 (按钮: "已投递", 禁用)
[11:07:03] 
[11:07:03] ========== 复核完成 ==========
[11:07:03] 已投递 (符合预期): 1
[11:07:03] 未投递 → 补投成功: 0
[11:07:03] 未投递 → 补投失败: 0
[11:07:03] 复核失败/异常: 0
[11:07:03] 复核记录: d:\obsidian\demo\05_long_project\招聘\投递复核记录.md
