[14:50:05] ============================================================
[14:50:05] 前程无忧职位搜索采集 启动
[14:50:05] OPENCLI_CMD: ('node', 'd:\\voice\\opencli-main\\dist\\main.js')
[14:50:05] 输出目录: d:\obsidian\demo\05_long_project\招聘
[14:50:05] ============================================================
[14:50:15] 关键词: 录入
[14:50:15] 城市: 宁波
[14:50:15] 区域(多选): 镇海区
[14:50:15] 数量: 50
[14:50:15] 搜索中, 请稍候 (约 15-30 秒)...
[14:50:15] ⚠ 需求 50 个/区 × 1 区 = 50 个, 但 51job 单次最多 50 条, 实际可能不足
[14:50:15] --- 全市搜索 (city=宁波, limit=50) ---
[14:50:15] 调用 opencli job51 search (city=宁波, limit=50)
[14:50:29] 全市共获取 50 个职位, 开始按区域过滤...
[14:50:29]   镇海区: 1 个
[14:50:29] 过滤后总计: 1 个 (全市共 50, 其他区域 49)
[14:50:29] 获取到 1 个职位 (去重后)
[14:50:29] 已创建 (采集中): d:\obsidian\demo\05_long_project\招聘\前程无忧_录入_镇海.md
[14:50:29] 跳过详情获取 (已暂时取消), 只保留表格; 设置 SKIP_DETAIL=0 可恢复详情获取
[14:50:29] 已保存 (已采集): d:\obsidian\demo\05_long_project\招聘\前程无忧_录入_镇海.md
[14:50:29] 完成
