[16:32:18] ============================================================
[16:32:18] 前程无忧批量投递 启动
[16:32:18] OPENCLI_CMD: ('node', 'd:/voice/opencli-main/dist/main.js')
[16:32:18] 来源文件: d:\obsidian\demo\05_long_project\招聘\前程无忧_录入_宁波多区.md
[16:32:18] 投递间隔: 5 秒
[16:32:18] 起始序号: 1
[16:32:18] 测试模式: 否
[16:32:18] ============================================================
[16:32:18] 提取到 58 个职位 URL
[16:32:18] 已处理 (将跳过): 27
[16:32:18] [28/58] 投递 162626971 ...
[16:32:34]   成功: 投递已触发 (点击成功, 未检测到失败提示, 默认视为成功)
[16:32:39] [29/58] 投递 171796544 ...
[16:32:51]   成功: 投递已触发 (点击成功, 未检测到失败提示, 默认视为成功)
[16:32:56] [30/58] 投递 173098358 ...
[16:33:09]   成功: 投递已触发 (点击成功, 未检测到失败提示, 默认视为成功)
[16:33:14] [31/58] 投递 173205433 ...
[16:33:26]   成功: 投递已触发 (点击成功, 未检测到失败提示, 默认视为成功)
[16:33:31] [32/58] 投递 172740409 ...
[16:33:46]   成功: 投递已触发 (点击成功, 未检测到失败提示, 默认视为成功)
[16:33:51] [33/58] 投递 171506810 ...
[16:34:08]   成功: 投递已触发 (点击成功, 未检测到失败提示, 默认视为成功)
[16:34:13] [34/58] 投递 173184838 ...
[16:34:30]   成功: 投递已触发 (点击成功, 未检测到失败提示, 默认视为成功)
[16:34:35] [35/58] 投递 173252251 ...
[16:34:52]   成功: 投递已触发 (点击成功, 未检测到失败提示, 默认视为成功)
[16:34:57] [36/58] 投递 170689234 ...
[16:35:13]   成功: 投递已触发 (点击成功, 未检测到失败提示, 默认视为成功)
[16:35:18] [37/58] 投递 159733900 ...
[16:35:35]   成功: 投递已触发 (点击成功, 未检测到失败提示, 默认视为成功)
[16:35:40] [38/58] 投递 163278584 ...
[16:35:56]   成功: 投递已触发 (点击成功, 未检测到失败提示, 默认视为成功)
[16:36:01] [39/58] 投递 171923361 ...
[16:36:18]   成功: 投递已触发 (点击成功, 未检测到失败提示, 默认视为成功)
[16:36:23] [40/58] 投递 173211279 ...
[16:36:40]   成功: 投递已触发 (点击成功, 未检测到失败提示, 默认视为成功)
[16:36:45] [41/58] 投递 172081469 ...
[16:37:03]   成功: 投递已触发 (点击成功, 未检测到失败提示, 默认视为成功)
[16:37:08] [42/58] 投递 172968721 ...
[16:37:24]   成功: 投递已触发 (点击成功, 未检测到失败提示, 默认视为成功)
[16:37:29] [43/58] 投递 171952598 ...
[16:37:46]   成功: 投递已触发 (点击成功, 未检测到失败提示, 默认视为成功)
[16:37:51] [44/58] 投递 172787863 ...
[16:38:08]   成功: 投递已触发 (点击成功, 未检测到失败提示, 默认视为成功)
[16:38:13] [45/58] 投递 173246578 ...
[16:38:30]   成功: 投递已触发 (点击成功, 未检测到失败提示, 默认视为成功)
[16:38:35] [46/58] 投递 173182642 ...
[16:38:52]   成功: 投递已触发 (点击成功, 未检测到失败提示, 默认视为成功)
[16:38:57] [47/58] 投递 172892264 ...
[16:39:15]   成功: 投递已触发 (点击成功, 未检测到失败提示, 默认视为成功)
[16:39:20] [48/58] 投递 161204994 ...
[16:39:36]   成功: 投递已触发 (点击成功, 未检测到失败提示, 默认视为成功)
[16:39:41] [49/58] 投递 167355348 ...
[16:39:58]   成功: 投递已触发 (点击成功, 未检测到失败提示, 默认视为成功)
[16:40:03] [50/58] 投递 172260236 ...
[16:40:20]   成功: 投递已触发 (点击成功, 未检测到失败提示, 默认视为成功)
[16:40:25] [51/58] 投递 172841182 ...
[16:40:38]   成功: 投递已触发 (点击成功, 未检测到失败提示, 默认视为成功)
[16:40:43] [52/58] 投递 172901407 ...
[16:40:55]   成功: 投递已触发 (点击成功, 未检测到失败提示, 默认视为成功)
[16:41:00] [53/58] 投递 171280000 ...
[16:41:12]   成功: 投递已触发 (点击成功, 未检测到失败提示, 默认视为成功)
[16:41:17] [54/58] 投递 141334000 ...
[16:41:29]   成功: 投递已触发 (点击成功, 未检测到失败提示, 默认视为成功)
[16:41:34] [55/58] 投递 171207097 ...
[16:41:44]   成功: 投递成功 (按钮已变"已投递") (已自动确认弹窗)
[16:41:49] [56/58] 投递 172768998 ...
[16:42:16]   成功: 投递已触发 (点击成功, 未检测到失败提示, 默认视为成功)
[16:42:21] [57/58] 投递 171319800 ...
[16:42:37]   成功: 投递已触发 (点击成功, 未检测到失败提示, 默认视为成功)
[16:42:42] [58/58] 投递 171287484 ...
[16:42:54]   成功: 投递已触发 (点击成功, 未检测到失败提示, 默认视为成功)
[16:42:54] 
[16:42:54] ========== 完成 ==========
[16:42:54] 成功: 31
[16:42:54] 已投递过: 0
[16:42:54] 失败: 0
[16:42:54] 跳过(已处理): 27
[16:42:54] 投递记录: d:\obsidian\demo\05_long_project\招聘\投递记录.md
