[17:15:14] ============================================================
[17:15:14] 前程无忧批量投递 启动
[17:15:14] OPENCLI_CMD: ('node', 'd:/voice/opencli-main/dist/main.js')
[17:15:14] 来源文件: d:\obsidian\demo\inbox\python\test_recheck.md
[17:15:14] 投递间隔: 5 秒
[17:15:14] 起始序号: 1
[17:15:14] 测试模式: 否
[17:15:14] 投递后复核: 是
[17:15:14] 只复核模式: 是
[17:15:14] ============================================================
[17:15:14] 提取到 2 个职位 URL
[17:15:14] ============================================================
[17:15:14] 只复核模式 启动 (跳过投递阶段)
[17:15:14] 待复核职位: 2 个
[17:15:14] 复核间隔: 3 秒
[17:15:14] ============================================================
[17:15:14] [1/2] 复核 171207097 ...
[17:15:17]   ✓ 已投递: 已投递 (按钮: "已投递", 禁用)
[17:15:20] [2/2] 复核 173290305 ...
[17:15:28]   ✓ 已投递: 已投递 (按钮: "已投递", 禁用)
[17:15:28] 
[17:15:28] ========== 复核完成 ==========
[17:15:28] 已投递: 2
[17:15:28] 未投递 → 补投成功: 0
[17:15:28] 未投递 → 补投失败: 0
[17:15:28] 复核失败/异常: 0
[17:15:28] 复核记录: d:\obsidian\demo\05_long_project\招聘\投递复核记录.md
