[10:51:45] ============================================================
[10:51:45] 前程无忧批量投递 启动
[10:51:45] OPENCLI_CMD: ('node', 'd:/voice/opencli-main/dist/main.js')
[10:51:45] 来源文件: d:\obsidian\demo\05_long_project\招聘\前程无忧_ai_宁波.md
[10:51:45] 投递间隔: 5 秒
[10:51:45] 起始序号: 1
[10:51:45] 测试模式: 否
[10:51:45] 投递后复核: 是
[10:51:45] 只复核模式: 否
[10:51:45] ============================================================
[10:51:45] 提取到 19 个职位 URL
[10:51:45] 已处理 (将跳过): 23
[10:51:45] [1/19] 投递 173103829 ...
[10:51:53]   状态: no_apply_button - 未找到投递按钮 (可能已下架或需手动投递)
[10:51:58] [2/19] 投递 172488954 ...
[10:52:16]   成功: 投递已触发 (点击成功, 未检测到失败提示, 默认视为成功)
[10:52:21] [3/19] 投递 172971715 ...
[10:52:26]   触发风控: 触发滑动验证, 请先手动访问搜索页解除风控
[10:52:26]   ⚠ 检测到滑动验证, 立即停止批量投递 (避免账号被风控封禁)
[10:52:26]   请手动访问 51job 搜索页解除风控后, 使用 --start 参数续投
[10:52:26]   续投命令: python job51_apply.py "d:\obsidian\demo\05_long_project\招聘\前程无忧_ai_宁波.md" --start 4
[10:52:26] 
[10:52:26] ========== 投递阶段完成 ==========
[10:52:26] 成功: 1
[10:52:26] 已投递过: 0
[10:52:26] 失败: 1
[10:52:26] 跳过(已处理): 0
[10:52:26] 投递记录: d:\obsidian\demo\05_long_project\招聘\投递记录.md
[10:52:26] 
[10:52:26] ============================================================
[10:52:26] 投递复核 启动
[10:52:26] 待复核职位: 1 个
[10:52:26] 复核间隔: 3 秒
[10:52:26] ============================================================
[10:52:26] [1/1] 复核 172488954 ...
[10:52:34]   ✓ 已投递: 已投递 (按钮: "已投递", 禁用)
[10:52:34] 
[10:52:34] ========== 复核完成 ==========
[10:52:34] 已投递 (符合预期): 1
[10:52:34] 未投递 → 补投成功: 0
[10:52:34] 未投递 → 补投失败: 0
[10:52:34] 复核失败/异常: 0
[10:52:34] 复核记录: d:\obsidian\demo\05_long_project\招聘\投递复核记录.md
