[08:50:53] ============================================================
[08:50:53] 前程无忧批量投递 启动
[08:50:53] OPENCLI_CMD: ('node', 'd:/voice/opencli-main/dist/main.js')
[08:50:53] 来源文件: d:\obsidian\demo\05_long_project\招聘\前程无忧_宠物_宁波.md
[08:50:53] 投递间隔: 5 秒
[08:50:53] 起始序号: 1
[08:50:53] 测试模式: 否
[08:50:53] 投递后复核: 否
[08:50:53] 只复核模式: 否
[08:50:53] ============================================================
[08:50:53] 提取到 23 个职位 URL
[08:50:53] 已处理 (将跳过): 23
[08:50:53] 
[08:50:53] ========== 投递阶段完成 ==========
[08:50:53] 成功: 0
[08:50:53] 已投递过: 0
[08:50:53] 失败: 0
[08:50:53] 跳过(已处理): 23
[08:50:53] 投递记录: d:\obsidian\demo\05_long_project\招聘\投递记录.md
[08:50:53] 已通过 --no-recheck 跳过复核
