[11:09:24] ============================================================
[11:09:24] 前程无忧批量投递 启动
[11:09:24] OPENCLI_CMD: ('node', 'd:/voice/opencli-main/dist/main.js')
[11:09:24] 来源文件: d:\obsidian\demo\05_long_project\招聘\前程无忧_ai_宁波.md
[11:09:24] 投递间隔: 5 秒
[11:09:24] 起始序号: 1
[11:09:24] 测试模式: 否
[11:09:24] 投递后复核: 是
[11:09:24] 只复核模式: 否
[11:09:24] ============================================================
[11:09:24] 提取到 19 个职位 URL
[11:09:24] 已处理 (将跳过): 28
[11:09:24] [6/19] 投递 172423667 ...
[11:09:39]   成功: 投递已触发 (点击成功, 未检测到失败提示, 默认视为成功)
[11:09:44] [7/19] 投递 173134149 ...
[11:09:46]   状态: no_apply_button - 未找到投递按钮 (可能已下架或需手动投递)
[11:09:51] [8/19] 投递 172899062 ...
[11:09:58]   成功: 投递成功
[11:10:03] [9/19] 投递 171834636 ...
[11:10:16]   成功: 投递已触发 (点击成功, 未检测到失败提示, 默认视为成功)
[11:10:21] [10/19] 投递 172662782 ...
[11:10:33]   成功: 投递已触发 (点击成功, 未检测到失败提示, 默认视为成功)
[11:10:38] [11/19] 投递 170479993 ...
[11:10:50]   成功: 投递已触发 (点击成功, 未检测到失败提示, 默认视为成功)
[11:10:55] [12/19] 投递 172862394 ...
[11:11:08]   成功: 投递已触发 (点击成功, 未检测到失败提示, 默认视为成功)
[11:11:13] [13/19] 投递 172972606 ...
[11:11:25]   成功: 投递已触发 (点击成功, 未检测到失败提示, 默认视为成功)
[11:11:30] [14/19] 投递 163633412 ...
[11:11:42]   成功: 投递已触发 (点击成功, 未检测到失败提示, 默认视为成功)
[11:11:47] [15/19] 投递 172058683 ...
[11:12:00]   成功: 投递已触发 (点击成功, 未检测到失败提示, 默认视为成功)
[11:12:05] [16/19] 投递 172160553 ...
[11:12:17]   成功: 投递已触发 (点击成功, 未检测到失败提示, 默认视为成功)
[11:12:22] [17/19] 投递 170002345 ...
[11:12:34]   成功: 投递已触发 (点击成功, 未检测到失败提示, 默认视为成功)
[11:12:39] [18/19] 投递 172471072 ...
[11:12:51]   成功: 投递已触发 (点击成功, 未检测到失败提示, 默认视为成功)
[11:12:56] [19/19] 投递 172118595 ...
[11:13:09]   成功: 投递已触发 (点击成功, 未检测到失败提示, 默认视为成功)
[11:13:09] 
[11:13:09] ========== 投递阶段完成 ==========
[11:13:09] 成功: 13
[11:13:09] 已投递过: 0
[11:13:09] 失败: 1
[11:13:09] 跳过(已处理): 5
[11:13:09] 投递记录: d:\obsidian\demo\05_long_project\招聘\投递记录.md
[11:13:09] 
[11:13:09] ============================================================
[11:13:09] 投递复核 启动
[11:13:09] 待复核职位: 13 个
[11:13:09] 复核间隔: 3 秒
[11:13:09] ============================================================
[11:13:09] [1/13] 复核 172423667 ...
[11:13:11]   ✓ 已投递: 已投递 (按钮: "已投递", 禁用)
[11:13:14] [2/13] 复核 172899062 ...
[11:13:16]   ✗ 未投递! 开始补投: 未投递 (按钮: "立即投递", 可点)
[11:13:21]   ✓ 补投成功: 投递成功
[11:13:24] [3/13] 复核 171834636 ...
[11:13:26]   ✓ 已投递: 已投递 (按钮: "已投递", 禁用)
[11:13:29] [4/13] 复核 172662782 ...
[11:13:31]   ✓ 已投递: 已投递 (按钮: "已投递", 禁用)
[11:13:34] [5/13] 复核 170479993 ...
[11:13:36]   ✓ 已投递: 已投递 (按钮: "已投递", 禁用)
[11:13:39] [6/13] 复核 172862394 ...
[11:13:41]   ✓ 已投递: 已投递 (按钮: "已投递", 禁用)
[11:13:44] [7/13] 复核 172972606 ...
[11:13:49]   ✓ 已投递: 已投递 (按钮: "已投递", 禁用)
[11:13:52] [8/13] 复核 163633412 ...
[11:13:54]   ✓ 已投递: 已投递 (按钮: "已投递", 禁用)
[11:13:57] [9/13] 复核 172058683 ...
[11:13:59]   ✓ 已投递: 已投递 (按钮: "已投递", 禁用)
[11:14:02] [10/13] 复核 172160553 ...
[11:14:04]   ✓ 已投递: 已投递 (按钮: "已投递", 禁用)
[11:14:07] [11/13] 复核 170002345 ...
[11:14:09]   ✓ 已投递: 已投递 (按钮: "已投递", 禁用)
[11:14:12] [12/13] 复核 172471072 ...
[11:14:14]   ✓ 已投递: 已投递 (按钮: "已投递", 禁用)
[11:14:17] [13/13] 复核 172118595 ...
[11:14:20]   ✓ 已投递: 已投递 (按钮: "已投递", 禁用)
[11:14:20] 
[11:14:20] ========== 复核完成 ==========
[11:14:20] 已投递 (符合预期): 12
[11:14:20] 未投递 → 补投成功: 1
[11:14:20] 未投递 → 补投失败: 0
[11:14:20] 复核失败/异常: 0
[11:14:20] 复核记录: d:\obsidian\demo\05_long_project\招聘\投递复核记录.md
