[17:13:14] ============================================================
[17:13:14] 前程无忧批量投递 启动
[17:13:14] OPENCLI_CMD: ('node', 'd:/voice/opencli-main/dist/main.js')
[17:13:14] 来源文件: d:\obsidian\demo\inbox\python\test_recheck.md
[17:13:14] 投递间隔: 5 秒
[17:13:14] 起始序号: 1
[17:13:14] 测试模式: 否
[17:13:14] 投递后复核: 是
[17:13:14] 只复核模式: 是
[17:13:14] ============================================================
[17:13:14] 提取到 2 个职位 URL
[17:13:14] ============================================================
[17:13:14] 只复核模式 启动 (跳过投递阶段)
[17:13:14] 待复核职位: 2 个
[17:13:14] 复核间隔: 3 秒
[17:13:14] ============================================================
[17:13:14] [1/2] 复核 171207097 ...
[17:13:15]   ✓ 已投递: 已投递 (按钮: "已投递", 禁用)
[17:13:18] [2/2] 复核 173290305 ...
[17:13:26]   ✗ 未投递! 开始补投: 未投递 (按钮: "立即投递", 可点)
[17:13:38]   ✓ 补投成功: 投递已触发 (点击成功, 未检测到失败提示, 默认视为成功)
[17:13:38] 
[17:13:38] ========== 复核完成 ==========
[17:13:38] 已投递: 1
[17:13:38] 未投递 → 补投成功: 1
[17:13:38] 未投递 → 补投失败: 0
[17:13:38] 复核失败/异常: 0
[17:13:38] 复核记录: d:\obsidian\demo\05_long_project\招聘\投递复核记录.md
