[14:52:15] ============================================================
[14:52:15] 前程无忧批量投递 启动
[14:52:15] OPENCLI_CMD: ('node', 'd:/voice/opencli-main/dist/main.js')
[14:52:15] 来源文件: d:\obsidian\demo\05_long_project\招聘\前程无忧_外贸跟单_宁波.md
[14:52:15] 投递间隔: 5 秒
[14:52:15] 起始序号: 1
[14:52:15] 测试模式: 否
[14:52:15] 投递后复核: 是
[14:52:15] 只复核模式: 否
[14:52:15] ============================================================
[14:52:15] 提取到 50 个职位 URL
[14:52:15] 已处理 (将跳过): 55
[14:52:15] [2/50] 投递 127309748 ...
[14:52:18]   状态: no_apply_button - 未找到投递按钮 (可能已下架或需手动投递)
[14:52:23] [3/50] 投递 170201813 ...
[14:52:35]   成功: 投递成功 (按钮已变"已投递") (已自动确认弹窗)
[14:52:40] [4/50] 投递 171682654 ...
[14:52:52]   成功: 投递成功 (按钮已变"已投递") (已自动确认弹窗)
[14:52:57] [6/50] 投递 116337072 ...
[14:53:13]   成功: 投递已触发 (点击成功, 未检测到失败提示, 默认视为成功)
[14:53:18] [7/50] 投递 172025852 ...
[14:53:23]   状态: no_apply_button - 未找到投递按钮 (可能已下架或需手动投递)
[14:53:28] [8/50] 投递 171150210 ...
[14:53:38]   成功: 投递成功 (按钮已变"已投递") (已自动确认弹窗)
[14:53:43] [9/50] 投递 134034158 ...
[14:54:01]   成功: 投递已触发 (点击成功, 未检测到失败提示, 默认视为成功)
[14:54:06] [11/50] 投递 170545130 ...
[14:54:23]   成功: 投递已触发 (点击成功, 未检测到失败提示, 默认视为成功)
[14:54:28] [12/50] 投递 164594835 ...
[14:54:44]   成功: 投递已触发 (点击成功, 未检测到失败提示, 默认视为成功)
[14:54:49] [13/50] 投递 172912861 ...
[14:54:53]   状态: no_apply_button - 未找到投递按钮 (可能已下架或需手动投递)
[14:54:58] [14/50] 投递 141725504 ...
[14:55:14]   成功: 投递已触发 (点击成功, 未检测到失败提示, 默认视为成功)
[14:55:19] [15/50] 投递 172755822 ...
[14:55:27]   成功: 投递成功 (按钮已变"已投递") (已自动确认弹窗)
[14:55:32] [16/50] 投递 169243716 ...
[14:55:49]   成功: 投递已触发 (点击成功, 未检测到失败提示, 默认视为成功)
[14:55:54] [17/50] 投递 165814551 ...
[14:56:05]   成功: 投递成功 (按钮已变"已投递") (已自动确认弹窗)
[14:56:10] [18/50] 投递 153577397 ...
[14:56:22]   成功: 投递成功 (按钮已变"已投递") (已自动确认弹窗)
[14:56:27] [19/50] 投递 152185505 ...
[14:56:44]   成功: 投递已触发 (点击成功, 未检测到失败提示, 默认视为成功)
[14:56:49] [20/50] 投递 168139287 ...
[14:57:00]   成功: 投递成功 (按钮已变"已投递") (已自动确认弹窗)
[14:57:05] [22/50] 投递 118494934 ...
[14:57:23]   成功: 投递已触发 (点击成功, 未检测到失败提示, 默认视为成功)
[14:57:28] [23/50] 投递 171383303 ...
[14:57:45]   成功: 投递已触发 (点击成功, 未检测到失败提示, 默认视为成功)
[14:57:50] [24/50] 投递 145774005 ...
[14:58:08]   成功: 投递已触发 (点击成功, 未检测到失败提示, 默认视为成功)
[14:58:13] [25/50] 投递 170648417 ...
[14:58:30]   成功: 投递已触发 (点击成功, 未检测到失败提示, 默认视为成功)
[14:58:35] [26/50] 投递 74651676 ...
[14:58:53]   成功: 投递已触发 (点击成功, 未检测到失败提示, 默认视为成功)
[14:58:58] [27/50] 投递 161682175 ...
[14:59:15]   成功: 投递已触发 (点击成功, 未检测到失败提示, 默认视为成功)
[14:59:21] [28/50] 投递 159213997 ...
[14:59:38]   成功: 投递已触发 (点击成功, 未检测到失败提示, 默认视为成功)
[14:59:43] [29/50] 投递 170000161 ...
[15:00:00]   成功: 投递已触发 (点击成功, 未检测到失败提示, 默认视为成功)
[15:00:05] [30/50] 投递 171587545 ...
[15:00:21]   成功: 投递已触发 (点击成功, 未检测到失败提示, 默认视为成功)
[15:00:26] [31/50] 投递 169283690 ...
[15:00:41]   成功: 投递已触发 (点击成功, 未检测到失败提示, 默认视为成功)
[15:00:46] [32/50] 投递 169283644 ...
[15:01:01]   成功: 投递已触发 (点击成功, 未检测到失败提示, 默认视为成功)
[15:01:06] [33/50] 投递 130163480 ...
[15:01:22]   成功: 投递已触发 (点击成功, 未检测到失败提示, 默认视为成功)
[15:01:27] [34/50] 投递 168106355 ...
[15:01:43]   成功: 投递已触发 (点击成功, 未检测到失败提示, 默认视为成功)
[15:01:48] [35/50] 投递 165300645 ...
[15:01:59]   成功: 投递成功 (按钮已变"已投递") (已自动确认弹窗)
[15:02:04] [36/50] 投递 98961363 ...
[15:02:21]   成功: 投递已触发 (点击成功, 未检测到失败提示, 默认视为成功)
[15:02:26] [37/50] 投递 78038747 ...
[15:02:42]   成功: 投递已触发 (点击成功, 未检测到失败提示, 默认视为成功)
[15:02:47] [38/50] 投递 168551376 ...
[15:02:56]   成功: 投递成功 (按钮已变"已投递") (已自动确认弹窗)
[15:03:01] [39/50] 投递 158482471 ...
[15:03:17]   成功: 投递已触发 (点击成功, 未检测到失败提示, 默认视为成功)
[15:03:22] [40/50] 投递 170118062 ...
[15:03:32]   成功: 投递成功 (按钮已变"已投递") (已自动确认弹窗)
[15:03:37] [41/50] 投递 170775181 ...
[15:03:52]   成功: 投递已触发 (点击成功, 未检测到失败提示, 默认视为成功)
[15:03:57] [42/50] 投递 172627796 ...
[15:04:13]   成功: 投递已触发 (点击成功, 未检测到失败提示, 默认视为成功)
[15:04:18] [43/50] 投递 173037459 ...
[15:04:33]   成功: 投递已触发 (点击成功, 未检测到失败提示, 默认视为成功)
[15:04:38] [45/50] 投递 172569025 ...
[15:04:53]   成功: 投递已触发 (点击成功, 未检测到失败提示, 默认视为成功)
[15:04:58] [46/50] 投递 146218617 ...
[15:05:04]   状态: no_apply_button - 未找到投递按钮 (可能已下架或需手动投递)
[15:05:09] [47/50] 投递 170112246 ...
[15:05:26]   成功: 投递已触发 (点击成功, 未检测到失败提示, 默认视为成功)
[15:05:31] [48/50] 投递 171166853 ...
[15:05:48]   成功: 投递已触发 (点击成功, 未检测到失败提示, 默认视为成功)
[15:05:53] [49/50] 投递 156796651 ...
[15:06:00]   状态: no_apply_button - 未找到投递按钮 (可能已下架或需手动投递)
[15:06:05] [50/50] 投递 173094012 ...
[15:06:21]   成功: 投递已触发 (点击成功, 未检测到失败提示, 默认视为成功)
[15:06:21] 
[15:06:21] ========== 投递阶段完成 ==========
[15:06:21] 成功: 40
[15:06:21] 已投递过: 0
[15:06:21] 失败: 5
[15:06:21] 跳过(已处理): 5
[15:06:21] 投递记录: d:\obsidian\demo\05_long_project\招聘\投递记录.md
[15:06:21] 
[15:06:21] ============================================================
[15:06:21] 投递复核 启动
[15:06:21] 待复核职位: 40 个
[15:06:21] 复核间隔: 3 秒
[15:06:21] ============================================================
[15:06:21] [1/40] 复核 170201813 ...
[15:06:28]   ✓ 已投递: 已投递 (按钮: "已投递", 禁用)
[15:06:31] [2/40] 复核 171682654 ...
[15:06:37]   ✓ 已投递: 已投递 (按钮: "已投递", 禁用)
[15:06:40] [3/40] 复核 116337072 ...
[15:06:46]   ✓ 已投递: 已投递 (按钮: "已投递", 禁用)
[15:06:49] [4/40] 复核 171150210 ...
[15:06:55]   ✓ 已投递: 已投递 (按钮: "已投递", 禁用)
[15:06:58] [5/40] 复核 134034158 ...
[15:07:04]   ✓ 已投递: 已投递 (按钮: "已投递", 禁用)
[15:07:07] [6/40] 复核 170545130 ...
[15:07:13]   ✓ 已投递: 已投递 (按钮: "已投递", 禁用)
[15:07:16] [7/40] 复核 164594835 ...
[15:07:22]   ✓ 已投递: 已投递 (按钮: "已投递", 禁用)
[15:07:25] [8/40] 复核 141725504 ...
[15:07:31]   ✓ 已投递: 已投递 (按钮: "已投递", 禁用)
[15:07:34] [9/40] 复核 172755822 ...
[15:07:50]   ✓ 已投递: 已投递 (按钮: "已投递", 禁用)
[15:07:53] [10/40] 复核 169243716 ...
[15:08:01]   ✓ 已投递: 已投递 (按钮: "已投递", 禁用)
[15:08:04] [11/40] 复核 165814551 ...
[15:08:11]   ✓ 已投递: 已投递 (按钮: "已投递", 禁用)
[15:08:14] [12/40] 复核 153577397 ...
[15:08:20]   ✓ 已投递: 已投递 (按钮: "已投递", 禁用)
[15:08:23] [13/40] 复核 152185505 ...
[15:08:38]   ✓ 已投递: 已投递 (按钮: "已投递", 禁用)
[15:08:41] [14/40] 复核 168139287 ...
[15:08:54]   ✓ 已投递: 已投递 (按钮: "已投递", 禁用)
[15:08:57] [15/40] 复核 118494934 ...
[15:09:11]   ✓ 已投递: 已投递 (按钮: "已投递", 禁用)
[15:09:14] [16/40] 复核 171383303 ...
[15:09:20]   ✓ 已投递: 已投递 (按钮: "已投递", 禁用)
[15:09:23] [17/40] 复核 145774005 ...
[15:09:30]   ✓ 已投递: 已投递 (按钮: "已投递", 禁用)
[15:09:33] [18/40] 复核 170648417 ...
[15:09:48]   ✓ 已投递: 已投递 (按钮: "已投递", 禁用)
[15:09:51] [19/40] 复核 74651676 ...
[15:09:57]   ✓ 已投递: 已投递 (按钮: "已投递", 禁用)
[15:10:00] [20/40] 复核 161682175 ...
[15:10:06]   ✓ 已投递: 已投递 (按钮: "已投递", 禁用)
[15:10:09] [21/40] 复核 159213997 ...
[15:10:16]   ✓ 已投递: 已投递 (按钮: "已投递", 禁用)
[15:10:19] [22/40] 复核 170000161 ...
[15:10:34]   ✓ 已投递: 已投递 (按钮: "已投递", 禁用)
[15:10:37] [23/40] 复核 171587545 ...
[15:10:52]   ✓ 已投递: 已投递 (按钮: "已投递", 禁用)
[15:10:55] [24/40] 复核 169283690 ...
[15:11:02]   ✓ 已投递: 已投递 (按钮: "已投递", 禁用)
[15:11:05] [25/40] 复核 169283644 ...
[15:11:18]   ✓ 已投递: 已投递 (按钮: "已投递", 禁用)
[15:11:21] [26/40] 复核 130163480 ...
[15:11:36]   ✓ 已投递: 已投递 (按钮: "已投递", 禁用)
[15:11:39] [27/40] 复核 168106355 ...
[15:11:46]   ✓ 已投递: 已投递 (按钮: "已投递", 禁用)
[15:11:49] [28/40] 复核 165300645 ...
[15:12:02]   ✓ 已投递: 已投递 (按钮: "已投递", 禁用)
[15:12:05] [29/40] 复核 98961363 ...
[15:12:12]   ✓ 已投递: 已投递 (按钮: "已投递", 禁用)
[15:12:15] [30/40] 复核 78038747 ...
[15:12:31]   ✓ 已投递: 已投递 (按钮: "已投递", 禁用)
[15:12:34] [31/40] 复核 168551376 ...
[15:12:41]   ✓ 已投递: 已投递 (按钮: "已投递", 禁用)
[15:12:44] [32/40] 复核 158482471 ...
[15:12:55]   ✓ 已投递: 已投递 (按钮: "已投递", 禁用)
[15:12:58] [33/40] 复核 170118062 ...
[15:13:13]   ✓ 已投递: 已投递 (按钮: "已投递", 禁用)
[15:13:16] [34/40] 复核 170775181 ...
[15:13:23]   ✓ 已投递: 已投递 (按钮: "已投递", 禁用)
[15:13:26] [35/40] 复核 172627796 ...
[15:13:32]   ✓ 已投递: 已投递 (按钮: "已投递", 禁用)
[15:13:35] [36/40] 复核 173037459 ...
[15:13:41]   ✓ 已投递: 已投递 (按钮: "已投递", 禁用)
[15:13:44] [37/40] 复核 172569025 ...
[15:13:56]   ✓ 已投递: 已投递 (按钮: "已投递", 禁用)
[15:13:59] [38/40] 复核 170112246 ...
[15:14:15]   ✓ 已投递: 已投递 (按钮: "已投递", 禁用)
[15:14:18] [39/40] 复核 171166853 ...
[15:14:29]   ✓ 已投递: 已投递 (按钮: "已投递", 禁用)
[15:14:32] [40/40] 复核 173094012 ...
[15:14:37]   ✓ 已投递: 已投递 (按钮: "已投递", 禁用)
[15:14:37] 
[15:14:37] ========== 复核完成 ==========
[15:14:37] 已投递 (符合预期): 40
[15:14:37] 未投递 → 补投成功: 0
[15:14:37] 未投递 → 补投失败: 0
[15:14:37] 复核失败/异常: 0
[15:14:37] 复核记录: d:\obsidian\demo\05_long_project\招聘\投递复核记录.md
