[14:48:31] ============================================================
[14:48:31] 前程无忧职位搜索采集 启动
[14:48:31] OPENCLI_CMD: ('node', 'd:\\voice\\opencli-main\\dist\\main.js')
[14:48:31] 输出目录: d:\obsidian\demo\05_long_project\招聘
[14:48:31] ============================================================
[14:48:44] 关键词: 录入
[14:48:44] 城市: 宁波
[14:48:44] 区域(多选): 海曙区, 江北区, 北仑区, 镇海区, 鄞州区
[14:48:44] 数量: 50
[14:48:44] 搜索中, 请稍候 (约 15-30 秒)...
[14:48:44] ⚠ 需求 50 个/区 × 5 区 = 250 个, 但 51job 单次最多 50 条, 实际可能不足
[14:48:44] --- 全市搜索 (city=宁波, limit=50) ---
[14:48:44] 调用 opencli job51 search (city=宁波, limit=50)
[14:49:03] 全市共获取 50 个职位, 开始按区域过滤...
[14:49:03]   海曙区: 4 个
[14:49:03]   江北区: 6 个
[14:49:03]   北仑区: 8 个
[14:49:03]   镇海区: 2 个
[14:49:03]   鄞州区: 8 个
[14:49:03] 过滤后总计: 28 个 (全市共 50, 其他区域 22)
[14:49:03] 获取到 28 个职位 (去重后)
[14:49:03] 已创建 (采集中): d:\obsidian\demo\05_long_project\招聘\前程无忧_录入_宁波多区_144903.md
[14:49:03] 跳过详情获取 (已暂时取消), 只保留表格; 设置 SKIP_DETAIL=0 可恢复详情获取
[14:49:03] 已保存 (已采集): d:\obsidian\demo\05_long_project\招聘\前程无忧_录入_宁波多区_144903.md
[14:49:03] 完成
