[11:08:43] ============================================================
[11:08:43] 前程无忧批量投递 启动
[11:08:43] OPENCLI_CMD: ('node', 'd:/voice/opencli-main/dist/main.js')
[11:08:43] 来源文件: d:\obsidian\demo\05_long_project\招聘\前程无忧_ai_宁波.md
[11:08:43] 投递间隔: 5 秒
[11:08:43] 起始序号: 1
[11:08:43] 测试模式: 否
[11:08:43] 投递后复核: 是
[11:08:43] 只复核模式: 否
[11:08:43] ============================================================
[11:08:43] 提取到 19 个职位 URL
[11:08:43] 已处理 (将跳过): 26
[11:08:43] [4/19] 投递 173135179 ...
[11:08:47]   状态: no_apply_button - 未找到投递按钮 (可能已下架或需手动投递)
[11:08:52] [5/19] 投递 172052148 ...
[11:09:04]   成功: 投递已触发 (点击成功, 未检测到失败提示, 默认视为成功)
[11:09:09] [6/19] 投递 172423667 ...
[11:09:11]   触发风控: 触发滑动验证, 请先手动访问搜索页解除风控
[11:09:11]   ⚠ 检测到滑动验证, 立即停止批量投递 (避免账号被风控封禁)
[11:09:11]   请手动访问 51job 搜索页解除风控后, 使用 --start 参数续投
[11:09:11]   续投命令: python job51_apply.py "d:\obsidian\demo\05_long_project\招聘\前程无忧_ai_宁波.md" --start 7
[11:09:11] 
[11:09:11] ========== 投递阶段完成 ==========
[11:09:11] 成功: 1
[11:09:11] 已投递过: 0
[11:09:11] 失败: 1
[11:09:11] 跳过(已处理): 3
[11:09:11] 投递记录: d:\obsidian\demo\05_long_project\招聘\投递记录.md
[11:09:11] 
[11:09:11] ============================================================
[11:09:11] 投递复核 启动
[11:09:11] 待复核职位: 1 个
[11:09:11] 复核间隔: 3 秒
[11:09:11] ============================================================
[11:09:11] [1/1] 复核 172052148 ...
[11:09:12]   ⚠ 触发风控: 触发滑动验证, 请先手动访问搜索页解除风控
[11:09:12]   ⚠ 复核触发滑动验证, 立即停止复核 (避免账号风控)
[11:09:12]   续复核命令: 重新运行 (脚本未支持 --recheck-start, 请手动重跑)
[11:09:12] 
[11:09:12] ========== 复核完成 ==========
[11:09:12] 已投递 (符合预期): 0
[11:09:12] 未投递 → 补投成功: 0
[11:09:12] 未投递 → 补投失败: 0
[11:09:12] 复核失败/异常: 1
[11:09:12] 复核记录: d:\obsidian\demo\05_long_project\招聘\投递复核记录.md
