[20:21:02] ============================================================
[20:21:02] 拼多多批量搜索 (综合排序) 启动
[20:21:02] ============================================================
[20:21:02] 已阻止系统睡眠 (运行期间不会自动休眠, 结束后自动恢复)
[20:21:07] 清单文件: d:\obsidian\demo\inbox\商品购买清单.md
[20:21:07] 共 7 个商品, 每个搜索 20 个结果
[20:21:07] 输出目录: d:\obsidian\demo\05_long_project\拼多多
[20:21:07] 进度文件: d:\obsidian\demo\05_long_project\拼多多\_pdd_batch_progress.json
[20:21:07] ------------------------------------------------------------
[20:21:07] [1/7] 卸妆水
[20:21:07] 调用 opencli pdd search (limit=20, 下载图片到 pdd_卸妆水/)
[20:21:44]   OK -> 卸妆水.md (20 个商品)
[20:21:44] [2/7] 洗衣液收纳
[20:21:50] 调用 opencli pdd search (limit=20, 下载图片到 pdd_洗衣液收纳/)
[20:22:03]   OK -> 洗衣液收纳.md (20 个商品)
[20:22:03] [3/7] 笤帚收纳
[20:22:10] 调用 opencli pdd search (limit=20, 下载图片到 pdd_笤帚收纳/)
[20:22:23]   OK -> 笤帚收纳.md (20 个商品)
[20:22:23] [4/7] 遥控器收纳
[20:22:28] 调用 opencli pdd search (limit=20, 下载图片到 pdd_遥控器收纳/)
[20:22:41]   OK -> 遥控器收纳.md (20 个商品)
[20:22:41] [5/7] 沙发固定
[20:22:50] 调用 opencli pdd search (limit=20, 下载图片到 pdd_沙发固定/)
[20:23:02]   OK -> 沙发固定.md (20 个商品)
[20:23:02] [6/7] 睡衣
[20:23:09]   已处理 5/7, 批次休息 (24s) ...
[20:23:19]   ... 心跳 (10/24s)
[20:23:29]   ... 心跳 (20/24s)
[20:23:33] 调用 opencli pdd search (limit=20, 下载图片到 pdd_睡衣/)
[20:23:56]   OK -> 睡衣.md (20 个商品)
[20:23:56] [7/7] 炸货锅
[20:24:05] 调用 opencli pdd search (limit=20, 下载图片到 pdd_炸货锅/)
[20:24:19]   OK -> 炸货锅.md (20 个商品)
[20:24:19] ============================================================
[20:24:19] 批量搜索完成: 成功 7/7, 失败 0, 跳过 0, 用时 192s
[20:24:19] 已恢复系统睡眠策略
