[17:28:38] ============================================================
[17:28:38] 拼多多批量搜索 (综合排序) 启动
[17:28:38] ============================================================
[17:28:43] 清单文件: d:\obsidian\demo\inbox\商品购买清单.md
[17:28:43] 共 16 个商品, 每个搜索 10 个结果
[17:28:43] 输出目录: d:\obsidian\demo\05_long_project\拼多多
[17:28:43] ------------------------------------------------------------
[17:28:43] [1/16] 腋下刮刀
[17:28:43] 调用 opencli pdd search (limit=10, 下载图片到 pdd_腋下刮刀/)
[17:28:57]   OK -> 腋下刮刀.md (10 个商品)
[17:28:57] [2/16] 水杯里可折叠吸管
[17:29:04] 调用 opencli pdd search (limit=10, 下载图片到 pdd_水杯里可折叠吸管/)
[17:29:13]   OK -> 水杯里可折叠吸管.md (10 个商品)
[17:29:13] [3/16] 润唇膏
[17:29:19] 调用 opencli pdd search (limit=10, 下载图片到 pdd_润唇膏/)
[17:29:26]   OK -> 润唇膏.md (10 个商品)
[17:29:26] [4/16] 拍婚纱照裸色穿戴甲
[17:29:32] 调用 opencli pdd search (limit=10, 下载图片到 pdd_拍婚纱照裸色穿戴甲/)
[17:29:41]   OK -> 拍婚纱照裸色穿戴甲.md (10 个商品)
[17:29:41] [5/16] 隐形增高鞋垫
[17:29:49] 调用 opencli pdd search (limit=10, 下载图片到 pdd_隐形增高鞋垫/)
[17:29:57]   OK -> 隐形增高鞋垫.md (10 个商品)
[17:29:57] [6/16] 高跟鞋贴
[17:30:05]   已处理 5/16, 批次休息 28 秒...
[17:30:33] 调用 opencli pdd search (limit=10, 下载图片到 pdd_高跟鞋贴/)
[17:30:47]   OK -> 高跟鞋贴.md (10 个商品)
[17:30:47] [7/16] 防磨脚润滑剂
[17:30:54] 调用 opencli pdd search (limit=10, 下载图片到 pdd_防磨脚润滑剂/)
[17:31:03]   OK -> 防磨脚润滑剂.md (10 个商品)
[17:31:03] [8/16] 杯刷
[17:31:11] 调用 opencli pdd search (limit=10, 下载图片到 pdd_杯刷/)
[17:31:19]   OK -> 杯刷.md (10 个商品)
[17:31:19] [9/16] 夹布拖把
[17:31:28] 调用 opencli pdd search (limit=10, 下载图片到 pdd_夹布拖把/)
[17:31:37]   OK -> 夹布拖把.md (10 个商品)
[17:31:37] [10/16] 夹纸巾拖把
