[17:39:09] ============================================================
[17:39:09] 拼多多批量搜索 (综合排序) 启动
[17:39:09] ============================================================
[17:39:10] 清单文件: c:\Users\godisgirl\.trae-cn\work\6a5c9ac10576ace946af7553\商品购买清单_续跑.md
[17:39:10] 共 7 个商品, 每个搜索 10 个结果
[17:39:10] 输出目录: d:\obsidian\demo\05_long_project\拼多多
[17:39:10] ------------------------------------------------------------
[17:39:10] [1/7] 夹纸巾拖把
[17:39:10] 调用 opencli pdd search (limit=10, 下载图片到 pdd_夹纸巾拖把/)
[17:39:32]   OK -> 夹纸巾拖把.md (10 个商品)
[17:39:32] [2/7] 多功能伸缩夹
[17:39:40] 调用 opencli pdd search (limit=10, 下载图片到 pdd_多功能伸缩夹/)
[17:39:52]   OK -> 多功能伸缩夹.md (10 个商品)
[17:39:52] [3/7] 鼻毛器
[17:40:01] 调用 opencli pdd search (limit=10, 下载图片到 pdd_鼻毛器/)
[17:40:14]   OK -> 鼻毛器.md (10 个商品)
[17:40:14] [4/7] 带细钻款对戒或仿真对戒（用于拍摄）
[17:40:19] 调用 opencli pdd search (limit=10, 下载图片到 pdd_带细钻款对戒或仿真对戒（用于拍摄）/)
[17:40:34]   OK -> 带细钻款对戒或仿真对戒（用于拍摄）.md (10 个商品)
[17:40:34] [5/7] 冰凉贴
[17:40:39] 调用 opencli pdd search (limit=10, 下载图片到 pdd_冰凉贴/)
[17:40:52]   OK -> 冰凉贴.md (10 个商品)
[17:40:52] [6/7] 防汗喷雾
[17:41:01]   已处理 5/7, 批次休息 29 秒...
[17:41:31] 调用 opencli pdd search (limit=10, 下载图片到 pdd_防汗喷雾/)
[17:41:50]   OK -> 防汗喷雾.md (10 个商品)
[17:41:50] [7/7] 小风扇
[17:42:00] 调用 opencli pdd search (limit=10, 下载图片到 pdd_小风扇/)
[17:42:12]   OK -> 小风扇.md (10 个商品)
[17:42:12] ============================================================
[17:42:12] 批量搜索完成: 成功 7/7, 失败 0, 用时 182s
