[15:07:15] ============================================================
[15:07:15] 拼多多批量搜索 (综合排序) 启动
[15:07:15] ============================================================
[15:07:15] 已阻止系统睡眠 (运行期间不会自动休眠, 结束后自动恢复)
[15:07:21] 清单文件: d:\obsidian\demo\inbox\商品购买清单.md
[15:07:21] 共 5 个商品, 每个搜索 20 个结果
[15:07:21] 输出目录: d:\obsidian\demo\05_long_project\拼多多
[15:07:21] 进度文件: d:\obsidian\demo\05_long_project\拼多多\_pdd_batch_progress.json
[15:07:21] ------------------------------------------------------------
[15:07:21] [1/5] 肥皂牙刷收纳架
[15:07:21] 调用 opencli pdd search (limit=20, 下载图片到 pdd_肥皂牙刷收纳架/)
[15:07:39]   OK -> 肥皂牙刷收纳架.md (20 个商品)
[15:07:39] [2/5] 体重称收纳
[15:07:45] 调用 opencli pdd search (limit=20, 下载图片到 pdd_体重称收纳/)
[15:07:56]   OK -> 体重称收纳.md (20 个商品)
[15:07:56] [3/5] 雨伞侧边柜收纳
[15:08:01] 调用 opencli pdd search (limit=20, 下载图片到 pdd_雨伞侧边柜收纳/)
[15:08:14]   OK -> 雨伞侧边柜收纳.md (20 个商品)
[15:08:14] [4/5] 镜柜收纳
[15:08:24] 调用 opencli pdd search (limit=20, 下载图片到 pdd_镜柜收纳/)
[15:08:33]   OK -> 镜柜收纳.md (20 个商品)
[15:08:33] [5/5] 电动车雨伞固定
[15:08:39] 调用 opencli pdd search (limit=20, 下载图片到 pdd_电动车雨伞固定/)
[15:08:48]   OK -> 电动车雨伞固定.md (20 个商品)
[15:08:48] ============================================================
[15:08:48] 批量搜索完成: 成功 5/5, 失败 0, 跳过 0, 用时 87s
[15:08:48] 已恢复系统睡眠策略
