[17:51:50] ============================================================
[17:51:50] 拼多多批量搜索 (综合排序) 启动
[17:51:50] ============================================================
[17:51:50] 已阻止系统睡眠 (运行期间不会自动休眠, 结束后自动恢复)
[17:51:50] 清单文件: d:\obsidian\demo\inbox\商品购买清单.md
[17:51:50] 共 16 个商品, 每个搜索 10 个结果
[17:51:50] 输出目录: d:\obsidian\demo\05_long_project\拼多多
[17:51:50] 进度文件: d:\obsidian\demo\05_long_project\拼多多\_pdd_batch_progress.json
[17:51:50] 断点续传: 检测到 16 个已完成, 将跳过
[17:51:50] ------------------------------------------------------------
[17:51:50] [1/16] 腋下刮刀 - 已完成, 跳过 (0 个商品) (detected from existing md)
[17:51:50] [2/16] 水杯里可折叠吸管 - 已完成, 跳过 (0 个商品) (detected from existing md)
[17:51:50] [3/16] 润唇膏 - 已完成, 跳过 (0 个商品) (detected from existing md)
[17:51:50] [4/16] 拍婚纱照裸色穿戴甲 - 已完成, 跳过 (0 个商品) (detected from existing md)
[17:51:50] [5/16] 隐形增高鞋垫 - 已完成, 跳过 (0 个商品) (detected from existing md)
[17:51:50] [6/16] 高跟鞋贴 - 已完成, 跳过 (0 个商品) (detected from existing md)
[17:51:50] [7/16] 防磨脚润滑剂 - 已完成, 跳过 (0 个商品) (detected from existing md)
[17:51:50] [8/16] 杯刷 - 已完成, 跳过 (0 个商品) (detected from existing md)
[17:51:50] [9/16] 夹布拖把 - 已完成, 跳过 (0 个商品) (detected from existing md)
[17:51:50] [10/16] 夹纸巾拖把 - 已完成, 跳过 (0 个商品) (detected from existing md)
[17:51:50] [11/16] 多功能伸缩夹 - 已完成, 跳过 (0 个商品) (detected from existing md)
[17:51:50] [12/16] 鼻毛器 - 已完成, 跳过 (0 个商品) (detected from existing md)
[17:51:50] [13/16] 带细钻款对戒或仿真对戒（用于拍摄） - 已完成, 跳过 (0 个商品) (detected from existing md)
[17:51:50] [14/16] 冰凉贴 - 已完成, 跳过 (0 个商品) (detected from existing md)
[17:51:50] [15/16] 防汗喷雾 - 已完成, 跳过 (0 个商品) (detected from existing md)
[17:51:50] [16/16] 小风扇 - 已完成, 跳过 (0 个商品) (detected from existing md)
[17:51:50] ============================================================
[17:51:50] 批量搜索完成: 成功 16/16, 失败 0, 跳过 16, 用时 0s
[17:51:50] 已恢复系统睡眠策略
