[22:56:19] ============================================================
[22:56:19] 重新生成分区笔记 启动
[22:56:19] 目标文件: ['计算机技术.md', '软件应用.md', '设计·创意.md']
[22:56:19] ============================================================
[22:56:19] 备份目录: d:\obsidian\demo\05_long_project\B站\每周必看\分区\_backup_regen
[22:56:19] 
处理: 计算机技术.md (分区: 计算机技术)
[22:56:19]   备份 → 计算机技术.md
[22:56:19]   ✓ 计算机技术.md: 20 行, 19 期
[22:56:19] 
处理: 软件应用.md (分区: 软件应用)
[22:56:19]   备份 → 软件应用.md
[22:56:19]   ✓ 软件应用.md: 47 行, 41 期
[22:56:19] 
处理: 设计·创意.md (分区: 设计·创意)
[22:56:19]   备份 → 设计·创意.md
[22:56:19]   ✓ 设计·创意.md: 22 行, 22 期
[22:56:19] 
============================================================
[22:56:20] 完成
[22:56:20] 备份位置: d:\obsidian\demo\05_long_project\B站\每周必看\分区\_backup_regen
