[22:10:41] === 小红书采集脚本启动 ===
[22:10:56] 开始采集: keyword=买婚鞋攻略, limit=15
[22:10:56] 搜索: 买婚鞋攻略 (limit=15)
[22:11:13] 搜索到 15 条结果
[22:11:13] [1/15] 啊啊啊！为什么结完婚才发现这个婚鞋！...
[22:11:28]   下载 image 1/10: 675dacdc000000000203755a_1.jpg OK
[22:11:28]   下载 image 2/10: 675dacdc000000000203755a_2.jpg OK
[22:11:28]   下载 image 3/10: 675dacdc000000000203755a_3.jpg OK
[22:11:28]   下载 image 4/10: 675dacdc000000000203755a_4.jpg OK
[22:11:28]   下载 image 5/10: 675dacdc000000000203755a_5.jpg OK
[22:11:28]   下载 image 6/10: 675dacdc000000000203755a_6.jpg OK
[22:11:28]   下载 image 7/10: 675dacdc000000000203755a_7.jpg OK
[22:11:28]   下载 image 8/10: 675dacdc000000000203755a_8.jpg OK
[22:11:29]   下载 image 9/10: 675dacdc000000000203755a_9.jpg OK
[22:11:29]   下载 image 10/10: 675dacdc000000000203755a_10.jpg OK
[22:11:29]   重复图片 (同 675dacdc000000000203755a_1.jpg): 675dacdc000000000203755a_6.jpg
[22:11:29]   重复图片 (同 675dacdc000000000203755a_2.jpg): 675dacdc000000000203755a_7.jpg
[22:11:29]   重复图片 (同 675dacdc000000000203755a_3.jpg): 675dacdc000000000203755a_8.jpg
[22:11:29]   重复图片 (同 675dacdc000000000203755a_4.jpg): 675dacdc000000000203755a_9.jpg
[22:11:29]   重复图片 (同 675dacdc000000000203755a_5.jpg): 675dacdc000000000203755a_10.jpg
[22:11:29]   去重后: 5 张
[22:11:29]   OK -> 啊啊啊！为什么结完婚才发现这个婚鞋！.md
[22:11:29] [2/15] 姑奶奶差点漏掉超多事！...
[22:11:56]   下载 image 1/2: 6a50af070000000007010c4f_1.jpg OK
[22:11:56]   下载 image 2/2: 6a50af070000000007010c4f_2.jpg OK
[22:11:56]   重复图片 (同 6a50af070000000007010c4f_1.jpg): 6a50af070000000007010c4f_2.jpg
[22:11:56]   去重后: 1 张
[22:11:56]   OK -> 姑奶奶差点漏掉超多事！_6a50af070000000007010c4f.md
[22:11:56] [3/15] 关于婚鞋的问题（买几双，买什么样的）...
[22:12:18]   下载 image 1/22: 67aab978000000001703a051_1.jpg OK
[22:12:18]   下载 image 2/22: 67aab978000000001703a051_2.jpg OK
[22:12:18]   下载 image 3/22: 67aab978000000001703a051_3.jpg OK
[22:12:19]   下载 image 4/22: 67aab978000000001703a051_4.jpg OK
[22:12:19]   下载 image 5/22: 67aab978000000001703a051_5.jpg OK
[22:12:19]   下载 image 6/22: 67aab978000000001703a051_6.jpg OK
[22:12:19]   下载 image 7/22: 67aab978000000001703a051_7.jpg OK
[22:12:20]   下载 image 8/22: 67aab978000000001703a051_8.jpg OK
[22:12:20]   下载 image 9/22: 67aab978000000001703a051_9.jpg OK
[22:12:20]   下载 image 10/22: 67aab978000000001703a051_10.jpg OK
[22:12:20]   下载 image 11/22: 67aab978000000001703a051_11.jpg OK
[22:12:20]   下载 image 12/22: 67aab978000000001703a051_12.jpg OK
[22:12:20]   下载 image 13/22: 67aab978000000001703a051_13.jpg OK
[22:12:20]   下载 image 14/22: 67aab978000000001703a051_14.jpg OK
[22:12:21]   下载 image 15/22: 67aab978000000001703a051_15.jpg OK
[22:12:21]   下载 image 16/22: 67aab978000000001703a051_16.jpg OK
[22:12:21]   下载 image 17/22: 67aab978000000001703a051_17.jpg OK
[22:12:21]   下载 image 18/22: 67aab978000000001703a051_18.jpg OK
[22:12:21]   下载 image 19/22: 67aab978000000001703a051_19.jpg OK
[22:12:21]   下载 image 20/22: 67aab978000000001703a051_20.jpg OK
[22:12:21]   下载 image 21/22: 67aab978000000001703a051_21.jpg OK
[22:12:21]   下载 image 22/22: 67aab978000000001703a051_22.jpg OK
[22:12:21]   重复图片 (同 67aab978000000001703a051_1.jpg): 67aab978000000001703a051_12.jpg
[22:12:21]   重复图片 (同 67aab978000000001703a051_2.jpg): 67aab978000000001703a051_13.jpg
[22:12:21]   重复图片 (同 67aab978000000001703a051_3.jpg): 67aab978000000001703a051_14.jpg
[22:12:21]   重复图片 (同 67aab978000000001703a051_4.jpg): 67aab978000000001703a051_15.jpg
[22:12:21]   重复图片 (同 67aab978000000001703a051_5.jpg): 67aab978000000001703a051_16.jpg
[22:12:21]   重复图片 (同 67aab978000000001703a051_6.jpg): 67aab978000000001703a051_17.jpg
[22:12:21]   重复图片 (同 67aab978000000001703a051_7.jpg): 67aab978000000001703a051_18.jpg
[22:12:21]   重复图片 (同 67aab978000000001703a051_8.jpg): 67aab978000000001703a051_19.jpg
[22:12:21]   重复图片 (同 67aab978000000001703a051_9.jpg): 67aab978000000001703a051_20.jpg
[22:12:21]   重复图片 (同 67aab978000000001703a051_10.jpg): 67aab978000000001703a051_21.jpg
[22:12:22]   重复图片 (同 67aab978000000001703a051_11.jpg): 67aab978000000001703a051_22.jpg
[22:12:22]   去重后: 11 张
[22:12:22]   OK -> 关于婚鞋的问题（买几双，买什么样的）.md
[22:12:22] [4/15] 新娘婚鞋别乱买！这几点一定要看...
[22:12:40]   下载 image 1/12: 6a3f8ccb000000001702ea23_1.jpg OK
[22:12:40]   下载 image 2/12: 6a3f8ccb000000001702ea23_2.jpg OK
[22:12:41]   下载 image 3/12: 6a3f8ccb000000001702ea23_3.jpg OK
[22:12:41]   下载 image 4/12: 6a3f8ccb000000001702ea23_4.jpg OK
[22:12:41]   下载 image 5/12: 6a3f8ccb000000001702ea23_5.jpg OK
[22:12:41]   下载 image 6/12: 6a3f8ccb000000001702ea23_6.jpg OK
[22:12:41]   下载 image 7/12: 6a3f8ccb000000001702ea23_7.jpg OK
[22:12:41]   下载 image 8/12: 6a3f8ccb000000001702ea23_8.jpg OK
[22:12:41]   下载 image 9/12: 6a3f8ccb000000001702ea23_9.jpg OK
[22:12:41]   下载 image 10/12: 6a3f8ccb000000001702ea23_10.jpg OK
[22:12:41]   下载 image 11/12: 6a3f8ccb000000001702ea23_11.jpg OK
[22:12:42]   下载 image 12/12: 6a3f8ccb000000001702ea23_12.jpg OK
[22:12:42]   重复图片 (同 6a3f8ccb000000001702ea23_1.jpg): 6a3f8ccb000000001702ea23_7.jpg
[22:12:42]   重复图片 (同 6a3f8ccb000000001702ea23_2.jpg): 6a3f8ccb000000001702ea23_8.jpg
[22:12:42]   重复图片 (同 6a3f8ccb000000001702ea23_3.jpg): 6a3f8ccb000000001702ea23_9.jpg
[22:12:42]   重复图片 (同 6a3f8ccb000000001702ea23_4.jpg): 6a3f8ccb000000001702ea23_10.jpg
[22:12:42]   重复图片 (同 6a3f8ccb000000001702ea23_5.jpg): 6a3f8ccb000000001702ea23_11.jpg
[22:12:42]   重复图片 (同 6a3f8ccb000000001702ea23_6.jpg): 6a3f8ccb000000001702ea23_12.jpg
[22:12:42]   去重后: 6 张
[22:12:42]   OK -> 新娘婚鞋别乱买！这几点一定要看.md
[22:12:42] [5/15] 三个月急速备婚！！！...
[22:13:01]   下载 image 1/6: 6a54e5e50000000007021703_1.jpg OK
[22:13:01]   下载 image 2/6: 6a54e5e50000000007021703_2.jpg OK
[22:13:02]   下载 image 3/6: 6a54e5e50000000007021703_3.jpg OK
[22:13:02]   下载 image 4/6: 6a54e5e50000000007021703_4.jpg OK
[22:13:02]   下载 image 5/6: 6a54e5e50000000007021703_5.jpg OK
[22:13:02]   下载 image 6/6: 6a54e5e50000000007021703_6.jpg OK
[22:13:02]   重复图片 (同 6a54e5e50000000007021703_1.jpg): 6a54e5e50000000007021703_4.jpg
[22:13:02]   重复图片 (同 6a54e5e50000000007021703_2.jpg): 6a54e5e50000000007021703_5.jpg
[22:13:02]   重复图片 (同 6a54e5e50000000007021703_3.jpg): 6a54e5e50000000007021703_6.jpg
[22:13:02]   去重后: 3 张
[22:13:02]   OK -> 三个月急速备婚！！！.md
[22:13:02] [6/15] 婚鞋篇| 小个子婚鞋真的太难选了.........
[22:13:27]   下载 image 1/4: 6a3dd9b2000000002200bfc6_1.jpg OK
[22:13:27]   下载 image 2/4: 6a3dd9b2000000002200bfc6_2.jpg OK
[22:13:28]   下载 image 3/4: 6a3dd9b2000000002200bfc6_3.jpg OK
[22:13:29]   下载 image 4/4: 6a3dd9b2000000002200bfc6_4.jpg OK
[22:13:29]   重复图片 (同 6a3dd9b2000000002200bfc6_1.jpg): 6a3dd9b2000000002200bfc6_3.jpg
[22:13:29]   重复图片 (同 6a3dd9b2000000002200bfc6_2.jpg): 6a3dd9b2000000002200bfc6_4.jpg
[22:13:29]   去重后: 2 张
[22:13:29]   OK -> 婚鞋篇_ 小个子婚鞋真的太难选了.......md
[22:13:29] [7/15] 10月婚期备婚进度💒Yes ! I DO 爱豆婚鞋...
[22:13:51]   下载 image 1/26: 6a4f800b00000000110114fd_1.jpg OK
[22:13:51]   下载 image 2/26: 6a4f800b00000000110114fd_2.jpg OK
[22:13:51]   下载 image 3/26: 6a4f800b00000000110114fd_3.jpg OK
[22:13:52]   下载 image 4/26: 6a4f800b00000000110114fd_4.jpg OK
[22:13:53]   下载 image 5/26: 6a4f800b00000000110114fd_5.jpg OK
[22:13:54]   下载 image 6/26: 6a4f800b00000000110114fd_6.jpg OK
[22:13:54]   下载 image 7/26: 6a4f800b00000000110114fd_7.jpg OK
[22:13:55]   下载 image 8/26: 6a4f800b00000000110114fd_8.jpg OK
[22:13:55]   下载 image 9/26: 6a4f800b00000000110114fd_9.jpg OK
[22:13:56]   下载 image 10/26: 6a4f800b00000000110114fd_10.jpg OK
[22:13:56]   下载 image 11/26: 6a4f800b00000000110114fd_11.jpg OK
[22:13:56]   下载 image 12/26: 6a4f800b00000000110114fd_12.jpg OK
[22:13:56]   下载 image 13/26: 6a4f800b00000000110114fd_13.jpg OK
[22:13:56]   下载 image 14/26: 6a4f800b00000000110114fd_14.jpg OK
[22:13:56]   下载 image 15/26: 6a4f800b00000000110114fd_15.jpg OK
[22:13:57]   下载 image 16/26: 6a4f800b00000000110114fd_16.jpg OK
[22:13:57]   下载 image 17/26: 6a4f800b00000000110114fd_17.jpg OK
[22:13:57]   下载 image 18/26: 6a4f800b00000000110114fd_18.jpg OK
[22:13:57]   下载 image 19/26: 6a4f800b00000000110114fd_19.jpg OK
[22:13:57]   下载 image 20/26: 6a4f800b00000000110114fd_20.jpg OK
[22:13:57]   下载 image 21/26: 6a4f800b00000000110114fd_21.jpg OK
[22:13:57]   下载 image 22/26: 6a4f800b00000000110114fd_22.jpg OK
[22:13:58]   下载 image 23/26: 6a4f800b00000000110114fd_23.jpg OK
[22:13:58]   下载 image 24/26: 6a4f800b00000000110114fd_24.jpg OK
[22:13:58]   下载 image 25/26: 6a4f800b00000000110114fd_25.jpg OK
[22:13:58]   下载 image 26/26: 6a4f800b00000000110114fd_26.jpg OK
[22:13:58]   重复图片 (同 6a4f800b00000000110114fd_1.jpg): 6a4f800b00000000110114fd_14.jpg
[22:13:58]   重复图片 (同 6a4f800b00000000110114fd_2.jpg): 6a4f800b00000000110114fd_15.jpg
[22:13:58]   重复图片 (同 6a4f800b00000000110114fd_3.jpg): 6a4f800b00000000110114fd_16.jpg
[22:13:58]   重复图片 (同 6a4f800b00000000110114fd_4.jpg): 6a4f800b00000000110114fd_17.jpg
[22:13:58]   重复图片 (同 6a4f800b00000000110114fd_5.jpg): 6a4f800b00000000110114fd_18.jpg
[22:13:59]   重复图片 (同 6a4f800b00000000110114fd_6.jpg): 6a4f800b00000000110114fd_19.jpg
[22:13:59]   重复图片 (同 6a4f800b00000000110114fd_7.jpg): 6a4f800b00000000110114fd_20.jpg
[22:13:59]   重复图片 (同 6a4f800b00000000110114fd_8.jpg): 6a4f800b00000000110114fd_21.jpg
[22:13:59]   重复图片 (同 6a4f800b00000000110114fd_9.jpg): 6a4f800b00000000110114fd_22.jpg
[22:13:59]   重复图片 (同 6a4f800b00000000110114fd_10.jpg): 6a4f800b00000000110114fd_23.jpg
[22:13:59]   重复图片 (同 6a4f800b00000000110114fd_11.jpg): 6a4f800b00000000110114fd_24.jpg
[22:13:59]   重复图片 (同 6a4f800b00000000110114fd_12.jpg): 6a4f800b00000000110114fd_25.jpg
[22:13:59]   重复图片 (同 6a4f800b00000000110114fd_13.jpg): 6a4f800b00000000110114fd_26.jpg
[22:13:59]   去重后: 13 张
[22:13:59]   OK -> 10月婚期备婚进度💒Yes ! I DO 爱豆婚鞋.md
[22:13:59] [8/15] 女方陪嫁有什么❗️❗️婚包装什么❗️❗️...
[22:14:19]   下载 image 1/8: 69f2ad4e000000001f00617f_1.jpg OK
[22:14:19]   下载 image 2/8: 69f2ad4e000000001f00617f_2.jpg OK
[22:14:19]   下载 image 3/8: 69f2ad4e000000001f00617f_3.jpg OK
[22:14:19]   下载 image 4/8: 69f2ad4e000000001f00617f_4.jpg OK
[22:14:20]   下载 image 5/8: 69f2ad4e000000001f00617f_5.jpg OK
[22:14:20]   下载 image 6/8: 69f2ad4e000000001f00617f_6.jpg OK
[22:14:20]   下载 image 7/8: 69f2ad4e000000001f00617f_7.jpg OK
[22:14:20]   下载 image 8/8: 69f2ad4e000000001f00617f_8.jpg OK
[22:14:20]   重复图片 (同 69f2ad4e000000001f00617f_1.jpg): 69f2ad4e000000001f00617f_5.jpg
[22:14:20]   重复图片 (同 69f2ad4e000000001f00617f_2.jpg): 69f2ad4e000000001f00617f_6.jpg
[22:14:20]   重复图片 (同 69f2ad4e000000001f00617f_3.jpg): 69f2ad4e000000001f00617f_7.jpg
[22:14:20]   重复图片 (同 69f2ad4e000000001f00617f_4.jpg): 69f2ad4e000000001f00617f_8.jpg
[22:14:20]   去重后: 4 张
[22:14:20]   OK -> 女方陪嫁有什么❗️❗️婚包装什么❗️❗️_69f2ad4e000000001f00617f.md
[22:14:20] [9/15] 备婚必看‼️超全备婚采购清单🧾...
[22:14:45]   下载 image 1/16: 6a20165e000000002003be89_1.jpg OK
[22:14:45]   下载 image 2/16: 6a20165e000000002003be89_2.jpg OK
[22:14:45]   下载 image 3/16: 6a20165e000000002003be89_3.jpg OK
[22:14:45]   下载 image 4/16: 6a20165e000000002003be89_4.jpg OK
[22:14:45]   下载 image 5/16: 6a20165e000000002003be89_5.jpg OK
[22:14:46]   下载 image 6/16: 6a20165e000000002003be89_6.jpg OK
[22:14:46]   下载 image 7/16: 6a20165e000000002003be89_7.jpg OK
[22:14:46]   下载 image 8/16: 6a20165e000000002003be89_8.jpg OK
[22:14:46]   下载 image 9/16: 6a20165e000000002003be89_9.jpg OK
[22:14:46]   下载 image 10/16: 6a20165e000000002003be89_10.jpg OK
[22:14:46]   下载 image 11/16: 6a20165e000000002003be89_11.jpg OK
[22:14:46]   下载 image 12/16: 6a20165e000000002003be89_12.jpg OK
[22:14:46]   下载 image 13/16: 6a20165e000000002003be89_13.jpg OK
[22:14:47]   下载 image 14/16: 6a20165e000000002003be89_14.jpg OK
[22:14:47]   下载 image 15/16: 6a20165e000000002003be89_15.jpg OK
[22:14:47]   下载 image 16/16: 6a20165e000000002003be89_16.jpg OK
[22:14:47]   重复图片 (同 6a20165e000000002003be89_2.jpg): 6a20165e000000002003be89_10.jpg
[22:14:47]   重复图片 (同 6a20165e000000002003be89_3.jpg): 6a20165e000000002003be89_11.jpg
[22:14:47]   重复图片 (同 6a20165e000000002003be89_4.jpg): 6a20165e000000002003be89_12.jpg
[22:14:47]   重复图片 (同 6a20165e000000002003be89_5.jpg): 6a20165e000000002003be89_13.jpg
[22:14:47]   重复图片 (同 6a20165e000000002003be89_6.jpg): 6a20165e000000002003be89_14.jpg
[22:14:47]   重复图片 (同 6a20165e000000002003be89_7.jpg): 6a20165e000000002003be89_15.jpg
[22:14:47]   重复图片 (同 6a20165e000000002003be89_8.jpg): 6a20165e000000002003be89_16.jpg
[22:14:47]   去重后: 9 张
[22:14:47]   OK -> 备婚必看‼️超全备婚采购清单🧾_6a20165e000000002003be89.md
[22:14:47] [10/15] 关于婚鞋我有话说😂😂...
[22:15:13]   下载 image 1/14: 692812b3000000001e038745_1.jpg OK
[22:15:13]   下载 image 2/14: 692812b3000000001e038745_2.jpg OK
[22:15:13]   下载 image 3/14: 692812b3000000001e038745_3.jpg OK
[22:15:13]   下载 image 4/14: 692812b3000000001e038745_4.jpg OK
[22:15:13]   下载 image 5/14: 692812b3000000001e038745_5.jpg OK
[22:15:13]   下载 image 6/14: 692812b3000000001e038745_6.jpg OK
[22:15:13]   下载 image 7/14: 692812b3000000001e038745_7.jpg OK
[22:15:14]   下载 image 8/14: 692812b3000000001e038745_8.jpg OK
[22:15:14]   下载 image 9/14: 692812b3000000001e038745_9.jpg OK
[22:15:14]   下载 image 10/14: 692812b3000000001e038745_10.jpg OK
[22:15:14]   下载 image 11/14: 692812b3000000001e038745_11.jpg OK
[22:15:14]   下载 image 12/14: 692812b3000000001e038745_12.jpg OK
[22:15:14]   下载 image 13/14: 692812b3000000001e038745_13.jpg OK
[22:15:15]   下载 image 14/14: 692812b3000000001e038745_14.jpg OK
[22:15:15]   重复图片 (同 692812b3000000001e038745_2.jpg): 692812b3000000001e038745_9.jpg
[22:15:15]   重复图片 (同 692812b3000000001e038745_3.jpg): 692812b3000000001e038745_10.jpg
[22:15:15]   重复图片 (同 692812b3000000001e038745_4.jpg): 692812b3000000001e038745_11.jpg
[22:15:15]   重复图片 (同 692812b3000000001e038745_5.jpg): 692812b3000000001e038745_12.jpg
[22:15:15]   重复图片 (同 692812b3000000001e038745_6.jpg): 692812b3000000001e038745_13.jpg
[22:15:15]   重复图片 (同 692812b3000000001e038745_7.jpg): 692812b3000000001e038745_14.jpg
[22:15:15]   去重后: 8 张
[22:15:15]   OK -> 关于婚鞋我有话说😂😂.md
[22:15:15] [11/15] 婚鞋磨到怀疑人生😭一定要看这篇磨合攻略...
[22:15:37]   下载 image 1/8: 6a5592a1000000000702635c_1.jpg OK
[22:15:37]   下载 image 2/8: 6a5592a1000000000702635c_2.jpg OK
[22:15:37]   下载 image 3/8: 6a5592a1000000000702635c_3.jpg OK
[22:15:37]   下载 image 4/8: 6a5592a1000000000702635c_4.jpg OK
[22:15:37]   下载 image 5/8: 6a5592a1000000000702635c_5.jpg OK
[22:15:37]   下载 image 6/8: 6a5592a1000000000702635c_6.jpg OK
[22:15:38]   下载 image 7/8: 6a5592a1000000000702635c_7.jpg OK
[22:15:38]   下载 image 8/8: 6a5592a1000000000702635c_8.jpg OK
[22:15:38]   重复图片 (同 6a5592a1000000000702635c_2.jpg): 6a5592a1000000000702635c_6.jpg
[22:15:38]   重复图片 (同 6a5592a1000000000702635c_3.jpg): 6a5592a1000000000702635c_7.jpg
[22:15:38]   重复图片 (同 6a5592a1000000000702635c_4.jpg): 6a5592a1000000000702635c_8.jpg
[22:15:38]   去重后: 5 张
[22:15:38]   OK -> 婚鞋磨到怀疑人生😭一定要看这篇磨合攻略.md
[22:15:38] [12/15] 备婚清单|女生要准备的东西，超全不踩坑版！...
[22:16:04]   下载 image 1/14: 69ef2e78000000003700e1e6_1.jpg OK
[22:16:04]   下载 image 2/14: 69ef2e78000000003700e1e6_2.jpg OK
[22:16:04]   下载 image 3/14: 69ef2e78000000003700e1e6_3.jpg OK
[22:16:05]   下载 image 4/14: 69ef2e78000000003700e1e6_4.jpg OK
[22:16:05]   下载 image 5/14: 69ef2e78000000003700e1e6_5.jpg OK
[22:16:06]   下载 image 6/14: 69ef2e78000000003700e1e6_6.jpg OK
[22:16:06]   下载 image 7/14: 69ef2e78000000003700e1e6_7.jpg OK
[22:16:06]   下载 image 8/14: 69ef2e78000000003700e1e6_8.jpg OK
[22:16:07]   下载 image 9/14: 69ef2e78000000003700e1e6_9.jpg OK
[22:16:07]   下载 image 10/14: 69ef2e78000000003700e1e6_10.jpg OK
[22:16:07]   下载 image 11/14: 69ef2e78000000003700e1e6_11.jpg OK
[22:16:08]   下载 image 12/14: 69ef2e78000000003700e1e6_12.jpg OK
[22:16:08]   下载 image 13/14: 69ef2e78000000003700e1e6_13.jpg OK
[22:16:09]   下载 image 14/14: 69ef2e78000000003700e1e6_14.jpg OK
[22:16:09]   重复图片 (同 69ef2e78000000003700e1e6_2.jpg): 69ef2e78000000003700e1e6_9.jpg
[22:16:09]   重复图片 (同 69ef2e78000000003700e1e6_3.jpg): 69ef2e78000000003700e1e6_10.jpg
[22:16:09]   重复图片 (同 69ef2e78000000003700e1e6_4.jpg): 69ef2e78000000003700e1e6_11.jpg
[22:16:09]   重复图片 (同 69ef2e78000000003700e1e6_5.jpg): 69ef2e78000000003700e1e6_12.jpg
[22:16:09]   重复图片 (同 69ef2e78000000003700e1e6_6.jpg): 69ef2e78000000003700e1e6_13.jpg
[22:16:09]   重复图片 (同 69ef2e78000000003700e1e6_7.jpg): 69ef2e78000000003700e1e6_14.jpg
[22:16:09]   去重后: 8 张
[22:16:09]   OK -> 备婚清单_女生要准备的东西，超全不踩坑版！.md
[22:16:09] [13/15] 备婚日记｜婚鞋篇...
[22:16:35]   下载 image 1/26: 69244a4c000000001e016b33_1.jpg OK
[22:16:35]   下载 image 2/26: 69244a4c000000001e016b33_2.jpg OK
[22:16:35]   下载 image 3/26: 69244a4c000000001e016b33_3.jpg OK
[22:16:35]   下载 image 4/26: 69244a4c000000001e016b33_4.jpg OK
[22:16:35]   下载 image 5/26: 69244a4c000000001e016b33_5.jpg OK
[22:16:36]   下载 image 6/26: 69244a4c000000001e016b33_6.jpg OK
[22:16:36]   下载 image 7/26: 69244a4c000000001e016b33_7.jpg OK
[22:16:36]   下载 image 8/26: 69244a4c000000001e016b33_8.jpg OK
[22:16:36]   下载 image 9/26: 69244a4c000000001e016b33_9.jpg OK
[22:16:36]   下载 image 10/26: 69244a4c000000001e016b33_10.jpg OK
[22:16:37]   下载 image 11/26: 69244a4c000000001e016b33_11.jpg OK
[22:16:37]   下载 image 12/26: 69244a4c000000001e016b33_12.jpg OK
[22:16:37]   下载 image 13/26: 69244a4c000000001e016b33_13.jpg OK
[22:16:37]   下载 image 14/26: 69244a4c000000001e016b33_14.jpg OK
[22:16:37]   下载 image 15/26: 69244a4c000000001e016b33_15.jpg OK
[22:16:37]   下载 image 16/26: 69244a4c000000001e016b33_16.jpg OK
[22:16:38]   下载 image 17/26: 69244a4c000000001e016b33_17.jpg OK
[22:16:38]   下载 image 18/26: 69244a4c000000001e016b33_18.jpg OK
[22:16:38]   下载 image 19/26: 69244a4c000000001e016b33_19.jpg OK
[22:16:38]   下载 image 20/26: 69244a4c000000001e016b33_20.jpg OK
[22:16:38]   下载 image 21/26: 69244a4c000000001e016b33_21.jpg OK
[22:16:39]   下载 image 22/26: 69244a4c000000001e016b33_22.jpg OK
[22:16:39]   下载 image 23/26: 69244a4c000000001e016b33_23.jpg OK
[22:16:39]   下载 image 24/26: 69244a4c000000001e016b33_24.jpg OK
[22:16:39]   下载 image 25/26: 69244a4c000000001e016b33_25.jpg OK
[22:16:39]   下载 image 26/26: 69244a4c000000001e016b33_26.jpg OK
[22:16:39]   重复图片 (同 69244a4c000000001e016b33_2.jpg): 69244a4c000000001e016b33_15.jpg
[22:16:40]   重复图片 (同 69244a4c000000001e016b33_3.jpg): 69244a4c000000001e016b33_16.jpg
[22:16:40]   重复图片 (同 69244a4c000000001e016b33_4.jpg): 69244a4c000000001e016b33_17.jpg
[22:16:40]   重复图片 (同 69244a4c000000001e016b33_5.jpg): 69244a4c000000001e016b33_18.jpg
[22:16:40]   重复图片 (同 69244a4c000000001e016b33_6.jpg): 69244a4c000000001e016b33_19.jpg
[22:16:40]   重复图片 (同 69244a4c000000001e016b33_7.jpg): 69244a4c000000001e016b33_20.jpg
[22:16:40]   重复图片 (同 69244a4c000000001e016b33_8.jpg): 69244a4c000000001e016b33_21.jpg
[22:16:40]   重复图片 (同 69244a4c000000001e016b33_9.jpg): 69244a4c000000001e016b33_22.jpg
[22:16:40]   重复图片 (同 69244a4c000000001e016b33_10.jpg): 69244a4c000000001e016b33_23.jpg
[22:16:40]   重复图片 (同 69244a4c000000001e016b33_11.jpg): 69244a4c000000001e016b33_24.jpg
[22:16:40]   重复图片 (同 69244a4c000000001e016b33_12.jpg): 69244a4c000000001e016b33_25.jpg
[22:16:40]   重复图片 (同 69244a4c000000001e016b33_13.jpg): 69244a4c000000001e016b33_26.jpg
[22:16:40]   去重后: 14 张
[22:16:40]   OK -> 备婚日记｜婚鞋篇.md
[22:16:40] [14/15] 婚鞋篇（避雷及注意事项）...
[22:17:03]   下载 image 1/12: 68efcac9000000000700b823_1.jpg OK
[22:17:03]   下载 image 2/12: 68efcac9000000000700b823_2.jpg OK
[22:17:03]   下载 image 3/12: 68efcac9000000000700b823_3.jpg OK
[22:17:03]   下载 image 4/12: 68efcac9000000000700b823_4.jpg OK
[22:17:03]   下载 image 5/12: 68efcac9000000000700b823_5.jpg OK
[22:17:03]   下载 image 6/12: 68efcac9000000000700b823_6.jpg OK
[22:17:03]   下载 image 7/12: 68efcac9000000000700b823_7.jpg OK
[22:17:04]   下载 image 8/12: 68efcac9000000000700b823_8.jpg OK
[22:17:04]   下载 image 9/12: 68efcac9000000000700b823_9.jpg OK
[22:17:04]   下载 image 10/12: 68efcac9000000000700b823_10.jpg OK
[22:17:04]   下载 image 11/12: 68efcac9000000000700b823_11.jpg OK
[22:17:04]   下载 image 12/12: 68efcac9000000000700b823_12.jpg OK
[22:17:04]   重复图片 (同 68efcac9000000000700b823_2.jpg): 68efcac9000000000700b823_8.jpg
[22:17:04]   重复图片 (同 68efcac9000000000700b823_3.jpg): 68efcac9000000000700b823_9.jpg
[22:17:04]   重复图片 (同 68efcac9000000000700b823_4.jpg): 68efcac9000000000700b823_10.jpg
[22:17:05]   重复图片 (同 68efcac9000000000700b823_5.jpg): 68efcac9000000000700b823_11.jpg
[22:17:05]   重复图片 (同 68efcac9000000000700b823_6.jpg): 68efcac9000000000700b823_12.jpg
[22:17:05]   去重后: 7 张
[22:17:05]   OK -> 婚鞋篇（避雷及注意事项）.md
[22:17:05] [15/15] 10 月婚礼倒计时！备婚人疯狂买买买全清单...
[22:17:27]   下载 image 1/10: 6a4b5bec000000002100a462_1.jpg OK
[22:17:27]   下载 image 2/10: 6a4b5bec000000002100a462_2.jpg OK
[22:17:27]   下载 image 3/10: 6a4b5bec000000002100a462_3.jpg OK
[22:17:27]   下载 image 4/10: 6a4b5bec000000002100a462_4.jpg OK
[22:17:27]   下载 image 5/10: 6a4b5bec000000002100a462_5.jpg OK
[22:17:27]   下载 image 6/10: 6a4b5bec000000002100a462_6.jpg OK
[22:17:28]   下载 image 7/10: 6a4b5bec000000002100a462_7.jpg OK
[22:17:28]   下载 image 8/10: 6a4b5bec000000002100a462_8.jpg OK
[22:17:28]   下载 image 9/10: 6a4b5bec000000002100a462_9.jpg OK
[22:17:28]   下载 image 10/10: 6a4b5bec000000002100a462_10.jpg OK
[22:17:28]   重复图片 (同 6a4b5bec000000002100a462_2.jpg): 6a4b5bec000000002100a462_7.jpg
[22:17:28]   重复图片 (同 6a4b5bec000000002100a462_3.jpg): 6a4b5bec000000002100a462_8.jpg
[22:17:28]   重复图片 (同 6a4b5bec000000002100a462_4.jpg): 6a4b5bec000000002100a462_9.jpg
[22:17:28]   重复图片 (同 6a4b5bec000000002100a462_5.jpg): 6a4b5bec000000002100a462_10.jpg
[22:17:28]   去重后: 6 张
[22:17:28]   OK -> 10 月婚礼倒计时！备婚人疯狂买买买全清单.md
[22:17:28] === 采集完成: 成功 15/15, 用时 392s ===
[22:17:28] 汇总已追加: d:\obsidian\demo\05_long_project\小红书\_运行日志.md
