[15:01:55] === 小红书采集脚本启动 ===
[15:02:05] 开始采集: keyword=婚纱款式参考, limit=25
[15:02:05] 搜索: 婚纱款式参考 (limit=25)
[15:02:28] 搜索到 25 条结果
[15:02:28] [1/25] 备婚新娘必看！9种婚纱领型选款指南...
[15:02:36]   下载 image 1/18: 69b3b0e10000000023023fed_1.jpg OK
[15:02:36]   下载 image 2/18: 69b3b0e10000000023023fed_2.jpg OK
[15:02:36]   下载 image 3/18: 69b3b0e10000000023023fed_3.jpg OK
[15:02:36]   下载 image 4/18: 69b3b0e10000000023023fed_4.jpg OK
[15:02:36]   下载 image 5/18: 69b3b0e10000000023023fed_5.jpg OK
[15:02:36]   下载 image 6/18: 69b3b0e10000000023023fed_6.jpg OK
[15:02:36]   下载 image 7/18: 69b3b0e10000000023023fed_7.jpg OK
[15:02:36]   下载 image 8/18: 69b3b0e10000000023023fed_8.jpg OK
[15:02:36]   下载 image 9/18: 69b3b0e10000000023023fed_9.jpg OK
[15:02:37]   下载 image 10/18: 69b3b0e10000000023023fed_10.jpg OK
[15:02:37]   下载 image 11/18: 69b3b0e10000000023023fed_11.jpg OK
[15:02:37]   下载 image 12/18: 69b3b0e10000000023023fed_12.jpg OK
[15:02:37]   下载 image 13/18: 69b3b0e10000000023023fed_13.jpg OK
[15:02:37]   下载 image 14/18: 69b3b0e10000000023023fed_14.jpg OK
[15:02:37]   下载 image 15/18: 69b3b0e10000000023023fed_15.jpg OK
[15:02:37]   下载 image 16/18: 69b3b0e10000000023023fed_16.jpg OK
[15:02:37]   下载 image 17/18: 69b3b0e10000000023023fed_17.jpg OK
[15:02:37]   下载 image 18/18: 69b3b0e10000000023023fed_18.jpg OK
[15:02:37]   重复图片 (同 69b3b0e10000000023023fed_1.jpg): 69b3b0e10000000023023fed_10.jpg
[15:02:37]   重复图片 (同 69b3b0e10000000023023fed_2.jpg): 69b3b0e10000000023023fed_11.jpg
[15:02:37]   重复图片 (同 69b3b0e10000000023023fed_3.jpg): 69b3b0e10000000023023fed_12.jpg
[15:02:37]   重复图片 (同 69b3b0e10000000023023fed_4.jpg): 69b3b0e10000000023023fed_13.jpg
[15:02:37]   重复图片 (同 69b3b0e10000000023023fed_5.jpg): 69b3b0e10000000023023fed_14.jpg
[15:02:37]   重复图片 (同 69b3b0e10000000023023fed_6.jpg): 69b3b0e10000000023023fed_15.jpg
[15:02:37]   重复图片 (同 69b3b0e10000000023023fed_7.jpg): 69b3b0e10000000023023fed_16.jpg
[15:02:37]   重复图片 (同 69b3b0e10000000023023fed_8.jpg): 69b3b0e10000000023023fed_17.jpg
[15:02:38]   重复图片 (同 69b3b0e10000000023023fed_9.jpg): 69b3b0e10000000023023fed_18.jpg
[15:02:38]   去重后: 9 张
[15:02:38]   OK -> 备婚新娘必看！9种婚纱领型选款指南.md
[15:02:38] [2/25] 一张图教你不同风格婚纱怎么选❓备婚攻略❗...
[15:02:51]   下载 image 1/18: 693e7c2c000000001e009c14_1.jpg OK
[15:02:51]   下载 image 2/18: 693e7c2c000000001e009c14_2.jpg OK
[15:02:52]   下载 image 3/18: 693e7c2c000000001e009c14_3.jpg OK
[15:02:52]   下载 image 4/18: 693e7c2c000000001e009c14_4.jpg OK
[15:02:52]   下载 image 5/18: 693e7c2c000000001e009c14_5.jpg OK
[15:02:52]   下载 image 6/18: 693e7c2c000000001e009c14_6.jpg OK
[15:02:52]   下载 image 7/18: 693e7c2c000000001e009c14_7.jpg OK
[15:02:52]   下载 image 8/18: 693e7c2c000000001e009c14_8.jpg OK
[15:02:53]   下载 image 9/18: 693e7c2c000000001e009c14_9.jpg OK
[15:02:53]   下载 image 10/18: 693e7c2c000000001e009c14_10.jpg OK
[15:02:53]   下载 image 11/18: 693e7c2c000000001e009c14_11.jpg OK
[15:02:53]   下载 image 12/18: 693e7c2c000000001e009c14_12.jpg OK
[15:02:53]   下载 image 13/18: 693e7c2c000000001e009c14_13.jpg OK
[15:02:53]   下载 image 14/18: 693e7c2c000000001e009c14_14.jpg OK
[15:02:53]   下载 image 15/18: 693e7c2c000000001e009c14_15.jpg OK
[15:02:53]   下载 image 16/18: 693e7c2c000000001e009c14_16.jpg OK
[15:02:53]   下载 image 17/18: 693e7c2c000000001e009c14_17.jpg OK
[15:02:53]   下载 image 18/18: 693e7c2c000000001e009c14_18.jpg OK
[15:02:53]   重复图片 (同 693e7c2c000000001e009c14_1.jpg): 693e7c2c000000001e009c14_10.jpg
[15:02:53]   重复图片 (同 693e7c2c000000001e009c14_2.jpg): 693e7c2c000000001e009c14_11.jpg
[15:02:53]   重复图片 (同 693e7c2c000000001e009c14_3.jpg): 693e7c2c000000001e009c14_12.jpg
[15:02:53]   重复图片 (同 693e7c2c000000001e009c14_4.jpg): 693e7c2c000000001e009c14_13.jpg
[15:02:54]   重复图片 (同 693e7c2c000000001e009c14_5.jpg): 693e7c2c000000001e009c14_14.jpg
[15:02:54]   重复图片 (同 693e7c2c000000001e009c14_6.jpg): 693e7c2c000000001e009c14_15.jpg
[15:02:54]   重复图片 (同 693e7c2c000000001e009c14_7.jpg): 693e7c2c000000001e009c14_16.jpg
[15:02:54]   重复图片 (同 693e7c2c000000001e009c14_8.jpg): 693e7c2c000000001e009c14_17.jpg
[15:02:54]   重复图片 (同 693e7c2c000000001e009c14_9.jpg): 693e7c2c000000001e009c14_18.jpg
[15:02:54]   去重后: 9 张
[15:02:54]   OK -> 一张图教你不同风格婚纱怎么选❓备婚攻略❗.md
[15:02:54] [3/25] 备婚必看|不同身材选婚纱差别好大❗️...
[15:03:07]   下载 image 1/12: 6a2fc03f000000001700a321_1.jpg OK
[15:03:07]   下载 image 2/12: 6a2fc03f000000001700a321_2.jpg OK
[15:03:07]   下载 image 3/12: 6a2fc03f000000001700a321_3.jpg OK
[15:03:07]   下载 image 4/12: 6a2fc03f000000001700a321_4.jpg OK
[15:03:07]   下载 image 5/12: 6a2fc03f000000001700a321_5.jpg OK
[15:03:07]   下载 image 6/12: 6a2fc03f000000001700a321_6.jpg OK
[15:03:07]   下载 image 7/12: 6a2fc03f000000001700a321_7.jpg OK
[15:03:07]   下载 image 8/12: 6a2fc03f000000001700a321_8.jpg OK
[15:03:07]   下载 image 9/12: 6a2fc03f000000001700a321_9.jpg OK
[15:03:07]   下载 image 10/12: 6a2fc03f000000001700a321_10.jpg OK
[15:03:07]   下载 image 11/12: 6a2fc03f000000001700a321_11.jpg OK
[15:03:08]   下载 image 12/12: 6a2fc03f000000001700a321_12.jpg OK
[15:03:08]   重复图片 (同 6a2fc03f000000001700a321_1.jpg): 6a2fc03f000000001700a321_7.jpg
[15:03:08]   重复图片 (同 6a2fc03f000000001700a321_2.jpg): 6a2fc03f000000001700a321_8.jpg
[15:03:08]   重复图片 (同 6a2fc03f000000001700a321_3.jpg): 6a2fc03f000000001700a321_9.jpg
[15:03:08]   重复图片 (同 6a2fc03f000000001700a321_4.jpg): 6a2fc03f000000001700a321_10.jpg
[15:03:08]   重复图片 (同 6a2fc03f000000001700a321_5.jpg): 6a2fc03f000000001700a321_11.jpg
[15:03:08]   重复图片 (同 6a2fc03f000000001700a321_6.jpg): 6a2fc03f000000001700a321_12.jpg
[15:03:08]   去重后: 6 张
[15:03:08]   OK -> 备婚必看_不同身材选婚纱差别好大❗️_6a2fc03f000000001700a321.md
[15:03:08] [4/25] 普通人试婚纱...
[15:03:22]   下载 image 1/14: 6900267a000000000402b2c0_1.jpg OK
[15:03:23]   下载 image 2/14: 6900267a000000000402b2c0_2.jpg OK
[15:03:23]   下载 image 3/14: 6900267a000000000402b2c0_3.jpg OK
[15:03:23]   下载 image 4/14: 6900267a000000000402b2c0_4.jpg OK
[15:03:23]   下载 image 5/14: 6900267a000000000402b2c0_5.jpg OK
[15:03:23]   下载 image 6/14: 6900267a000000000402b2c0_6.jpg OK
[15:03:23]   下载 image 7/14: 6900267a000000000402b2c0_7.jpg OK
[15:03:23]   下载 image 8/14: 6900267a000000000402b2c0_8.jpg OK
[15:03:23]   下载 image 9/14: 6900267a000000000402b2c0_9.jpg OK
[15:03:23]   下载 image 10/14: 6900267a000000000402b2c0_10.jpg OK
[15:03:23]   下载 image 11/14: 6900267a000000000402b2c0_11.jpg OK
[15:03:23]   下载 image 12/14: 6900267a000000000402b2c0_12.jpg OK
[15:03:23]   下载 image 13/14: 6900267a000000000402b2c0_13.jpg OK
[15:03:23]   下载 image 14/14: 6900267a000000000402b2c0_14.jpg OK
[15:03:23]   重复图片 (同 6900267a000000000402b2c0_1.jpg): 6900267a000000000402b2c0_8.jpg
[15:03:24]   重复图片 (同 6900267a000000000402b2c0_2.jpg): 6900267a000000000402b2c0_9.jpg
[15:03:24]   重复图片 (同 6900267a000000000402b2c0_3.jpg): 6900267a000000000402b2c0_10.jpg
[15:03:24]   重复图片 (同 6900267a000000000402b2c0_4.jpg): 6900267a000000000402b2c0_11.jpg
[15:03:24]   重复图片 (同 6900267a000000000402b2c0_5.jpg): 6900267a000000000402b2c0_12.jpg
[15:03:24]   重复图片 (同 6900267a000000000402b2c0_6.jpg): 6900267a000000000402b2c0_13.jpg
[15:03:24]   重复图片 (同 6900267a000000000402b2c0_7.jpg): 6900267a000000000402b2c0_14.jpg
[15:03:24]   去重后: 7 张
[15:03:24]   OK -> 普通人试婚纱.md
[15:03:24] [5/25] 对不起 我后悔了...
[15:03:37]   下载 image 1/16: 69e4e171000000001b001bdf_1.jpg OK
[15:03:37]   下载 image 2/16: 69e4e171000000001b001bdf_2.jpg OK
[15:03:37]   下载 image 3/16: 69e4e171000000001b001bdf_3.jpg OK
[15:03:37]   下载 image 4/16: 69e4e171000000001b001bdf_4.jpg OK
[15:03:37]   下载 image 5/16: 69e4e171000000001b001bdf_5.jpg OK
[15:03:37]   下载 image 6/16: 69e4e171000000001b001bdf_6.jpg OK
[15:03:38]   下载 image 7/16: 69e4e171000000001b001bdf_7.jpg OK
[15:03:38]   下载 image 8/16: 69e4e171000000001b001bdf_8.jpg OK
[15:03:38]   下载 image 9/16: 69e4e171000000001b001bdf_9.jpg OK
[15:03:39]   下载 image 10/16: 69e4e171000000001b001bdf_10.jpg OK
[15:03:39]   下载 image 11/16: 69e4e171000000001b001bdf_11.jpg OK
[15:03:39]   下载 image 12/16: 69e4e171000000001b001bdf_12.jpg OK
[15:03:39]   下载 image 13/16: 69e4e171000000001b001bdf_13.jpg OK
[15:03:39]   下载 image 14/16: 69e4e171000000001b001bdf_14.jpg OK
[15:03:39]   下载 image 15/16: 69e4e171000000001b001bdf_15.jpg OK
[15:03:39]   下载 image 16/16: 69e4e171000000001b001bdf_16.jpg OK
[15:03:40]   重复图片 (同 69e4e171000000001b001bdf_1.jpg): 69e4e171000000001b001bdf_9.jpg
[15:03:40]   重复图片 (同 69e4e171000000001b001bdf_2.jpg): 69e4e171000000001b001bdf_10.jpg
[15:03:40]   重复图片 (同 69e4e171000000001b001bdf_3.jpg): 69e4e171000000001b001bdf_11.jpg
[15:03:40]   重复图片 (同 69e4e171000000001b001bdf_4.jpg): 69e4e171000000001b001bdf_12.jpg
[15:03:40]   重复图片 (同 69e4e171000000001b001bdf_5.jpg): 69e4e171000000001b001bdf_13.jpg
[15:03:40]   重复图片 (同 69e4e171000000001b001bdf_6.jpg): 69e4e171000000001b001bdf_14.jpg
[15:03:40]   重复图片 (同 69e4e171000000001b001bdf_7.jpg): 69e4e171000000001b001bdf_15.jpg
[15:03:40]   重复图片 (同 69e4e171000000001b001bdf_8.jpg): 69e4e171000000001b001bdf_16.jpg
[15:03:40]   去重后: 8 张
[15:03:40]   OK -> 对不起 我后悔了.md
[15:03:40] [6/25] 备婚新人的9️⃣套婚纱照风格，每套都很绝...
[15:03:52]   下载 image 1/20: 69b3dafe0000000021007d81_1.jpg OK
[15:03:53]   下载 image 2/20: 69b3dafe0000000021007d81_2.jpg OK
[15:03:53]   下载 image 3/20: 69b3dafe0000000021007d81_3.jpg OK
[15:03:54]   下载 image 4/20: 69b3dafe0000000021007d81_4.jpg OK
[15:03:55]   下载 image 5/20: 69b3dafe0000000021007d81_5.jpg OK
[15:03:55]   下载 image 6/20: 69b3dafe0000000021007d81_6.jpg OK
[15:03:55]   下载 image 7/20: 69b3dafe0000000021007d81_7.jpg OK
[15:03:55]   下载 image 8/20: 69b3dafe0000000021007d81_8.jpg OK
[15:03:55]   下载 image 9/20: 69b3dafe0000000021007d81_9.jpg OK
[15:03:56]   下载 image 10/20: 69b3dafe0000000021007d81_10.jpg OK
[15:03:56]   下载 image 11/20: 69b3dafe0000000021007d81_11.jpg OK
[15:03:56]   下载 image 12/20: 69b3dafe0000000021007d81_12.jpg OK
[15:03:56]   下载 image 13/20: 69b3dafe0000000021007d81_13.jpg OK
[15:03:56]   下载 image 14/20: 69b3dafe0000000021007d81_14.jpg OK
[15:03:56]   下载 image 15/20: 69b3dafe0000000021007d81_15.jpg OK
[15:03:56]   下载 image 16/20: 69b3dafe0000000021007d81_16.jpg OK
[15:03:56]   下载 image 17/20: 69b3dafe0000000021007d81_17.jpg OK
[15:03:56]   下载 image 18/20: 69b3dafe0000000021007d81_18.jpg OK
[15:03:57]   下载 image 19/20: 69b3dafe0000000021007d81_19.jpg OK
[15:03:57]   下载 image 20/20: 69b3dafe0000000021007d81_20.jpg OK
[15:03:57]   重复图片 (同 69b3dafe0000000021007d81_1.jpg): 69b3dafe0000000021007d81_11.jpg
[15:03:57]   重复图片 (同 69b3dafe0000000021007d81_2.jpg): 69b3dafe0000000021007d81_12.jpg
[15:03:57]   重复图片 (同 69b3dafe0000000021007d81_3.jpg): 69b3dafe0000000021007d81_13.jpg
[15:03:57]   重复图片 (同 69b3dafe0000000021007d81_4.jpg): 69b3dafe0000000021007d81_14.jpg
[15:03:57]   重复图片 (同 69b3dafe0000000021007d81_5.jpg): 69b3dafe0000000021007d81_15.jpg
[15:03:57]   重复图片 (同 69b3dafe0000000021007d81_6.jpg): 69b3dafe0000000021007d81_16.jpg
[15:03:57]   重复图片 (同 69b3dafe0000000021007d81_7.jpg): 69b3dafe0000000021007d81_17.jpg
[15:03:57]   重复图片 (同 69b3dafe0000000021007d81_8.jpg): 69b3dafe0000000021007d81_18.jpg
[15:03:57]   重复图片 (同 69b3dafe0000000021007d81_9.jpg): 69b3dafe0000000021007d81_19.jpg
[15:03:57]   重复图片 (同 69b3dafe0000000021007d81_10.jpg): 69b3dafe0000000021007d81_20.jpg
[15:03:57]   去重后: 10 张
[15:03:57]   OK -> 备婚新人的9️⃣套婚纱照风格，每套都很绝.md
[15:03:57] [7/25] 同一件婚纱减肥10斤前🆚后试穿对比...
[15:04:12]   下载 image 1/8: 67fdc53a000000001b024e9e_1.jpg OK
[15:04:12]   下载 image 2/8: 67fdc53a000000001b024e9e_2.jpg OK
[15:04:12]   下载 image 3/8: 67fdc53a000000001b024e9e_3.jpg OK
[15:04:12]   下载 image 4/8: 67fdc53a000000001b024e9e_4.jpg OK
[15:04:12]   下载 image 5/8: 67fdc53a000000001b024e9e_5.jpg OK
[15:04:12]   下载 image 6/8: 67fdc53a000000001b024e9e_6.jpg OK
[15:04:12]   下载 image 7/8: 67fdc53a000000001b024e9e_7.jpg OK
[15:04:13]   下载 image 8/8: 67fdc53a000000001b024e9e_8.jpg OK
[15:04:13]   重复图片 (同 67fdc53a000000001b024e9e_1.jpg): 67fdc53a000000001b024e9e_5.jpg
[15:04:13]   重复图片 (同 67fdc53a000000001b024e9e_2.jpg): 67fdc53a000000001b024e9e_6.jpg
[15:04:13]   重复图片 (同 67fdc53a000000001b024e9e_3.jpg): 67fdc53a000000001b024e9e_7.jpg
[15:04:13]   重复图片 (同 67fdc53a000000001b024e9e_4.jpg): 67fdc53a000000001b024e9e_8.jpg
[15:04:13]   去重后: 4 张
[15:04:13]   OK -> 同一件婚纱减肥10斤前🆚后试穿对比.md
[15:04:13] [8/25] 求助互联网姐妹 婚纱照选哪套...
[15:04:28]   下载 image 1/28: 69dbacfc000000001a02340f_1.jpg OK
[15:04:28]   下载 image 2/28: 69dbacfc000000001a02340f_2.jpg OK
[15:04:28]   下载 image 3/28: 69dbacfc000000001a02340f_3.jpg OK
[15:04:28]   下载 image 4/28: 69dbacfc000000001a02340f_4.jpg OK
[15:04:28]   下载 image 5/28: 69dbacfc000000001a02340f_5.jpg OK
[15:04:28]   下载 image 6/28: 69dbacfc000000001a02340f_6.jpg OK
[15:04:28]   下载 image 7/28: 69dbacfc000000001a02340f_7.jpg OK
[15:04:28]   下载 image 8/28: 69dbacfc000000001a02340f_8.jpg OK
[15:04:28]   下载 image 9/28: 69dbacfc000000001a02340f_9.jpg OK
[15:04:29]   下载 image 10/28: 69dbacfc000000001a02340f_10.jpg OK
[15:04:29]   下载 image 11/28: 69dbacfc000000001a02340f_11.jpg OK
[15:04:29]   下载 image 12/28: 69dbacfc000000001a02340f_12.jpg OK
[15:04:29]   下载 image 13/28: 69dbacfc000000001a02340f_13.jpg OK
[15:04:29]   下载 image 14/28: 69dbacfc000000001a02340f_14.jpg OK
[15:04:29]   下载 image 15/28: 69dbacfc000000001a02340f_15.jpg OK
[15:04:30]   下载 image 16/28: 69dbacfc000000001a02340f_16.jpg OK
[15:04:30]   下载 image 17/28: 69dbacfc000000001a02340f_17.jpg OK
[15:04:30]   下载 image 18/28: 69dbacfc000000001a02340f_18.jpg OK
[15:04:30]   下载 image 19/28: 69dbacfc000000001a02340f_19.jpg OK
[15:04:30]   下载 image 20/28: 69dbacfc000000001a02340f_20.jpg OK
[15:04:30]   下载 image 21/28: 69dbacfc000000001a02340f_21.jpg OK
[15:04:30]   下载 image 22/28: 69dbacfc000000001a02340f_22.jpg OK
[15:04:30]   下载 image 23/28: 69dbacfc000000001a02340f_23.jpg OK
[15:04:30]   下载 image 24/28: 69dbacfc000000001a02340f_24.jpg OK
[15:04:30]   下载 image 25/28: 69dbacfc000000001a02340f_25.jpg OK
[15:04:30]   下载 image 26/28: 69dbacfc000000001a02340f_26.jpg OK
[15:04:30]   下载 image 27/28: 69dbacfc000000001a02340f_27.jpg OK
[15:04:31]   下载 image 28/28: 69dbacfc000000001a02340f_28.jpg OK
[15:04:31]   重复图片 (同 69dbacfc000000001a02340f_1.jpg): 69dbacfc000000001a02340f_15.jpg
[15:04:31]   重复图片 (同 69dbacfc000000001a02340f_2.jpg): 69dbacfc000000001a02340f_16.jpg
[15:04:31]   重复图片 (同 69dbacfc000000001a02340f_3.jpg): 69dbacfc000000001a02340f_17.jpg
[15:04:31]   重复图片 (同 69dbacfc000000001a02340f_4.jpg): 69dbacfc000000001a02340f_18.jpg
[15:04:31]   重复图片 (同 69dbacfc000000001a02340f_5.jpg): 69dbacfc000000001a02340f_19.jpg
[15:04:31]   重复图片 (同 69dbacfc000000001a02340f_6.jpg): 69dbacfc000000001a02340f_20.jpg
[15:04:31]   重复图片 (同 69dbacfc000000001a02340f_7.jpg): 69dbacfc000000001a02340f_21.jpg
[15:04:31]   重复图片 (同 69dbacfc000000001a02340f_8.jpg): 69dbacfc000000001a02340f_22.jpg
[15:04:31]   重复图片 (同 69dbacfc000000001a02340f_9.jpg): 69dbacfc000000001a02340f_23.jpg
[15:04:31]   重复图片 (同 69dbacfc000000001a02340f_10.jpg): 69dbacfc000000001a02340f_24.jpg
[15:04:31]   重复图片 (同 69dbacfc000000001a02340f_11.jpg): 69dbacfc000000001a02340f_25.jpg
[15:04:31]   重复图片 (同 69dbacfc000000001a02340f_12.jpg): 69dbacfc000000001a02340f_26.jpg
[15:04:31]   重复图片 (同 69dbacfc000000001a02340f_13.jpg): 69dbacfc000000001a02340f_27.jpg
[15:04:31]   重复图片 (同 69dbacfc000000001a02340f_14.jpg): 69dbacfc000000001a02340f_28.jpg
[15:04:31]   去重后: 14 张
[15:04:31]   OK -> 求助互联网姐妹 婚纱照选哪套.md
[15:04:31] [9/25] 2026年的婚纱照风格推荐✅备婚收藏📝...
[15:04:45]   下载 image 1/14: 69cb890b000000002202a245_1.jpg OK
[15:04:46]   下载 image 2/14: 69cb890b000000002202a245_2.jpg OK
[15:04:46]   下载 image 3/14: 69cb890b000000002202a245_3.jpg OK
[15:04:46]   下载 image 4/14: 69cb890b000000002202a245_4.jpg OK
[15:04:46]   下载 image 5/14: 69cb890b000000002202a245_5.jpg OK
[15:04:46]   下载 image 6/14: 69cb890b000000002202a245_6.jpg OK
[15:04:46]   下载 image 7/14: 69cb890b000000002202a245_7.jpg OK
[15:04:46]   下载 image 8/14: 69cb890b000000002202a245_8.jpg OK
[15:04:46]   下载 image 9/14: 69cb890b000000002202a245_9.jpg OK
[15:04:46]   下载 image 10/14: 69cb890b000000002202a245_10.jpg OK
[15:04:46]   下载 image 11/14: 69cb890b000000002202a245_11.jpg OK
[15:04:46]   下载 image 12/14: 69cb890b000000002202a245_12.jpg OK
[15:04:47]   下载 image 13/14: 69cb890b000000002202a245_13.jpg OK
[15:04:47]   下载 image 14/14: 69cb890b000000002202a245_14.jpg OK
[15:04:47]   重复图片 (同 69cb890b000000002202a245_1.jpg): 69cb890b000000002202a245_8.jpg
[15:04:47]   重复图片 (同 69cb890b000000002202a245_2.jpg): 69cb890b000000002202a245_9.jpg
[15:04:47]   重复图片 (同 69cb890b000000002202a245_3.jpg): 69cb890b000000002202a245_10.jpg
[15:04:47]   重复图片 (同 69cb890b000000002202a245_4.jpg): 69cb890b000000002202a245_11.jpg
[15:04:47]   重复图片 (同 69cb890b000000002202a245_5.jpg): 69cb890b000000002202a245_12.jpg
[15:04:47]   重复图片 (同 69cb890b000000002202a245_6.jpg): 69cb890b000000002202a245_13.jpg
[15:04:47]   重复图片 (同 69cb890b000000002202a245_7.jpg): 69cb890b000000002202a245_14.jpg
[15:04:47]   去重后: 7 张
[15:04:47]   OK -> 2026年的婚纱照风格推荐✅备婚收藏📝.md
[15:04:47] [10/25] 备婚必看｜10款不同风格婚纱怎么选❓❗️...
[15:05:01]   下载 image 1/22: 68e23bba0000000007020314_1.jpg OK
[15:05:01]   下载 image 2/22: 68e23bba0000000007020314_2.jpg OK
[15:05:01]   下载 image 3/22: 68e23bba0000000007020314_3.jpg OK
[15:05:01]   下载 image 4/22: 68e23bba0000000007020314_4.jpg OK
[15:05:02]   下载 image 5/22: 68e23bba0000000007020314_5.jpg OK
[15:05:02]   下载 image 6/22: 68e23bba0000000007020314_6.jpg OK
[15:05:02]   下载 image 7/22: 68e23bba0000000007020314_7.jpg OK
[15:05:02]   下载 image 8/22: 68e23bba0000000007020314_8.jpg OK
[15:05:02]   下载 image 9/22: 68e23bba0000000007020314_9.jpg OK
[15:05:02]   下载 image 10/22: 68e23bba0000000007020314_10.jpg OK
[15:05:02]   下载 image 11/22: 68e23bba0000000007020314_11.jpg OK
[15:05:03]   下载 image 12/22: 68e23bba0000000007020314_12.jpg OK
[15:05:03]   下载 image 13/22: 68e23bba0000000007020314_13.jpg OK
[15:05:03]   下载 image 14/22: 68e23bba0000000007020314_14.jpg OK
[15:05:03]   下载 image 15/22: 68e23bba0000000007020314_15.jpg OK
[15:05:03]   下载 image 16/22: 68e23bba0000000007020314_16.jpg OK
[15:05:03]   下载 image 17/22: 68e23bba0000000007020314_17.jpg OK
[15:05:03]   下载 image 18/22: 68e23bba0000000007020314_18.jpg OK
[15:05:03]   下载 image 19/22: 68e23bba0000000007020314_19.jpg OK
[15:05:03]   下载 image 20/22: 68e23bba0000000007020314_20.jpg OK
[15:05:03]   下载 image 21/22: 68e23bba0000000007020314_21.jpg OK
[15:05:03]   下载 image 22/22: 68e23bba0000000007020314_22.jpg OK
[15:05:04]   重复图片 (同 68e23bba0000000007020314_1.jpg): 68e23bba0000000007020314_12.jpg
[15:05:04]   重复图片 (同 68e23bba0000000007020314_2.jpg): 68e23bba0000000007020314_13.jpg
[15:05:04]   重复图片 (同 68e23bba0000000007020314_3.jpg): 68e23bba0000000007020314_14.jpg
[15:05:04]   重复图片 (同 68e23bba0000000007020314_4.jpg): 68e23bba0000000007020314_15.jpg
[15:05:04]   重复图片 (同 68e23bba0000000007020314_5.jpg): 68e23bba0000000007020314_16.jpg
[15:05:04]   重复图片 (同 68e23bba0000000007020314_6.jpg): 68e23bba0000000007020314_17.jpg
[15:05:04]   重复图片 (同 68e23bba0000000007020314_7.jpg): 68e23bba0000000007020314_18.jpg
[15:05:04]   重复图片 (同 68e23bba0000000007020314_8.jpg): 68e23bba0000000007020314_19.jpg
[15:05:04]   重复图片 (同 68e23bba0000000007020314_9.jpg): 68e23bba0000000007020314_20.jpg
[15:05:04]   重复图片 (同 68e23bba0000000007020314_10.jpg): 68e23bba0000000007020314_21.jpg
[15:05:04]   重复图片 (同 68e23bba0000000007020314_11.jpg): 68e23bba0000000007020314_22.jpg
[15:05:04]   去重后: 11 张
[15:05:04]   OK -> 备婚必看｜10款不同风格婚纱怎么选❓❗️.md
[15:05:04] [11/25] 备婚日常：主纱选哪件？纠结😂...
[15:05:18]   下载 image 1/8: 682416f3000000002102cfa3_1.jpg OK
[15:05:18]   下载 image 2/8: 682416f3000000002102cfa3_2.jpg OK
[15:05:18]   下载 image 3/8: 682416f3000000002102cfa3_3.jpg OK
[15:05:18]   下载 image 4/8: 682416f3000000002102cfa3_4.jpg OK
[15:05:18]   下载 image 5/8: 682416f3000000002102cfa3_5.jpg OK
[15:05:18]   下载 image 6/8: 682416f3000000002102cfa3_6.jpg OK
[15:05:18]   下载 image 7/8: 682416f3000000002102cfa3_7.jpg OK
[15:05:18]   下载 image 8/8: 682416f3000000002102cfa3_8.jpg OK
[15:05:19]   重复图片 (同 682416f3000000002102cfa3_1.jpg): 682416f3000000002102cfa3_5.jpg
[15:05:19]   重复图片 (同 682416f3000000002102cfa3_2.jpg): 682416f3000000002102cfa3_6.jpg
[15:05:19]   重复图片 (同 682416f3000000002102cfa3_3.jpg): 682416f3000000002102cfa3_7.jpg
[15:05:19]   重复图片 (同 682416f3000000002102cfa3_4.jpg): 682416f3000000002102cfa3_8.jpg
[15:05:19]   去重后: 4 张
[15:05:19]   OK -> 备婚日常：主纱选哪件？纠结😂.md
[15:05:19] [12/25] 姐妹们，主纱选哪个？...
[15:05:35]   下载 image 1/16: 69fbe4e60000000022026d70_1.jpg OK
[15:05:35]   下载 image 2/16: 69fbe4e60000000022026d70_2.jpg OK
[15:06:05]   下载 image 3/16 失败: timed out
[15:06:05]   下载 image 4/16: 69fbe4e60000000022026d70_4.jpg OK
[15:06:05]   下载 image 5/16: 69fbe4e60000000022026d70_5.jpg OK
[15:06:05]   下载 image 6/16: 69fbe4e60000000022026d70_6.jpg OK
[15:06:05]   下载 image 7/16: 69fbe4e60000000022026d70_7.jpg OK
[15:06:05]   下载 image 8/16: 69fbe4e60000000022026d70_8.jpg OK
[15:06:05]   下载 image 9/16: 69fbe4e60000000022026d70_9.jpg OK
[15:06:06]   下载 image 10/16: 69fbe4e60000000022026d70_10.jpg OK
[15:06:06]   下载 image 11/16: 69fbe4e60000000022026d70_11.jpg OK
[15:06:06]   下载 image 12/16: 69fbe4e60000000022026d70_12.jpg OK
[15:06:06]   下载 image 13/16: 69fbe4e60000000022026d70_13.jpg OK
[15:06:06]   下载 image 14/16: 69fbe4e60000000022026d70_14.jpg OK
[15:06:06]   下载 image 15/16: 69fbe4e60000000022026d70_15.jpg OK
[15:06:06]   下载 image 16/16: 69fbe4e60000000022026d70_16.jpg OK
[15:06:06]   重复图片 (同 69fbe4e60000000022026d70_1.jpg): 69fbe4e60000000022026d70_9.jpg
[15:06:06]   重复图片 (同 69fbe4e60000000022026d70_2.jpg): 69fbe4e60000000022026d70_10.jpg
[15:06:06]   重复图片 (同 69fbe4e60000000022026d70_4.jpg): 69fbe4e60000000022026d70_12.jpg
[15:06:06]   重复图片 (同 69fbe4e60000000022026d70_5.jpg): 69fbe4e60000000022026d70_13.jpg
[15:06:06]   重复图片 (同 69fbe4e60000000022026d70_6.jpg): 69fbe4e60000000022026d70_14.jpg
[15:06:06]   重复图片 (同 69fbe4e60000000022026d70_7.jpg): 69fbe4e60000000022026d70_15.jpg
[15:06:06]   重复图片 (同 69fbe4e60000000022026d70_8.jpg): 69fbe4e60000000022026d70_16.jpg
[15:06:06]   尝试 1/3 失败: [WinError 183] 当文件已存在时，无法创建该文件。: 'd:\\obsidian\\demo\\inbox\\附件\\69fbe4e60000000022026d70\\69fbe4e60000000022026d70_4.jpg' -> 'd:\\obsidian\\demo\\inbox\\附件\\69fbe4e60000000022026d70\\69fbe4e60000000022026d70_3.jpg'
[15:06:37]   下载 image 1/16: 69fbe4e60000000022026d70_1.jpg OK
[15:06:37]   下载 image 2/16: 69fbe4e60000000022026d70_2.jpg OK
[15:06:37]   下载 image 3/16: 69fbe4e60000000022026d70_3.jpg OK
[15:06:37]   下载 image 4/16: 69fbe4e60000000022026d70_4.jpg OK
[15:06:37]   下载 image 5/16: 69fbe4e60000000022026d70_5.jpg OK
[15:06:38]   下载 image 6/16: 69fbe4e60000000022026d70_6.jpg OK
[15:06:38]   下载 image 7/16: 69fbe4e60000000022026d70_7.jpg OK
[15:06:38]   下载 image 8/16: 69fbe4e60000000022026d70_8.jpg OK
[15:06:38]   下载 image 9/16: 69fbe4e60000000022026d70_9.jpg OK
[15:06:38]   下载 image 10/16: 69fbe4e60000000022026d70_10.jpg OK
[15:06:38]   下载 image 11/16: 69fbe4e60000000022026d70_11.jpg OK
[15:06:38]   下载 image 12/16: 69fbe4e60000000022026d70_12.jpg OK
[15:06:38]   下载 image 13/16: 69fbe4e60000000022026d70_13.jpg OK
[15:06:38]   下载 image 14/16: 69fbe4e60000000022026d70_14.jpg OK
[15:06:38]   下载 image 15/16: 69fbe4e60000000022026d70_15.jpg OK
[15:06:38]   下载 image 16/16: 69fbe4e60000000022026d70_16.jpg OK
[15:06:39]   重复图片 (同 69fbe4e60000000022026d70_1.jpg): 69fbe4e60000000022026d70_9.jpg
[15:06:39]   重复图片 (同 69fbe4e60000000022026d70_2.jpg): 69fbe4e60000000022026d70_10.jpg
[15:06:39]   重复图片 (同 69fbe4e60000000022026d70_3.jpg): 69fbe4e60000000022026d70_11.jpg
[15:06:39]   重复图片 (同 69fbe4e60000000022026d70_4.jpg): 69fbe4e60000000022026d70_12.jpg
[15:06:39]   重复图片 (同 69fbe4e60000000022026d70_5.jpg): 69fbe4e60000000022026d70_13.jpg
[15:06:39]   重复图片 (同 69fbe4e60000000022026d70_6.jpg): 69fbe4e60000000022026d70_14.jpg
[15:06:39]   重复图片 (同 69fbe4e60000000022026d70_7.jpg): 69fbe4e60000000022026d70_15.jpg
[15:06:39]   重复图片 (同 69fbe4e60000000022026d70_8.jpg): 69fbe4e60000000022026d70_16.jpg
[15:06:39]   去重后: 8 张
[15:06:39]   OK -> 姐妹们，主纱选哪个？.md
[15:06:39] [13/25] 主纱极限五选一...
[15:07:00]   下载 image 1/10: 66efa327000000001e01aa32_1.jpg OK
[15:07:00]   下载 image 2/10: 66efa327000000001e01aa32_2.jpg OK
[15:07:01]   下载 image 3/10: 66efa327000000001e01aa32_3.jpg OK
[15:07:02]   下载 image 4/10: 66efa327000000001e01aa32_4.jpg OK
[15:07:02]   下载 image 5/10: 66efa327000000001e01aa32_5.jpg OK
[15:07:02]   下载 image 6/10: 66efa327000000001e01aa32_6.jpg OK
[15:07:02]   下载 image 7/10: 66efa327000000001e01aa32_7.jpg OK
[15:07:02]   下载 image 8/10: 66efa327000000001e01aa32_8.jpg OK
[15:07:02]   下载 image 9/10: 66efa327000000001e01aa32_9.jpg OK
[15:07:02]   下载 image 10/10: 66efa327000000001e01aa32_10.jpg OK
[15:07:02]   重复图片 (同 66efa327000000001e01aa32_1.jpg): 66efa327000000001e01aa32_6.jpg
[15:07:02]   重复图片 (同 66efa327000000001e01aa32_2.jpg): 66efa327000000001e01aa32_7.jpg
[15:07:02]   重复图片 (同 66efa327000000001e01aa32_3.jpg): 66efa327000000001e01aa32_8.jpg
[15:07:02]   重复图片 (同 66efa327000000001e01aa32_4.jpg): 66efa327000000001e01aa32_9.jpg
[15:07:02]   重复图片 (同 66efa327000000001e01aa32_5.jpg): 66efa327000000001e01aa32_10.jpg
[15:07:02]   去重后: 5 张
[15:07:02]   OK -> 主纱极限五选一.md
[15:07:02] [14/25] 九种风格🔥终于有人把婚纱照说清楚了！...
[15:07:23]   下载 image 1/20: 69e75c01000000002101024f_1.jpg OK
[15:07:23]   下载 image 2/20: 69e75c01000000002101024f_2.jpg OK
[15:07:23]   下载 image 3/20: 69e75c01000000002101024f_3.jpg OK
[15:07:23]   下载 image 4/20: 69e75c01000000002101024f_4.jpg OK
[15:07:23]   下载 image 5/20: 69e75c01000000002101024f_5.jpg OK
[15:07:23]   下载 image 6/20: 69e75c01000000002101024f_6.jpg OK
[15:07:23]   下载 image 7/20: 69e75c01000000002101024f_7.jpg OK
[15:07:24]   下载 image 8/20: 69e75c01000000002101024f_8.jpg OK
[15:07:24]   下载 image 9/20: 69e75c01000000002101024f_9.jpg OK
[15:07:24]   下载 image 10/20: 69e75c01000000002101024f_10.jpg OK
[15:07:24]   下载 image 11/20: 69e75c01000000002101024f_11.jpg OK
[15:07:24]   下载 image 12/20: 69e75c01000000002101024f_12.jpg OK
[15:07:24]   下载 image 13/20: 69e75c01000000002101024f_13.jpg OK
[15:07:24]   下载 image 14/20: 69e75c01000000002101024f_14.jpg OK
[15:07:24]   下载 image 15/20: 69e75c01000000002101024f_15.jpg OK
[15:07:24]   下载 image 16/20: 69e75c01000000002101024f_16.jpg OK
[15:07:24]   下载 image 17/20: 69e75c01000000002101024f_17.jpg OK
[15:07:25]   下载 image 18/20: 69e75c01000000002101024f_18.jpg OK
[15:07:25]   下载 image 19/20: 69e75c01000000002101024f_19.jpg OK
[15:07:25]   下载 image 20/20: 69e75c01000000002101024f_20.jpg OK
[15:07:25]   重复图片 (同 69e75c01000000002101024f_1.jpg): 69e75c01000000002101024f_11.jpg
[15:07:25]   重复图片 (同 69e75c01000000002101024f_2.jpg): 69e75c01000000002101024f_12.jpg
[15:07:25]   重复图片 (同 69e75c01000000002101024f_3.jpg): 69e75c01000000002101024f_13.jpg
[15:07:25]   重复图片 (同 69e75c01000000002101024f_4.jpg): 69e75c01000000002101024f_14.jpg
[15:07:25]   重复图片 (同 69e75c01000000002101024f_5.jpg): 69e75c01000000002101024f_15.jpg
[15:07:25]   重复图片 (同 69e75c01000000002101024f_6.jpg): 69e75c01000000002101024f_16.jpg
[15:07:25]   重复图片 (同 69e75c01000000002101024f_7.jpg): 69e75c01000000002101024f_17.jpg
[15:07:25]   重复图片 (同 69e75c01000000002101024f_8.jpg): 69e75c01000000002101024f_18.jpg
[15:07:25]   重复图片 (同 69e75c01000000002101024f_9.jpg): 69e75c01000000002101024f_19.jpg
[15:07:25]   重复图片 (同 69e75c01000000002101024f_10.jpg): 69e75c01000000002101024f_20.jpg
[15:07:25]   去重后: 10 张
[15:07:25]   OK -> 九种风格🔥终于有人把婚纱照说清楚了！.md
[15:07:25] [15/25] 纠结了一个月 终于选好啦...
[15:07:45]   下载 image 1/18: 68fcce9d00000000070374f8_1.jpg OK
[15:07:45]   下载 image 2/18: 68fcce9d00000000070374f8_2.jpg OK
[15:07:45]   下载 image 3/18: 68fcce9d00000000070374f8_3.jpg OK
[15:07:45]   下载 image 4/18: 68fcce9d00000000070374f8_4.jpg OK
[15:07:46]   下载 image 5/18: 68fcce9d00000000070374f8_5.jpg OK
[15:07:46]   下载 image 6/18: 68fcce9d00000000070374f8_6.jpg OK
[15:07:46]   下载 image 7/18: 68fcce9d00000000070374f8_7.jpg OK
[15:07:46]   下载 image 8/18: 68fcce9d00000000070374f8_8.jpg OK
[15:07:46]   下载 image 9/18: 68fcce9d00000000070374f8_9.jpg OK
[15:07:47]   下载 image 10/18: 68fcce9d00000000070374f8_10.jpg OK
[15:07:47]   下载 image 11/18: 68fcce9d00000000070374f8_11.jpg OK
[15:07:47]   下载 image 12/18: 68fcce9d00000000070374f8_12.jpg OK
[15:07:47]   下载 image 13/18: 68fcce9d00000000070374f8_13.jpg OK
[15:07:47]   下载 image 14/18: 68fcce9d00000000070374f8_14.jpg OK
[15:07:47]   下载 image 15/18: 68fcce9d00000000070374f8_15.jpg OK
[15:07:47]   下载 image 16/18: 68fcce9d00000000070374f8_16.jpg OK
[15:07:47]   下载 image 17/18: 68fcce9d00000000070374f8_17.jpg OK
[15:07:47]   下载 image 18/18: 68fcce9d00000000070374f8_18.jpg OK
[15:07:48]   重复图片 (同 68fcce9d00000000070374f8_1.jpg): 68fcce9d00000000070374f8_10.jpg
[15:07:48]   重复图片 (同 68fcce9d00000000070374f8_2.jpg): 68fcce9d00000000070374f8_11.jpg
[15:07:48]   重复图片 (同 68fcce9d00000000070374f8_3.jpg): 68fcce9d00000000070374f8_12.jpg
[15:07:48]   重复图片 (同 68fcce9d00000000070374f8_4.jpg): 68fcce9d00000000070374f8_13.jpg
[15:07:48]   重复图片 (同 68fcce9d00000000070374f8_5.jpg): 68fcce9d00000000070374f8_14.jpg
[15:07:48]   重复图片 (同 68fcce9d00000000070374f8_6.jpg): 68fcce9d00000000070374f8_15.jpg
[15:07:48]   重复图片 (同 68fcce9d00000000070374f8_7.jpg): 68fcce9d00000000070374f8_16.jpg
[15:07:48]   重复图片 (同 68fcce9d00000000070374f8_8.jpg): 68fcce9d00000000070374f8_17.jpg
[15:07:48]   重复图片 (同 68fcce9d00000000070374f8_9.jpg): 68fcce9d00000000070374f8_18.jpg
[15:07:48]   去重后: 9 张
[15:07:48]   OK -> 纠结了一个月 终于选好啦.md
[15:07:48] [16/25] 终于拍到了满意的婚纱照啦～...
[15:08:11]   下载 image 1/22: 6a3de9e60000000011012248_1.jpg OK
[15:08:11]   下载 image 2/22: 6a3de9e60000000011012248_2.jpg OK
[15:08:11]   下载 image 3/22: 6a3de9e60000000011012248_3.jpg OK
[15:08:11]   下载 image 4/22: 6a3de9e60000000011012248_4.jpg OK
[15:08:11]   下载 image 5/22: 6a3de9e60000000011012248_5.jpg OK
[15:08:11]   下载 image 6/22: 6a3de9e60000000011012248_6.jpg OK
[15:08:11]   下载 image 7/22: 6a3de9e60000000011012248_7.jpg OK
[15:08:11]   下载 image 8/22: 6a3de9e60000000011012248_8.jpg OK
[15:08:11]   下载 image 9/22: 6a3de9e60000000011012248_9.jpg OK
[15:08:12]   下载 image 10/22: 6a3de9e60000000011012248_10.jpg OK
[15:08:12]   下载 image 11/22: 6a3de9e60000000011012248_11.jpg OK
[15:08:12]   下载 image 12/22: 6a3de9e60000000011012248_12.jpg OK
[15:08:12]   下载 image 13/22: 6a3de9e60000000011012248_13.jpg OK
[15:08:12]   下载 image 14/22: 6a3de9e60000000011012248_14.jpg OK
[15:08:12]   下载 image 15/22: 6a3de9e60000000011012248_15.jpg OK
[15:08:12]   下载 image 16/22: 6a3de9e60000000011012248_16.jpg OK
[15:08:12]   下载 image 17/22: 6a3de9e60000000011012248_17.jpg OK
[15:08:12]   下载 image 18/22: 6a3de9e60000000011012248_18.jpg OK
[15:08:12]   下载 image 19/22: 6a3de9e60000000011012248_19.jpg OK
[15:08:12]   下载 image 20/22: 6a3de9e60000000011012248_20.jpg OK
[15:08:12]   下载 image 21/22: 6a3de9e60000000011012248_21.jpg OK
[15:08:12]   下载 image 22/22: 6a3de9e60000000011012248_22.jpg OK
[15:08:13]   重复图片 (同 6a3de9e60000000011012248_1.jpg): 6a3de9e60000000011012248_12.jpg
[15:08:13]   重复图片 (同 6a3de9e60000000011012248_2.jpg): 6a3de9e60000000011012248_13.jpg
[15:08:13]   重复图片 (同 6a3de9e60000000011012248_3.jpg): 6a3de9e60000000011012248_14.jpg
[15:08:13]   重复图片 (同 6a3de9e60000000011012248_4.jpg): 6a3de9e60000000011012248_15.jpg
[15:08:13]   重复图片 (同 6a3de9e60000000011012248_5.jpg): 6a3de9e60000000011012248_16.jpg
[15:08:13]   重复图片 (同 6a3de9e60000000011012248_6.jpg): 6a3de9e60000000011012248_17.jpg
[15:08:13]   重复图片 (同 6a3de9e60000000011012248_7.jpg): 6a3de9e60000000011012248_18.jpg
[15:08:13]   重复图片 (同 6a3de9e60000000011012248_8.jpg): 6a3de9e60000000011012248_19.jpg
[15:08:13]   重复图片 (同 6a3de9e60000000011012248_9.jpg): 6a3de9e60000000011012248_20.jpg
[15:08:13]   重复图片 (同 6a3de9e60000000011012248_10.jpg): 6a3de9e60000000011012248_21.jpg
[15:08:13]   重复图片 (同 6a3de9e60000000011012248_11.jpg): 6a3de9e60000000011012248_22.jpg
[15:08:13]   去重后: 11 张
[15:08:13]   OK -> 终于拍到了满意的婚纱照啦～.md
[15:08:13] [17/25] 九款主纱合集‼️备婚收藏！...
[15:08:33]   下载 image 1/20: 67cd3586000000000e00492d_1.jpg OK
[15:08:33]   下载 image 2/20: 67cd3586000000000e00492d_2.jpg OK
[15:08:33]   下载 image 3/20: 67cd3586000000000e00492d_3.jpg OK
[15:08:33]   下载 image 4/20: 67cd3586000000000e00492d_4.jpg OK
[15:08:33]   下载 image 5/20: 67cd3586000000000e00492d_5.jpg OK
[15:08:33]   下载 image 6/20: 67cd3586000000000e00492d_6.jpg OK
[15:08:33]   下载 image 7/20: 67cd3586000000000e00492d_7.jpg OK
[15:08:33]   下载 image 8/20: 67cd3586000000000e00492d_8.jpg OK
[15:08:33]   下载 image 9/20: 67cd3586000000000e00492d_9.jpg OK
[15:08:33]   下载 image 10/20: 67cd3586000000000e00492d_10.jpg OK
[15:08:34]   下载 image 11/20: 67cd3586000000000e00492d_11.jpg OK
[15:08:34]   下载 image 12/20: 67cd3586000000000e00492d_12.jpg OK
[15:08:34]   下载 image 13/20: 67cd3586000000000e00492d_13.jpg OK
[15:08:34]   下载 image 14/20: 67cd3586000000000e00492d_14.jpg OK
[15:08:34]   下载 image 15/20: 67cd3586000000000e00492d_15.jpg OK
[15:08:34]   下载 image 16/20: 67cd3586000000000e00492d_16.jpg OK
[15:08:34]   下载 image 17/20: 67cd3586000000000e00492d_17.jpg OK
[15:08:34]   下载 image 18/20: 67cd3586000000000e00492d_18.jpg OK
[15:08:34]   下载 image 19/20: 67cd3586000000000e00492d_19.jpg OK
[15:08:34]   下载 image 20/20: 67cd3586000000000e00492d_20.jpg OK
[15:08:35]   重复图片 (同 67cd3586000000000e00492d_1.jpg): 67cd3586000000000e00492d_11.jpg
[15:08:35]   重复图片 (同 67cd3586000000000e00492d_2.jpg): 67cd3586000000000e00492d_12.jpg
[15:08:35]   重复图片 (同 67cd3586000000000e00492d_3.jpg): 67cd3586000000000e00492d_13.jpg
[15:08:35]   重复图片 (同 67cd3586000000000e00492d_4.jpg): 67cd3586000000000e00492d_14.jpg
[15:08:35]   重复图片 (同 67cd3586000000000e00492d_5.jpg): 67cd3586000000000e00492d_15.jpg
[15:08:35]   重复图片 (同 67cd3586000000000e00492d_6.jpg): 67cd3586000000000e00492d_16.jpg
[15:08:35]   重复图片 (同 67cd3586000000000e00492d_7.jpg): 67cd3586000000000e00492d_17.jpg
[15:08:35]   重复图片 (同 67cd3586000000000e00492d_8.jpg): 67cd3586000000000e00492d_18.jpg
[15:08:35]   重复图片 (同 67cd3586000000000e00492d_9.jpg): 67cd3586000000000e00492d_19.jpg
[15:08:35]   重复图片 (同 67cd3586000000000e00492d_10.jpg): 67cd3586000000000e00492d_20.jpg
[15:08:35]   去重后: 10 张
[15:08:35]   OK -> 九款主纱合集‼️备婚收藏！.md
[15:08:35] [18/25] 备婚日常：试婚纱的一天...
[15:08:59]   下载 image 1/20: 6892e8b00000000023039eb7_1.jpg OK
[15:08:59]   下载 image 2/20: 6892e8b00000000023039eb7_2.jpg OK
[15:08:59]   下载 image 3/20: 6892e8b00000000023039eb7_3.jpg OK
[15:08:59]   下载 image 4/20: 6892e8b00000000023039eb7_4.jpg OK
[15:08:59]   下载 image 5/20: 6892e8b00000000023039eb7_5.jpg OK
[15:09:00]   下载 image 6/20: 6892e8b00000000023039eb7_6.jpg OK
[15:09:00]   下载 image 7/20: 6892e8b00000000023039eb7_7.jpg OK
[15:09:00]   下载 image 8/20: 6892e8b00000000023039eb7_8.jpg OK
[15:09:00]   下载 image 9/20: 6892e8b00000000023039eb7_9.jpg OK
[15:09:00]   下载 image 10/20: 6892e8b00000000023039eb7_10.jpg OK
[15:09:00]   下载 image 11/20: 6892e8b00000000023039eb7_11.jpg OK
[15:09:00]   下载 image 12/20: 6892e8b00000000023039eb7_12.jpg OK
[15:09:01]   下载 image 13/20: 6892e8b00000000023039eb7_13.jpg OK
[15:09:01]   下载 image 14/20: 6892e8b00000000023039eb7_14.jpg OK
[15:09:01]   下载 image 15/20: 6892e8b00000000023039eb7_15.jpg OK
[15:09:01]   下载 image 16/20: 6892e8b00000000023039eb7_16.jpg OK
[15:09:01]   下载 image 17/20: 6892e8b00000000023039eb7_17.jpg OK
[15:09:01]   下载 image 18/20: 6892e8b00000000023039eb7_18.jpg OK
[15:09:01]   下载 image 19/20: 6892e8b00000000023039eb7_19.jpg OK
[15:09:01]   下载 image 20/20: 6892e8b00000000023039eb7_20.jpg OK
[15:09:02]   重复图片 (同 6892e8b00000000023039eb7_1.jpg): 6892e8b00000000023039eb7_11.jpg
[15:09:02]   重复图片 (同 6892e8b00000000023039eb7_2.jpg): 6892e8b00000000023039eb7_12.jpg
[15:09:02]   重复图片 (同 6892e8b00000000023039eb7_3.jpg): 6892e8b00000000023039eb7_13.jpg
[15:09:02]   重复图片 (同 6892e8b00000000023039eb7_4.jpg): 6892e8b00000000023039eb7_14.jpg
[15:09:02]   重复图片 (同 6892e8b00000000023039eb7_5.jpg): 6892e8b00000000023039eb7_15.jpg
[15:09:02]   重复图片 (同 6892e8b00000000023039eb7_6.jpg): 6892e8b00000000023039eb7_16.jpg
[15:09:02]   重复图片 (同 6892e8b00000000023039eb7_7.jpg): 6892e8b00000000023039eb7_17.jpg
[15:09:02]   重复图片 (同 6892e8b00000000023039eb7_8.jpg): 6892e8b00000000023039eb7_18.jpg
[15:09:02]   重复图片 (同 6892e8b00000000023039eb7_9.jpg): 6892e8b00000000023039eb7_19.jpg
[15:09:02]   重复图片 (同 6892e8b00000000023039eb7_10.jpg): 6892e8b00000000023039eb7_20.jpg
[15:09:02]   去重后: 10 张
[15:09:02]   OK -> 备婚日常：试婚纱的一天.md
[15:09:02] [19/25] 试纱后 我决定放弃婚宴...
[15:09:26]   下载 image 1/22: 6975f1bd0000000022031616_1.jpg OK
[15:09:26]   下载 image 2/22: 6975f1bd0000000022031616_2.jpg OK
[15:09:26]   下载 image 3/22: 6975f1bd0000000022031616_3.jpg OK
[15:09:26]   下载 image 4/22: 6975f1bd0000000022031616_4.jpg OK
[15:09:26]   下载 image 5/22: 6975f1bd0000000022031616_5.jpg OK
[15:09:27]   下载 image 6/22: 6975f1bd0000000022031616_6.jpg OK
[15:09:27]   下载 image 7/22: 6975f1bd0000000022031616_7.jpg OK
[15:09:27]   下载 image 8/22: 6975f1bd0000000022031616_8.jpg OK
[15:09:27]   下载 image 9/22: 6975f1bd0000000022031616_9.jpg OK
[15:09:27]   下载 image 10/22: 6975f1bd0000000022031616_10.jpg OK
[15:09:27]   下载 image 11/22: 6975f1bd0000000022031616_11.jpg OK
[15:09:28]   下载 image 12/22: 6975f1bd0000000022031616_12.jpg OK
[15:09:28]   下载 image 13/22: 6975f1bd0000000022031616_13.jpg OK
[15:09:28]   下载 image 14/22: 6975f1bd0000000022031616_14.jpg OK
[15:09:28]   下载 image 15/22: 6975f1bd0000000022031616_15.jpg OK
[15:09:28]   下载 image 16/22: 6975f1bd0000000022031616_16.jpg OK
[15:09:28]   下载 image 17/22: 6975f1bd0000000022031616_17.jpg OK
[15:09:28]   下载 image 18/22: 6975f1bd0000000022031616_18.jpg OK
[15:09:28]   下载 image 19/22: 6975f1bd0000000022031616_19.jpg OK
[15:09:28]   下载 image 20/22: 6975f1bd0000000022031616_20.jpg OK
[15:09:29]   下载 image 21/22: 6975f1bd0000000022031616_21.jpg OK
[15:09:29]   下载 image 22/22: 6975f1bd0000000022031616_22.jpg OK
[15:09:29]   重复图片 (同 6975f1bd0000000022031616_1.jpg): 6975f1bd0000000022031616_12.jpg
[15:09:29]   重复图片 (同 6975f1bd0000000022031616_2.jpg): 6975f1bd0000000022031616_13.jpg
[15:09:29]   重复图片 (同 6975f1bd0000000022031616_3.jpg): 6975f1bd0000000022031616_14.jpg
[15:09:29]   重复图片 (同 6975f1bd0000000022031616_4.jpg): 6975f1bd0000000022031616_15.jpg
[15:09:29]   重复图片 (同 6975f1bd0000000022031616_5.jpg): 6975f1bd0000000022031616_16.jpg
[15:09:29]   重复图片 (同 6975f1bd0000000022031616_6.jpg): 6975f1bd0000000022031616_17.jpg
[15:09:29]   重复图片 (同 6975f1bd0000000022031616_7.jpg): 6975f1bd0000000022031616_18.jpg
[15:09:29]   重复图片 (同 6975f1bd0000000022031616_8.jpg): 6975f1bd0000000022031616_19.jpg
[15:09:29]   重复图片 (同 6975f1bd0000000022031616_9.jpg): 6975f1bd0000000022031616_20.jpg
[15:09:29]   重复图片 (同 6975f1bd0000000022031616_10.jpg): 6975f1bd0000000022031616_21.jpg
[15:09:29]   重复图片 (同 6975f1bd0000000022031616_11.jpg): 6975f1bd0000000022031616_22.jpg
[15:09:29]   去重后: 11 张
[15:09:29]   OK -> 试纱后 我决定放弃婚宴.md
[15:09:29] [20/25] 婚纱照好难选呀！...
[15:09:53]   下载 image 1/20: 6873b9c1000000002203f89a_1.jpg OK
[15:09:53]   下载 image 2/20: 6873b9c1000000002203f89a_2.jpg OK
[15:09:53]   下载 image 3/20: 6873b9c1000000002203f89a_3.jpg OK
[15:09:54]   下载 image 4/20: 6873b9c1000000002203f89a_4.jpg OK
[15:09:54]   下载 image 5/20: 6873b9c1000000002203f89a_5.jpg OK
[15:09:54]   下载 image 6/20: 6873b9c1000000002203f89a_6.jpg OK
[15:09:54]   下载 image 7/20: 6873b9c1000000002203f89a_7.jpg OK
[15:09:54]   下载 image 8/20: 6873b9c1000000002203f89a_8.jpg OK
[15:09:54]   下载 image 9/20: 6873b9c1000000002203f89a_9.jpg OK
[15:09:54]   下载 image 10/20: 6873b9c1000000002203f89a_10.jpg OK
[15:09:54]   下载 image 11/20: 6873b9c1000000002203f89a_11.jpg OK
[15:09:54]   下载 image 12/20: 6873b9c1000000002203f89a_12.jpg OK
[15:09:54]   下载 image 13/20: 6873b9c1000000002203f89a_13.jpg OK
[15:09:55]   下载 image 14/20: 6873b9c1000000002203f89a_14.jpg OK
[15:09:55]   下载 image 15/20: 6873b9c1000000002203f89a_15.jpg OK
[15:09:55]   下载 image 16/20: 6873b9c1000000002203f89a_16.jpg OK
[15:09:55]   下载 image 17/20: 6873b9c1000000002203f89a_17.jpg OK
[15:09:55]   下载 image 18/20: 6873b9c1000000002203f89a_18.jpg OK
[15:09:55]   下载 image 19/20: 6873b9c1000000002203f89a_19.jpg OK
[15:09:55]   下载 image 20/20: 6873b9c1000000002203f89a_20.jpg OK
[15:09:55]   重复图片 (同 6873b9c1000000002203f89a_1.jpg): 6873b9c1000000002203f89a_11.jpg
[15:09:55]   重复图片 (同 6873b9c1000000002203f89a_2.jpg): 6873b9c1000000002203f89a_12.jpg
[15:09:56]   重复图片 (同 6873b9c1000000002203f89a_3.jpg): 6873b9c1000000002203f89a_13.jpg
[15:09:56]   重复图片 (同 6873b9c1000000002203f89a_4.jpg): 6873b9c1000000002203f89a_14.jpg
[15:09:56]   重复图片 (同 6873b9c1000000002203f89a_5.jpg): 6873b9c1000000002203f89a_15.jpg
[15:09:56]   重复图片 (同 6873b9c1000000002203f89a_6.jpg): 6873b9c1000000002203f89a_16.jpg
[15:09:56]   重复图片 (同 6873b9c1000000002203f89a_7.jpg): 6873b9c1000000002203f89a_17.jpg
[15:09:56]   重复图片 (同 6873b9c1000000002203f89a_8.jpg): 6873b9c1000000002203f89a_18.jpg
[15:09:56]   重复图片 (同 6873b9c1000000002203f89a_9.jpg): 6873b9c1000000002203f89a_19.jpg
[15:09:56]   重复图片 (同 6873b9c1000000002203f89a_10.jpg): 6873b9c1000000002203f89a_20.jpg
[15:09:56]   去重后: 10 张
[15:09:56]   OK -> 婚纱照好难选呀！.md
[15:09:56] [21/25] 2026热门主纱大揭秘！我亲测为你挑选✨...
[15:10:17]   下载 image 1/20: 69d724d9000000001f0005ec_1.jpg OK
[15:10:18]   下载 image 2/20: 69d724d9000000001f0005ec_2.jpg OK
[15:10:18]   下载 image 3/20: 69d724d9000000001f0005ec_3.jpg OK
[15:10:18]   下载 image 4/20: 69d724d9000000001f0005ec_4.jpg OK
[15:10:18]   下载 image 5/20: 69d724d9000000001f0005ec_5.jpg OK
[15:10:18]   下载 image 6/20: 69d724d9000000001f0005ec_6.jpg OK
[15:10:18]   下载 image 7/20: 69d724d9000000001f0005ec_7.jpg OK
[15:10:18]   下载 image 8/20: 69d724d9000000001f0005ec_8.jpg OK
[15:10:18]   下载 image 9/20: 69d724d9000000001f0005ec_9.jpg OK
[15:10:18]   下载 image 10/20: 69d724d9000000001f0005ec_10.jpg OK
[15:10:18]   下载 image 11/20: 69d724d9000000001f0005ec_11.jpg OK
[15:10:18]   下载 image 12/20: 69d724d9000000001f0005ec_12.jpg OK
[15:10:18]   下载 image 13/20: 69d724d9000000001f0005ec_13.jpg OK
[15:10:18]   下载 image 14/20: 69d724d9000000001f0005ec_14.jpg OK
[15:10:18]   下载 image 15/20: 69d724d9000000001f0005ec_15.jpg OK
[15:10:18]   下载 image 16/20: 69d724d9000000001f0005ec_16.jpg OK
[15:10:18]   下载 image 17/20: 69d724d9000000001f0005ec_17.jpg OK
[15:10:19]   下载 image 18/20: 69d724d9000000001f0005ec_18.jpg OK
[15:10:19]   下载 image 19/20: 69d724d9000000001f0005ec_19.jpg OK
[15:10:19]   下载 image 20/20: 69d724d9000000001f0005ec_20.jpg OK
[15:10:19]   重复图片 (同 69d724d9000000001f0005ec_1.jpg): 69d724d9000000001f0005ec_11.jpg
[15:10:19]   重复图片 (同 69d724d9000000001f0005ec_2.jpg): 69d724d9000000001f0005ec_12.jpg
[15:10:19]   重复图片 (同 69d724d9000000001f0005ec_3.jpg): 69d724d9000000001f0005ec_13.jpg
[15:10:19]   重复图片 (同 69d724d9000000001f0005ec_4.jpg): 69d724d9000000001f0005ec_14.jpg
[15:10:19]   重复图片 (同 69d724d9000000001f0005ec_5.jpg): 69d724d9000000001f0005ec_15.jpg
[15:10:19]   重复图片 (同 69d724d9000000001f0005ec_6.jpg): 69d724d9000000001f0005ec_16.jpg
[15:10:19]   重复图片 (同 69d724d9000000001f0005ec_7.jpg): 69d724d9000000001f0005ec_17.jpg
[15:10:19]   重复图片 (同 69d724d9000000001f0005ec_8.jpg): 69d724d9000000001f0005ec_18.jpg
[15:10:19]   重复图片 (同 69d724d9000000001f0005ec_9.jpg): 69d724d9000000001f0005ec_19.jpg
[15:10:19]   重复图片 (同 69d724d9000000001f0005ec_10.jpg): 69d724d9000000001f0005ec_20.jpg
[15:10:19]   去重后: 10 张
[15:10:19]   OK -> 2026热门主纱大揭秘！我亲测为你挑选✨.md
[15:10:19] [22/25] 越能打的脸和身材，婚纱反而越简约...
[15:10:39]   下载 image 1/16: 6a1e4e34000000003700c6b5_1.jpg OK
[15:10:39]   下载 image 2/16: 6a1e4e34000000003700c6b5_2.jpg OK
[15:10:39]   下载 image 3/16: 6a1e4e34000000003700c6b5_3.jpg OK
[15:10:39]   下载 image 4/16: 6a1e4e34000000003700c6b5_4.jpg OK
[15:10:39]   下载 image 5/16: 6a1e4e34000000003700c6b5_5.jpg OK
[15:10:39]   下载 image 6/16: 6a1e4e34000000003700c6b5_6.jpg OK
[15:10:39]   下载 image 7/16: 6a1e4e34000000003700c6b5_7.jpg OK
[15:10:39]   下载 image 8/16: 6a1e4e34000000003700c6b5_8.jpg OK
[15:10:39]   下载 image 9/16: 6a1e4e34000000003700c6b5_9.jpg OK
[15:10:40]   下载 image 10/16: 6a1e4e34000000003700c6b5_10.jpg OK
[15:10:40]   下载 image 11/16: 6a1e4e34000000003700c6b5_11.jpg OK
[15:10:40]   下载 image 12/16: 6a1e4e34000000003700c6b5_12.jpg OK
[15:10:40]   下载 image 13/16: 6a1e4e34000000003700c6b5_13.jpg OK
[15:10:40]   下载 image 14/16: 6a1e4e34000000003700c6b5_14.jpg OK
[15:10:40]   下载 image 15/16: 6a1e4e34000000003700c6b5_15.jpg OK
[15:10:40]   下载 image 16/16: 6a1e4e34000000003700c6b5_16.jpg OK
[15:10:40]   重复图片 (同 6a1e4e34000000003700c6b5_1.jpg): 6a1e4e34000000003700c6b5_9.jpg
[15:10:41]   重复图片 (同 6a1e4e34000000003700c6b5_2.jpg): 6a1e4e34000000003700c6b5_10.jpg
[15:10:41]   重复图片 (同 6a1e4e34000000003700c6b5_3.jpg): 6a1e4e34000000003700c6b5_11.jpg
[15:10:41]   重复图片 (同 6a1e4e34000000003700c6b5_4.jpg): 6a1e4e34000000003700c6b5_12.jpg
[15:10:41]   重复图片 (同 6a1e4e34000000003700c6b5_5.jpg): 6a1e4e34000000003700c6b5_13.jpg
[15:10:41]   重复图片 (同 6a1e4e34000000003700c6b5_6.jpg): 6a1e4e34000000003700c6b5_14.jpg
[15:10:41]   重复图片 (同 6a1e4e34000000003700c6b5_7.jpg): 6a1e4e34000000003700c6b5_15.jpg
[15:10:41]   重复图片 (同 6a1e4e34000000003700c6b5_8.jpg): 6a1e4e34000000003700c6b5_16.jpg
[15:10:41]   去重后: 8 张
[15:10:41]   OK -> 越能打的脸和身材，婚纱反而越简约.md
[15:10:41] [23/25] 今年结婚的姐妹快存下这4️⃣8️⃣款主纱造型‼️...
[15:11:02]   下载 image 1/24: 68cab3d3000000001300947b_1.jpg OK
[15:11:02]   下载 image 2/24: 68cab3d3000000001300947b_2.jpg OK
[15:11:02]   下载 image 3/24: 68cab3d3000000001300947b_3.jpg OK
[15:11:02]   下载 image 4/24: 68cab3d3000000001300947b_4.jpg OK
[15:11:02]   下载 image 5/24: 68cab3d3000000001300947b_5.jpg OK
[15:11:03]   下载 image 6/24: 68cab3d3000000001300947b_6.jpg OK
[15:11:03]   下载 image 7/24: 68cab3d3000000001300947b_7.jpg OK
[15:11:03]   下载 image 8/24: 68cab3d3000000001300947b_8.jpg OK
[15:11:03]   下载 image 9/24: 68cab3d3000000001300947b_9.jpg OK
[15:11:03]   下载 image 10/24: 68cab3d3000000001300947b_10.jpg OK
[15:11:03]   下载 image 11/24: 68cab3d3000000001300947b_11.jpg OK
[15:11:03]   下载 image 12/24: 68cab3d3000000001300947b_12.jpg OK
[15:11:03]   下载 image 13/24: 68cab3d3000000001300947b_13.jpg OK
[15:11:03]   下载 image 14/24: 68cab3d3000000001300947b_14.jpg OK
[15:11:03]   下载 image 15/24: 68cab3d3000000001300947b_15.jpg OK
[15:11:03]   下载 image 16/24: 68cab3d3000000001300947b_16.jpg OK
[15:11:03]   下载 image 17/24: 68cab3d3000000001300947b_17.jpg OK
[15:11:03]   下载 image 18/24: 68cab3d3000000001300947b_18.jpg OK
[15:11:04]   下载 image 19/24: 68cab3d3000000001300947b_19.jpg OK
[15:11:04]   下载 image 20/24: 68cab3d3000000001300947b_20.jpg OK
[15:11:04]   下载 image 21/24: 68cab3d3000000001300947b_21.jpg OK
[15:11:04]   下载 image 22/24: 68cab3d3000000001300947b_22.jpg OK
[15:11:04]   下载 image 23/24: 68cab3d3000000001300947b_23.jpg OK
[15:11:04]   下载 image 24/24: 68cab3d3000000001300947b_24.jpg OK
[15:11:04]   重复图片 (同 68cab3d3000000001300947b_1.jpg): 68cab3d3000000001300947b_13.jpg
[15:11:04]   重复图片 (同 68cab3d3000000001300947b_2.jpg): 68cab3d3000000001300947b_14.jpg
[15:11:04]   重复图片 (同 68cab3d3000000001300947b_3.jpg): 68cab3d3000000001300947b_15.jpg
[15:11:04]   重复图片 (同 68cab3d3000000001300947b_4.jpg): 68cab3d3000000001300947b_16.jpg
[15:11:04]   重复图片 (同 68cab3d3000000001300947b_5.jpg): 68cab3d3000000001300947b_17.jpg
[15:11:04]   重复图片 (同 68cab3d3000000001300947b_6.jpg): 68cab3d3000000001300947b_18.jpg
[15:11:04]   重复图片 (同 68cab3d3000000001300947b_7.jpg): 68cab3d3000000001300947b_19.jpg
[15:11:04]   重复图片 (同 68cab3d3000000001300947b_8.jpg): 68cab3d3000000001300947b_20.jpg
[15:11:04]   重复图片 (同 68cab3d3000000001300947b_9.jpg): 68cab3d3000000001300947b_21.jpg
[15:11:05]   重复图片 (同 68cab3d3000000001300947b_10.jpg): 68cab3d3000000001300947b_22.jpg
[15:11:05]   重复图片 (同 68cab3d3000000001300947b_11.jpg): 68cab3d3000000001300947b_23.jpg
[15:11:05]   重复图片 (同 68cab3d3000000001300947b_12.jpg): 68cab3d3000000001300947b_24.jpg
[15:11:05]   去重后: 12 张
[15:11:05]   OK -> 今年结婚的姐妹快存下这4️⃣8️⃣款主纱造型‼️.md
[15:11:05] [24/25] 婚纱的尽头是缎面主纱...
[15:11:28]   下载 image 1/12: 69fb09ef00000000380363f7_1.jpg OK
[15:11:28]   下载 image 2/12: 69fb09ef00000000380363f7_2.jpg OK
[15:11:29]   下载 image 3/12: 69fb09ef00000000380363f7_3.jpg OK
[15:11:29]   下载 image 4/12: 69fb09ef00000000380363f7_4.jpg OK
[15:11:29]   下载 image 5/12: 69fb09ef00000000380363f7_5.jpg OK
[15:11:29]   下载 image 6/12: 69fb09ef00000000380363f7_6.jpg OK
[15:11:29]   下载 image 7/12: 69fb09ef00000000380363f7_7.jpg OK
[15:11:29]   下载 image 8/12: 69fb09ef00000000380363f7_8.jpg OK
[15:11:29]   下载 image 9/12: 69fb09ef00000000380363f7_9.jpg OK
[15:11:29]   下载 image 10/12: 69fb09ef00000000380363f7_10.jpg OK
[15:11:29]   下载 image 11/12: 69fb09ef00000000380363f7_11.jpg OK
[15:11:29]   下载 image 12/12: 69fb09ef00000000380363f7_12.jpg OK
[15:11:29]   重复图片 (同 69fb09ef00000000380363f7_1.jpg): 69fb09ef00000000380363f7_7.jpg
[15:11:29]   重复图片 (同 69fb09ef00000000380363f7_2.jpg): 69fb09ef00000000380363f7_8.jpg
[15:11:30]   重复图片 (同 69fb09ef00000000380363f7_3.jpg): 69fb09ef00000000380363f7_9.jpg
[15:11:30]   重复图片 (同 69fb09ef00000000380363f7_4.jpg): 69fb09ef00000000380363f7_10.jpg
[15:11:30]   重复图片 (同 69fb09ef00000000380363f7_5.jpg): 69fb09ef00000000380363f7_11.jpg
[15:11:30]   重复图片 (同 69fb09ef00000000380363f7_6.jpg): 69fb09ef00000000380363f7_12.jpg
[15:11:30]   去重后: 6 张
[15:11:30]   OK -> 婚纱的尽头是缎面主纱.md
[15:11:30] [25/25] 一秒get适合自己的婚纱照风格❗️避免踩雷⚠️...
[15:11:49]   下载 image 1/14: 67ed0d1a000000001e009515_1.jpg OK
[15:11:49]   下载 image 2/14: 67ed0d1a000000001e009515_2.jpg OK
[15:11:49]   下载 image 3/14: 67ed0d1a000000001e009515_3.jpg OK
[15:11:49]   下载 image 4/14: 67ed0d1a000000001e009515_4.jpg OK
[15:11:49]   下载 image 5/14: 67ed0d1a000000001e009515_5.jpg OK
[15:11:49]   下载 image 6/14: 67ed0d1a000000001e009515_6.jpg OK
[15:11:49]   下载 image 7/14: 67ed0d1a000000001e009515_7.jpg OK
[15:11:49]   下载 image 8/14: 67ed0d1a000000001e009515_8.jpg OK
[15:11:49]   下载 image 9/14: 67ed0d1a000000001e009515_9.jpg OK
[15:11:50]   下载 image 10/14: 67ed0d1a000000001e009515_10.jpg OK
[15:11:50]   下载 image 11/14: 67ed0d1a000000001e009515_11.jpg OK
[15:11:50]   下载 image 12/14: 67ed0d1a000000001e009515_12.jpg OK
[15:11:50]   下载 image 13/14: 67ed0d1a000000001e009515_13.jpg OK
[15:11:50]   下载 image 14/14: 67ed0d1a000000001e009515_14.jpg OK
[15:11:50]   重复图片 (同 67ed0d1a000000001e009515_1.jpg): 67ed0d1a000000001e009515_8.jpg
[15:11:50]   重复图片 (同 67ed0d1a000000001e009515_2.jpg): 67ed0d1a000000001e009515_9.jpg
[15:11:50]   重复图片 (同 67ed0d1a000000001e009515_3.jpg): 67ed0d1a000000001e009515_10.jpg
[15:11:50]   重复图片 (同 67ed0d1a000000001e009515_4.jpg): 67ed0d1a000000001e009515_11.jpg
[15:11:50]   重复图片 (同 67ed0d1a000000001e009515_5.jpg): 67ed0d1a000000001e009515_12.jpg
[15:11:50]   重复图片 (同 67ed0d1a000000001e009515_6.jpg): 67ed0d1a000000001e009515_13.jpg
[15:11:50]   重复图片 (同 67ed0d1a000000001e009515_7.jpg): 67ed0d1a000000001e009515_14.jpg
[15:11:50]   去重后: 7 张
[15:11:50]   OK -> 一秒get适合自己的婚纱照风格❗️避免踩雷⚠️.md
[15:11:50] === 采集完成: 成功 25/25, 用时 585s ===
[15:11:50] 汇总已追加: d:\obsidian\demo\05_long_project\小红书\_运行日志.md
