[08:52:21] === 小红书采集脚本启动 ===
[08:52:26] 开始采集: keyword=可以给跟妆提供的风格, limit=20
[08:52:26] 搜索: 可以给跟妆提供的风格 (limit=20)
[08:52:36] 搜索到 18 条结果
[08:52:36] [1/18] 准新娘码住‼️十种不同风格的新娘主纱造型❤️...
[08:52:44]   下载 image 1/22: 6935762a000000001f00ce7c_1.jpg OK
[08:52:44]   下载 image 2/22: 6935762a000000001f00ce7c_2.jpg OK
[08:52:44]   下载 image 3/22: 6935762a000000001f00ce7c_3.jpg OK
[08:52:45]   下载 image 4/22: 6935762a000000001f00ce7c_4.jpg OK
[08:52:45]   下载 image 5/22: 6935762a000000001f00ce7c_5.jpg OK
[08:52:45]   下载 image 6/22: 6935762a000000001f00ce7c_6.jpg OK
[08:52:45]   下载 image 7/22: 6935762a000000001f00ce7c_7.jpg OK
[08:52:45]   下载 image 8/22: 6935762a000000001f00ce7c_8.jpg OK
[08:52:45]   下载 image 9/22: 6935762a000000001f00ce7c_9.jpg OK
[08:52:46]   下载 image 10/22: 6935762a000000001f00ce7c_10.jpg OK
[08:52:46]   下载 image 11/22: 6935762a000000001f00ce7c_11.jpg OK
[08:52:46]   下载 image 12/22: 6935762a000000001f00ce7c_12.jpg OK
[08:52:46]   下载 image 13/22: 6935762a000000001f00ce7c_13.jpg OK
[08:52:46]   下载 image 14/22: 6935762a000000001f00ce7c_14.jpg OK
[08:52:47]   下载 image 15/22: 6935762a000000001f00ce7c_15.jpg OK
[08:52:47]   下载 image 16/22: 6935762a000000001f00ce7c_16.jpg OK
[08:52:47]   下载 image 17/22: 6935762a000000001f00ce7c_17.jpg OK
[08:52:47]   下载 image 18/22: 6935762a000000001f00ce7c_18.jpg OK
[08:52:47]   下载 image 19/22: 6935762a000000001f00ce7c_19.jpg OK
[08:52:48]   下载 image 20/22: 6935762a000000001f00ce7c_20.jpg OK
[08:52:48]   下载 image 21/22: 6935762a000000001f00ce7c_21.jpg OK
[08:52:48]   下载 image 22/22: 6935762a000000001f00ce7c_22.jpg OK
[08:52:48]   重复图片 (同 6935762a000000001f00ce7c_1.jpg): 6935762a000000001f00ce7c_12.jpg
[08:52:48]   重复图片 (同 6935762a000000001f00ce7c_2.jpg): 6935762a000000001f00ce7c_13.jpg
[08:52:48]   重复图片 (同 6935762a000000001f00ce7c_3.jpg): 6935762a000000001f00ce7c_14.jpg
[08:52:48]   重复图片 (同 6935762a000000001f00ce7c_4.jpg): 6935762a000000001f00ce7c_15.jpg
[08:52:48]   重复图片 (同 6935762a000000001f00ce7c_5.jpg): 6935762a000000001f00ce7c_16.jpg
[08:52:48]   重复图片 (同 6935762a000000001f00ce7c_6.jpg): 6935762a000000001f00ce7c_17.jpg
[08:52:48]   重复图片 (同 6935762a000000001f00ce7c_7.jpg): 6935762a000000001f00ce7c_18.jpg
[08:52:48]   重复图片 (同 6935762a000000001f00ce7c_8.jpg): 6935762a000000001f00ce7c_19.jpg
[08:52:48]   重复图片 (同 6935762a000000001f00ce7c_9.jpg): 6935762a000000001f00ce7c_20.jpg
[08:52:49]   重复图片 (同 6935762a000000001f00ce7c_10.jpg): 6935762a000000001f00ce7c_21.jpg
[08:52:49]   重复图片 (同 6935762a000000001f00ce7c_11.jpg): 6935762a000000001f00ce7c_22.jpg
[08:52:49]   去重后: 11 张
[08:52:49]   OK -> 准新娘码住‼️十种不同风格的新娘主纱造型❤️_6935762a000000001f00ce7c.md
[08:52:49] [2/18] 分享新娘主纱妆造👰‍♀️准新娘码住‼️...
[08:53:09]   下载 image 1/20: 69d61bbd000000002301756b_1.jpg OK
[08:53:09]   下载 image 2/20: 69d61bbd000000002301756b_2.jpg OK
[08:53:10]   下载 image 3/20: 69d61bbd000000002301756b_3.jpg OK
[08:53:10]   下载 image 4/20: 69d61bbd000000002301756b_4.jpg OK
[08:53:10]   下载 image 5/20: 69d61bbd000000002301756b_5.jpg OK
[08:53:10]   下载 image 6/20: 69d61bbd000000002301756b_6.jpg OK
[08:53:10]   下载 image 7/20: 69d61bbd000000002301756b_7.jpg OK
[08:53:10]   下载 image 8/20: 69d61bbd000000002301756b_8.jpg OK
[08:53:10]   下载 image 9/20: 69d61bbd000000002301756b_9.jpg OK
[08:53:11]   下载 image 10/20: 69d61bbd000000002301756b_10.jpg OK
[08:53:11]   下载 image 11/20: 69d61bbd000000002301756b_11.jpg OK
[08:53:11]   下载 image 12/20: 69d61bbd000000002301756b_12.jpg OK
[08:53:11]   下载 image 13/20: 69d61bbd000000002301756b_13.jpg OK
[08:53:11]   下载 image 14/20: 69d61bbd000000002301756b_14.jpg OK
[08:53:11]   下载 image 15/20: 69d61bbd000000002301756b_15.jpg OK
[08:53:11]   下载 image 16/20: 69d61bbd000000002301756b_16.jpg OK
[08:53:11]   下载 image 17/20: 69d61bbd000000002301756b_17.jpg OK
[08:53:12]   下载 image 18/20: 69d61bbd000000002301756b_18.jpg OK
[08:53:12]   下载 image 19/20: 69d61bbd000000002301756b_19.jpg OK
[08:53:12]   下载 image 20/20: 69d61bbd000000002301756b_20.jpg OK
[08:53:12]   重复图片 (同 69d61bbd000000002301756b_1.jpg): 69d61bbd000000002301756b_11.jpg
[08:53:12]   重复图片 (同 69d61bbd000000002301756b_2.jpg): 69d61bbd000000002301756b_12.jpg
[08:53:12]   重复图片 (同 69d61bbd000000002301756b_3.jpg): 69d61bbd000000002301756b_13.jpg
[08:53:12]   重复图片 (同 69d61bbd000000002301756b_4.jpg): 69d61bbd000000002301756b_14.jpg
[08:53:12]   重复图片 (同 69d61bbd000000002301756b_5.jpg): 69d61bbd000000002301756b_15.jpg
[08:53:12]   重复图片 (同 69d61bbd000000002301756b_6.jpg): 69d61bbd000000002301756b_16.jpg
[08:53:12]   重复图片 (同 69d61bbd000000002301756b_7.jpg): 69d61bbd000000002301756b_17.jpg
[08:53:12]   重复图片 (同 69d61bbd000000002301756b_8.jpg): 69d61bbd000000002301756b_18.jpg
[08:53:12]   重复图片 (同 69d61bbd000000002301756b_9.jpg): 69d61bbd000000002301756b_19.jpg
[08:53:12]   重复图片 (同 69d61bbd000000002301756b_10.jpg): 69d61bbd000000002301756b_20.jpg
[08:53:12]   去重后: 10 张
[08:53:12]   OK -> 分享新娘主纱妆造👰‍♀️准新娘码住‼️.md
[08:53:12] [3/18] 适合新手化妆师的新娘妆学霸笔记❗...
[08:53:25]   下载 image 1/20: 69d65f8d000000002003a7a3_1.jpg OK
[08:53:25]   下载 image 2/20: 69d65f8d000000002003a7a3_2.jpg OK
[08:53:25]   下载 image 3/20: 69d65f8d000000002003a7a3_3.jpg OK
[08:53:25]   下载 image 4/20: 69d65f8d000000002003a7a3_4.jpg OK
[08:53:26]   下载 image 5/20: 69d65f8d000000002003a7a3_5.jpg OK
[08:53:26]   下载 image 6/20: 69d65f8d000000002003a7a3_6.jpg OK
[08:53:27]   下载 image 7/20: 69d65f8d000000002003a7a3_7.jpg OK
[08:53:28]   下载 image 8/20: 69d65f8d000000002003a7a3_8.jpg OK
[08:53:28]   下载 image 9/20: 69d65f8d000000002003a7a3_9.jpg OK
[08:53:29]   下载 image 10/20: 69d65f8d000000002003a7a3_10.jpg OK
[08:53:29]   下载 image 11/20: 69d65f8d000000002003a7a3_11.jpg OK
[08:53:29]   下载 image 12/20: 69d65f8d000000002003a7a3_12.jpg OK
[08:53:29]   下载 image 13/20: 69d65f8d000000002003a7a3_13.jpg OK
[08:53:29]   下载 image 14/20: 69d65f8d000000002003a7a3_14.jpg OK
[08:53:29]   下载 image 15/20: 69d65f8d000000002003a7a3_15.jpg OK
[08:53:30]   下载 image 16/20: 69d65f8d000000002003a7a3_16.jpg OK
[08:53:30]   下载 image 17/20: 69d65f8d000000002003a7a3_17.jpg OK
[08:53:30]   下载 image 18/20: 69d65f8d000000002003a7a3_18.jpg OK
[08:53:31]   下载 image 19/20: 69d65f8d000000002003a7a3_19.jpg OK
[08:53:31]   下载 image 20/20: 69d65f8d000000002003a7a3_20.jpg OK
[08:53:31]   重复图片 (同 69d65f8d000000002003a7a3_1.jpg): 69d65f8d000000002003a7a3_11.jpg
[08:53:31]   重复图片 (同 69d65f8d000000002003a7a3_2.jpg): 69d65f8d000000002003a7a3_12.jpg
[08:53:31]   重复图片 (同 69d65f8d000000002003a7a3_3.jpg): 69d65f8d000000002003a7a3_13.jpg
[08:53:31]   重复图片 (同 69d65f8d000000002003a7a3_4.jpg): 69d65f8d000000002003a7a3_14.jpg
[08:53:31]   重复图片 (同 69d65f8d000000002003a7a3_5.jpg): 69d65f8d000000002003a7a3_15.jpg
[08:53:31]   重复图片 (同 69d65f8d000000002003a7a3_6.jpg): 69d65f8d000000002003a7a3_16.jpg
[08:53:31]   重复图片 (同 69d65f8d000000002003a7a3_7.jpg): 69d65f8d000000002003a7a3_17.jpg
[08:53:31]   重复图片 (同 69d65f8d000000002003a7a3_8.jpg): 69d65f8d000000002003a7a3_18.jpg
[08:53:31]   重复图片 (同 69d65f8d000000002003a7a3_9.jpg): 69d65f8d000000002003a7a3_19.jpg
[08:53:31]   重复图片 (同 69d65f8d000000002003a7a3_10.jpg): 69d65f8d000000002003a7a3_20.jpg
[08:53:31]   去重后: 10 张
[08:53:31]   OK -> 适合新手化妆师的新娘妆学霸笔记❗.md
[08:53:31] [4/18] 婚礼跟妆拒绝当韭菜...
[08:53:47]   下载 image 1/16: 69e4e362000000001e00e329_1.jpg OK
[08:53:47]   下载 image 2/16: 69e4e362000000001e00e329_2.jpg OK
[08:53:47]   下载 image 3/16: 69e4e362000000001e00e329_3.jpg OK
[08:53:47]   下载 image 4/16: 69e4e362000000001e00e329_4.jpg OK
[08:53:47]   下载 image 5/16: 69e4e362000000001e00e329_5.jpg OK
[08:53:48]   下载 image 6/16: 69e4e362000000001e00e329_6.jpg OK
[08:53:48]   下载 image 7/16: 69e4e362000000001e00e329_7.jpg OK
[08:53:48]   下载 image 8/16: 69e4e362000000001e00e329_8.jpg OK
[08:53:49]   下载 image 9/16: 69e4e362000000001e00e329_9.jpg OK
[08:53:49]   下载 image 10/16: 69e4e362000000001e00e329_10.jpg OK
[08:53:49]   下载 image 11/16: 69e4e362000000001e00e329_11.jpg OK
[08:53:49]   下载 image 12/16: 69e4e362000000001e00e329_12.jpg OK
[08:53:49]   下载 image 13/16: 69e4e362000000001e00e329_13.jpg OK
[08:53:49]   下载 image 14/16: 69e4e362000000001e00e329_14.jpg OK
[08:53:50]   下载 image 15/16: 69e4e362000000001e00e329_15.jpg OK
[08:53:50]   下载 image 16/16: 69e4e362000000001e00e329_16.jpg OK
[08:53:50]   重复图片 (同 69e4e362000000001e00e329_1.jpg): 69e4e362000000001e00e329_9.jpg
[08:53:50]   重复图片 (同 69e4e362000000001e00e329_2.jpg): 69e4e362000000001e00e329_10.jpg
[08:53:50]   重复图片 (同 69e4e362000000001e00e329_3.jpg): 69e4e362000000001e00e329_11.jpg
[08:53:50]   重复图片 (同 69e4e362000000001e00e329_4.jpg): 69e4e362000000001e00e329_12.jpg
[08:53:50]   重复图片 (同 69e4e362000000001e00e329_5.jpg): 69e4e362000000001e00e329_13.jpg
[08:53:50]   重复图片 (同 69e4e362000000001e00e329_6.jpg): 69e4e362000000001e00e329_14.jpg
[08:53:50]   重复图片 (同 69e4e362000000001e00e329_7.jpg): 69e4e362000000001e00e329_15.jpg
[08:53:50]   重复图片 (同 69e4e362000000001e00e329_8.jpg): 69e4e362000000001e00e329_16.jpg
[08:53:50]   去重后: 8 张
[08:53:50]   OK -> 婚礼跟妆拒绝当韭菜_69e4e362000000001e00e329.md
[08:53:50] [5/18] 不同新娘【主纱妆造】合集📝准新娘必看❗️...
[08:54:15]   下载 image 1/12: 67ceb9f1000000000603fcea_1.jpg OK
[08:54:15]   下载 image 2/12: 67ceb9f1000000000603fcea_2.jpg OK
[08:54:16]   下载 image 3/12: 67ceb9f1000000000603fcea_3.jpg OK
[08:54:16]   下载 image 4/12: 67ceb9f1000000000603fcea_4.jpg OK
[08:54:16]   下载 image 5/12: 67ceb9f1000000000603fcea_5.jpg OK
[08:54:16]   下载 image 6/12: 67ceb9f1000000000603fcea_6.jpg OK
[08:54:16]   下载 image 7/12: 67ceb9f1000000000603fcea_7.jpg OK
[08:54:18]   下载 image 8/12: 67ceb9f1000000000603fcea_8.jpg OK
[08:54:18]   下载 image 9/12: 67ceb9f1000000000603fcea_9.jpg OK
[08:54:18]   下载 image 10/12: 67ceb9f1000000000603fcea_10.jpg OK
[08:54:19]   下载 image 11/12: 67ceb9f1000000000603fcea_11.jpg OK
[08:54:19]   下载 image 12/12: 67ceb9f1000000000603fcea_12.jpg OK
[08:54:19]   重复图片 (同 67ceb9f1000000000603fcea_2.jpg): 67ceb9f1000000000603fcea_8.jpg
[08:54:19]   重复图片 (同 67ceb9f1000000000603fcea_3.jpg): 67ceb9f1000000000603fcea_9.jpg
[08:54:19]   重复图片 (同 67ceb9f1000000000603fcea_4.jpg): 67ceb9f1000000000603fcea_10.jpg
[08:54:19]   重复图片 (同 67ceb9f1000000000603fcea_5.jpg): 67ceb9f1000000000603fcea_11.jpg
[08:54:19]   重复图片 (同 67ceb9f1000000000603fcea_6.jpg): 67ceb9f1000000000603fcea_12.jpg
[08:54:19]   去重后: 7 张
[08:54:19]   OK -> 不同新娘【主纱妆造】合集📝准新娘必看❗️.md
[08:54:19] [6/18] 拍婚纱照前必须要和化妆师沟通你要的感觉！...
[08:54:45]   下载 image 1/10: 69d5c5fe000000001a02c9e9_1.jpg OK
[08:54:45]   下载 image 2/10: 69d5c5fe000000001a02c9e9_2.jpg OK
[08:54:45]   下载 image 3/10: 69d5c5fe000000001a02c9e9_3.jpg OK
[08:54:46]   下载 image 4/10: 69d5c5fe000000001a02c9e9_4.jpg OK
[08:54:46]   下载 image 5/10: 69d5c5fe000000001a02c9e9_5.jpg OK
[08:54:46]   下载 image 6/10: 69d5c5fe000000001a02c9e9_6.jpg OK
[08:54:46]   下载 image 7/10: 69d5c5fe000000001a02c9e9_7.jpg OK
[08:54:46]   下载 image 8/10: 69d5c5fe000000001a02c9e9_8.jpg OK
[08:54:46]   下载 image 9/10: 69d5c5fe000000001a02c9e9_9.jpg OK
[08:54:47]   下载 image 10/10: 69d5c5fe000000001a02c9e9_10.jpg OK
[08:54:47]   重复图片 (同 69d5c5fe000000001a02c9e9_2.jpg): 69d5c5fe000000001a02c9e9_7.jpg
[08:54:47]   重复图片 (同 69d5c5fe000000001a02c9e9_3.jpg): 69d5c5fe000000001a02c9e9_8.jpg
[08:54:47]   重复图片 (同 69d5c5fe000000001a02c9e9_4.jpg): 69d5c5fe000000001a02c9e9_9.jpg
[08:54:47]   重复图片 (同 69d5c5fe000000001a02c9e9_5.jpg): 69d5c5fe000000001a02c9e9_10.jpg
[08:54:47]   去重后: 6 张
[08:54:47]   OK -> 拍婚纱照前必须要和化妆师沟通你要的感觉！_69d5c5fe000000001a02c9e9.md
[08:54:47] [7/18] 2026爆火7款新娘妆容｜备婚女生直接抄作业❤️...
[08:55:13]   下载 image 1/2: 6a4db841000000002200a49d_1.jpg OK
[08:55:15]   下载 video 2/2: 6a4db841000000002200a49d_2.mp4 OK
[08:55:15]   OK -> 2026爆火7款新娘妆容｜备婚女生直接抄作业❤️.md
[08:55:15] [8/18] 是你的心动造型嘛...
[08:55:39]   下载 image 1/12: 68a4ac07000000001d028dfa_1.jpg OK
[08:55:39]   下载 image 2/12: 68a4ac07000000001d028dfa_2.jpg OK
[08:55:39]   下载 image 3/12: 68a4ac07000000001d028dfa_3.jpg OK
[08:55:40]   下载 image 4/12: 68a4ac07000000001d028dfa_4.jpg OK
[08:55:40]   下载 image 5/12: 68a4ac07000000001d028dfa_5.jpg OK
[08:55:40]   下载 image 6/12: 68a4ac07000000001d028dfa_6.jpg OK
[08:55:40]   下载 image 7/12: 68a4ac07000000001d028dfa_7.jpg OK
[08:55:40]   下载 image 8/12: 68a4ac07000000001d028dfa_8.jpg OK
[08:55:40]   下载 image 9/12: 68a4ac07000000001d028dfa_9.jpg OK
[08:55:40]   下载 image 10/12: 68a4ac07000000001d028dfa_10.jpg OK
[08:55:40]   下载 image 11/12: 68a4ac07000000001d028dfa_11.jpg OK
[08:55:41]   下载 image 12/12: 68a4ac07000000001d028dfa_12.jpg OK
[08:55:41]   重复图片 (同 68a4ac07000000001d028dfa_2.jpg): 68a4ac07000000001d028dfa_8.jpg
[08:55:41]   重复图片 (同 68a4ac07000000001d028dfa_3.jpg): 68a4ac07000000001d028dfa_9.jpg
[08:55:41]   重复图片 (同 68a4ac07000000001d028dfa_4.jpg): 68a4ac07000000001d028dfa_10.jpg
[08:55:41]   重复图片 (同 68a4ac07000000001d028dfa_5.jpg): 68a4ac07000000001d028dfa_11.jpg
[08:55:41]   重复图片 (同 68a4ac07000000001d028dfa_6.jpg): 68a4ac07000000001d028dfa_12.jpg
[08:55:41]   去重后: 7 张
[08:55:41]   OK -> 是你的心动造型嘛_68a4ac07000000001d028dfa.md
[08:55:41] [9/18] 📝备婚灵感 | 新娘婚礼妆造合集✨👰...
[08:56:06]   下载 image 1/14: 6a62cd6d0000000001032e50_1.jpg OK
[08:56:07]   下载 image 2/14: 6a62cd6d0000000001032e50_2.jpg OK
[08:56:07]   下载 image 3/14: 6a62cd6d0000000001032e50_3.jpg OK
[08:56:07]   下载 image 4/14: 6a62cd6d0000000001032e50_4.jpg OK
[08:56:07]   下载 image 5/14: 6a62cd6d0000000001032e50_5.jpg OK
[08:56:07]   下载 image 6/14: 6a62cd6d0000000001032e50_6.jpg OK
[08:56:07]   下载 image 7/14: 6a62cd6d0000000001032e50_7.jpg OK
[08:56:07]   下载 image 8/14: 6a62cd6d0000000001032e50_8.jpg OK
[08:56:07]   下载 image 9/14: 6a62cd6d0000000001032e50_9.jpg OK
[08:56:07]   下载 image 10/14: 6a62cd6d0000000001032e50_10.jpg OK
[08:56:08]   下载 image 11/14: 6a62cd6d0000000001032e50_11.jpg OK
[08:56:08]   下载 image 12/14: 6a62cd6d0000000001032e50_12.jpg OK
[08:56:08]   下载 image 13/14: 6a62cd6d0000000001032e50_13.jpg OK
[08:56:08]   下载 image 14/14: 6a62cd6d0000000001032e50_14.jpg OK
[08:56:08]   重复图片 (同 6a62cd6d0000000001032e50_2.jpg): 6a62cd6d0000000001032e50_9.jpg
[08:56:08]   重复图片 (同 6a62cd6d0000000001032e50_3.jpg): 6a62cd6d0000000001032e50_10.jpg
[08:56:08]   重复图片 (同 6a62cd6d0000000001032e50_4.jpg): 6a62cd6d0000000001032e50_11.jpg
[08:56:08]   重复图片 (同 6a62cd6d0000000001032e50_5.jpg): 6a62cd6d0000000001032e50_12.jpg
[08:56:08]   重复图片 (同 6a62cd6d0000000001032e50_6.jpg): 6a62cd6d0000000001032e50_13.jpg
[08:56:08]   重复图片 (同 6a62cd6d0000000001032e50_7.jpg): 6a62cd6d0000000001032e50_14.jpg
[08:56:08]   去重后: 8 张
[08:56:08]   OK -> 📝备婚灵感 _ 新娘婚礼妆造合集✨👰.md
[08:56:08] [10/18] 🔟组超🔥主婚纱造型合集❗❗备婚新娘抄作业🫶...
[08:56:34]   下载 image 1/24: 69e1f84300000000220293e3_1.jpg OK
[08:56:34]   下载 image 2/24: 69e1f84300000000220293e3_2.jpg OK
[08:56:35]   下载 image 3/24: 69e1f84300000000220293e3_3.jpg OK
[08:56:35]   下载 image 4/24: 69e1f84300000000220293e3_4.jpg OK
[08:56:35]   下载 image 5/24: 69e1f84300000000220293e3_5.jpg OK
[08:56:35]   下载 image 6/24: 69e1f84300000000220293e3_6.jpg OK
[08:56:35]   下载 image 7/24: 69e1f84300000000220293e3_7.jpg OK
[08:56:36]   下载 image 8/24: 69e1f84300000000220293e3_8.jpg OK
[08:56:36]   下载 image 9/24: 69e1f84300000000220293e3_9.jpg OK
[08:56:36]   下载 image 10/24: 69e1f84300000000220293e3_10.jpg OK
[08:56:36]   下载 image 11/24: 69e1f84300000000220293e3_11.jpg OK
[08:56:36]   下载 image 12/24: 69e1f84300000000220293e3_12.jpg OK
[08:56:37]   下载 image 13/24: 69e1f84300000000220293e3_13.jpg OK
[08:56:38]   下载 image 14/24: 69e1f84300000000220293e3_14.jpg OK
[08:56:38]   下载 image 15/24: 69e1f84300000000220293e3_15.jpg OK
[08:56:38]   下载 image 16/24: 69e1f84300000000220293e3_16.jpg OK
[08:56:39]   下载 image 17/24: 69e1f84300000000220293e3_17.jpg OK
[08:56:39]   下载 image 18/24: 69e1f84300000000220293e3_18.jpg OK
[08:56:39]   下载 image 19/24: 69e1f84300000000220293e3_19.jpg OK
[08:56:39]   下载 image 20/24: 69e1f84300000000220293e3_20.jpg OK
[08:56:40]   下载 image 21/24: 69e1f84300000000220293e3_21.jpg OK
[08:56:40]   下载 image 22/24: 69e1f84300000000220293e3_22.jpg OK
[08:56:40]   下载 image 23/24: 69e1f84300000000220293e3_23.jpg OK
[08:56:40]   下载 image 24/24: 69e1f84300000000220293e3_24.jpg OK
[08:56:41]   重复图片 (同 69e1f84300000000220293e3_2.jpg): 69e1f84300000000220293e3_14.jpg
[08:56:41]   重复图片 (同 69e1f84300000000220293e3_3.jpg): 69e1f84300000000220293e3_15.jpg
[08:56:41]   重复图片 (同 69e1f84300000000220293e3_4.jpg): 69e1f84300000000220293e3_16.jpg
[08:56:41]   重复图片 (同 69e1f84300000000220293e3_5.jpg): 69e1f84300000000220293e3_17.jpg
[08:56:41]   重复图片 (同 69e1f84300000000220293e3_6.jpg): 69e1f84300000000220293e3_18.jpg
[08:56:41]   重复图片 (同 69e1f84300000000220293e3_7.jpg): 69e1f84300000000220293e3_19.jpg
[08:56:41]   重复图片 (同 69e1f84300000000220293e3_8.jpg): 69e1f84300000000220293e3_20.jpg
[08:56:41]   重复图片 (同 69e1f84300000000220293e3_9.jpg): 69e1f84300000000220293e3_21.jpg
[08:56:41]   重复图片 (同 69e1f84300000000220293e3_10.jpg): 69e1f84300000000220293e3_22.jpg
[08:56:41]   重复图片 (同 69e1f84300000000220293e3_11.jpg): 69e1f84300000000220293e3_23.jpg
[08:56:41]   重复图片 (同 69e1f84300000000220293e3_12.jpg): 69e1f84300000000220293e3_24.jpg
[08:56:41]   去重后: 13 张
[08:56:41]   OK -> 🔟组超🔥主婚纱造型合集❗❗备婚新娘抄作业🫶.md
[08:56:41] [11/18] 真的好温柔的韩系新娘妆～...
[08:57:08]   下载 image 1/8: 684ba667000000001101f83d_1.jpg OK
[08:57:09]   下载 image 2/8: 684ba667000000001101f83d_2.jpg OK
[08:57:09]   下载 image 3/8: 684ba667000000001101f83d_3.jpg OK
[08:57:09]   下载 image 4/8: 684ba667000000001101f83d_4.jpg OK
[08:57:09]   下载 image 5/8: 684ba667000000001101f83d_5.jpg OK
[08:57:10]   下载 image 6/8: 684ba667000000001101f83d_6.jpg OK
[08:57:10]   下载 image 7/8: 684ba667000000001101f83d_7.jpg OK
[08:57:10]   下载 image 8/8: 684ba667000000001101f83d_8.jpg OK
[08:57:10]   重复图片 (同 684ba667000000001101f83d_2.jpg): 684ba667000000001101f83d_6.jpg
[08:57:10]   重复图片 (同 684ba667000000001101f83d_3.jpg): 684ba667000000001101f83d_7.jpg
[08:57:10]   重复图片 (同 684ba667000000001101f83d_4.jpg): 684ba667000000001101f83d_8.jpg
[08:57:10]   去重后: 5 张
[08:57:10]   OK -> 真的好温柔的韩系新娘妆～.md
[08:57:10] [12/18] 婚纱+化妆师选择超全总结✨...
[08:57:33]   下载 image 1/6: 69baa3c1000000001d0180b4_1.jpg OK
[08:57:33]   下载 image 2/6: 69baa3c1000000001d0180b4_2.jpg OK
[08:57:33]   下载 image 3/6: 69baa3c1000000001d0180b4_3.jpg OK
[08:57:34]   下载 image 4/6: 69baa3c1000000001d0180b4_4.jpg OK
[08:57:34]   下载 image 5/6: 69baa3c1000000001d0180b4_5.jpg OK
[08:57:34]   下载 image 6/6: 69baa3c1000000001d0180b4_6.jpg OK
[08:57:34]   重复图片 (同 69baa3c1000000001d0180b4_2.jpg): 69baa3c1000000001d0180b4_5.jpg
[08:57:34]   重复图片 (同 69baa3c1000000001d0180b4_3.jpg): 69baa3c1000000001d0180b4_6.jpg
[08:57:34]   去重后: 4 张
[08:57:34]   OK -> 婚纱+化妆师选择超全总结✨.md
[08:57:34] [13/18] 婚礼倒计时？9款必看主纱妆容攻略💒...
[08:57:55]   下载 image 1/18: 695b656c000000001a01f19a_1.jpg OK
[08:57:55]   下载 image 2/18: 695b656c000000001a01f19a_2.jpg OK
[08:57:56]   下载 image 3/18: 695b656c000000001a01f19a_3.jpg OK
[08:57:56]   下载 image 4/18: 695b656c000000001a01f19a_4.jpg OK
[08:57:56]   下载 image 5/18: 695b656c000000001a01f19a_5.jpg OK
[08:57:57]   下载 image 6/18: 695b656c000000001a01f19a_6.jpg OK
[08:57:57]   下载 image 7/18: 695b656c000000001a01f19a_7.jpg OK
[08:57:57]   下载 image 8/18: 695b656c000000001a01f19a_8.jpg OK
[08:57:57]   下载 image 9/18: 695b656c000000001a01f19a_9.jpg OK
[08:57:57]   下载 image 10/18: 695b656c000000001a01f19a_10.jpg OK
[08:57:57]   下载 image 11/18: 695b656c000000001a01f19a_11.jpg OK
[08:57:57]   下载 image 12/18: 695b656c000000001a01f19a_12.jpg OK
[08:57:57]   下载 image 13/18: 695b656c000000001a01f19a_13.jpg OK
[08:57:57]   下载 image 14/18: 695b656c000000001a01f19a_14.jpg OK
[08:57:58]   下载 image 15/18: 695b656c000000001a01f19a_15.jpg OK
[08:57:58]   下载 image 16/18: 695b656c000000001a01f19a_16.jpg OK
[08:57:58]   下载 image 17/18: 695b656c000000001a01f19a_17.jpg OK
[08:57:58]   下载 image 18/18: 695b656c000000001a01f19a_18.jpg OK
[08:57:58]   重复图片 (同 695b656c000000001a01f19a_2.jpg): 695b656c000000001a01f19a_11.jpg
[08:57:58]   重复图片 (同 695b656c000000001a01f19a_3.jpg): 695b656c000000001a01f19a_12.jpg
[08:57:58]   重复图片 (同 695b656c000000001a01f19a_4.jpg): 695b656c000000001a01f19a_13.jpg
[08:57:58]   重复图片 (同 695b656c000000001a01f19a_5.jpg): 695b656c000000001a01f19a_14.jpg
[08:57:58]   重复图片 (同 695b656c000000001a01f19a_6.jpg): 695b656c000000001a01f19a_15.jpg
[08:57:58]   重复图片 (同 695b656c000000001a01f19a_7.jpg): 695b656c000000001a01f19a_16.jpg
[08:57:59]   重复图片 (同 695b656c000000001a01f19a_8.jpg): 695b656c000000001a01f19a_17.jpg
[08:57:59]   重复图片 (同 695b656c000000001a01f19a_9.jpg): 695b656c000000001a01f19a_18.jpg
[08:57:59]   去重后: 10 张
[08:57:59]   OK -> 婚礼倒计时？9款必看主纱妆容攻略💒.md
[08:57:59] [14/18] 备婚日记 | 试妆3小时，我想要的&我得到的...
[08:58:24]   下载 image 1/10: 6a3e84ce000000001603f3ff_1.jpg OK
[08:58:24]   下载 image 2/10: 6a3e84ce000000001603f3ff_2.jpg OK
[08:58:24]   下载 image 3/10: 6a3e84ce000000001603f3ff_3.jpg OK
[08:58:25]   下载 image 4/10: 6a3e84ce000000001603f3ff_4.jpg OK
[08:58:25]   下载 image 5/10: 6a3e84ce000000001603f3ff_5.jpg OK
[08:58:25]   下载 image 6/10: 6a3e84ce000000001603f3ff_6.jpg OK
[08:58:25]   下载 image 7/10: 6a3e84ce000000001603f3ff_7.jpg OK
[08:58:25]   下载 image 8/10: 6a3e84ce000000001603f3ff_8.jpg OK
[08:58:25]   下载 image 9/10: 6a3e84ce000000001603f3ff_9.jpg OK
[08:58:25]   下载 image 10/10: 6a3e84ce000000001603f3ff_10.jpg OK
[08:58:25]   重复图片 (同 6a3e84ce000000001603f3ff_2.jpg): 6a3e84ce000000001603f3ff_7.jpg
[08:58:25]   重复图片 (同 6a3e84ce000000001603f3ff_3.jpg): 6a3e84ce000000001603f3ff_8.jpg
[08:58:25]   重复图片 (同 6a3e84ce000000001603f3ff_4.jpg): 6a3e84ce000000001603f3ff_9.jpg
[08:58:26]   重复图片 (同 6a3e84ce000000001603f3ff_5.jpg): 6a3e84ce000000001603f3ff_10.jpg
[08:58:26]   去重后: 6 张
[08:58:26]   OK -> 备婚日记 _ 试妆3小时，我想要的&我得到的_6a3e84ce000000001603f3ff.md
[08:58:26] [15/18] 美到窒息的法式亚裔甜妹妆容！美到心坎啦✨...
[08:58:52]   下载 image 1/6: 69f48db3000000003601be0b_1.jpg OK
[08:58:52]   下载 image 2/6: 69f48db3000000003601be0b_2.jpg OK
[08:58:52]   下载 image 3/6: 69f48db3000000003601be0b_3.jpg OK
[08:58:53]   下载 image 4/6: 69f48db3000000003601be0b_4.jpg OK
[08:58:53]   下载 image 5/6: 69f48db3000000003601be0b_5.jpg OK
[08:58:53]   下载 image 6/6: 69f48db3000000003601be0b_6.jpg OK
[08:58:53]   重复图片 (同 69f48db3000000003601be0b_2.jpg): 69f48db3000000003601be0b_5.jpg
[08:58:53]   重复图片 (同 69f48db3000000003601be0b_3.jpg): 69f48db3000000003601be0b_6.jpg
[08:58:53]   去重后: 4 张
[08:58:53]   OK -> 美到窒息的法式亚裔甜妹妆容！美到心坎啦✨.md
[08:58:53] [16/18] 终于搞懂晨袍 / 出门 / 主纱 / 敬酒妆造区...
[08:59:13]   下载 image 1/10: 682f15770000000012002a28_1.jpg OK
[08:59:13]   下载 image 2/10: 682f15770000000012002a28_2.jpg OK
[08:59:13]   下载 image 3/10: 682f15770000000012002a28_3.jpg OK
[08:59:14]   下载 image 4/10: 682f15770000000012002a28_4.jpg OK
[08:59:14]   下载 image 5/10: 682f15770000000012002a28_5.jpg OK
[08:59:14]   下载 image 6/10: 682f15770000000012002a28_6.jpg OK
[08:59:14]   下载 image 7/10: 682f15770000000012002a28_7.jpg OK
[08:59:14]   下载 image 8/10: 682f15770000000012002a28_8.jpg OK
[08:59:14]   下载 image 9/10: 682f15770000000012002a28_9.jpg OK
[08:59:14]   下载 image 10/10: 682f15770000000012002a28_10.jpg OK
[08:59:15]   重复图片 (同 682f15770000000012002a28_2.jpg): 682f15770000000012002a28_7.jpg
[08:59:15]   重复图片 (同 682f15770000000012002a28_3.jpg): 682f15770000000012002a28_8.jpg
[08:59:15]   重复图片 (同 682f15770000000012002a28_4.jpg): 682f15770000000012002a28_9.jpg
[08:59:15]   重复图片 (同 682f15770000000012002a28_5.jpg): 682f15770000000012002a28_10.jpg
[08:59:15]   去重后: 6 张
[08:59:15]   OK -> 终于搞懂晨袍 _ 出门 _ 主纱 _ 敬酒妆造区.md
[08:59:15] [17/18] 婚礼当天穿什么！看这一篇就够了！...
[08:59:40]   下载 image 1/10: 6a0b2a6c000000003600269b_1.jpg OK
[08:59:41]   下载 image 2/10: 6a0b2a6c000000003600269b_2.jpg OK
[08:59:41]   下载 image 3/10: 6a0b2a6c000000003600269b_3.jpg OK
[08:59:41]   下载 image 4/10: 6a0b2a6c000000003600269b_4.jpg OK
[08:59:42]   下载 image 5/10: 6a0b2a6c000000003600269b_5.jpg OK
[08:59:42]   下载 image 6/10: 6a0b2a6c000000003600269b_6.jpg OK
[08:59:42]   下载 image 7/10: 6a0b2a6c000000003600269b_7.jpg OK
[08:59:42]   下载 image 8/10: 6a0b2a6c000000003600269b_8.jpg OK
[08:59:43]   下载 image 9/10: 6a0b2a6c000000003600269b_9.jpg OK
[08:59:43]   下载 image 10/10: 6a0b2a6c000000003600269b_10.jpg OK
[08:59:43]   重复图片 (同 6a0b2a6c000000003600269b_2.jpg): 6a0b2a6c000000003600269b_7.jpg
[08:59:43]   重复图片 (同 6a0b2a6c000000003600269b_3.jpg): 6a0b2a6c000000003600269b_8.jpg
[08:59:43]   重复图片 (同 6a0b2a6c000000003600269b_4.jpg): 6a0b2a6c000000003600269b_9.jpg
[08:59:43]   重复图片 (同 6a0b2a6c000000003600269b_5.jpg): 6a0b2a6c000000003600269b_10.jpg
[08:59:43]   去重后: 6 张
[08:59:43]   OK -> 婚礼当天穿什么！看这一篇就够了！.md
[08:59:43] [18/18] 寻找10.2 跟妆 急急急！！！...
[09:00:08]   下载 image 1/10: 68425ef700000000210046f0_1.jpg OK
[09:00:08]   下载 image 2/10: 68425ef700000000210046f0_2.jpg OK
[09:00:09]   下载 image 3/10: 68425ef700000000210046f0_3.jpg OK
[09:00:09]   下载 image 4/10: 68425ef700000000210046f0_4.jpg OK
[09:00:09]   下载 image 5/10: 68425ef700000000210046f0_5.jpg OK
[09:00:09]   下载 image 6/10: 68425ef700000000210046f0_6.jpg OK
[09:00:09]   下载 image 7/10: 68425ef700000000210046f0_7.jpg OK
[09:00:09]   下载 image 8/10: 68425ef700000000210046f0_8.jpg OK
[09:00:09]   下载 image 9/10: 68425ef700000000210046f0_9.jpg OK
[09:00:10]   下载 image 10/10: 68425ef700000000210046f0_10.jpg OK
[09:00:10]   重复图片 (同 68425ef700000000210046f0_2.jpg): 68425ef700000000210046f0_7.jpg
[09:00:10]   重复图片 (同 68425ef700000000210046f0_3.jpg): 68425ef700000000210046f0_8.jpg
[09:00:10]   重复图片 (同 68425ef700000000210046f0_4.jpg): 68425ef700000000210046f0_9.jpg
[09:00:10]   重复图片 (同 68425ef700000000210046f0_5.jpg): 68425ef700000000210046f0_10.jpg
[09:00:10]   去重后: 6 张
[09:00:10]   OK -> 寻找10.2 跟妆 急急急！！！.md
[09:00:10] === 采集完成: 成功 18/18, 用时 463s ===
[09:00:10] 汇总已追加: d:\obsidian\demo\05_long_project\小红书\_运行日志.md
