[09:09:10] ============================================================
[09:09:10] 小红书单篇笔记采集 启动
[09:09:10] OPENCLI_CMD: ('node', 'd:\\voice\\opencli-main\\dist\\main.js')
[09:09:10] 输出目录: d:\obsidian\demo\05_long_project\小红书
[09:09:10] ============================================================
[09:09:12] URL: https://www.xiaohongshu.com/explore/6a5b12bc0000000006011551?xsec_token=ABam7CBBBxX1LqakKWknORMTjEPX1aiZXXMG0T9CbmP8A=&xsec_source=pc_search&source=web_explore_feed
[09:09:12] note_id: 6a5b12bc0000000006011551
[09:09:12] 获取笔记详情中...
[09:09:30] 标题: 33款白色系鲜花新娘造型｜温柔干净不撞款✨
[09:09:30] 下载图片中...
[09:09:31]   下载 image 1/34: 6a5b12bc0000000006011551_1.jpg OK
[09:09:31]   下载 image 2/34: 6a5b12bc0000000006011551_2.jpg OK
[09:09:31]   下载 image 3/34: 6a5b12bc0000000006011551_3.jpg OK
[09:09:31]   下载 image 4/34: 6a5b12bc0000000006011551_4.jpg OK
[09:09:31]   下载 image 5/34: 6a5b12bc0000000006011551_5.jpg OK
[09:09:32]   下载 image 6/34: 6a5b12bc0000000006011551_6.jpg OK
[09:09:33]   下载 image 7/34: 6a5b12bc0000000006011551_7.jpg OK
[09:09:33]   下载 image 8/34: 6a5b12bc0000000006011551_8.jpg OK
[09:09:34]   下载 image 9/34: 6a5b12bc0000000006011551_9.jpg OK
[09:09:35]   下载 image 10/34: 6a5b12bc0000000006011551_10.jpg OK
[09:09:36]   下载 image 11/34: 6a5b12bc0000000006011551_11.jpg OK
[09:09:37]   下载 image 12/34: 6a5b12bc0000000006011551_12.jpg OK
[09:09:38]   下载 image 13/34: 6a5b12bc0000000006011551_13.jpg OK
[09:09:38]   下载 image 14/34: 6a5b12bc0000000006011551_14.jpg OK
[09:09:39]   下载 image 15/34: 6a5b12bc0000000006011551_15.jpg OK
[09:09:40]   下载 image 16/34: 6a5b12bc0000000006011551_16.jpg OK
[09:09:40]   下载 image 17/34: 6a5b12bc0000000006011551_17.jpg OK
[09:09:41]   下载 image 18/34: 6a5b12bc0000000006011551_18.jpg OK
[09:09:41]   下载 image 19/34: 6a5b12bc0000000006011551_19.jpg OK
[09:09:41]   下载 image 20/34: 6a5b12bc0000000006011551_20.jpg OK
[09:09:41]   下载 image 21/34: 6a5b12bc0000000006011551_21.jpg OK
[09:09:41]   下载 image 22/34: 6a5b12bc0000000006011551_22.jpg OK
[09:09:41]   下载 image 23/34: 6a5b12bc0000000006011551_23.jpg OK
[09:09:41]   下载 image 24/34: 6a5b12bc0000000006011551_24.jpg OK
[09:09:41]   下载 image 25/34: 6a5b12bc0000000006011551_25.jpg OK
[09:09:41]   下载 image 26/34: 6a5b12bc0000000006011551_26.jpg OK
[09:09:42]   下载 image 27/34: 6a5b12bc0000000006011551_27.jpg OK
[09:09:42]   下载 image 28/34: 6a5b12bc0000000006011551_28.jpg OK
[09:09:42]   下载 image 29/34: 6a5b12bc0000000006011551_29.jpg OK
[09:09:42]   下载 image 30/34: 6a5b12bc0000000006011551_30.jpg OK
[09:09:42]   下载 image 31/34: 6a5b12bc0000000006011551_31.jpg OK
[09:09:42]   下载 image 32/34: 6a5b12bc0000000006011551_32.jpg OK
[09:09:42]   下载 image 33/34: 6a5b12bc0000000006011551_33.jpg OK
[09:09:42]   下载 image 34/34: 6a5b12bc0000000006011551_34.jpg OK
[09:09:43]   重复图片 (同 6a5b12bc0000000006011551_2.jpg): 6a5b12bc0000000006011551_19.jpg
[09:09:43]   重复图片 (同 6a5b12bc0000000006011551_3.jpg): 6a5b12bc0000000006011551_20.jpg
[09:09:43]   重复图片 (同 6a5b12bc0000000006011551_4.jpg): 6a5b12bc0000000006011551_21.jpg
[09:09:43]   重复图片 (同 6a5b12bc0000000006011551_5.jpg): 6a5b12bc0000000006011551_22.jpg
[09:09:43]   重复图片 (同 6a5b12bc0000000006011551_6.jpg): 6a5b12bc0000000006011551_23.jpg
[09:09:43]   重复图片 (同 6a5b12bc0000000006011551_7.jpg): 6a5b12bc0000000006011551_24.jpg
[09:09:43]   重复图片 (同 6a5b12bc0000000006011551_8.jpg): 6a5b12bc0000000006011551_25.jpg
[09:09:43]   重复图片 (同 6a5b12bc0000000006011551_9.jpg): 6a5b12bc0000000006011551_26.jpg
[09:09:43]   重复图片 (同 6a5b12bc0000000006011551_10.jpg): 6a5b12bc0000000006011551_27.jpg
[09:09:43]   重复图片 (同 6a5b12bc0000000006011551_11.jpg): 6a5b12bc0000000006011551_28.jpg
[09:09:43]   重复图片 (同 6a5b12bc0000000006011551_12.jpg): 6a5b12bc0000000006011551_29.jpg
[09:09:43]   重复图片 (同 6a5b12bc0000000006011551_13.jpg): 6a5b12bc0000000006011551_30.jpg
[09:09:43]   重复图片 (同 6a5b12bc0000000006011551_14.jpg): 6a5b12bc0000000006011551_31.jpg
[09:09:43]   重复图片 (同 6a5b12bc0000000006011551_15.jpg): 6a5b12bc0000000006011551_32.jpg
[09:09:43]   重复图片 (同 6a5b12bc0000000006011551_16.jpg): 6a5b12bc0000000006011551_33.jpg
[09:09:43]   重复图片 (同 6a5b12bc0000000006011551_17.jpg): 6a5b12bc0000000006011551_34.jpg
[09:09:43]   去重后: 18 张
[09:09:43] 下载图片: 18 张 (直接下载)
[09:09:43] 已保存: d:\obsidian\demo\05_long_project\小红书\33款白色系鲜花新娘造型｜温柔干净不撞款✨.md
[09:09:43] 完成
