[07:43:34] ============================================================
[07:43:34] 小红书单篇笔记采集 启动
[07:43:34] OPENCLI_CMD: ('node', 'd:\\voice\\opencli-main\\dist\\main.js')
[07:43:34] 输出目录: d:\obsidian\demo\05_long_project\小红书
[07:43:34] ============================================================
[07:43:34] URL: https://www.xiaohongshu.com/explore/67bde84b000000001201ce13?xsec_token=ABHDFk22KUXH7M2__UG9K9Av8inPbZCM5T-jYgabHtYaw=&xsec_source=pc_search&source=web_search_result_notes
[07:43:34] note_id: 67bde84b000000001201ce13
[07:43:34] 获取笔记详情中...
[07:43:59] 标题: 姐妹们！婚礼当天妆发翻车真的会哭嘶😭
[07:43:59] 下载图片中...
[07:44:00]   下载 image 1/4: 67bde84b000000001201ce13_1.jpg OK
[07:44:00]   下载 image 2/4: 67bde84b000000001201ce13_2.jpg OK
[07:44:00]   下载 image 3/4: 67bde84b000000001201ce13_3.jpg OK
[07:44:00]   下载 image 4/4: 67bde84b000000001201ce13_4.jpg OK
[07:44:00]   重复图片 (同 67bde84b000000001201ce13_1.jpg): 67bde84b000000001201ce13_3.jpg
[07:44:00]   重复图片 (同 67bde84b000000001201ce13_2.jpg): 67bde84b000000001201ce13_4.jpg
[07:44:00]   去重后: 2 张
[07:44:00] 下载图片: 2 张 (直接下载)
[07:44:00] 已保存: d:\obsidian\demo\05_long_project\小红书\姐妹们！婚礼当天妆发翻车真的会哭嘶😭.md
[07:44:00] 完成
