[09:07:58] ============================================================
[09:07:58] 小红书单篇笔记采集 启动
[09:07:58] OPENCLI_CMD: ('node', 'd:\\voice\\opencli-main\\dist\\main.js')
[09:07:58] 输出目录: d:\obsidian\demo\05_long_project\小红书
[09:07:58] ============================================================
[09:08:00] URL: https://www.xiaohongshu.com/explore/69dcbb33000000001b002b61?xsec_token=ABwInEIqsgsic2yXBEW2w3ExdCOSLtMSApu_a8e1pUDro=&xsec_source=pc_search&source=web_explore_feed
[09:08:00] note_id: 69dcbb33000000001b002b61
[09:08:00] 获取笔记详情中...
[09:08:25] 标题: J人异地备婚-婚礼造型种草（盘发篇）
[09:08:25] 下载图片中...
[09:08:25]   下载 image 1/14: 69dcbb33000000001b002b61_1.jpg OK
[09:08:25]   下载 image 2/14: 69dcbb33000000001b002b61_2.jpg OK
[09:08:25]   下载 image 3/14: 69dcbb33000000001b002b61_3.jpg OK
[09:08:25]   下载 image 4/14: 69dcbb33000000001b002b61_4.jpg OK
[09:08:25]   下载 image 5/14: 69dcbb33000000001b002b61_5.jpg OK
[09:08:25]   下载 image 6/14: 69dcbb33000000001b002b61_6.jpg OK
[09:08:26]   下载 image 7/14: 69dcbb33000000001b002b61_7.jpg OK
[09:08:26]   下载 image 8/14: 69dcbb33000000001b002b61_8.jpg OK
[09:08:26]   下载 image 9/14: 69dcbb33000000001b002b61_9.jpg OK
[09:08:26]   下载 image 10/14: 69dcbb33000000001b002b61_10.jpg OK
[09:08:26]   下载 image 11/14: 69dcbb33000000001b002b61_11.jpg OK
[09:08:26]   下载 image 12/14: 69dcbb33000000001b002b61_12.jpg OK
[09:08:26]   下载 image 13/14: 69dcbb33000000001b002b61_13.jpg OK
[09:08:26]   下载 image 14/14: 69dcbb33000000001b002b61_14.jpg OK
[09:08:26]   重复图片 (同 69dcbb33000000001b002b61_1.jpg): 69dcbb33000000001b002b61_8.jpg
[09:08:26]   重复图片 (同 69dcbb33000000001b002b61_2.jpg): 69dcbb33000000001b002b61_9.jpg
[09:08:26]   重复图片 (同 69dcbb33000000001b002b61_3.jpg): 69dcbb33000000001b002b61_10.jpg
[09:08:27]   重复图片 (同 69dcbb33000000001b002b61_4.jpg): 69dcbb33000000001b002b61_11.jpg
[09:08:27]   重复图片 (同 69dcbb33000000001b002b61_5.jpg): 69dcbb33000000001b002b61_12.jpg
[09:08:27]   重复图片 (同 69dcbb33000000001b002b61_6.jpg): 69dcbb33000000001b002b61_13.jpg
[09:08:27]   重复图片 (同 69dcbb33000000001b002b61_7.jpg): 69dcbb33000000001b002b61_14.jpg
[09:08:27]   去重后: 7 张
[09:08:27] 下载图片: 7 张 (直接下载)
[09:08:27] 已保存: d:\obsidian\demo\05_long_project\小红书\J人异地备婚-婚礼造型种草（盘发篇）.md
[09:08:27] 完成
