[14:52:45] === 小红书采集脚本启动 ===
[14:52:56] 开始采集: keyword=宁波求职, limit=50
[14:52:56] 搜索: 宁波求职 (limit=50)
[14:53:33] 搜索到 17 条结果
[14:53:33] [1/17] 宁波有靠谱的工作吗我蹲蹲蹲...
[14:53:52]   下载 image 1/2: 6a5dbaa8000000000f01ee64_1.jpg OK
[14:53:52]   下载 image 2/2: 6a5dbaa8000000000f01ee64_2.jpg OK
[14:53:52]   OK -> 宁波有靠谱的工作吗我蹲蹲蹲.md
[14:53:52] [2/17] 宁波找工作找工作找工作...
[14:54:19]   下载 image 1/2: 6a606e7c00000000110162ad_1.jpg OK
[14:54:19]   下载 image 2/2: 6a606e7c00000000110162ad_2.jpg OK
[14:54:19]   OK -> 宁波找工作找工作找工作.md
[14:54:19] [3/17] 26应届找工作 半年去了9次宁波，优势在我😎...
[14:54:45]   下载 image 1/26: 6a5e22920000000001000351_1.jpg OK
[14:54:45]   下载 image 2/26: 6a5e22920000000001000351_2.jpg OK
[14:54:45]   下载 image 3/26: 6a5e22920000000001000351_3.jpg OK
[14:54:45]   下载 image 4/26: 6a5e22920000000001000351_4.jpg OK
[14:54:45]   下载 image 5/26: 6a5e22920000000001000351_5.jpg OK
[14:54:45]   下载 image 6/26: 6a5e22920000000001000351_6.jpg OK
[14:54:45]   下载 image 7/26: 6a5e22920000000001000351_7.jpg OK
[14:54:45]   下载 image 8/26: 6a5e22920000000001000351_8.jpg OK
[14:54:46]   下载 image 9/26: 6a5e22920000000001000351_9.jpg OK
[14:54:46]   下载 image 10/26: 6a5e22920000000001000351_10.jpg OK
[14:54:46]   下载 image 11/26: 6a5e22920000000001000351_11.jpg OK
[14:54:46]   下载 image 12/26: 6a5e22920000000001000351_12.jpg OK
[14:54:46]   下载 image 13/26: 6a5e22920000000001000351_13.jpg OK
[14:54:46]   下载 image 14/26: 6a5e22920000000001000351_14.jpg OK
[14:54:46]   下载 image 15/26: 6a5e22920000000001000351_15.jpg OK
[14:54:47]   下载 image 16/26: 6a5e22920000000001000351_16.jpg OK
[14:54:47]   下载 image 17/26: 6a5e22920000000001000351_17.jpg OK
[14:54:47]   下载 image 18/26: 6a5e22920000000001000351_18.jpg OK
[14:54:47]   下载 image 19/26: 6a5e22920000000001000351_19.jpg OK
[14:54:47]   下载 image 20/26: 6a5e22920000000001000351_20.jpg OK
[14:54:47]   下载 image 21/26: 6a5e22920000000001000351_21.jpg OK
[14:54:47]   下载 image 22/26: 6a5e22920000000001000351_22.jpg OK
[14:54:47]   下载 image 23/26: 6a5e22920000000001000351_23.jpg OK
[14:54:47]   下载 image 24/26: 6a5e22920000000001000351_24.jpg OK
[14:54:47]   下载 image 25/26: 6a5e22920000000001000351_25.jpg OK
[14:54:47]   下载 image 26/26: 6a5e22920000000001000351_26.jpg OK
[14:54:47]   重复图片 (同 6a5e22920000000001000351_2.jpg): 6a5e22920000000001000351_15.jpg
[14:54:47]   重复图片 (同 6a5e22920000000001000351_3.jpg): 6a5e22920000000001000351_16.jpg
[14:54:47]   重复图片 (同 6a5e22920000000001000351_4.jpg): 6a5e22920000000001000351_17.jpg
[14:54:47]   重复图片 (同 6a5e22920000000001000351_5.jpg): 6a5e22920000000001000351_18.jpg
[14:54:47]   重复图片 (同 6a5e22920000000001000351_6.jpg): 6a5e22920000000001000351_19.jpg
[14:54:47]   重复图片 (同 6a5e22920000000001000351_7.jpg): 6a5e22920000000001000351_20.jpg
[14:54:47]   重复图片 (同 6a5e22920000000001000351_8.jpg): 6a5e22920000000001000351_21.jpg
[14:54:47]   重复图片 (同 6a5e22920000000001000351_9.jpg): 6a5e22920000000001000351_22.jpg
[14:54:47]   重复图片 (同 6a5e22920000000001000351_10.jpg): 6a5e22920000000001000351_23.jpg
[14:54:47]   重复图片 (同 6a5e22920000000001000351_11.jpg): 6a5e22920000000001000351_24.jpg
[14:54:47]   重复图片 (同 6a5e22920000000001000351_12.jpg): 6a5e22920000000001000351_25.jpg
[14:54:47]   重复图片 (同 6a5e22920000000001000351_13.jpg): 6a5e22920000000001000351_26.jpg
[14:54:47]   去重后: 14 张
[14:54:47]   OK -> 26应届找工作 半年去了9次宁波，优势在我😎.md
[14:54:47] [4/17] 宁波求职避雷｜家族空壳企业维权实录...
[14:55:12]   下载 image 1/2: 6a50b064000000001101481e_1.jpg OK
[14:55:12]   下载 image 2/2: 6a50b064000000001101481e_2.jpg OK
[14:55:12]   OK -> 宁波求职避雷｜家族空壳企业维权实录.md
[14:55:12] [5/17] 宁波找不到工作，没招了...
[14:55:35]   下载 image 1/2: 6a603617000000000101daa1_1.jpg OK
[14:55:35]   下载 image 2/2: 6a603617000000000101daa1_2.jpg OK
[14:55:35]   OK -> 宁波找不到工作，没招了.md
[14:55:35] [6/17] 宁波根本找不到工作🤬...
[14:56:03]   下载 image 1/2: 6a1e41d900000000080331a0_1.jpg OK
[14:56:03]   下载 image 2/2: 6a1e41d900000000080331a0_2.jpg OK
[14:56:03]   OK -> 宁波根本找不到工作🤬.md
[14:56:03] [7/17] 我们正在招人...
[14:56:28]   下载 image 1/2: 6a62bf3e000000001101188a_1.jpg OK
[14:56:28]   下载 image 2/2: 6a62bf3e000000001101188a_2.jpg OK
[14:56:28]   OK -> 我们正在招人.md
[14:56:28] [8/17] 记录宁波的第一周面试...
[14:56:53]   下载 image 1/2: 6a64c0ea000000000503b97b_1.jpg OK
[14:56:53]   下载 image 2/2: 6a64c0ea000000000503b97b_2.jpg OK
[14:56:53]   OK -> 记录宁波的第一周面试.md
[14:56:53] [9/17] 谁在宁波找到了工作...
[14:57:22]   下载 image 1/2: 6a05a2e7000000003700e1b6_1.jpg OK
[14:57:22]   下载 image 2/2: 6a05a2e7000000003700e1b6_2.jpg OK
[14:57:22]   OK -> 谁在宁波找到了工作.md
[14:57:22] [10/17] 空窗4年，找了75天工作，宁波和杭州不一样...
[14:57:49]   下载 image 1/6: 6a538417000000001603e527_1.jpg OK
[14:57:49]   下载 image 2/6: 6a538417000000001603e527_2.jpg OK
[14:57:49]   下载 image 3/6: 6a538417000000001603e527_3.jpg OK
[14:57:49]   下载 image 4/6: 6a538417000000001603e527_4.jpg OK
[14:57:49]   下载 image 5/6: 6a538417000000001603e527_5.jpg OK
[14:57:49]   下载 image 6/6: 6a538417000000001603e527_6.jpg OK
[14:57:49]   重复图片 (同 6a538417000000001603e527_2.jpg): 6a538417000000001603e527_5.jpg
[14:57:49]   重复图片 (同 6a538417000000001603e527_3.jpg): 6a538417000000001603e527_6.jpg
[14:57:49]   去重后: 4 张
[14:57:49]   OK -> 空窗4年，找了75天工作，宁波和杭州不一样.md
[14:57:49] [11/17] 宁波 我家6500住家育儿嫂下户找工作~...
[14:58:16]   下载 image 1/2: 6a5f33c9000000001d023956_1.jpg OK
[14:58:16]   下载 image 2/2: 6a5f33c9000000001d023956_2.jpg OK
[14:58:16]   OK -> 宁波 我家6500住家育儿嫂下户找工作~.md
[14:58:16] [12/17] 宁波均胜内推...
[14:58:46]   下载 image 1/2: 6a6070f8000000001f01c656_1.jpg OK
[14:58:46]   下载 image 2/2: 6a6070f8000000001f01c656_2.jpg OK
[14:58:46]   OK -> 宁波均胜内推.md
[14:58:46] [13/17] 宁波-求职...
[14:59:07]   下载 image 1/2: 6a5cbf94000000000f0310fe_1.jpg OK
[14:59:07]   下载 image 2/2: 6a5cbf94000000000f0310fe_2.jpg OK
[14:59:07]   OK -> 宁波-求职.md
[14:59:07] [14/17] 宁波的工作到底在哪...
[14:59:35]   下载 image 1/2: 6a4e00d8000000000f014a43_1.jpg OK
[14:59:35]   下载 image 2/2: 6a4e00d8000000000f014a43_2.jpg OK
[14:59:35]   OK -> 宁波的工作到底在哪.md
[14:59:35] [15/17] 宁波有没有正常工作啊...
[15:00:01]   下载 image 1/2: 6a66c4ba0000000011019c34_1.jpg OK
[15:00:01]   下载 image 2/2: 6a66c4ba0000000011019c34_2.jpg OK
[15:00:01]   OK -> 宁波有没有正常工作啊.md
[15:00:01] [16/17] 宁波到底有没有工作...
[15:00:26]   下载 image 1/2: 6a59e642000000001b01ed4e_1.jpg OK
[15:00:26]   下载 image 2/2: 6a59e642000000001b01ed4e_2.jpg OK
[15:00:26]   OK -> 宁波到底有没有工作.md
[15:00:26] [17/17] 宁波找工作的小伙伴有吗...
[15:00:51]   下载 image 1/2: 6a63179100000000100291e8_1.jpg OK
[15:00:51]   下载 image 2/2: 6a63179100000000100291e8_2.jpg OK
[15:00:51]   OK -> 宁波找工作的小伙伴有吗.md
[15:00:51] === 采集完成: 成功 17/17, 用时 475s ===
[15:00:51] 汇总已追加: d:\obsidian\demo\05_long_project\小红书\_运行日志.md
