[14:31:37] === 小红书采集脚本启动 ===
[14:31:43] 开始采集: keyword=求职渠道, limit=50
[14:31:43] 搜索: 求职渠道 (limit=50)
[14:32:01] 搜索到 50 条结果
[14:32:01] [1/50] 我突然发现求职陪跑好像蛮值的...
[14:33:21]   download: files=2 ok=True dir=6a337e47000000001503d5b8
[14:33:21]   OK -> 我突然发现求职陪跑好像蛮值的.md
[14:33:21] [2/50] 教你看懂各大求职软件的特点...
[14:34:00]   下载 image 1/1: 6a2f57cb0000000008000e01_1.jpg OK
[14:34:00]   OK -> 教你看懂各大求职软件的特点.md
[14:34:00] [3/50] 我姐负责国企招聘，她说7、8月大家都很水...
[14:34:38]   下载 image 1/2: 6a570280000000001603f166_1.jpg OK
[14:34:57]   下载 image 2/2 失败: <urlopen error [SSL: UNEXPECTED_EOF_WHILE_READING] EOF occurred in violation of protocol (_ssl.c:1000)>
[14:34:57]   OK -> 我姐负责国企招聘，她说7、8月大家都很水.md
[14:34:57] [4/50] 💯终于！各行业招聘平台一览表...
[14:35:31]   下载 image 1/2: 6a57502b000000000f01d716_1.jpg OK
[14:35:31]   下载 image 2/2: 6a57502b000000000f01d716_2.jpg OK
[14:35:31]   重复图片 (同 6a57502b000000000f01d716_1.jpg): 6a57502b000000000f01d716_2.jpg
[14:35:31]   去重后: 1 张
[14:35:31]   OK -> 💯终于！各行业招聘平台一览表.md
[14:35:31] [5/50] 26届毕业大学生求职渠道大全🎉...
[14:35:46]   下载 image 1/6: 69a652ce000000001a028b8d_1.jpg OK
[14:35:46]   下载 image 2/6: 69a652ce000000001a028b8d_2.jpg OK
[14:35:46]   下载 image 3/6: 69a652ce000000001a028b8d_3.jpg OK
[14:35:47]   下载 image 4/6: 69a652ce000000001a028b8d_4.jpg OK
[14:35:47]   下载 image 5/6: 69a652ce000000001a028b8d_5.jpg OK
[14:35:47]   下载 image 6/6: 69a652ce000000001a028b8d_6.jpg OK
[14:35:47]   重复图片 (同 69a652ce000000001a028b8d_1.jpg): 69a652ce000000001a028b8d_4.jpg
[14:35:47]   重复图片 (同 69a652ce000000001a028b8d_2.jpg): 69a652ce000000001a028b8d_5.jpg
[14:35:47]   重复图片 (同 69a652ce000000001a028b8d_3.jpg): 69a652ce000000001a028b8d_6.jpg
[14:35:47]   去重后: 3 张
[14:35:47]   OK -> 26届毕业大学生求职渠道大全🎉.md
[14:35:47] [6/50] 裸辞gap21个月转行｜银行离职能干什么❓3️⃣...
[14:36:01]   下载 image 1/12: 68b6edd2000000001d02e09c_1.jpg OK
[14:36:01]   下载 image 2/12: 68b6edd2000000001d02e09c_2.jpg OK
[14:36:01]   下载 image 3/12: 68b6edd2000000001d02e09c_3.jpg OK
[14:36:01]   下载 image 4/12: 68b6edd2000000001d02e09c_4.jpg OK
[14:36:02]   下载 image 5/12: 68b6edd2000000001d02e09c_5.jpg OK
[14:36:02]   下载 image 6/12: 68b6edd2000000001d02e09c_6.jpg OK
[14:36:02]   下载 image 7/12: 68b6edd2000000001d02e09c_7.jpg OK
[14:36:02]   下载 image 8/12: 68b6edd2000000001d02e09c_8.jpg OK
[14:36:02]   下载 image 9/12: 68b6edd2000000001d02e09c_9.jpg OK
[14:36:02]   下载 image 10/12: 68b6edd2000000001d02e09c_10.jpg OK
[14:36:02]   下载 image 11/12: 68b6edd2000000001d02e09c_11.jpg OK
[14:36:02]   下载 image 12/12: 68b6edd2000000001d02e09c_12.jpg OK
[14:36:02]   重复图片 (同 68b6edd2000000001d02e09c_1.jpg): 68b6edd2000000001d02e09c_7.jpg
[14:36:02]   重复图片 (同 68b6edd2000000001d02e09c_2.jpg): 68b6edd2000000001d02e09c_8.jpg
[14:36:02]   重复图片 (同 68b6edd2000000001d02e09c_3.jpg): 68b6edd2000000001d02e09c_9.jpg
[14:36:02]   重复图片 (同 68b6edd2000000001d02e09c_4.jpg): 68b6edd2000000001d02e09c_10.jpg
[14:36:02]   重复图片 (同 68b6edd2000000001d02e09c_5.jpg): 68b6edd2000000001d02e09c_11.jpg
[14:36:02]   重复图片 (同 68b6edd2000000001d02e09c_6.jpg): 68b6edd2000000001d02e09c_12.jpg
[14:36:02]   去重后: 6 张
[14:36:02]   OK -> 裸辞gap21个月转行｜银行离职能干什么❓3️⃣.md
[14:36:02] [7/50] 多少人找工作卡在了“就那几个岗位”...
[14:36:17]   下载 image 1/2: 69a19499000000001a02b824_1.jpg OK
[14:36:22]   下载 video 2/2: 69a19499000000001a02b824_2.mp4 OK
[14:36:22]   OK -> 多少人找工作卡在了“就那几个岗位”.md
[14:36:22] [8/50] 找工作信息差‼求职一周狂揽上百offer...
[14:36:38]   下载 image 1/2: 6874d3f300000000120158fc_1.jpg OK
[14:36:38]   下载 image 2/2: 6874d3f300000000120158fc_2.jpg OK
[14:36:38]   重复图片 (同 6874d3f300000000120158fc_1.jpg): 6874d3f300000000120158fc_2.jpg
[14:36:38]   去重后: 1 张
[14:36:38]   OK -> 找工作信息差‼求职一周狂揽上百offer.md
[14:36:38] [9/50] 小众国企真的很缺人，不在乎你的学历...
[14:36:52]   下载 image 1/2: 6a586782000000001101eb9d_1.jpg OK
[14:36:52]   下载 image 2/2: 6a586782000000001101eb9d_2.jpg OK
[14:36:52]   重复图片 (同 6a586782000000001101eb9d_1.jpg): 6a586782000000001101eb9d_2.jpg
[14:36:52]   去重后: 1 张
[14:36:52]   OK -> 小众国企真的很缺人，不在乎你的学历.md
[14:36:52] [10/50] 求职别瞎投！这几个亲测好用的渠道...
[14:37:07]   下载 image 1/18: 6947636c000000001f0064dc_1.jpg OK
[14:37:07]   下载 image 2/18: 6947636c000000001f0064dc_2.jpg OK
[14:37:07]   下载 image 3/18: 6947636c000000001f0064dc_3.jpg OK
[14:37:07]   下载 image 4/18: 6947636c000000001f0064dc_4.jpg OK
[14:37:07]   下载 image 5/18: 6947636c000000001f0064dc_5.jpg OK
[14:37:07]   下载 image 6/18: 6947636c000000001f0064dc_6.jpg OK
[14:37:07]   下载 image 7/18: 6947636c000000001f0064dc_7.jpg OK
[14:37:07]   下载 image 8/18: 6947636c000000001f0064dc_8.jpg OK
[14:37:08]   下载 image 9/18: 6947636c000000001f0064dc_9.jpg OK
[14:37:08]   下载 image 10/18: 6947636c000000001f0064dc_10.jpg OK
[14:37:08]   下载 image 11/18: 6947636c000000001f0064dc_11.jpg OK
[14:37:08]   下载 image 12/18: 6947636c000000001f0064dc_12.jpg OK
[14:37:08]   下载 image 13/18: 6947636c000000001f0064dc_13.jpg OK
[14:37:08]   下载 image 14/18: 6947636c000000001f0064dc_14.jpg OK
[14:37:08]   下载 image 15/18: 6947636c000000001f0064dc_15.jpg OK
[14:37:08]   下载 image 16/18: 6947636c000000001f0064dc_16.jpg OK
[14:37:08]   下载 image 17/18: 6947636c000000001f0064dc_17.jpg OK
[14:37:08]   下载 image 18/18: 6947636c000000001f0064dc_18.jpg OK
[14:37:08]   重复图片 (同 6947636c000000001f0064dc_1.jpg): 6947636c000000001f0064dc_10.jpg
[14:37:08]   重复图片 (同 6947636c000000001f0064dc_2.jpg): 6947636c000000001f0064dc_11.jpg
[14:37:08]   重复图片 (同 6947636c000000001f0064dc_3.jpg): 6947636c000000001f0064dc_12.jpg
[14:37:08]   重复图片 (同 6947636c000000001f0064dc_4.jpg): 6947636c000000001f0064dc_13.jpg
[14:37:08]   重复图片 (同 6947636c000000001f0064dc_5.jpg): 6947636c000000001f0064dc_14.jpg
[14:37:08]   重复图片 (同 6947636c000000001f0064dc_6.jpg): 6947636c000000001f0064dc_15.jpg
[14:37:08]   重复图片 (同 6947636c000000001f0064dc_7.jpg): 6947636c000000001f0064dc_16.jpg
[14:37:08]   重复图片 (同 6947636c000000001f0064dc_8.jpg): 6947636c000000001f0064dc_17.jpg
[14:37:08]   重复图片 (同 6947636c000000001f0064dc_9.jpg): 6947636c000000001f0064dc_18.jpg
[14:37:08]   去重后: 9 张
[14:37:08]   OK -> 求职别瞎投！这几个亲测好用的渠道.md
[14:37:08] [11/50] 找工作路子...
[14:37:23]   下载 image 1/2: 6a5f865c000000001102fa2d_1.jpg OK
[14:37:23]   下载 image 2/2: 6a5f865c000000001102fa2d_2.jpg OK
[14:37:23]   重复图片 (同 6a5f865c000000001102fa2d_1.jpg): 6a5f865c000000001102fa2d_2.jpg
[14:37:23]   去重后: 1 张
[14:37:23]   OK -> 找工作路子.md
[14:37:23] [12/50] 失业找远程工作的渠道，已整理好了，直接拿...
[14:37:37]   下载 image 1/2: 69197a2d0000000005032204_1.jpg OK
[14:37:37]   下载 image 2/2: 69197a2d0000000005032204_2.jpg OK
[14:37:37]   重复图片 (同 69197a2d0000000005032204_1.jpg): 69197a2d0000000005032204_2.jpg
[14:37:37]   去重后: 1 张
[14:37:37]   OK -> 失业找远程工作的渠道，已整理好了，直接拿.md
[14:37:37] [13/50] 26-27届毕业生必须要知道这些求职渠道...
[14:37:52]   下载 image 1/20: 69f48e8d0000000035031cb3_1.jpg OK
[14:37:52]   下载 image 2/20: 69f48e8d0000000035031cb3_2.jpg OK
[14:37:52]   下载 image 3/20: 69f48e8d0000000035031cb3_3.jpg OK
[14:37:52]   下载 image 4/20: 69f48e8d0000000035031cb3_4.jpg OK
[14:37:52]   下载 image 5/20: 69f48e8d0000000035031cb3_5.jpg OK
[14:37:52]   下载 image 6/20: 69f48e8d0000000035031cb3_6.jpg OK
[14:37:52]   下载 image 7/20: 69f48e8d0000000035031cb3_7.jpg OK
[14:37:52]   下载 image 8/20: 69f48e8d0000000035031cb3_8.jpg OK
[14:37:52]   下载 image 9/20: 69f48e8d0000000035031cb3_9.jpg OK
[14:37:52]   下载 image 10/20: 69f48e8d0000000035031cb3_10.jpg OK
[14:37:52]   下载 image 11/20: 69f48e8d0000000035031cb3_11.jpg OK
[14:37:52]   下载 image 12/20: 69f48e8d0000000035031cb3_12.jpg OK
[14:37:52]   下载 image 13/20: 69f48e8d0000000035031cb3_13.jpg OK
[14:37:52]   下载 image 14/20: 69f48e8d0000000035031cb3_14.jpg OK
[14:37:53]   下载 image 15/20: 69f48e8d0000000035031cb3_15.jpg OK
[14:37:53]   下载 image 16/20: 69f48e8d0000000035031cb3_16.jpg OK
[14:37:53]   下载 image 17/20: 69f48e8d0000000035031cb3_17.jpg OK
[14:37:53]   下载 image 18/20: 69f48e8d0000000035031cb3_18.jpg OK
[14:37:53]   下载 image 19/20: 69f48e8d0000000035031cb3_19.jpg OK
[14:37:53]   下载 image 20/20: 69f48e8d0000000035031cb3_20.jpg OK
[14:37:53]   重复图片 (同 69f48e8d0000000035031cb3_1.jpg): 69f48e8d0000000035031cb3_11.jpg
[14:37:53]   重复图片 (同 69f48e8d0000000035031cb3_2.jpg): 69f48e8d0000000035031cb3_12.jpg
[14:37:53]   重复图片 (同 69f48e8d0000000035031cb3_3.jpg): 69f48e8d0000000035031cb3_13.jpg
[14:37:53]   重复图片 (同 69f48e8d0000000035031cb3_4.jpg): 69f48e8d0000000035031cb3_14.jpg
[14:37:53]   重复图片 (同 69f48e8d0000000035031cb3_5.jpg): 69f48e8d0000000035031cb3_15.jpg
[14:37:53]   重复图片 (同 69f48e8d0000000035031cb3_6.jpg): 69f48e8d0000000035031cb3_16.jpg
[14:37:53]   重复图片 (同 69f48e8d0000000035031cb3_7.jpg): 69f48e8d0000000035031cb3_17.jpg
[14:37:53]   重复图片 (同 69f48e8d0000000035031cb3_8.jpg): 69f48e8d0000000035031cb3_18.jpg
[14:37:53]   重复图片 (同 69f48e8d0000000035031cb3_9.jpg): 69f48e8d0000000035031cb3_19.jpg
[14:37:53]   重复图片 (同 69f48e8d0000000035031cb3_10.jpg): 69f48e8d0000000035031cb3_20.jpg
[14:37:53]   去重后: 10 张
[14:37:53]   OK -> 26-27届毕业生必须要知道这些求职渠道.md
[14:37:53] [14/50] 推荐5个好进外企的渠道...
[14:38:09]   下载 image 1/2: 6974246b000000002801fa8d_1.jpg OK
[14:38:17]   下载 video 2/2: 6974246b000000002801fa8d_2.mp4 OK
[14:38:17]   OK -> 推荐5个好进外企的渠道.md
[14:38:17] [15/50] 6个找工作的硬核渠道，一用一个准...
[14:38:38]   下载 image 1/2: 6a5eeeed000000001f01c246_1.jpg OK
[14:38:42]   下载 video 2/2: 6a5eeeed000000001f01c246_2.mp4 OK
[14:38:42]   OK -> 6个找工作的硬核渠道，一用一个准.md
[14:38:42] [16/50] 你已错过太多双休好工作了❗❗❗...
[14:38:56]   下载 image 1/8: 67fdca41000000001d02e973_1.jpg OK
[14:38:56]   下载 image 2/8: 67fdca41000000001d02e973_2.jpg OK
[14:38:56]   下载 image 3/8: 67fdca41000000001d02e973_3.jpg OK
[14:38:56]   下载 image 4/8: 67fdca41000000001d02e973_4.jpg OK
[14:38:56]   下载 image 5/8: 67fdca41000000001d02e973_5.jpg OK
[14:38:56]   下载 image 6/8: 67fdca41000000001d02e973_6.jpg OK
[14:38:56]   下载 image 7/8: 67fdca41000000001d02e973_7.jpg OK
[14:38:56]   下载 image 8/8: 67fdca41000000001d02e973_8.jpg OK
[14:38:56]   重复图片 (同 67fdca41000000001d02e973_1.jpg): 67fdca41000000001d02e973_5.jpg
[14:38:56]   重复图片 (同 67fdca41000000001d02e973_2.jpg): 67fdca41000000001d02e973_6.jpg
[14:38:56]   重复图片 (同 67fdca41000000001d02e973_3.jpg): 67fdca41000000001d02e973_7.jpg
[14:38:56]   重复图片 (同 67fdca41000000001d02e973_4.jpg): 67fdca41000000001d02e973_8.jpg
[14:38:56]   去重后: 4 张
[14:38:56]   OK -> 你已错过太多双休好工作了❗❗❗.md
[14:38:56] [17/50] 找工作不要太局限在APP上...
[14:39:12]   下载 image 1/12: 682b4a200000000022024d30_1.jpg OK
[14:39:12]   下载 image 2/12: 682b4a200000000022024d30_2.jpg OK
[14:39:12]   下载 image 3/12: 682b4a200000000022024d30_3.jpg OK
[14:39:12]   下载 image 4/12: 682b4a200000000022024d30_4.jpg OK
[14:39:12]   下载 image 5/12: 682b4a200000000022024d30_5.jpg OK
[14:39:12]   下载 image 6/12: 682b4a200000000022024d30_6.jpg OK
[14:39:12]   下载 image 7/12: 682b4a200000000022024d30_7.jpg OK
[14:39:12]   下载 image 8/12: 682b4a200000000022024d30_8.jpg OK
[14:39:13]   下载 image 9/12: 682b4a200000000022024d30_9.jpg OK
[14:39:13]   下载 image 10/12: 682b4a200000000022024d30_10.jpg OK
[14:39:13]   下载 image 11/12: 682b4a200000000022024d30_11.jpg OK
[14:39:13]   下载 image 12/12: 682b4a200000000022024d30_12.jpg OK
[14:39:13]   重复图片 (同 682b4a200000000022024d30_1.jpg): 682b4a200000000022024d30_7.jpg
[14:39:13]   重复图片 (同 682b4a200000000022024d30_2.jpg): 682b4a200000000022024d30_8.jpg
[14:39:13]   重复图片 (同 682b4a200000000022024d30_3.jpg): 682b4a200000000022024d30_9.jpg
[14:39:13]   重复图片 (同 682b4a200000000022024d30_4.jpg): 682b4a200000000022024d30_10.jpg
[14:39:13]   重复图片 (同 682b4a200000000022024d30_5.jpg): 682b4a200000000022024d30_11.jpg
[14:39:13]   重复图片 (同 682b4a200000000022024d30_6.jpg): 682b4a200000000022024d30_12.jpg
[14:39:13]   去重后: 6 张
[14:39:13]   OK -> 找工作不要太局限在APP上.md
[14:39:13] [18/50] 找工作找对渠道！刚毕业也能月薪过w...
[14:39:28]   下载 image 1/2: 69df179e000000001a0260e1_1.jpg OK
[14:39:30]   下载 video 2/2: 69df179e000000001a0260e1_2.mp4 OK
[14:39:30]   OK -> 找工作找对渠道！刚毕业也能月薪过w.md
[14:39:30] [19/50] 你已错过太多双休好工作了❗❗❗...
[14:39:44]   下载 image 1/8: 6a5995b2000000000f01c4fb_1.jpg OK
[14:39:44]   下载 image 2/8: 6a5995b2000000000f01c4fb_2.jpg OK
[14:39:44]   下载 image 3/8: 6a5995b2000000000f01c4fb_3.jpg OK
[14:39:45]   下载 image 4/8: 6a5995b2000000000f01c4fb_4.jpg OK
[14:39:45]   下载 image 5/8: 6a5995b2000000000f01c4fb_5.jpg OK
[14:39:45]   下载 image 6/8: 6a5995b2000000000f01c4fb_6.jpg OK
[14:39:45]   下载 image 7/8: 6a5995b2000000000f01c4fb_7.jpg OK
[14:39:45]   下载 image 8/8: 6a5995b2000000000f01c4fb_8.jpg OK
[14:39:45]   重复图片 (同 6a5995b2000000000f01c4fb_1.jpg): 6a5995b2000000000f01c4fb_5.jpg
[14:39:45]   重复图片 (同 6a5995b2000000000f01c4fb_2.jpg): 6a5995b2000000000f01c4fb_6.jpg
[14:39:45]   重复图片 (同 6a5995b2000000000f01c4fb_3.jpg): 6a5995b2000000000f01c4fb_7.jpg
[14:39:45]   重复图片 (同 6a5995b2000000000f01c4fb_4.jpg): 6a5995b2000000000f01c4fb_8.jpg
[14:39:45]   去重后: 4 张
[14:39:45]   OK -> 你已错过太多双休好工作了❗❗❗_6a5995b2000000000f01c4fb.md
[14:39:45] [20/50] 找工作渠道情况分析...
[14:40:00]   下载 image 1/2: 68f39ad000000000030201cb_1.jpg OK
[14:40:00]   下载 image 2/2: 68f39ad000000000030201cb_2.jpg OK
[14:40:00]   重复图片 (同 68f39ad000000000030201cb_1.jpg): 68f39ad000000000030201cb_2.jpg
[14:40:00]   去重后: 1 张
[14:40:00]   OK -> 找工作渠道情况分析.md
[14:40:00] [21/50] 真心奉劝，大家一定不要因为找工作焦虑（二）...
[14:40:14]   下载 image 1/18: 699c40ea000000000d00b2c3_1.jpg OK
[14:40:14]   下载 image 2/18: 699c40ea000000000d00b2c3_2.jpg OK
[14:40:14]   下载 image 3/18: 699c40ea000000000d00b2c3_3.jpg OK
[14:40:14]   下载 image 4/18: 699c40ea000000000d00b2c3_4.jpg OK
[14:40:14]   下载 image 5/18: 699c40ea000000000d00b2c3_5.jpg OK
[14:40:14]   下载 image 6/18: 699c40ea000000000d00b2c3_6.jpg OK
[14:40:14]   下载 image 7/18: 699c40ea000000000d00b2c3_7.jpg OK
[14:40:14]   下载 image 8/18: 699c40ea000000000d00b2c3_8.jpg OK
[14:40:14]   下载 image 9/18: 699c40ea000000000d00b2c3_9.jpg OK
[14:40:14]   下载 image 10/18: 699c40ea000000000d00b2c3_10.jpg OK
[14:40:14]   下载 image 11/18: 699c40ea000000000d00b2c3_11.jpg OK
[14:40:14]   下载 image 12/18: 699c40ea000000000d00b2c3_12.jpg OK
[14:40:14]   下载 image 13/18: 699c40ea000000000d00b2c3_13.jpg OK
[14:40:14]   下载 image 14/18: 699c40ea000000000d00b2c3_14.jpg OK
[14:40:14]   下载 image 15/18: 699c40ea000000000d00b2c3_15.jpg OK
[14:40:14]   下载 image 16/18: 699c40ea000000000d00b2c3_16.jpg OK
[14:40:14]   下载 image 17/18: 699c40ea000000000d00b2c3_17.jpg OK
[14:40:14]   下载 image 18/18: 699c40ea000000000d00b2c3_18.jpg OK
[14:40:15]   重复图片 (同 699c40ea000000000d00b2c3_1.jpg): 699c40ea000000000d00b2c3_10.jpg
[14:40:15]   重复图片 (同 699c40ea000000000d00b2c3_2.jpg): 699c40ea000000000d00b2c3_11.jpg
[14:40:15]   重复图片 (同 699c40ea000000000d00b2c3_3.jpg): 699c40ea000000000d00b2c3_12.jpg
[14:40:15]   重复图片 (同 699c40ea000000000d00b2c3_4.jpg): 699c40ea000000000d00b2c3_13.jpg
[14:40:15]   重复图片 (同 699c40ea000000000d00b2c3_5.jpg): 699c40ea000000000d00b2c3_14.jpg
[14:40:15]   重复图片 (同 699c40ea000000000d00b2c3_6.jpg): 699c40ea000000000d00b2c3_15.jpg
[14:40:15]   重复图片 (同 699c40ea000000000d00b2c3_7.jpg): 699c40ea000000000d00b2c3_16.jpg
[14:40:15]   重复图片 (同 699c40ea000000000d00b2c3_8.jpg): 699c40ea000000000d00b2c3_17.jpg
[14:40:15]   重复图片 (同 699c40ea000000000d00b2c3_9.jpg): 699c40ea000000000d00b2c3_18.jpg
[14:40:15]   去重后: 9 张
[14:40:15]   OK -> 真心奉劝，大家一定不要因为找工作焦虑（二）.md
[14:40:15] [22/50] 过来人再强调一次：计算机好工作不在boss上...
[14:40:30]   下载 image 1/2: 690a0a0b0000000004011666_1.jpg OK
[14:40:30]   下载 image 2/2: 690a0a0b0000000004011666_2.jpg OK
[14:40:30]   重复图片 (同 690a0a0b0000000004011666_1.jpg): 690a0a0b0000000004011666_2.jpg
[14:40:30]   去重后: 1 张
[14:40:30]   OK -> 过来人再强调一次：计算机好工作不在boss上.md
[14:40:30] [23/50] 试过了🥳这样搜真的能刷出超多新公司...
[14:40:47]   下载 image 1/8: 69a7ac75000000001503969f_1.jpg OK
[14:40:47]   下载 image 2/8: 69a7ac75000000001503969f_2.jpg OK
[14:40:47]   下载 image 3/8: 69a7ac75000000001503969f_3.jpg OK
[14:40:47]   下载 image 4/8: 69a7ac75000000001503969f_4.jpg OK
[14:40:47]   下载 image 5/8: 69a7ac75000000001503969f_5.jpg OK
[14:40:47]   下载 image 6/8: 69a7ac75000000001503969f_6.jpg OK
[14:40:47]   下载 image 7/8: 69a7ac75000000001503969f_7.jpg OK
[14:40:47]   下载 image 8/8: 69a7ac75000000001503969f_8.jpg OK
[14:40:47]   重复图片 (同 69a7ac75000000001503969f_1.jpg): 69a7ac75000000001503969f_5.jpg
[14:40:47]   重复图片 (同 69a7ac75000000001503969f_2.jpg): 69a7ac75000000001503969f_6.jpg
[14:40:47]   重复图片 (同 69a7ac75000000001503969f_3.jpg): 69a7ac75000000001503969f_7.jpg
[14:40:47]   重复图片 (同 69a7ac75000000001503969f_4.jpg): 69a7ac75000000001503969f_8.jpg
[14:40:47]   去重后: 4 张
[14:40:47]   OK -> 试过了🥳这样搜真的能刷出超多新公司.md
[14:40:47] [24/50] 3个信息差，让你找到钱多事少离家近的工作👍...
[14:41:02]   下载 image 1/2: 6829c08b0000000012000bf9_1.jpg OK
[14:41:04]   下载 video 2/2: 6829c08b0000000012000bf9_2.mp4 OK
[14:41:04]   OK -> 3个信息差，让你找到钱多事少离家近的工作👍.md
[14:41:04] [25/50] 4个野路子帮你找到双休工作，轻松避坑...
[14:41:18]   下载 image 1/12: 6a1662d50000000007020740_1.jpg OK
[14:41:18]   下载 image 2/12: 6a1662d50000000007020740_2.jpg OK
[14:41:18]   下载 image 3/12: 6a1662d50000000007020740_3.jpg OK
[14:41:19]   下载 image 4/12: 6a1662d50000000007020740_4.jpg OK
[14:41:19]   下载 image 5/12: 6a1662d50000000007020740_5.jpg OK
[14:41:19]   下载 image 6/12: 6a1662d50000000007020740_6.jpg OK
[14:41:19]   下载 image 7/12: 6a1662d50000000007020740_7.jpg OK
[14:41:19]   下载 image 8/12: 6a1662d50000000007020740_8.jpg OK
[14:41:19]   下载 image 9/12: 6a1662d50000000007020740_9.jpg OK
[14:41:19]   下载 image 10/12: 6a1662d50000000007020740_10.jpg OK
[14:41:19]   下载 image 11/12: 6a1662d50000000007020740_11.jpg OK
[14:41:19]   下载 image 12/12: 6a1662d50000000007020740_12.jpg OK
[14:41:19]   重复图片 (同 6a1662d50000000007020740_1.jpg): 6a1662d50000000007020740_7.jpg
[14:41:19]   重复图片 (同 6a1662d50000000007020740_2.jpg): 6a1662d50000000007020740_8.jpg
[14:41:19]   重复图片 (同 6a1662d50000000007020740_3.jpg): 6a1662d50000000007020740_9.jpg
[14:41:19]   重复图片 (同 6a1662d50000000007020740_4.jpg): 6a1662d50000000007020740_10.jpg
[14:41:19]   重复图片 (同 6a1662d50000000007020740_5.jpg): 6a1662d50000000007020740_11.jpg
[14:41:19]   重复图片 (同 6a1662d50000000007020740_6.jpg): 6a1662d50000000007020740_12.jpg
[14:41:19]   去重后: 6 张
[14:41:19]   OK -> 4个野路子帮你找到双休工作，轻松避坑.md
[14:41:19] [26/50] 外企办事处-99%求职者都不知道的求职渠道...
[14:41:35]   下载 image 1/3: 6a50c4e700000000210163df_1.jpg OK
[14:41:40]   下载 video 2/3: 6a50c4e700000000210163df_2.mp4 OK
[14:41:53]   下载 video 3/3: 6a50c4e700000000210163df_3.mp4 OK
[14:41:53]   OK -> 外企办事处-99%求职者都不知道的求职渠道.md
[14:41:53] [27/50] 40+失业后，我劝你：别再乱投简历了 💔...
[14:42:20]   下载 image 1/22: 693fddc9000000001e012203_1.jpg OK
[14:42:20]   下载 image 2/22: 693fddc9000000001e012203_2.jpg OK
[14:42:20]   下载 image 3/22: 693fddc9000000001e012203_3.jpg OK
[14:42:20]   下载 image 4/22: 693fddc9000000001e012203_4.jpg OK
[14:42:20]   下载 image 5/22: 693fddc9000000001e012203_5.jpg OK
[14:42:20]   下载 image 6/22: 693fddc9000000001e012203_6.jpg OK
[14:42:20]   下载 image 7/22: 693fddc9000000001e012203_7.jpg OK
[14:42:20]   下载 image 8/22: 693fddc9000000001e012203_8.jpg OK
[14:42:20]   下载 image 9/22: 693fddc9000000001e012203_9.jpg OK
[14:42:21]   下载 image 10/22: 693fddc9000000001e012203_10.jpg OK
[14:42:21]   下载 image 11/22: 693fddc9000000001e012203_11.jpg OK
[14:42:21]   下载 image 12/22: 693fddc9000000001e012203_12.jpg OK
[14:42:21]   下载 image 13/22: 693fddc9000000001e012203_13.jpg OK
[14:42:21]   下载 image 14/22: 693fddc9000000001e012203_14.jpg OK
[14:42:21]   下载 image 15/22: 693fddc9000000001e012203_15.jpg OK
[14:42:21]   下载 image 16/22: 693fddc9000000001e012203_16.jpg OK
[14:42:21]   下载 image 17/22: 693fddc9000000001e012203_17.jpg OK
[14:42:21]   下载 image 18/22: 693fddc9000000001e012203_18.jpg OK
[14:42:21]   下载 image 19/22: 693fddc9000000001e012203_19.jpg OK
[14:42:21]   下载 image 20/22: 693fddc9000000001e012203_20.jpg OK
[14:42:21]   下载 image 21/22: 693fddc9000000001e012203_21.jpg OK
[14:42:21]   下载 image 22/22: 693fddc9000000001e012203_22.jpg OK
[14:42:22]   重复图片 (同 693fddc9000000001e012203_2.jpg): 693fddc9000000001e012203_13.jpg
[14:42:22]   重复图片 (同 693fddc9000000001e012203_3.jpg): 693fddc9000000001e012203_14.jpg
[14:42:22]   重复图片 (同 693fddc9000000001e012203_4.jpg): 693fddc9000000001e012203_15.jpg
[14:42:22]   重复图片 (同 693fddc9000000001e012203_5.jpg): 693fddc9000000001e012203_16.jpg
[14:42:22]   重复图片 (同 693fddc9000000001e012203_6.jpg): 693fddc9000000001e012203_17.jpg
[14:42:22]   重复图片 (同 693fddc9000000001e012203_7.jpg): 693fddc9000000001e012203_18.jpg
[14:42:22]   重复图片 (同 693fddc9000000001e012203_8.jpg): 693fddc9000000001e012203_19.jpg
[14:42:22]   重复图片 (同 693fddc9000000001e012203_9.jpg): 693fddc9000000001e012203_20.jpg
[14:42:22]   重复图片 (同 693fddc9000000001e012203_10.jpg): 693fddc9000000001e012203_21.jpg
[14:42:22]   重复图片 (同 693fddc9000000001e012203_11.jpg): 693fddc9000000001e012203_22.jpg
[14:42:22]   去重后: 12 张
[14:42:22]   OK -> 40+失业后，我劝你：别再乱投简历了 💔.md
[14:42:22] [28/50] 正在找工作的姐妹，这样做真的可以缓解焦虑...
[14:42:47]   下载 image 1/22: 6a02f9230000000036031260_1.jpg OK
[14:42:47]   下载 image 2/22: 6a02f9230000000036031260_2.jpg OK
[14:42:47]   下载 image 3/22: 6a02f9230000000036031260_3.jpg OK
[14:42:47]   下载 image 4/22: 6a02f9230000000036031260_4.jpg OK
[14:42:47]   下载 image 5/22: 6a02f9230000000036031260_5.jpg OK
[14:42:47]   下载 image 6/22: 6a02f9230000000036031260_6.jpg OK
[14:42:47]   下载 image 7/22: 6a02f9230000000036031260_7.jpg OK
[14:42:47]   下载 image 8/22: 6a02f9230000000036031260_8.jpg OK
[14:42:48]   下载 image 9/22: 6a02f9230000000036031260_9.jpg OK
[14:42:48]   下载 image 10/22: 6a02f9230000000036031260_10.jpg OK
[14:42:48]   下载 image 11/22: 6a02f9230000000036031260_11.jpg OK
[14:42:48]   下载 image 12/22: 6a02f9230000000036031260_12.jpg OK
[14:42:48]   下载 image 13/22: 6a02f9230000000036031260_13.jpg OK
[14:42:48]   下载 image 14/22: 6a02f9230000000036031260_14.jpg OK
[14:42:48]   下载 image 15/22: 6a02f9230000000036031260_15.jpg OK
[14:42:48]   下载 image 16/22: 6a02f9230000000036031260_16.jpg OK
[14:42:48]   下载 image 17/22: 6a02f9230000000036031260_17.jpg OK
[14:42:48]   下载 image 18/22: 6a02f9230000000036031260_18.jpg OK
[14:42:48]   下载 image 19/22: 6a02f9230000000036031260_19.jpg OK
[14:42:48]   下载 image 20/22: 6a02f9230000000036031260_20.jpg OK
[14:42:48]   下载 image 21/22: 6a02f9230000000036031260_21.jpg OK
[14:42:48]   下载 image 22/22: 6a02f9230000000036031260_22.jpg OK
[14:42:48]   重复图片 (同 6a02f9230000000036031260_2.jpg): 6a02f9230000000036031260_13.jpg
[14:42:48]   重复图片 (同 6a02f9230000000036031260_3.jpg): 6a02f9230000000036031260_14.jpg
[14:42:48]   重复图片 (同 6a02f9230000000036031260_4.jpg): 6a02f9230000000036031260_15.jpg
[14:42:48]   重复图片 (同 6a02f9230000000036031260_5.jpg): 6a02f9230000000036031260_16.jpg
[14:42:48]   重复图片 (同 6a02f9230000000036031260_6.jpg): 6a02f9230000000036031260_17.jpg
[14:42:49]   重复图片 (同 6a02f9230000000036031260_7.jpg): 6a02f9230000000036031260_18.jpg
[14:42:49]   重复图片 (同 6a02f9230000000036031260_8.jpg): 6a02f9230000000036031260_19.jpg
[14:42:49]   重复图片 (同 6a02f9230000000036031260_9.jpg): 6a02f9230000000036031260_20.jpg
[14:42:49]   重复图片 (同 6a02f9230000000036031260_10.jpg): 6a02f9230000000036031260_21.jpg
[14:42:49]   重复图片 (同 6a02f9230000000036031260_11.jpg): 6a02f9230000000036031260_22.jpg
[14:42:49]   去重后: 12 张
[14:42:49]   OK -> 正在找工作的姐妹，这样做真的可以缓解焦虑.md
[14:42:49] [29/50] 邪修早就不用boss找外企了（理工科求职版）...
[14:43:16]   下载 image 1/8: 6909c20100000000030125d9_1.jpg OK
[14:43:16]   下载 image 2/8: 6909c20100000000030125d9_2.jpg OK
[14:43:16]   下载 image 3/8: 6909c20100000000030125d9_3.jpg OK
[14:43:16]   下载 image 4/8: 6909c20100000000030125d9_4.jpg OK
[14:43:16]   下载 image 5/8: 6909c20100000000030125d9_5.jpg OK
[14:43:16]   下载 image 6/8: 6909c20100000000030125d9_6.jpg OK
[14:43:16]   下载 image 7/8: 6909c20100000000030125d9_7.jpg OK
[14:43:16]   下载 image 8/8: 6909c20100000000030125d9_8.jpg OK
[14:43:16]   重复图片 (同 6909c20100000000030125d9_2.jpg): 6909c20100000000030125d9_6.jpg
[14:43:17]   重复图片 (同 6909c20100000000030125d9_3.jpg): 6909c20100000000030125d9_7.jpg
[14:43:17]   重复图片 (同 6909c20100000000030125d9_4.jpg): 6909c20100000000030125d9_8.jpg
[14:43:17]   去重后: 5 张
[14:43:17]   OK -> 邪修早就不用boss找外企了（理工科求职版）.md
[14:43:17] [30/50] 放心，你不会找不到工作的...
[14:43:43]   下载 image 1/6: 6846e0d5000000002100006c_1.jpg OK
[14:43:43]   下载 image 2/6: 6846e0d5000000002100006c_2.jpg OK
[14:43:43]   下载 image 3/6: 6846e0d5000000002100006c_3.jpg OK
[14:43:43]   下载 image 4/6: 6846e0d5000000002100006c_4.jpg OK
[14:43:43]   下载 image 5/6: 6846e0d5000000002100006c_5.jpg OK
[14:43:43]   下载 image 6/6: 6846e0d5000000002100006c_6.jpg OK
[14:43:43]   重复图片 (同 6846e0d5000000002100006c_2.jpg): 6846e0d5000000002100006c_5.jpg
[14:43:43]   重复图片 (同 6846e0d5000000002100006c_3.jpg): 6846e0d5000000002100006c_6.jpg
[14:43:43]   去重后: 4 张
[14:43:43]   OK -> 放心，你不会找不到工作的.md
[14:43:43] [31/50] 【大学生找工作避雷指南】避雷避雷❗️❗️❗️...
[14:44:09]   下载 image 1/10: 68446cbd000000002200503e_1.jpg OK
[14:44:09]   下载 image 2/10: 68446cbd000000002200503e_2.jpg OK
[14:44:09]   下载 image 3/10: 68446cbd000000002200503e_3.jpg OK
[14:44:09]   下载 image 4/10: 68446cbd000000002200503e_4.jpg OK
[14:44:09]   下载 image 5/10: 68446cbd000000002200503e_5.jpg OK
[14:44:09]   下载 image 6/10: 68446cbd000000002200503e_6.jpg OK
[14:44:09]   下载 image 7/10: 68446cbd000000002200503e_7.jpg OK
[14:44:09]   下载 image 8/10: 68446cbd000000002200503e_8.jpg OK
[14:44:09]   下载 image 9/10: 68446cbd000000002200503e_9.jpg OK
[14:44:09]   下载 image 10/10: 68446cbd000000002200503e_10.jpg OK
[14:44:09]   重复图片 (同 68446cbd000000002200503e_2.jpg): 68446cbd000000002200503e_7.jpg
[14:44:09]   重复图片 (同 68446cbd000000002200503e_3.jpg): 68446cbd000000002200503e_8.jpg
[14:44:09]   重复图片 (同 68446cbd000000002200503e_4.jpg): 68446cbd000000002200503e_9.jpg
[14:44:09]   重复图片 (同 68446cbd000000002200503e_5.jpg): 68446cbd000000002200503e_10.jpg
[14:44:09]   去重后: 6 张
[14:44:09]   OK -> 【大学生找工作避雷指南】避雷避雷❗️❗️❗️.md
[14:44:09] [32/50] 真的，大家找工作不能太老实...
[14:44:34]   下载 image 1/8: 6a562ed9000000001102f7d8_1.jpg OK
[14:44:34]   下载 image 2/8: 6a562ed9000000001102f7d8_2.jpg OK
[14:44:34]   下载 image 3/8: 6a562ed9000000001102f7d8_3.jpg OK
[14:44:34]   下载 image 4/8: 6a562ed9000000001102f7d8_4.jpg OK
[14:44:34]   下载 image 5/8: 6a562ed9000000001102f7d8_5.jpg OK
[14:44:34]   下载 image 6/8: 6a562ed9000000001102f7d8_6.jpg OK
[14:44:34]   下载 image 7/8: 6a562ed9000000001102f7d8_7.jpg OK
[14:44:34]   下载 image 8/8: 6a562ed9000000001102f7d8_8.jpg OK
[14:44:34]   重复图片 (同 6a562ed9000000001102f7d8_2.jpg): 6a562ed9000000001102f7d8_6.jpg
[14:44:34]   重复图片 (同 6a562ed9000000001102f7d8_3.jpg): 6a562ed9000000001102f7d8_7.jpg
[14:44:34]   重复图片 (同 6a562ed9000000001102f7d8_4.jpg): 6a562ed9000000001102f7d8_8.jpg
[14:44:34]   去重后: 5 张
[14:44:34]   OK -> 真的，大家找工作不能太老实.md
[14:44:34] [33/50] 大厂日记 | 找远程工作/兼职的超多渠道...
[14:45:00]   下载 image 1/12: 694a6796000000001f00fd35_1.jpg OK
[14:45:00]   下载 image 2/12: 694a6796000000001f00fd35_2.jpg OK
[14:45:00]   下载 image 3/12: 694a6796000000001f00fd35_3.jpg OK
[14:45:00]   下载 image 4/12: 694a6796000000001f00fd35_4.jpg OK
[14:45:00]   下载 image 5/12: 694a6796000000001f00fd35_5.jpg OK
[14:45:00]   下载 image 6/12: 694a6796000000001f00fd35_6.jpg OK
[14:45:00]   下载 image 7/12: 694a6796000000001f00fd35_7.jpg OK
[14:45:00]   下载 image 8/12: 694a6796000000001f00fd35_8.jpg OK
[14:45:00]   下载 image 9/12: 694a6796000000001f00fd35_9.jpg OK
[14:45:00]   下载 image 10/12: 694a6796000000001f00fd35_10.jpg OK
[14:45:00]   下载 image 11/12: 694a6796000000001f00fd35_11.jpg OK
[14:45:01]   下载 image 12/12: 694a6796000000001f00fd35_12.jpg OK
[14:45:01]   重复图片 (同 694a6796000000001f00fd35_2.jpg): 694a6796000000001f00fd35_8.jpg
[14:45:01]   重复图片 (同 694a6796000000001f00fd35_3.jpg): 694a6796000000001f00fd35_9.jpg
[14:45:01]   重复图片 (同 694a6796000000001f00fd35_4.jpg): 694a6796000000001f00fd35_10.jpg
[14:45:01]   重复图片 (同 694a6796000000001f00fd35_5.jpg): 694a6796000000001f00fd35_11.jpg
[14:45:01]   重复图片 (同 694a6796000000001f00fd35_6.jpg): 694a6796000000001f00fd35_12.jpg
[14:45:01]   去重后: 7 张
[14:45:01]   OK -> 大厂日记 _ 找远程工作_兼职的超多渠道.md
[14:45:01] [34/50] 大龄女性找工作避坑指南...
[14:45:27]   下载 image 1/4: 69af867f000000002203a840_1.jpg OK
[14:45:27]   下载 image 2/4: 69af867f000000002203a840_2.jpg OK
[14:45:27]   下载 image 3/4: 69af867f000000002203a840_3.jpg OK
[14:45:27]   下载 image 4/4: 69af867f000000002203a840_4.jpg OK
[14:45:27]   重复图片 (同 69af867f000000002203a840_2.jpg): 69af867f000000002203a840_4.jpg
[14:45:27]   去重后: 3 张
[14:45:27]   OK -> 大龄女性找工作避坑指南.md
[14:45:27] [35/50] 分享宝妈找工作经验...
[14:45:51]   下载 image 1/2: 6a2519f70000000007025af8_1.jpg OK
[14:45:51]   下载 image 2/2: 6a2519f70000000007025af8_2.jpg OK
[14:45:51]   OK -> 分享宝妈找工作经验.md
[14:45:51] [36/50] 你早说啊😭原来大家都这样找双休靠谱工作...
[14:46:14]   下载 image 1/14: 6a3a5967000000000f0064da_1.jpg OK
[14:46:14]   下载 image 2/14: 6a3a5967000000000f0064da_2.jpg OK
[14:46:14]   下载 image 3/14: 6a3a5967000000000f0064da_3.jpg OK
[14:46:14]   下载 image 4/14: 6a3a5967000000000f0064da_4.jpg OK
[14:46:14]   下载 image 5/14: 6a3a5967000000000f0064da_5.jpg OK
[14:46:15]   下载 image 6/14: 6a3a5967000000000f0064da_6.jpg OK
[14:46:15]   下载 image 7/14: 6a3a5967000000000f0064da_7.jpg OK
[14:46:15]   下载 image 8/14: 6a3a5967000000000f0064da_8.jpg OK
[14:46:15]   下载 image 9/14: 6a3a5967000000000f0064da_9.jpg OK
[14:46:15]   下载 image 10/14: 6a3a5967000000000f0064da_10.jpg OK
[14:46:15]   下载 image 11/14: 6a3a5967000000000f0064da_11.jpg OK
[14:46:15]   下载 image 12/14: 6a3a5967000000000f0064da_12.jpg OK
[14:46:15]   下载 image 13/14: 6a3a5967000000000f0064da_13.jpg OK
[14:46:15]   下载 image 14/14: 6a3a5967000000000f0064da_14.jpg OK
[14:46:15]   重复图片 (同 6a3a5967000000000f0064da_2.jpg): 6a3a5967000000000f0064da_9.jpg
[14:46:15]   重复图片 (同 6a3a5967000000000f0064da_3.jpg): 6a3a5967000000000f0064da_10.jpg
[14:46:15]   重复图片 (同 6a3a5967000000000f0064da_4.jpg): 6a3a5967000000000f0064da_11.jpg
[14:46:15]   重复图片 (同 6a3a5967000000000f0064da_5.jpg): 6a3a5967000000000f0064da_12.jpg
[14:46:15]   重复图片 (同 6a3a5967000000000f0064da_6.jpg): 6a3a5967000000000f0064da_13.jpg
[14:46:15]   重复图片 (同 6a3a5967000000000f0064da_7.jpg): 6a3a5967000000000f0064da_14.jpg
[14:46:15]   去重后: 8 张
[14:46:15]   OK -> 你早说啊😭原来大家都这样找双休靠谱工作.md
[14:46:15] [37/50] 找工作看信息差｜顺利收获多份面试邀约...
[14:46:38]   下载 image 1/2: 6a42784e00000000160262c1_1.jpg OK
[14:46:38]   下载 image 2/2: 6a42784e00000000160262c1_2.jpg OK
[14:46:38]   OK -> 找工作看信息差｜顺利收获多份面试邀约.md
[14:46:38] [38/50] 杭州政府帮找工作效率还是挺高的。。。...
[14:47:05]   下载 image 1/2: 6849212f000000000303a8e1_1.jpg OK
[14:47:05]   下载 image 2/2: 6849212f000000000303a8e1_2.jpg OK
[14:47:05]   OK -> 杭州政府帮找工作效率还是挺高的。。。.md
[14:47:05] [39/50] 不上班也有很多出路，解锁更多新技能！...
[14:47:33]   下载 image 1/2: 695a05c00000000021030bb0_1.jpg OK
[14:47:38]   下载 video 2/2: 695a05c00000000021030bb0_2.mp4 OK
[14:47:38]   OK -> 不上班也有很多出路，解锁更多新技能！.md
[14:47:38] [40/50] 好工作全靠信息差（超详细求职经验贴‼️）...
[14:48:05]   下载 image 1/18: 681ddb8e00000000030390ac_1.jpg OK
[14:48:05]   下载 image 2/18: 681ddb8e00000000030390ac_2.jpg OK
[14:48:05]   下载 image 3/18: 681ddb8e00000000030390ac_3.jpg OK
[14:48:06]   下载 image 4/18: 681ddb8e00000000030390ac_4.jpg OK
[14:48:06]   下载 image 5/18: 681ddb8e00000000030390ac_5.jpg OK
[14:48:06]   下载 image 6/18: 681ddb8e00000000030390ac_6.jpg OK
[14:48:06]   下载 image 7/18: 681ddb8e00000000030390ac_7.jpg OK
[14:48:07]   下载 image 8/18: 681ddb8e00000000030390ac_8.jpg OK
[14:48:07]   下载 image 9/18: 681ddb8e00000000030390ac_9.jpg OK
[14:48:07]   下载 image 10/18: 681ddb8e00000000030390ac_10.jpg OK
[14:48:07]   下载 image 11/18: 681ddb8e00000000030390ac_11.jpg OK
[14:48:07]   下载 image 12/18: 681ddb8e00000000030390ac_12.jpg OK
[14:48:07]   下载 image 13/18: 681ddb8e00000000030390ac_13.jpg OK
[14:48:07]   下载 image 14/18: 681ddb8e00000000030390ac_14.jpg OK
[14:48:07]   下载 image 15/18: 681ddb8e00000000030390ac_15.jpg OK
[14:48:07]   下载 image 16/18: 681ddb8e00000000030390ac_16.jpg OK
[14:48:07]   下载 image 17/18: 681ddb8e00000000030390ac_17.jpg OK
[14:48:07]   下载 image 18/18: 681ddb8e00000000030390ac_18.jpg OK
[14:48:07]   重复图片 (同 681ddb8e00000000030390ac_2.jpg): 681ddb8e00000000030390ac_11.jpg
[14:48:07]   重复图片 (同 681ddb8e00000000030390ac_3.jpg): 681ddb8e00000000030390ac_12.jpg
[14:48:07]   重复图片 (同 681ddb8e00000000030390ac_4.jpg): 681ddb8e00000000030390ac_13.jpg
[14:48:07]   重复图片 (同 681ddb8e00000000030390ac_5.jpg): 681ddb8e00000000030390ac_14.jpg
[14:48:08]   重复图片 (同 681ddb8e00000000030390ac_6.jpg): 681ddb8e00000000030390ac_15.jpg
[14:48:08]   重复图片 (同 681ddb8e00000000030390ac_7.jpg): 681ddb8e00000000030390ac_16.jpg
[14:48:08]   重复图片 (同 681ddb8e00000000030390ac_8.jpg): 681ddb8e00000000030390ac_17.jpg
[14:48:08]   重复图片 (同 681ddb8e00000000030390ac_9.jpg): 681ddb8e00000000030390ac_18.jpg
[14:48:08]   去重后: 10 张
[14:48:08]   OK -> 好工作全靠信息差（超详细求职经验贴‼️）.md
[14:48:08] [41/50] 给会计生提个醒：好工作可不在Boss和智联...
[14:48:37]   下载 image 1/2: 6a5737c0000000002101b0c7_1.jpg OK
[14:48:37]   下载 image 2/2: 6a5737c0000000002101b0c7_2.jpg OK
[14:48:37]   OK -> 给会计生提个醒：好工作可不在Boss和智联.md
[14:48:37] [42/50] 还没找到工作，教你一周快速找到工作❗...
[14:49:07]   下载 image 1/8: 67f78eee000000000f03abd3_1.jpg OK
[14:49:07]   下载 image 2/8: 67f78eee000000000f03abd3_2.jpg OK
[14:49:08]   下载 image 3/8: 67f78eee000000000f03abd3_3.jpg OK
[14:49:08]   下载 image 4/8: 67f78eee000000000f03abd3_4.jpg OK
[14:49:08]   下载 image 5/8: 67f78eee000000000f03abd3_5.jpg OK
[14:49:08]   下载 image 6/8: 67f78eee000000000f03abd3_6.jpg OK
[14:49:08]   下载 image 7/8: 67f78eee000000000f03abd3_7.jpg OK
[14:49:08]   下载 image 8/8: 67f78eee000000000f03abd3_8.jpg OK
[14:49:08]   重复图片 (同 67f78eee000000000f03abd3_2.jpg): 67f78eee000000000f03abd3_6.jpg
[14:49:08]   重复图片 (同 67f78eee000000000f03abd3_3.jpg): 67f78eee000000000f03abd3_7.jpg
[14:49:08]   重复图片 (同 67f78eee000000000f03abd3_4.jpg): 67f78eee000000000f03abd3_8.jpg
[14:49:08]   去重后: 5 张
[14:49:08]   OK -> 还没找到工作，教你一周快速找到工作❗.md
[14:49:08] [43/50] 算法求职信息差分享...
[14:49:33]   下载 image 1/4: 69e762f50000000022026c30_1.jpg OK
[14:49:33]   下载 image 2/4: 69e762f50000000022026c30_2.jpg OK
[14:49:33]   下载 image 3/4: 69e762f50000000022026c30_3.jpg OK
[14:49:33]   下载 image 4/4: 69e762f50000000022026c30_4.jpg OK
[14:49:33]   重复图片 (同 69e762f50000000022026c30_2.jpg): 69e762f50000000022026c30_4.jpg
[14:49:33]   去重后: 3 张
[14:49:33]   OK -> 算法求职信息差分享.md
[14:49:33] [44/50] 只盯BOSS和智联，你将错过一半互联网大机会...
[14:49:58]   下载 image 1/2: 69327b10000000000d00db68_1.jpg OK
[14:49:58]   下载 image 2/2: 69327b10000000000d00db68_2.jpg OK
[14:49:58]   OK -> 只盯BOSS和智联，你将错过一半互联网大机会.md
[14:49:58] [45/50] 我姐是HR，她说不建议会计在常用平台找工作...
[14:50:23]   下载 image 1/2: 6a0fce01000000003701d140_1.jpg OK
[14:50:23]   下载 image 2/2: 6a0fce01000000003701d140_2.jpg OK
[14:50:23]   OK -> 我姐是HR，她说不建议会计在常用平台找工作.md
[14:50:23] [46/50] 果然会找工作的人都很会搜公司...
[14:50:44]   下载 image 1/12: 6a58df1c000000001102cb15_1.jpg OK
[14:50:44]   下载 image 2/12: 6a58df1c000000001102cb15_2.jpg OK
[14:50:44]   下载 image 3/12: 6a58df1c000000001102cb15_3.jpg OK
[14:50:44]   下载 image 4/12: 6a58df1c000000001102cb15_4.jpg OK
[14:50:44]   下载 image 5/12: 6a58df1c000000001102cb15_5.jpg OK
[14:50:44]   下载 image 6/12: 6a58df1c000000001102cb15_6.jpg OK
[14:50:44]   下载 image 7/12: 6a58df1c000000001102cb15_7.jpg OK
[14:50:44]   下载 image 8/12: 6a58df1c000000001102cb15_8.jpg OK
[14:50:44]   下载 image 9/12: 6a58df1c000000001102cb15_9.jpg OK
[14:50:44]   下载 image 10/12: 6a58df1c000000001102cb15_10.jpg OK
[14:50:44]   下载 image 11/12: 6a58df1c000000001102cb15_11.jpg OK
[14:50:44]   下载 image 12/12: 6a58df1c000000001102cb15_12.jpg OK
[14:50:45]   重复图片 (同 6a58df1c000000001102cb15_2.jpg): 6a58df1c000000001102cb15_8.jpg
[14:50:45]   重复图片 (同 6a58df1c000000001102cb15_3.jpg): 6a58df1c000000001102cb15_9.jpg
[14:50:45]   重复图片 (同 6a58df1c000000001102cb15_4.jpg): 6a58df1c000000001102cb15_10.jpg
[14:50:45]   重复图片 (同 6a58df1c000000001102cb15_5.jpg): 6a58df1c000000001102cb15_11.jpg
[14:50:45]   重复图片 (同 6a58df1c000000001102cb15_6.jpg): 6a58df1c000000001102cb15_12.jpg
[14:50:45]   去重后: 7 张
[14:50:45]   OK -> 果然会找工作的人都很会搜公司.md
[14:50:45] [47/50] 34岁全职妈妈终于接到了第一份offer！...
[14:51:10]   下载 image 1/12: 6820307d000000002301ff60_1.jpg OK
[14:51:10]   下载 image 2/12: 6820307d000000002301ff60_2.jpg OK
[14:51:10]   下载 image 3/12: 6820307d000000002301ff60_3.jpg OK
[14:51:10]   下载 image 4/12: 6820307d000000002301ff60_4.jpg OK
[14:51:11]   下载 image 5/12: 6820307d000000002301ff60_5.jpg OK
[14:51:11]   下载 image 6/12: 6820307d000000002301ff60_6.jpg OK
[14:51:11]   下载 image 7/12: 6820307d000000002301ff60_7.jpg OK
[14:51:11]   下载 image 8/12: 6820307d000000002301ff60_8.jpg OK
[14:51:11]   下载 image 9/12: 6820307d000000002301ff60_9.jpg OK
[14:51:11]   下载 image 10/12: 6820307d000000002301ff60_10.jpg OK
[14:51:11]   下载 image 11/12: 6820307d000000002301ff60_11.jpg OK
[14:51:11]   下载 image 12/12: 6820307d000000002301ff60_12.jpg OK
[14:51:11]   重复图片 (同 6820307d000000002301ff60_2.jpg): 6820307d000000002301ff60_8.jpg
[14:51:11]   重复图片 (同 6820307d000000002301ff60_3.jpg): 6820307d000000002301ff60_9.jpg
[14:51:11]   重复图片 (同 6820307d000000002301ff60_4.jpg): 6820307d000000002301ff60_10.jpg
[14:51:11]   重复图片 (同 6820307d000000002301ff60_5.jpg): 6820307d000000002301ff60_11.jpg
[14:51:11]   重复图片 (同 6820307d000000002301ff60_6.jpg): 6820307d000000002301ff60_12.jpg
[14:51:11]   去重后: 7 张
[14:51:11]   OK -> 34岁全职妈妈终于接到了第一份offer！.md
[14:51:11] [48/50] 对最近求职的分享和复盘...
[14:51:36]   下载 image 1/2: 68d552b40000000014008e23_1.jpg OK
[14:51:36]   下载 image 2/2: 68d552b40000000014008e23_2.jpg OK
[14:51:36]   OK -> 对最近求职的分享和复盘.md
[14:51:36] [49/50] 离开boss直聘才发现外面根本没有雨……...
