[09:12:20] ============================================================
[09:12:20] 小红书单篇笔记采集 启动
[09:12:20] OPENCLI_CMD: ('node', 'd:\\voice\\opencli-main\\dist\\main.js')
[09:12:20] 输出目录: d:\obsidian\demo\05_long_project\小红书
[09:12:20] ============================================================
[09:12:22] URL: https://www.xiaohongshu.com/explore/68030dc3000000001c0368f1?xsec_token=ABJZdOXPHzdXuLIYhpIhSf1PqxwYUavdJHdd23seIWHlk=&xsec_source=pc_search&source=web_explore_feed
[09:12:22] note_id: 68030dc3000000001c0368f1
[09:12:22] 获取笔记详情中...
[09:12:41] 标题: 挑花眼了‼️主纱、迎宾、敬酒～都太好看了
[09:12:41] 下载图片中...
[09:12:43]   下载 image 1/8: 68030dc3000000001c0368f1_1.jpg OK
[09:12:46]   下载 image 2/8: 68030dc3000000001c0368f1_2.jpg OK
[09:12:49]   下载 image 3/8: 68030dc3000000001c0368f1_3.jpg OK
[09:12:51]   下载 image 4/8: 68030dc3000000001c0368f1_4.jpg OK
[09:12:52]   下载 image 5/8: 68030dc3000000001c0368f1_5.jpg OK
[09:12:52]   下载 image 6/8: 68030dc3000000001c0368f1_6.jpg OK
[09:12:52]   下载 image 7/8: 68030dc3000000001c0368f1_7.jpg OK
[09:12:53]   下载 image 8/8: 68030dc3000000001c0368f1_8.jpg OK
[09:12:53]   重复图片 (同 68030dc3000000001c0368f1_1.jpg): 68030dc3000000001c0368f1_5.jpg
[09:12:53]   重复图片 (同 68030dc3000000001c0368f1_2.jpg): 68030dc3000000001c0368f1_6.jpg
[09:12:53]   重复图片 (同 68030dc3000000001c0368f1_3.jpg): 68030dc3000000001c0368f1_7.jpg
[09:12:53]   重复图片 (同 68030dc3000000001c0368f1_4.jpg): 68030dc3000000001c0368f1_8.jpg
[09:12:53]   去重后: 4 张
[09:12:53] 下载图片: 4 张 (直接下载)
[09:12:53] 已保存: d:\obsidian\demo\05_long_project\小红书\挑花眼了‼️主纱、迎宾、敬酒～都太好看了.md
[09:12:53] 完成
