[14:39:27] === 小红书采集脚本启动 ===
[14:39:34] 开始采集: keyword=婚纱酒店出嫁房需要租几天？, limit=20
[14:39:34] 搜索: 婚纱酒店出嫁房需要租几天？ (limit=20)
[14:39:50] 搜索到 16 条结果
[14:39:50] [1/16] 我的出嫁酒店...
[14:40:01]   下载 image 1/10: 6a0ba7830000000036032cc7_1.jpg OK
[14:40:01]   下载 image 2/10: 6a0ba7830000000036032cc7_2.jpg OK
[14:40:01]   下载 image 3/10: 6a0ba7830000000036032cc7_3.jpg OK
[14:40:02]   下载 image 4/10: 6a0ba7830000000036032cc7_4.jpg OK
[14:40:02]   下载 image 5/10: 6a0ba7830000000036032cc7_5.jpg OK
[14:40:02]   下载 image 6/10: 6a0ba7830000000036032cc7_6.jpg OK
[14:40:02]   下载 image 7/10: 6a0ba7830000000036032cc7_7.jpg OK
[14:40:02]   下载 image 8/10: 6a0ba7830000000036032cc7_8.jpg OK
[14:40:02]   下载 image 9/10: 6a0ba7830000000036032cc7_9.jpg OK
[14:40:02]   下载 image 10/10: 6a0ba7830000000036032cc7_10.jpg OK
[14:40:03]   重复图片 (同 6a0ba7830000000036032cc7_1.jpg): 6a0ba7830000000036032cc7_6.jpg
[14:40:03]   重复图片 (同 6a0ba7830000000036032cc7_2.jpg): 6a0ba7830000000036032cc7_7.jpg
[14:40:03]   重复图片 (同 6a0ba7830000000036032cc7_3.jpg): 6a0ba7830000000036032cc7_8.jpg
[14:40:03]   重复图片 (同 6a0ba7830000000036032cc7_4.jpg): 6a0ba7830000000036032cc7_9.jpg
[14:40:03]   重复图片 (同 6a0ba7830000000036032cc7_5.jpg): 6a0ba7830000000036032cc7_10.jpg
[14:40:03]   去重后: 5 张
[14:40:03]   OK -> 我的出嫁酒店.md
[14:40:03] [2/16] 女方在酒店出嫁怎么弄...
[14:40:22]   下载 image 1/8: 6a0108ab0000000006030a49_1.jpg OK
[14:40:22]   下载 image 2/8: 6a0108ab0000000006030a49_2.jpg OK
[14:40:22]   下载 image 3/8: 6a0108ab0000000006030a49_3.jpg OK
[14:40:22]   下载 image 4/8: 6a0108ab0000000006030a49_4.jpg OK
[14:40:23]   下载 image 5/8: 6a0108ab0000000006030a49_5.jpg OK
[14:40:23]   下载 image 6/8: 6a0108ab0000000006030a49_6.jpg OK
[14:40:23]   下载 image 7/8: 6a0108ab0000000006030a49_7.jpg OK
[14:40:23]   下载 image 8/8: 6a0108ab0000000006030a49_8.jpg OK
[14:40:23]   重复图片 (同 6a0108ab0000000006030a49_1.jpg): 6a0108ab0000000006030a49_5.jpg
[14:40:23]   重复图片 (同 6a0108ab0000000006030a49_2.jpg): 6a0108ab0000000006030a49_6.jpg
[14:40:23]   重复图片 (同 6a0108ab0000000006030a49_3.jpg): 6a0108ab0000000006030a49_7.jpg
[14:40:23]   重复图片 (同 6a0108ab0000000006030a49_4.jpg): 6a0108ab0000000006030a49_8.jpg
[14:40:23]   去重后: 4 张
[14:40:23]   OK -> 女方在酒店出嫁怎么弄.md
[14:40:23] [3/16] 婚礼复盘1：酒店出嫁全流程，无接亲无堵门！...
[14:40:45]   下载 image 1/18: 68459dea000000002100bddb_1.jpg OK
[14:40:45]   下载 image 2/18: 68459dea000000002100bddb_2.jpg OK
[14:40:45]   下载 image 3/18: 68459dea000000002100bddb_3.jpg OK
[14:40:45]   下载 image 4/18: 68459dea000000002100bddb_4.jpg OK
[14:40:45]   下载 image 5/18: 68459dea000000002100bddb_5.jpg OK
[14:40:45]   下载 image 6/18: 68459dea000000002100bddb_6.jpg OK
[14:40:45]   下载 image 7/18: 68459dea000000002100bddb_7.jpg OK
[14:40:46]   下载 image 8/18: 68459dea000000002100bddb_8.jpg OK
[14:40:46]   下载 image 9/18: 68459dea000000002100bddb_9.jpg OK
[14:40:46]   下载 image 10/18: 68459dea000000002100bddb_10.jpg OK
[14:40:46]   下载 image 11/18: 68459dea000000002100bddb_11.jpg OK
[14:40:46]   下载 image 12/18: 68459dea000000002100bddb_12.jpg OK
[14:40:46]   下载 image 13/18: 68459dea000000002100bddb_13.jpg OK
[14:40:46]   下载 image 14/18: 68459dea000000002100bddb_14.jpg OK
[14:40:46]   下载 image 15/18: 68459dea000000002100bddb_15.jpg OK
[14:40:47]   下载 image 16/18: 68459dea000000002100bddb_16.jpg OK
[14:40:47]   下载 image 17/18: 68459dea000000002100bddb_17.jpg OK
[14:40:47]   下载 image 18/18: 68459dea000000002100bddb_18.jpg OK
[14:40:47]   重复图片 (同 68459dea000000002100bddb_1.jpg): 68459dea000000002100bddb_10.jpg
[14:40:47]   重复图片 (同 68459dea000000002100bddb_2.jpg): 68459dea000000002100bddb_11.jpg
[14:40:47]   重复图片 (同 68459dea000000002100bddb_3.jpg): 68459dea000000002100bddb_12.jpg
[14:40:47]   重复图片 (同 68459dea000000002100bddb_4.jpg): 68459dea000000002100bddb_13.jpg
[14:40:47]   重复图片 (同 68459dea000000002100bddb_5.jpg): 68459dea000000002100bddb_14.jpg
[14:40:47]   重复图片 (同 68459dea000000002100bddb_6.jpg): 68459dea000000002100bddb_15.jpg
[14:40:47]   重复图片 (同 68459dea000000002100bddb_7.jpg): 68459dea000000002100bddb_16.jpg
[14:40:47]   重复图片 (同 68459dea000000002100bddb_8.jpg): 68459dea000000002100bddb_17.jpg
[14:40:47]   重复图片 (同 68459dea000000002100bddb_9.jpg): 68459dea000000002100bddb_18.jpg
[14:40:47]   去重后: 9 张
[14:40:47]   OK -> 婚礼复盘1：酒店出嫁全流程，无接亲无堵门！.md
[14:40:47] [4/16] 出嫁酒店怎么选啊！！！...
[14:41:10]   下载 image 1/16: 6a40af77000000000802655a_1.jpg OK
[14:41:10]   下载 image 2/16: 6a40af77000000000802655a_2.jpg OK
[14:41:10]   下载 image 3/16: 6a40af77000000000802655a_3.jpg OK
[14:41:11]   下载 image 4/16: 6a40af77000000000802655a_4.jpg OK
[14:41:11]   下载 image 5/16: 6a40af77000000000802655a_5.jpg OK
[14:41:11]   下载 image 6/16: 6a40af77000000000802655a_6.jpg OK
[14:41:11]   下载 image 7/16: 6a40af77000000000802655a_7.jpg OK
[14:41:11]   下载 image 8/16: 6a40af77000000000802655a_8.jpg OK
[14:41:11]   下载 image 9/16: 6a40af77000000000802655a_9.jpg OK
[14:41:11]   下载 image 10/16: 6a40af77000000000802655a_10.jpg OK
[14:41:11]   下载 image 11/16: 6a40af77000000000802655a_11.jpg OK
[14:41:11]   下载 image 12/16: 6a40af77000000000802655a_12.jpg OK
[14:41:12]   下载 image 13/16: 6a40af77000000000802655a_13.jpg OK
[14:41:12]   下载 image 14/16: 6a40af77000000000802655a_14.jpg OK
[14:41:12]   下载 image 15/16: 6a40af77000000000802655a_15.jpg OK
[14:41:12]   下载 image 16/16: 6a40af77000000000802655a_16.jpg OK
[14:41:12]   重复图片 (同 6a40af77000000000802655a_1.jpg): 6a40af77000000000802655a_9.jpg
[14:41:12]   重复图片 (同 6a40af77000000000802655a_2.jpg): 6a40af77000000000802655a_10.jpg
[14:41:12]   重复图片 (同 6a40af77000000000802655a_3.jpg): 6a40af77000000000802655a_11.jpg
[14:41:12]   重复图片 (同 6a40af77000000000802655a_4.jpg): 6a40af77000000000802655a_12.jpg
[14:41:12]   重复图片 (同 6a40af77000000000802655a_5.jpg): 6a40af77000000000802655a_13.jpg
[14:41:12]   重复图片 (同 6a40af77000000000802655a_6.jpg): 6a40af77000000000802655a_14.jpg
[14:41:13]   重复图片 (同 6a40af77000000000802655a_7.jpg): 6a40af77000000000802655a_15.jpg
[14:41:13]   重复图片 (同 6a40af77000000000802655a_8.jpg): 6a40af77000000000802655a_16.jpg
[14:41:13]   去重后: 8 张
[14:41:13]   OK -> 出嫁酒店怎么选啊！！！.md
[14:41:13] [5/16] 远嫁婚礼亲友订住宿攻略...
[14:41:34]   下载 image 1/2: 687f0a1d000000002203c66f_1.jpg OK
[14:41:34]   下载 image 2/2: 687f0a1d000000002203c66f_2.jpg OK
[14:41:35]   重复图片 (同 687f0a1d000000002203c66f_1.jpg): 687f0a1d000000002203c66f_2.jpg
[14:41:35]   去重后: 1 张
[14:41:35]   OK -> 远嫁婚礼亲友订住宿攻略.md
[14:41:35] [6/16] 酒店出嫁，接亲走后东西应该怎么处理...
[14:41:54]   下载 image 1/2: 68e8d1fa0000000007003d10_1.jpg OK
[14:41:54]   下载 image 2/2: 68e8d1fa0000000007003d10_2.jpg OK
[14:41:54]   重复图片 (同 68e8d1fa0000000007003d10_1.jpg): 68e8d1fa0000000007003d10_2.jpg
[14:41:54]   去重后: 1 张
[14:41:54]   OK -> 酒店出嫁，接亲走后东西应该怎么处理.md
[14:41:54] [7/16] 婚礼备婚攻略，从新娘早上化妆到酒店婚纱照...
[14:42:14]   下载 image 1/22: 69bcccf5000000002202b5e3_1.jpg OK
[14:42:14]   下载 image 2/22: 69bcccf5000000002202b5e3_2.jpg OK
[14:42:14]   下载 image 3/22: 69bcccf5000000002202b5e3_3.jpg OK
[14:42:14]   下载 image 4/22: 69bcccf5000000002202b5e3_4.jpg OK
[14:42:14]   下载 image 5/22: 69bcccf5000000002202b5e3_5.jpg OK
[14:42:14]   下载 image 6/22: 69bcccf5000000002202b5e3_6.jpg OK
[14:42:15]   下载 image 7/22: 69bcccf5000000002202b5e3_7.jpg OK
[14:42:15]   下载 image 8/22: 69bcccf5000000002202b5e3_8.jpg OK
[14:42:15]   下载 image 9/22: 69bcccf5000000002202b5e3_9.jpg OK
[14:42:15]   下载 image 10/22: 69bcccf5000000002202b5e3_10.jpg OK
[14:42:15]   下载 image 11/22: 69bcccf5000000002202b5e3_11.jpg OK
[14:42:15]   下载 image 12/22: 69bcccf5000000002202b5e3_12.jpg OK
[14:42:15]   下载 image 13/22: 69bcccf5000000002202b5e3_13.jpg OK
[14:42:16]   下载 image 14/22: 69bcccf5000000002202b5e3_14.jpg OK
[14:42:16]   下载 image 15/22: 69bcccf5000000002202b5e3_15.jpg OK
[14:42:16]   下载 image 16/22: 69bcccf5000000002202b5e3_16.jpg OK
[14:42:16]   下载 image 17/22: 69bcccf5000000002202b5e3_17.jpg OK
[14:42:16]   下载 image 18/22: 69bcccf5000000002202b5e3_18.jpg OK
[14:42:16]   下载 image 19/22: 69bcccf5000000002202b5e3_19.jpg OK
[14:42:16]   下载 image 20/22: 69bcccf5000000002202b5e3_20.jpg OK
[14:42:16]   下载 image 21/22: 69bcccf5000000002202b5e3_21.jpg OK
[14:42:16]   下载 image 22/22: 69bcccf5000000002202b5e3_22.jpg OK
[14:42:17]   重复图片 (同 69bcccf5000000002202b5e3_1.jpg): 69bcccf5000000002202b5e3_12.jpg
[14:42:17]   重复图片 (同 69bcccf5000000002202b5e3_2.jpg): 69bcccf5000000002202b5e3_13.jpg
[14:42:17]   重复图片 (同 69bcccf5000000002202b5e3_3.jpg): 69bcccf5000000002202b5e3_14.jpg
[14:42:17]   重复图片 (同 69bcccf5000000002202b5e3_4.jpg): 69bcccf5000000002202b5e3_15.jpg
[14:42:17]   重复图片 (同 69bcccf5000000002202b5e3_5.jpg): 69bcccf5000000002202b5e3_16.jpg
[14:42:17]   重复图片 (同 69bcccf5000000002202b5e3_6.jpg): 69bcccf5000000002202b5e3_17.jpg
[14:42:17]   重复图片 (同 69bcccf5000000002202b5e3_7.jpg): 69bcccf5000000002202b5e3_18.jpg
[14:42:17]   重复图片 (同 69bcccf5000000002202b5e3_8.jpg): 69bcccf5000000002202b5e3_19.jpg
[14:42:17]   重复图片 (同 69bcccf5000000002202b5e3_9.jpg): 69bcccf5000000002202b5e3_20.jpg
[14:42:17]   重复图片 (同 69bcccf5000000002202b5e3_10.jpg): 69bcccf5000000002202b5e3_21.jpg
[14:42:17]   重复图片 (同 69bcccf5000000002202b5e3_11.jpg): 69bcccf5000000002202b5e3_22.jpg
[14:42:17]   去重后: 11 张
[14:42:17]   OK -> 婚礼备婚攻略，从新娘早上化妆到酒店婚纱照.md
[14:42:17] [8/16] 7.5-8W的婚礼仪式开销...
[14:42:40]   下载 image 1/24: 69b50c71000000002003a0f7_1.jpg OK
[14:42:40]   下载 image 2/24: 69b50c71000000002003a0f7_2.jpg OK
[14:42:40]   下载 image 3/24: 69b50c71000000002003a0f7_3.jpg OK
[14:42:41]   下载 image 4/24: 69b50c71000000002003a0f7_4.jpg OK
[14:42:41]   下载 image 5/24: 69b50c71000000002003a0f7_5.jpg OK
[14:42:42]   下载 image 6/24: 69b50c71000000002003a0f7_6.jpg OK
[14:42:42]   下载 image 7/24: 69b50c71000000002003a0f7_7.jpg OK
[14:42:42]   下载 image 8/24: 69b50c71000000002003a0f7_8.jpg OK
[14:42:43]   下载 image 9/24: 69b50c71000000002003a0f7_9.jpg OK
[14:42:43]   下载 image 10/24: 69b50c71000000002003a0f7_10.jpg OK
[14:42:43]   下载 image 11/24: 69b50c71000000002003a0f7_11.jpg OK
[14:42:43]   下载 image 12/24: 69b50c71000000002003a0f7_12.jpg OK
[14:42:43]   下载 image 13/24: 69b50c71000000002003a0f7_13.jpg OK
[14:42:43]   下载 image 14/24: 69b50c71000000002003a0f7_14.jpg OK
[14:42:43]   下载 image 15/24: 69b50c71000000002003a0f7_15.jpg OK
[14:42:44]   下载 image 16/24: 69b50c71000000002003a0f7_16.jpg OK
[14:42:44]   下载 image 17/24: 69b50c71000000002003a0f7_17.jpg OK
[14:42:44]   下载 image 18/24: 69b50c71000000002003a0f7_18.jpg OK
[14:42:44]   下载 image 19/24: 69b50c71000000002003a0f7_19.jpg OK
[14:42:44]   下载 image 20/24: 69b50c71000000002003a0f7_20.jpg OK
[14:42:44]   下载 image 21/24: 69b50c71000000002003a0f7_21.jpg OK
[14:42:44]   下载 image 22/24: 69b50c71000000002003a0f7_22.jpg OK
[14:42:44]   下载 image 23/24: 69b50c71000000002003a0f7_23.jpg OK
[14:42:44]   下载 image 24/24: 69b50c71000000002003a0f7_24.jpg OK
[14:42:45]   重复图片 (同 69b50c71000000002003a0f7_1.jpg): 69b50c71000000002003a0f7_13.jpg
[14:42:45]   重复图片 (同 69b50c71000000002003a0f7_2.jpg): 69b50c71000000002003a0f7_14.jpg
[14:42:45]   重复图片 (同 69b50c71000000002003a0f7_3.jpg): 69b50c71000000002003a0f7_15.jpg
[14:42:45]   重复图片 (同 69b50c71000000002003a0f7_4.jpg): 69b50c71000000002003a0f7_16.jpg
[14:42:45]   重复图片 (同 69b50c71000000002003a0f7_5.jpg): 69b50c71000000002003a0f7_17.jpg
[14:42:45]   重复图片 (同 69b50c71000000002003a0f7_6.jpg): 69b50c71000000002003a0f7_18.jpg
[14:42:45]   重复图片 (同 69b50c71000000002003a0f7_7.jpg): 69b50c71000000002003a0f7_19.jpg
[14:42:45]   重复图片 (同 69b50c71000000002003a0f7_8.jpg): 69b50c71000000002003a0f7_20.jpg
[14:42:45]   重复图片 (同 69b50c71000000002003a0f7_9.jpg): 69b50c71000000002003a0f7_21.jpg
[14:42:45]   重复图片 (同 69b50c71000000002003a0f7_10.jpg): 69b50c71000000002003a0f7_22.jpg
[14:42:45]   重复图片 (同 69b50c71000000002003a0f7_11.jpg): 69b50c71000000002003a0f7_23.jpg
[14:42:45]   重复图片 (同 69b50c71000000002003a0f7_12.jpg): 69b50c71000000002003a0f7_24.jpg
[14:42:45]   去重后: 12 张
[14:42:45]   OK -> 7.5-8W的婚礼仪式开销.md
[14:42:45] [9/16] "异地结婚必看！选接亲酒店攻略！"...
[14:43:03]   下载 image 1/4: 68089fe5000000001201dad2_1.jpg OK
[14:43:03]   下载 image 2/4: 68089fe5000000001201dad2_2.jpg OK
[14:43:04]   下载 image 3/4: 68089fe5000000001201dad2_3.jpg OK
[14:43:04]   下载 image 4/4: 68089fe5000000001201dad2_4.jpg OK
[14:43:04]   重复图片 (同 68089fe5000000001201dad2_1.jpg): 68089fe5000000001201dad2_3.jpg
[14:43:04]   重复图片 (同 68089fe5000000001201dad2_2.jpg): 68089fe5000000001201dad2_4.jpg
[14:43:04]   去重后: 2 张
[14:43:04]   OK -> 异地结婚必看！选接亲酒店攻略！.md
[14:43:04] [10/16] 婚礼复盘之酒店篇（一）｜酒店出嫁套房布置...
[14:43:23]   下载 image 1/22: 6a002ab8000000000702dd13_1.jpg OK
[14:43:23]   下载 image 2/22: 6a002ab8000000000702dd13_2.jpg OK
[14:43:23]   下载 image 3/22: 6a002ab8000000000702dd13_3.jpg OK
[14:43:23]   下载 image 4/22: 6a002ab8000000000702dd13_4.jpg OK
[14:43:23]   下载 image 5/22: 6a002ab8000000000702dd13_5.jpg OK
[14:43:23]   下载 image 6/22: 6a002ab8000000000702dd13_6.jpg OK
[14:43:23]   下载 image 7/22: 6a002ab8000000000702dd13_7.jpg OK
[14:43:24]   下载 image 8/22: 6a002ab8000000000702dd13_8.jpg OK
[14:43:24]   下载 image 9/22: 6a002ab8000000000702dd13_9.jpg OK
[14:43:24]   下载 image 10/22: 6a002ab8000000000702dd13_10.jpg OK
[14:43:24]   下载 image 11/22: 6a002ab8000000000702dd13_11.jpg OK
[14:43:24]   下载 image 12/22: 6a002ab8000000000702dd13_12.jpg OK
[14:43:24]   下载 image 13/22: 6a002ab8000000000702dd13_13.jpg OK
[14:43:24]   下载 image 14/22: 6a002ab8000000000702dd13_14.jpg OK
[14:43:24]   下载 image 15/22: 6a002ab8000000000702dd13_15.jpg OK
[14:43:24]   下载 image 16/22: 6a002ab8000000000702dd13_16.jpg OK
[14:43:25]   下载 image 17/22: 6a002ab8000000000702dd13_17.jpg OK
[14:43:25]   下载 image 18/22: 6a002ab8000000000702dd13_18.jpg OK
[14:43:25]   下载 image 19/22: 6a002ab8000000000702dd13_19.jpg OK
[14:43:25]   下载 image 20/22: 6a002ab8000000000702dd13_20.jpg OK
[14:43:25]   下载 image 21/22: 6a002ab8000000000702dd13_21.jpg OK
[14:43:25]   下载 image 22/22: 6a002ab8000000000702dd13_22.jpg OK
[14:43:25]   重复图片 (同 6a002ab8000000000702dd13_1.jpg): 6a002ab8000000000702dd13_12.jpg
[14:43:25]   重复图片 (同 6a002ab8000000000702dd13_2.jpg): 6a002ab8000000000702dd13_13.jpg
[14:43:25]   重复图片 (同 6a002ab8000000000702dd13_3.jpg): 6a002ab8000000000702dd13_14.jpg
[14:43:25]   重复图片 (同 6a002ab8000000000702dd13_4.jpg): 6a002ab8000000000702dd13_15.jpg
[14:43:26]   重复图片 (同 6a002ab8000000000702dd13_5.jpg): 6a002ab8000000000702dd13_16.jpg
[14:43:26]   重复图片 (同 6a002ab8000000000702dd13_6.jpg): 6a002ab8000000000702dd13_17.jpg
[14:43:26]   重复图片 (同 6a002ab8000000000702dd13_7.jpg): 6a002ab8000000000702dd13_18.jpg
[14:43:26]   重复图片 (同 6a002ab8000000000702dd13_8.jpg): 6a002ab8000000000702dd13_19.jpg
[14:43:26]   重复图片 (同 6a002ab8000000000702dd13_9.jpg): 6a002ab8000000000702dd13_20.jpg
[14:43:26]   重复图片 (同 6a002ab8000000000702dd13_10.jpg): 6a002ab8000000000702dd13_21.jpg
[14:43:26]   重复图片 (同 6a002ab8000000000702dd13_11.jpg): 6a002ab8000000000702dd13_22.jpg
[14:43:26]   去重后: 11 张
[14:43:26]   OK -> 婚礼复盘之酒店篇（一）｜酒店出嫁套房布置.md
[14:43:26] [11/16] 姐妹，婚礼第二天我就后悔了!...
[14:43:48]   下载 image 1/4: 663f41ac000000001e025c7f_1.jpg OK
[14:43:48]   下载 image 2/4: 663f41ac000000001e025c7f_2.jpg OK
[14:43:48]   下载 image 3/4: 663f41ac000000001e025c7f_3.jpg OK
[14:43:48]   下载 image 4/4: 663f41ac000000001e025c7f_4.jpg OK
[14:43:48]   重复图片 (同 663f41ac000000001e025c7f_1.jpg): 663f41ac000000001e025c7f_3.jpg
[14:43:49]   重复图片 (同 663f41ac000000001e025c7f_2.jpg): 663f41ac000000001e025c7f_4.jpg
[14:43:49]   去重后: 2 张
[14:43:49]   OK -> 姐妹，婚礼第二天我就后悔了!.md
[14:43:49] [12/16] 婚礼前1天，这17样东西必须带到酒店...
[14:44:08]   下载 image 1/2: 6a3b8c82000000001c0275b5_1.jpg OK
[14:44:08]   下载 image 2/2: 6a3b8c82000000001c0275b5_2.jpg OK
[14:44:08]   重复图片 (同 6a3b8c82000000001c0275b5_1.jpg): 6a3b8c82000000001c0275b5_2.jpg
[14:44:08]   去重后: 1 张
[14:44:08]   OK -> 婚礼前1天，这17样东西必须带到酒店.md
[14:44:08] [13/16] 备婚日记4️⃣ 租婚纱的注意事项📋...
[14:44:24]   下载 image 1/8: 68b93e88000000001b022451_1.jpg OK
[14:44:24]   下载 image 2/8: 68b93e88000000001b022451_2.jpg OK
[14:44:24]   下载 image 3/8: 68b93e88000000001b022451_3.jpg OK
[14:44:24]   下载 image 4/8: 68b93e88000000001b022451_4.jpg OK
[14:44:24]   下载 image 5/8: 68b93e88000000001b022451_5.jpg OK
[14:44:24]   下载 image 6/8: 68b93e88000000001b022451_6.jpg OK
[14:44:24]   下载 image 7/8: 68b93e88000000001b022451_7.jpg OK
[14:44:24]   下载 image 8/8: 68b93e88000000001b022451_8.jpg OK
[14:44:25]   重复图片 (同 68b93e88000000001b022451_1.jpg): 68b93e88000000001b022451_5.jpg
[14:44:25]   重复图片 (同 68b93e88000000001b022451_2.jpg): 68b93e88000000001b022451_6.jpg
[14:44:25]   重复图片 (同 68b93e88000000001b022451_3.jpg): 68b93e88000000001b022451_7.jpg
[14:44:25]   重复图片 (同 68b93e88000000001b022451_4.jpg): 68b93e88000000001b022451_8.jpg
[14:44:25]   去重后: 4 张
[14:44:25]   OK -> 备婚日记4️⃣ 租婚纱的注意事项📋_68b93e88000000001b022451.md
[14:44:25] [14/16] 婚礼花销-办一场还算体面的婚礼要花多少钱...
[14:44:46]   下载 image 1/2: 6a2beb9c0000000035022972_1.jpg OK
[14:44:47]   下载 image 2/2: 6a2beb9c0000000035022972_2.jpg OK
[14:44:47]   重复图片 (同 6a2beb9c0000000035022972_1.jpg): 6a2beb9c0000000035022972_2.jpg
[14:44:47]   去重后: 1 张
[14:44:47]   OK -> 婚礼花销-办一场还算体面的婚礼要花多少钱.md
[14:44:47] [15/16] 十天的时间结了个婚！...
[14:45:06]   下载 image 1/32: 66572070000000001401a12d_1.jpg OK
[14:45:06]   下载 image 2/32: 66572070000000001401a12d_2.jpg OK
[14:45:06]   下载 image 3/32: 66572070000000001401a12d_3.jpg OK
[14:45:06]   下载 image 4/32: 66572070000000001401a12d_4.jpg OK
[14:45:06]   下载 image 5/32: 66572070000000001401a12d_5.jpg OK
[14:45:07]   下载 image 6/32: 66572070000000001401a12d_6.jpg OK
[14:45:08]   下载 image 7/32: 66572070000000001401a12d_7.jpg OK
[14:45:08]   下载 image 8/32: 66572070000000001401a12d_8.jpg OK
[14:45:09]   下载 image 9/32: 66572070000000001401a12d_9.jpg OK
[14:45:10]   下载 image 10/32: 66572070000000001401a12d_10.jpg OK
[14:45:11]   下载 image 11/32: 66572070000000001401a12d_11.jpg OK
[14:45:12]   下载 image 12/32: 66572070000000001401a12d_12.jpg OK
[14:45:13]   下载 image 13/32: 66572070000000001401a12d_13.jpg OK
[14:45:14]   下载 image 14/32: 66572070000000001401a12d_14.jpg OK
[14:45:15]   下载 image 15/32: 66572070000000001401a12d_15.jpg OK
[14:45:15]   下载 image 16/32: 66572070000000001401a12d_16.jpg OK
[14:45:15]   下载 image 17/32: 66572070000000001401a12d_17.jpg OK
[14:45:15]   下载 image 18/32: 66572070000000001401a12d_18.jpg OK
[14:45:15]   下载 image 19/32: 66572070000000001401a12d_19.jpg OK
[14:45:16]   下载 image 20/32: 66572070000000001401a12d_20.jpg OK
[14:45:16]   下载 image 21/32: 66572070000000001401a12d_21.jpg OK
[14:45:16]   下载 image 22/32: 66572070000000001401a12d_22.jpg OK
[14:45:16]   下载 image 23/32: 66572070000000001401a12d_23.jpg OK
[14:45:16]   下载 image 24/32: 66572070000000001401a12d_24.jpg OK
[14:45:16]   下载 image 25/32: 66572070000000001401a12d_25.jpg OK
[14:45:16]   下载 image 26/32: 66572070000000001401a12d_26.jpg OK
[14:45:17]   下载 image 27/32: 66572070000000001401a12d_27.jpg OK
[14:45:17]   下载 image 28/32: 66572070000000001401a12d_28.jpg OK
[14:45:17]   下载 image 29/32: 66572070000000001401a12d_29.jpg OK
[14:45:17]   下载 image 30/32: 66572070000000001401a12d_30.jpg OK
[14:45:17]   下载 image 31/32: 66572070000000001401a12d_31.jpg OK
[14:45:17]   下载 image 32/32: 66572070000000001401a12d_32.jpg OK
[14:45:18]   重复图片 (同 66572070000000001401a12d_1.jpg): 66572070000000001401a12d_17.jpg
[14:45:18]   重复图片 (同 66572070000000001401a12d_2.jpg): 66572070000000001401a12d_18.jpg
[14:45:18]   重复图片 (同 66572070000000001401a12d_3.jpg): 66572070000000001401a12d_19.jpg
[14:45:18]   重复图片 (同 66572070000000001401a12d_4.jpg): 66572070000000001401a12d_20.jpg
[14:45:18]   重复图片 (同 66572070000000001401a12d_5.jpg): 66572070000000001401a12d_21.jpg
[14:45:18]   重复图片 (同 66572070000000001401a12d_6.jpg): 66572070000000001401a12d_22.jpg
[14:45:18]   重复图片 (同 66572070000000001401a12d_7.jpg): 66572070000000001401a12d_23.jpg
[14:45:18]   重复图片 (同 66572070000000001401a12d_8.jpg): 66572070000000001401a12d_24.jpg
[14:45:19]   重复图片 (同 66572070000000001401a12d_9.jpg): 66572070000000001401a12d_25.jpg
[14:45:19]   重复图片 (同 66572070000000001401a12d_10.jpg): 66572070000000001401a12d_26.jpg
[14:45:19]   重复图片 (同 66572070000000001401a12d_11.jpg): 66572070000000001401a12d_27.jpg
[14:45:19]   重复图片 (同 66572070000000001401a12d_12.jpg): 66572070000000001401a12d_28.jpg
[14:45:19]   重复图片 (同 66572070000000001401a12d_13.jpg): 66572070000000001401a12d_29.jpg
[14:45:19]   重复图片 (同 66572070000000001401a12d_14.jpg): 66572070000000001401a12d_30.jpg
[14:45:19]   重复图片 (同 66572070000000001401a12d_15.jpg): 66572070000000001401a12d_31.jpg
[14:45:19]   重复图片 (同 66572070000000001401a12d_16.jpg): 66572070000000001401a12d_32.jpg
[14:45:19]   去重后: 16 张
[14:45:19]   OK -> 十天的时间结了个婚！.md
[14:45:19] [16/16] 记录一下我的县城极简婚礼...
[14:45:42]   下载 image 1/36: 6a5c3866000000001d020df5_1.jpg OK
[14:45:42]   下载 image 2/36: 6a5c3866000000001d020df5_2.jpg OK
[14:45:42]   下载 image 3/36: 6a5c3866000000001d020df5_3.jpg OK
[14:45:42]   下载 image 4/36: 6a5c3866000000001d020df5_4.jpg OK
[14:45:42]   下载 image 5/36: 6a5c3866000000001d020df5_5.jpg OK
[14:45:42]   下载 image 6/36: 6a5c3866000000001d020df5_6.jpg OK
[14:45:42]   下载 image 7/36: 6a5c3866000000001d020df5_7.jpg OK
[14:45:42]   下载 image 8/36: 6a5c3866000000001d020df5_8.jpg OK
[14:45:43]   下载 image 9/36: 6a5c3866000000001d020df5_9.jpg OK
[14:45:43]   下载 image 10/36: 6a5c3866000000001d020df5_10.jpg OK
[14:45:43]   下载 image 11/36: 6a5c3866000000001d020df5_11.jpg OK
[14:45:43]   下载 image 12/36: 6a5c3866000000001d020df5_12.jpg OK
[14:45:43]   下载 image 13/36: 6a5c3866000000001d020df5_13.jpg OK
[14:45:43]   下载 image 14/36: 6a5c3866000000001d020df5_14.jpg OK
[14:45:43]   下载 image 15/36: 6a5c3866000000001d020df5_15.jpg OK
[14:45:43]   下载 image 16/36: 6a5c3866000000001d020df5_16.jpg OK
[14:45:43]   下载 image 17/36: 6a5c3866000000001d020df5_17.jpg OK
[14:45:43]   下载 image 18/36: 6a5c3866000000001d020df5_18.jpg OK
[14:45:43]   下载 image 19/36: 6a5c3866000000001d020df5_19.jpg OK
[14:45:44]   下载 image 20/36: 6a5c3866000000001d020df5_20.jpg OK
[14:45:44]   下载 image 21/36: 6a5c3866000000001d020df5_21.jpg OK
[14:45:44]   下载 image 22/36: 6a5c3866000000001d020df5_22.jpg OK
[14:45:44]   下载 image 23/36: 6a5c3866000000001d020df5_23.jpg OK
[14:45:44]   下载 image 24/36: 6a5c3866000000001d020df5_24.jpg OK
[14:45:44]   下载 image 25/36: 6a5c3866000000001d020df5_25.jpg OK
[14:45:44]   下载 image 26/36: 6a5c3866000000001d020df5_26.jpg OK
[14:45:44]   下载 image 27/36: 6a5c3866000000001d020df5_27.jpg OK
[14:45:44]   下载 image 28/36: 6a5c3866000000001d020df5_28.jpg OK
[14:45:44]   下载 image 29/36: 6a5c3866000000001d020df5_29.jpg OK
[14:45:45]   下载 image 30/36: 6a5c3866000000001d020df5_30.jpg OK
[14:45:45]   下载 image 31/36: 6a5c3866000000001d020df5_31.jpg OK
[14:45:45]   下载 image 32/36: 6a5c3866000000001d020df5_32.jpg OK
[14:45:45]   下载 image 33/36: 6a5c3866000000001d020df5_33.jpg OK
[14:45:45]   下载 image 34/36: 6a5c3866000000001d020df5_34.jpg OK
[14:45:45]   下载 image 35/36: 6a5c3866000000001d020df5_35.jpg OK
[14:45:45]   下载 image 36/36: 6a5c3866000000001d020df5_36.jpg OK
[14:45:46]   重复图片 (同 6a5c3866000000001d020df5_1.jpg): 6a5c3866000000001d020df5_19.jpg
[14:45:46]   重复图片 (同 6a5c3866000000001d020df5_2.jpg): 6a5c3866000000001d020df5_20.jpg
[14:45:46]   重复图片 (同 6a5c3866000000001d020df5_3.jpg): 6a5c3866000000001d020df5_21.jpg
[14:45:46]   重复图片 (同 6a5c3866000000001d020df5_4.jpg): 6a5c3866000000001d020df5_22.jpg
[14:45:46]   重复图片 (同 6a5c3866000000001d020df5_5.jpg): 6a5c3866000000001d020df5_23.jpg
[14:45:46]   重复图片 (同 6a5c3866000000001d020df5_6.jpg): 6a5c3866000000001d020df5_24.jpg
[14:45:46]   重复图片 (同 6a5c3866000000001d020df5_7.jpg): 6a5c3866000000001d020df5_25.jpg
[14:45:46]   重复图片 (同 6a5c3866000000001d020df5_8.jpg): 6a5c3866000000001d020df5_26.jpg
[14:45:46]   重复图片 (同 6a5c3866000000001d020df5_9.jpg): 6a5c3866000000001d020df5_27.jpg
[14:45:46]   重复图片 (同 6a5c3866000000001d020df5_10.jpg): 6a5c3866000000001d020df5_28.jpg
[14:45:46]   重复图片 (同 6a5c3866000000001d020df5_11.jpg): 6a5c3866000000001d020df5_29.jpg
[14:45:46]   重复图片 (同 6a5c3866000000001d020df5_12.jpg): 6a5c3866000000001d020df5_30.jpg
[14:45:46]   重复图片 (同 6a5c3866000000001d020df5_13.jpg): 6a5c3866000000001d020df5_31.jpg
[14:45:46]   重复图片 (同 6a5c3866000000001d020df5_14.jpg): 6a5c3866000000001d020df5_32.jpg
[14:45:46]   重复图片 (同 6a5c3866000000001d020df5_15.jpg): 6a5c3866000000001d020df5_33.jpg
[14:45:46]   重复图片 (同 6a5c3866000000001d020df5_16.jpg): 6a5c3866000000001d020df5_34.jpg
[14:45:46]   重复图片 (同 6a5c3866000000001d020df5_17.jpg): 6a5c3866000000001d020df5_35.jpg
[14:45:46]   重复图片 (同 6a5c3866000000001d020df5_18.jpg): 6a5c3866000000001d020df5_36.jpg
[14:45:46]   去重后: 18 张
[14:45:46]   OK -> 记录一下我的县城极简婚礼.md
[14:45:46] === 采集完成: 成功 16/16, 用时 373s ===
[14:45:46] 汇总已追加: d:\obsidian\demo\05_long_project\小红书\_运行日志.md
