[17:07:33] === 小红书采集脚本启动 ===
[17:07:40] 开始采集: keyword=跟妆如何确定自己的妆造, limit=20
[17:07:40] 搜索: 跟妆如何确定自己的妆造 (limit=20)
[17:08:02] 搜索到 19 条结果
[17:08:02] [1/19] 6步找到适配自己的新娘妆造，婚礼颜值翻倍...
[17:08:20]   下载 image 1/22: 67b2dc240000000018007ced_1.jpg OK
[17:08:20]   下载 image 2/22: 67b2dc240000000018007ced_2.jpg OK
[17:08:20]   下载 image 3/22: 67b2dc240000000018007ced_3.jpg OK
[17:08:20]   下载 image 4/22: 67b2dc240000000018007ced_4.jpg OK
[17:08:20]   下载 image 5/22: 67b2dc240000000018007ced_5.jpg OK
[17:08:20]   下载 image 6/22: 67b2dc240000000018007ced_6.jpg OK
[17:08:20]   下载 image 7/22: 67b2dc240000000018007ced_7.jpg OK
[17:08:20]   下载 image 8/22: 67b2dc240000000018007ced_8.jpg OK
[17:08:20]   下载 image 9/22: 67b2dc240000000018007ced_9.jpg OK
[17:08:20]   下载 image 10/22: 67b2dc240000000018007ced_10.jpg OK
[17:08:20]   下载 image 11/22: 67b2dc240000000018007ced_11.jpg OK
[17:08:20]   下载 image 12/22: 67b2dc240000000018007ced_12.jpg OK
[17:08:20]   下载 image 13/22: 67b2dc240000000018007ced_13.jpg OK
[17:08:20]   下载 image 14/22: 67b2dc240000000018007ced_14.jpg OK
[17:08:20]   下载 image 15/22: 67b2dc240000000018007ced_15.jpg OK
[17:08:21]   下载 image 16/22: 67b2dc240000000018007ced_16.jpg OK
[17:08:21]   下载 image 17/22: 67b2dc240000000018007ced_17.jpg OK
[17:08:21]   下载 image 18/22: 67b2dc240000000018007ced_18.jpg OK
[17:08:21]   下载 image 19/22: 67b2dc240000000018007ced_19.jpg OK
[17:08:21]   下载 image 20/22: 67b2dc240000000018007ced_20.jpg OK
[17:08:21]   下载 image 21/22: 67b2dc240000000018007ced_21.jpg OK
[17:08:21]   下载 image 22/22: 67b2dc240000000018007ced_22.jpg OK
[17:08:21]   重复图片 (同 67b2dc240000000018007ced_2.jpg): 67b2dc240000000018007ced_13.jpg
[17:08:21]   重复图片 (同 67b2dc240000000018007ced_3.jpg): 67b2dc240000000018007ced_14.jpg
[17:08:21]   重复图片 (同 67b2dc240000000018007ced_4.jpg): 67b2dc240000000018007ced_15.jpg
[17:08:21]   重复图片 (同 67b2dc240000000018007ced_5.jpg): 67b2dc240000000018007ced_16.jpg
[17:08:21]   重复图片 (同 67b2dc240000000018007ced_6.jpg): 67b2dc240000000018007ced_17.jpg
[17:08:21]   重复图片 (同 67b2dc240000000018007ced_7.jpg): 67b2dc240000000018007ced_18.jpg
[17:08:22]   重复图片 (同 67b2dc240000000018007ced_8.jpg): 67b2dc240000000018007ced_19.jpg
[17:08:22]   重复图片 (同 67b2dc240000000018007ced_9.jpg): 67b2dc240000000018007ced_20.jpg
[17:08:22]   重复图片 (同 67b2dc240000000018007ced_10.jpg): 67b2dc240000000018007ced_21.jpg
[17:08:22]   重复图片 (同 67b2dc240000000018007ced_11.jpg): 67b2dc240000000018007ced_22.jpg
[17:08:22]   去重后: 12 张
[17:08:22]   OK -> 6步找到适配自己的新娘妆造，婚礼颜值翻倍.md
[17:08:22] [2/19] 试妆不用等全程结束❗两点快速选化妆师...
[17:08:46]   下载 image 1/2: 69f3ead3000000003501fcd5_1.jpg OK
[17:08:46]   下载 image 2/2: 69f3ead3000000003501fcd5_2.jpg OK
[17:08:46]   OK -> 试妆不用等全程结束❗两点快速选化妆师.md
[17:08:46] [3/19] D81「新娘跟妆必须问清楚的7个问题🙋」...
[17:09:07]   下载 image 1/16: 6a435192000000002201917b_1.jpg OK
[17:09:07]   下载 image 2/16: 6a435192000000002201917b_2.jpg OK
[17:09:07]   下载 image 3/16: 6a435192000000002201917b_3.jpg OK
[17:09:08]   下载 image 4/16: 6a435192000000002201917b_4.jpg OK
[17:09:08]   下载 image 5/16: 6a435192000000002201917b_5.jpg OK
[17:09:08]   下载 image 6/16: 6a435192000000002201917b_6.jpg OK
[17:09:08]   下载 image 7/16: 6a435192000000002201917b_7.jpg OK
[17:09:09]   下载 image 8/16: 6a435192000000002201917b_8.jpg OK
[17:09:09]   下载 image 9/16: 6a435192000000002201917b_9.jpg OK
[17:09:09]   下载 image 10/16: 6a435192000000002201917b_10.jpg OK
[17:09:09]   下载 image 11/16: 6a435192000000002201917b_11.jpg OK
[17:09:09]   下载 image 12/16: 6a435192000000002201917b_12.jpg OK
[17:09:09]   下载 image 13/16: 6a435192000000002201917b_13.jpg OK
[17:09:09]   下载 image 14/16: 6a435192000000002201917b_14.jpg OK
[17:09:09]   下载 image 15/16: 6a435192000000002201917b_15.jpg OK
[17:09:09]   下载 image 16/16: 6a435192000000002201917b_16.jpg OK
[17:09:09]   重复图片 (同 6a435192000000002201917b_2.jpg): 6a435192000000002201917b_10.jpg
[17:09:09]   重复图片 (同 6a435192000000002201917b_3.jpg): 6a435192000000002201917b_11.jpg
[17:09:09]   重复图片 (同 6a435192000000002201917b_4.jpg): 6a435192000000002201917b_12.jpg
[17:09:09]   重复图片 (同 6a435192000000002201917b_5.jpg): 6a435192000000002201917b_13.jpg
[17:09:09]   重复图片 (同 6a435192000000002201917b_6.jpg): 6a435192000000002201917b_14.jpg
[17:09:09]   重复图片 (同 6a435192000000002201917b_7.jpg): 6a435192000000002201917b_15.jpg
[17:09:09]   重复图片 (同 6a435192000000002201917b_8.jpg): 6a435192000000002201917b_16.jpg
[17:09:09]   去重后: 9 张
[17:09:09]   OK -> D81「新娘跟妆必须问清楚的7个问题🙋」.md
[17:09:09] [4/19] 备婚日记|试妆7小时，我想要的&我得到的...
[17:09:31]   下载 image 1/12: 65dd30d0000000000102a652_1.jpg OK
[17:09:31]   下载 image 2/12: 65dd30d0000000000102a652_2.jpg OK
[17:09:31]   下载 image 3/12: 65dd30d0000000000102a652_3.jpg OK
[17:09:31]   下载 image 4/12: 65dd30d0000000000102a652_4.jpg OK
[17:09:31]   下载 image 5/12: 65dd30d0000000000102a652_5.jpg OK
[17:09:31]   下载 image 6/12: 65dd30d0000000000102a652_6.jpg OK
[17:09:31]   下载 image 7/12: 65dd30d0000000000102a652_7.jpg OK
[17:09:31]   下载 image 8/12: 65dd30d0000000000102a652_8.jpg OK
[17:09:31]   下载 image 9/12: 65dd30d0000000000102a652_9.jpg OK
[17:09:31]   下载 image 10/12: 65dd30d0000000000102a652_10.jpg OK
[17:09:31]   下载 image 11/12: 65dd30d0000000000102a652_11.jpg OK
[17:09:32]   下载 image 12/12: 65dd30d0000000000102a652_12.jpg OK
[17:09:32]   重复图片 (同 65dd30d0000000000102a652_1.jpg): 65dd30d0000000000102a652_7.jpg
[17:09:32]   重复图片 (同 65dd30d0000000000102a652_2.jpg): 65dd30d0000000000102a652_8.jpg
[17:09:32]   重复图片 (同 65dd30d0000000000102a652_3.jpg): 65dd30d0000000000102a652_9.jpg
[17:09:32]   重复图片 (同 65dd30d0000000000102a652_4.jpg): 65dd30d0000000000102a652_10.jpg
[17:09:32]   重复图片 (同 65dd30d0000000000102a652_5.jpg): 65dd30d0000000000102a652_11.jpg
[17:09:32]   重复图片 (同 65dd30d0000000000102a652_6.jpg): 65dd30d0000000000102a652_12.jpg
[17:09:32]   去重后: 6 张
[17:09:32]   OK -> 备婚日记_试妆7小时，我想要的&我得到的.md
[17:09:32] [5/19] 试妆结束后才发现的事…幸好提前做了功课...
[17:09:46]   下载 image 1/10: 6a251ef1000000001603e100_1.jpg OK
[17:09:46]   下载 image 2/10: 6a251ef1000000001603e100_2.jpg OK
[17:09:46]   下载 image 3/10: 6a251ef1000000001603e100_3.jpg OK
[17:09:46]   下载 image 4/10: 6a251ef1000000001603e100_4.jpg OK
[17:09:46]   下载 image 5/10: 6a251ef1000000001603e100_5.jpg OK
[17:09:46]   下载 image 6/10: 6a251ef1000000001603e100_6.jpg OK
[17:09:46]   下载 image 7/10: 6a251ef1000000001603e100_7.jpg OK
[17:09:46]   下载 image 8/10: 6a251ef1000000001603e100_8.jpg OK
[17:09:46]   下载 image 9/10: 6a251ef1000000001603e100_9.jpg OK
[17:09:46]   下载 image 10/10: 6a251ef1000000001603e100_10.jpg OK
[17:09:46]   重复图片 (同 6a251ef1000000001603e100_1.jpg): 6a251ef1000000001603e100_6.jpg
[17:09:46]   重复图片 (同 6a251ef1000000001603e100_2.jpg): 6a251ef1000000001603e100_7.jpg
[17:09:46]   重复图片 (同 6a251ef1000000001603e100_3.jpg): 6a251ef1000000001603e100_8.jpg
[17:09:46]   重复图片 (同 6a251ef1000000001603e100_4.jpg): 6a251ef1000000001603e100_9.jpg
[17:09:46]   重复图片 (同 6a251ef1000000001603e100_5.jpg): 6a251ef1000000001603e100_10.jpg
[17:09:46]   去重后: 5 张
[17:09:46]   OK -> 试妆结束后才发现的事…幸好提前做了功课.md
[17:09:46] [6/19] 婚礼跟妆拒绝当韭菜...
[17:10:01]   下载 image 1/16: 69e4e362000000001e00e329_1.jpg OK
[17:10:01]   下载 image 2/16: 69e4e362000000001e00e329_2.jpg OK
[17:10:02]   下载 image 3/16: 69e4e362000000001e00e329_3.jpg OK
[17:10:02]   下载 image 4/16: 69e4e362000000001e00e329_4.jpg OK
[17:10:02]   下载 image 5/16: 69e4e362000000001e00e329_5.jpg OK
[17:10:02]   下载 image 6/16: 69e4e362000000001e00e329_6.jpg OK
[17:10:02]   下载 image 7/16: 69e4e362000000001e00e329_7.jpg OK
[17:10:02]   下载 image 8/16: 69e4e362000000001e00e329_8.jpg OK
[17:10:02]   下载 image 9/16: 69e4e362000000001e00e329_9.jpg OK
[17:10:02]   下载 image 10/16: 69e4e362000000001e00e329_10.jpg OK
[17:10:02]   下载 image 11/16: 69e4e362000000001e00e329_11.jpg OK
[17:10:02]   下载 image 12/16: 69e4e362000000001e00e329_12.jpg OK
[17:10:02]   下载 image 13/16: 69e4e362000000001e00e329_13.jpg OK
[17:10:02]   下载 image 14/16: 69e4e362000000001e00e329_14.jpg OK
[17:10:02]   下载 image 15/16: 69e4e362000000001e00e329_15.jpg OK
[17:10:02]   下载 image 16/16: 69e4e362000000001e00e329_16.jpg OK
[17:10:02]   重复图片 (同 69e4e362000000001e00e329_1.jpg): 69e4e362000000001e00e329_9.jpg
[17:10:02]   重复图片 (同 69e4e362000000001e00e329_2.jpg): 69e4e362000000001e00e329_10.jpg
[17:10:02]   重复图片 (同 69e4e362000000001e00e329_3.jpg): 69e4e362000000001e00e329_11.jpg
[17:10:02]   重复图片 (同 69e4e362000000001e00e329_4.jpg): 69e4e362000000001e00e329_12.jpg
[17:10:02]   重复图片 (同 69e4e362000000001e00e329_5.jpg): 69e4e362000000001e00e329_13.jpg
[17:10:03]   重复图片 (同 69e4e362000000001e00e329_6.jpg): 69e4e362000000001e00e329_14.jpg
[17:10:03]   重复图片 (同 69e4e362000000001e00e329_7.jpg): 69e4e362000000001e00e329_15.jpg
[17:10:03]   重复图片 (同 69e4e362000000001e00e329_8.jpg): 69e4e362000000001e00e329_16.jpg
[17:10:03]   去重后: 8 张
[17:10:03]   OK -> 婚礼跟妆拒绝当韭菜_69e4e362000000001e00e329.md
[17:10:03] [7/19] 准新娘请看完再去试妆❗️选到合适的跟妆师...
[17:10:15]   下载 image 1/6: 66945ade000000000d00c5ed_1.jpg OK
[17:10:15]   下载 image 2/6: 66945ade000000000d00c5ed_2.jpg OK
[17:10:15]   下载 image 3/6: 66945ade000000000d00c5ed_3.jpg OK
[17:10:15]   下载 image 4/6: 66945ade000000000d00c5ed_4.jpg OK
[17:10:15]   下载 image 5/6: 66945ade000000000d00c5ed_5.jpg OK
[17:10:16]   下载 image 6/6: 66945ade000000000d00c5ed_6.jpg OK
[17:10:16]   重复图片 (同 66945ade000000000d00c5ed_1.jpg): 66945ade000000000d00c5ed_4.jpg
[17:10:16]   重复图片 (同 66945ade000000000d00c5ed_2.jpg): 66945ade000000000d00c5ed_5.jpg
[17:10:16]   重复图片 (同 66945ade000000000d00c5ed_3.jpg): 66945ade000000000d00c5ed_6.jpg
[17:10:16]   去重后: 3 张
[17:10:16]   OK -> 准新娘请看完再去试妆❗️选到合适的跟妆师_66945ade000000000d00c5ed.md
[17:10:16] [8/19] 备婚日记📕试妆满分...
[17:10:29]   下载 image 1/10: 691a9f370000000007003f89_1.jpg OK
[17:10:29]   下载 image 2/10: 691a9f370000000007003f89_2.jpg OK
[17:10:29]   下载 image 3/10: 691a9f370000000007003f89_3.jpg OK
[17:10:29]   下载 image 4/10: 691a9f370000000007003f89_4.jpg OK
[17:10:29]   下载 image 5/10: 691a9f370000000007003f89_5.jpg OK
[17:10:29]   下载 image 6/10: 691a9f370000000007003f89_6.jpg OK
[17:10:30]   下载 image 7/10: 691a9f370000000007003f89_7.jpg OK
[17:10:30]   下载 image 8/10: 691a9f370000000007003f89_8.jpg OK
[17:10:30]   下载 image 9/10: 691a9f370000000007003f89_9.jpg OK
[17:10:30]   下载 image 10/10: 691a9f370000000007003f89_10.jpg OK
[17:10:30]   重复图片 (同 691a9f370000000007003f89_1.jpg): 691a9f370000000007003f89_6.jpg
[17:10:30]   重复图片 (同 691a9f370000000007003f89_2.jpg): 691a9f370000000007003f89_7.jpg
[17:10:30]   重复图片 (同 691a9f370000000007003f89_3.jpg): 691a9f370000000007003f89_8.jpg
[17:10:30]   重复图片 (同 691a9f370000000007003f89_4.jpg): 691a9f370000000007003f89_9.jpg
[17:10:30]   重复图片 (同 691a9f370000000007003f89_5.jpg): 691a9f370000000007003f89_10.jpg
[17:10:30]   去重后: 5 张
[17:10:30]   OK -> 备婚日记📕试妆满分.md
[17:10:30] [9/19] 试妆两次终于敲定！超爱韩系！美哭了！...
[17:10:43]   下载 image 1/20: 6946739a000000000d03d89b_1.jpg OK
[17:10:43]   下载 image 2/20: 6946739a000000000d03d89b_2.jpg OK
[17:10:43]   下载 image 3/20: 6946739a000000000d03d89b_3.jpg OK
[17:10:43]   下载 image 4/20: 6946739a000000000d03d89b_4.jpg OK
[17:10:43]   下载 image 5/20: 6946739a000000000d03d89b_5.jpg OK
[17:10:43]   下载 image 6/20: 6946739a000000000d03d89b_6.jpg OK
[17:10:43]   下载 image 7/20: 6946739a000000000d03d89b_7.jpg OK
[17:10:43]   下载 image 8/20: 6946739a000000000d03d89b_8.jpg OK
[17:10:43]   下载 image 9/20: 6946739a000000000d03d89b_9.jpg OK
[17:10:43]   下载 image 10/20: 6946739a000000000d03d89b_10.jpg OK
[17:10:43]   下载 image 11/20: 6946739a000000000d03d89b_11.jpg OK
[17:10:43]   下载 image 12/20: 6946739a000000000d03d89b_12.jpg OK
[17:10:43]   下载 image 13/20: 6946739a000000000d03d89b_13.jpg OK
[17:10:43]   下载 image 14/20: 6946739a000000000d03d89b_14.jpg OK
[17:10:43]   下载 image 15/20: 6946739a000000000d03d89b_15.jpg OK
[17:10:43]   下载 image 16/20: 6946739a000000000d03d89b_16.jpg OK
[17:10:44]   下载 image 17/20: 6946739a000000000d03d89b_17.jpg OK
[17:10:44]   下载 image 18/20: 6946739a000000000d03d89b_18.jpg OK
[17:10:44]   下载 image 19/20: 6946739a000000000d03d89b_19.jpg OK
[17:10:44]   下载 image 20/20: 6946739a000000000d03d89b_20.jpg OK
[17:10:44]   重复图片 (同 6946739a000000000d03d89b_1.jpg): 6946739a000000000d03d89b_11.jpg
[17:10:44]   重复图片 (同 6946739a000000000d03d89b_2.jpg): 6946739a000000000d03d89b_12.jpg
[17:10:44]   重复图片 (同 6946739a000000000d03d89b_3.jpg): 6946739a000000000d03d89b_13.jpg
[17:10:44]   重复图片 (同 6946739a000000000d03d89b_4.jpg): 6946739a000000000d03d89b_14.jpg
[17:10:44]   重复图片 (同 6946739a000000000d03d89b_5.jpg): 6946739a000000000d03d89b_15.jpg
[17:10:44]   重复图片 (同 6946739a000000000d03d89b_6.jpg): 6946739a000000000d03d89b_16.jpg
[17:10:44]   重复图片 (同 6946739a000000000d03d89b_7.jpg): 6946739a000000000d03d89b_17.jpg
[17:10:44]   重复图片 (同 6946739a000000000d03d89b_8.jpg): 6946739a000000000d03d89b_18.jpg
[17:10:44]   重复图片 (同 6946739a000000000d03d89b_9.jpg): 6946739a000000000d03d89b_19.jpg
[17:10:44]   重复图片 (同 6946739a000000000d03d89b_10.jpg): 6946739a000000000d03d89b_20.jpg
[17:10:44]   去重后: 10 张
[17:10:44]   OK -> 试妆两次终于敲定！超爱韩系！美哭了！.md
[17:10:44] [10/19] 备婚日记 | 试妆3小时，我想要的&我得到的...
[17:10:58]   下载 image 1/10: 6a3e84ce000000001603f3ff_1.jpg OK
[17:10:59]   下载 image 2/10: 6a3e84ce000000001603f3ff_2.jpg OK
[17:10:59]   下载 image 3/10: 6a3e84ce000000001603f3ff_3.jpg OK
[17:10:59]   下载 image 4/10: 6a3e84ce000000001603f3ff_4.jpg OK
[17:10:59]   下载 image 5/10: 6a3e84ce000000001603f3ff_5.jpg OK
[17:10:59]   下载 image 6/10: 6a3e84ce000000001603f3ff_6.jpg OK
[17:10:59]   下载 image 7/10: 6a3e84ce000000001603f3ff_7.jpg OK
[17:10:59]   下载 image 8/10: 6a3e84ce000000001603f3ff_8.jpg OK
[17:10:59]   下载 image 9/10: 6a3e84ce000000001603f3ff_9.jpg OK
[17:10:59]   下载 image 10/10: 6a3e84ce000000001603f3ff_10.jpg OK
[17:10:59]   重复图片 (同 6a3e84ce000000001603f3ff_1.jpg): 6a3e84ce000000001603f3ff_6.jpg
[17:10:59]   重复图片 (同 6a3e84ce000000001603f3ff_2.jpg): 6a3e84ce000000001603f3ff_7.jpg
[17:10:59]   重复图片 (同 6a3e84ce000000001603f3ff_3.jpg): 6a3e84ce000000001603f3ff_8.jpg
[17:10:59]   重复图片 (同 6a3e84ce000000001603f3ff_4.jpg): 6a3e84ce000000001603f3ff_9.jpg
[17:10:59]   重复图片 (同 6a3e84ce000000001603f3ff_5.jpg): 6a3e84ce000000001603f3ff_10.jpg
[17:10:59]   去重后: 5 张
[17:10:59]   OK -> 备婚日记 _ 试妆3小时，我想要的&我得到的.md
[17:11:00] [11/19] 拍婚纱照前必须要和化妆师沟通你要的感觉！...
[17:11:13]   下载 image 1/10: 69d5c5fe000000001a02c9e9_1.jpg OK
[17:11:13]   下载 image 2/10: 69d5c5fe000000001a02c9e9_2.jpg OK
[17:11:13]   下载 image 3/10: 69d5c5fe000000001a02c9e9_3.jpg OK
[17:11:13]   下载 image 4/10: 69d5c5fe000000001a02c9e9_4.jpg OK
[17:11:13]   下载 image 5/10: 69d5c5fe000000001a02c9e9_5.jpg OK
[17:11:13]   下载 image 6/10: 69d5c5fe000000001a02c9e9_6.jpg OK
[17:11:13]   下载 image 7/10: 69d5c5fe000000001a02c9e9_7.jpg OK
[17:11:13]   下载 image 8/10: 69d5c5fe000000001a02c9e9_8.jpg OK
[17:11:13]   下载 image 9/10: 69d5c5fe000000001a02c9e9_9.jpg OK
[17:11:14]   下载 image 10/10: 69d5c5fe000000001a02c9e9_10.jpg OK
[17:11:14]   重复图片 (同 69d5c5fe000000001a02c9e9_1.jpg): 69d5c5fe000000001a02c9e9_6.jpg
[17:11:14]   重复图片 (同 69d5c5fe000000001a02c9e9_2.jpg): 69d5c5fe000000001a02c9e9_7.jpg
[17:11:14]   重复图片 (同 69d5c5fe000000001a02c9e9_3.jpg): 69d5c5fe000000001a02c9e9_8.jpg
[17:11:14]   重复图片 (同 69d5c5fe000000001a02c9e9_4.jpg): 69d5c5fe000000001a02c9e9_9.jpg
[17:11:14]   重复图片 (同 69d5c5fe000000001a02c9e9_5.jpg): 69d5c5fe000000001a02c9e9_10.jpg
[17:11:14]   去重后: 5 张
[17:11:14]   OK -> 拍婚纱照前必须要和化妆师沟通你要的感觉！.md
[17:11:14] [12/19] 是你的心动造型嘛...
[17:11:27]   下载 image 1/12: 68a4ac07000000001d028dfa_1.jpg OK
[17:11:27]   下载 image 2/12: 68a4ac07000000001d028dfa_2.jpg OK
[17:11:27]   下载 image 3/12: 68a4ac07000000001d028dfa_3.jpg OK
[17:11:27]   下载 image 4/12: 68a4ac07000000001d028dfa_4.jpg OK
[17:11:28]   下载 image 5/12: 68a4ac07000000001d028dfa_5.jpg OK
[17:11:28]   下载 image 6/12: 68a4ac07000000001d028dfa_6.jpg OK
[17:11:28]   下载 image 7/12: 68a4ac07000000001d028dfa_7.jpg OK
[17:11:28]   下载 image 8/12: 68a4ac07000000001d028dfa_8.jpg OK
[17:11:28]   下载 image 9/12: 68a4ac07000000001d028dfa_9.jpg OK
[17:11:28]   下载 image 10/12: 68a4ac07000000001d028dfa_10.jpg OK
[17:11:28]   下载 image 11/12: 68a4ac07000000001d028dfa_11.jpg OK
[17:11:28]   下载 image 12/12: 68a4ac07000000001d028dfa_12.jpg OK
[17:11:28]   重复图片 (同 68a4ac07000000001d028dfa_1.jpg): 68a4ac07000000001d028dfa_7.jpg
[17:11:28]   重复图片 (同 68a4ac07000000001d028dfa_2.jpg): 68a4ac07000000001d028dfa_8.jpg
[17:11:28]   重复图片 (同 68a4ac07000000001d028dfa_3.jpg): 68a4ac07000000001d028dfa_9.jpg
[17:11:28]   重复图片 (同 68a4ac07000000001d028dfa_4.jpg): 68a4ac07000000001d028dfa_10.jpg
[17:11:28]   重复图片 (同 68a4ac07000000001d028dfa_5.jpg): 68a4ac07000000001d028dfa_11.jpg
[17:11:28]   重复图片 (同 68a4ac07000000001d028dfa_6.jpg): 68a4ac07000000001d028dfa_12.jpg
[17:11:28]   去重后: 6 张
[17:11:28]   OK -> 是你的心动造型嘛.md
[17:11:28] [13/19] 试妆保姆级教程～试妆三次后得出的经验...
[17:11:42]   下载 image 1/16: 6923d83d000000001e036172_1.jpg OK
[17:11:42]   下载 image 2/16: 6923d83d000000001e036172_2.jpg OK
[17:11:42]   下载 image 3/16: 6923d83d000000001e036172_3.jpg OK
[17:11:42]   下载 image 4/16: 6923d83d000000001e036172_4.jpg OK
[17:11:43]   下载 image 5/16: 6923d83d000000001e036172_5.jpg OK
[17:11:43]   下载 image 6/16: 6923d83d000000001e036172_6.jpg OK
[17:11:43]   下载 image 7/16: 6923d83d000000001e036172_7.jpg OK
[17:11:43]   下载 image 8/16: 6923d83d000000001e036172_8.jpg OK
[17:11:43]   下载 image 9/16: 6923d83d000000001e036172_9.jpg OK
[17:11:43]   下载 image 10/16: 6923d83d000000001e036172_10.jpg OK
[17:11:43]   下载 image 11/16: 6923d83d000000001e036172_11.jpg OK
[17:11:43]   下载 image 12/16: 6923d83d000000001e036172_12.jpg OK
[17:11:44]   下载 image 13/16: 6923d83d000000001e036172_13.jpg OK
[17:11:44]   下载 image 14/16: 6923d83d000000001e036172_14.jpg OK
[17:11:44]   下载 image 15/16: 6923d83d000000001e036172_15.jpg OK
[17:11:44]   下载 image 16/16: 6923d83d000000001e036172_16.jpg OK
[17:11:44]   重复图片 (同 6923d83d000000001e036172_1.jpg): 6923d83d000000001e036172_9.jpg
[17:11:44]   重复图片 (同 6923d83d000000001e036172_2.jpg): 6923d83d000000001e036172_10.jpg
[17:11:44]   重复图片 (同 6923d83d000000001e036172_3.jpg): 6923d83d000000001e036172_11.jpg
[17:11:44]   重复图片 (同 6923d83d000000001e036172_4.jpg): 6923d83d000000001e036172_12.jpg
[17:11:44]   重复图片 (同 6923d83d000000001e036172_5.jpg): 6923d83d000000001e036172_13.jpg
[17:11:44]   重复图片 (同 6923d83d000000001e036172_6.jpg): 6923d83d000000001e036172_14.jpg
[17:11:44]   重复图片 (同 6923d83d000000001e036172_7.jpg): 6923d83d000000001e036172_15.jpg
[17:11:44]   重复图片 (同 6923d83d000000001e036172_8.jpg): 6923d83d000000001e036172_16.jpg
[17:11:44]   去重后: 8 张
[17:11:44]   OK -> 试妆保姆级教程～试妆三次后得出的经验.md
[17:11:44] [14/19] 绝美新娘妆造灵感（一）化妆师沟通不翻车指南...
[17:11:57]   下载 image 1/18: 69f80b370000000035024167_1.jpg OK
[17:11:57]   下载 image 2/18: 69f80b370000000035024167_2.jpg OK
[17:11:57]   下载 image 3/18: 69f80b370000000035024167_3.jpg OK
[17:11:57]   下载 image 4/18: 69f80b370000000035024167_4.jpg OK
[17:11:57]   下载 image 5/18: 69f80b370000000035024167_5.jpg OK
[17:11:57]   下载 image 6/18: 69f80b370000000035024167_6.jpg OK
[17:11:57]   下载 image 7/18: 69f80b370000000035024167_7.jpg OK
[17:11:57]   下载 image 8/18: 69f80b370000000035024167_8.jpg OK
[17:11:57]   下载 image 9/18: 69f80b370000000035024167_9.jpg OK
[17:11:58]   下载 image 10/18: 69f80b370000000035024167_10.jpg OK
[17:11:58]   下载 image 11/18: 69f80b370000000035024167_11.jpg OK
[17:11:58]   下载 image 12/18: 69f80b370000000035024167_12.jpg OK
[17:11:58]   下载 image 13/18: 69f80b370000000035024167_13.jpg OK
[17:11:58]   下载 image 14/18: 69f80b370000000035024167_14.jpg OK
[17:11:58]   下载 image 15/18: 69f80b370000000035024167_15.jpg OK
[17:11:58]   下载 image 16/18: 69f80b370000000035024167_16.jpg OK
[17:11:58]   下载 image 17/18: 69f80b370000000035024167_17.jpg OK
[17:11:58]   下载 image 18/18: 69f80b370000000035024167_18.jpg OK
[17:11:58]   重复图片 (同 69f80b370000000035024167_1.jpg): 69f80b370000000035024167_10.jpg
[17:11:58]   重复图片 (同 69f80b370000000035024167_2.jpg): 69f80b370000000035024167_11.jpg
[17:11:58]   重复图片 (同 69f80b370000000035024167_3.jpg): 69f80b370000000035024167_12.jpg
[17:11:58]   重复图片 (同 69f80b370000000035024167_4.jpg): 69f80b370000000035024167_13.jpg
[17:11:58]   重复图片 (同 69f80b370000000035024167_5.jpg): 69f80b370000000035024167_14.jpg
[17:11:58]   重复图片 (同 69f80b370000000035024167_6.jpg): 69f80b370000000035024167_15.jpg
[17:11:58]   重复图片 (同 69f80b370000000035024167_7.jpg): 69f80b370000000035024167_16.jpg
[17:11:58]   重复图片 (同 69f80b370000000035024167_8.jpg): 69f80b370000000035024167_17.jpg
[17:11:58]   重复图片 (同 69f80b370000000035024167_9.jpg): 69f80b370000000035024167_18.jpg
[17:11:58]   去重后: 9 张
[17:11:58]   OK -> 绝美新娘妆造灵感（一）化妆师沟通不翻车指南.md
[17:11:58] [15/19] 结婚试妆｜一次成功！真开心～～...
[17:12:11]   下载 image 1/12: 6950be7d000000001e000c1d_1.jpg OK
[17:12:11]   下载 image 2/12: 6950be7d000000001e000c1d_2.jpg OK
[17:12:11]   下载 image 3/12: 6950be7d000000001e000c1d_3.jpg OK
[17:12:11]   下载 image 4/12: 6950be7d000000001e000c1d_4.jpg OK
[17:12:11]   下载 image 5/12: 6950be7d000000001e000c1d_5.jpg OK
[17:12:11]   下载 image 6/12: 6950be7d000000001e000c1d_6.jpg OK
[17:12:11]   下载 image 7/12: 6950be7d000000001e000c1d_7.jpg OK
[17:12:11]   下载 image 8/12: 6950be7d000000001e000c1d_8.jpg OK
[17:12:11]   下载 image 9/12: 6950be7d000000001e000c1d_9.jpg OK
[17:12:11]   下载 image 10/12: 6950be7d000000001e000c1d_10.jpg OK
[17:12:12]   下载 image 11/12: 6950be7d000000001e000c1d_11.jpg OK
[17:12:12]   下载 image 12/12: 6950be7d000000001e000c1d_12.jpg OK
[17:12:12]   重复图片 (同 6950be7d000000001e000c1d_1.jpg): 6950be7d000000001e000c1d_7.jpg
[17:12:12]   重复图片 (同 6950be7d000000001e000c1d_2.jpg): 6950be7d000000001e000c1d_8.jpg
[17:12:12]   重复图片 (同 6950be7d000000001e000c1d_3.jpg): 6950be7d000000001e000c1d_9.jpg
[17:12:12]   重复图片 (同 6950be7d000000001e000c1d_4.jpg): 6950be7d000000001e000c1d_10.jpg
[17:12:12]   重复图片 (同 6950be7d000000001e000c1d_5.jpg): 6950be7d000000001e000c1d_11.jpg
[17:12:12]   重复图片 (同 6950be7d000000001e000c1d_6.jpg): 6950be7d000000001e000c1d_12.jpg
[17:12:12]   去重后: 6 张
[17:12:12]   OK -> 结婚试妆｜一次成功！真开心～～.md
[17:12:12] [16/19] 结婚日记 | 微胖大码女生一定要提前去试妆...
[17:12:25]   下载 image 1/20: 6698d52c0000000025015ac1_1.jpg OK
[17:12:26]   下载 image 2/20: 6698d52c0000000025015ac1_2.jpg OK
[17:12:26]   下载 image 3/20: 6698d52c0000000025015ac1_3.jpg OK
[17:12:26]   下载 image 4/20: 6698d52c0000000025015ac1_4.jpg OK
[17:12:26]   下载 image 5/20: 6698d52c0000000025015ac1_5.jpg OK
[17:12:27]   下载 image 6/20: 6698d52c0000000025015ac1_6.jpg OK
[17:12:28]   下载 image 7/20: 6698d52c0000000025015ac1_7.jpg OK
[17:12:29]   下载 image 8/20: 6698d52c0000000025015ac1_8.jpg OK
[17:12:30]   下载 image 9/20: 6698d52c0000000025015ac1_9.jpg OK
[17:12:30]   下载 image 10/20: 6698d52c0000000025015ac1_10.jpg OK
[17:12:30]   下载 image 11/20: 6698d52c0000000025015ac1_11.jpg OK
[17:12:30]   下载 image 12/20: 6698d52c0000000025015ac1_12.jpg OK
[17:12:30]   下载 image 13/20: 6698d52c0000000025015ac1_13.jpg OK
[17:12:30]   下载 image 14/20: 6698d52c0000000025015ac1_14.jpg OK
[17:12:30]   下载 image 15/20: 6698d52c0000000025015ac1_15.jpg OK
[17:12:30]   下载 image 16/20: 6698d52c0000000025015ac1_16.jpg OK
[17:12:30]   下载 image 17/20: 6698d52c0000000025015ac1_17.jpg OK
[17:12:30]   下载 image 18/20: 6698d52c0000000025015ac1_18.jpg OK
[17:12:30]   下载 image 19/20: 6698d52c0000000025015ac1_19.jpg OK
[17:12:31]   下载 image 20/20: 6698d52c0000000025015ac1_20.jpg OK
[17:12:31]   重复图片 (同 6698d52c0000000025015ac1_1.jpg): 6698d52c0000000025015ac1_11.jpg
[17:12:31]   重复图片 (同 6698d52c0000000025015ac1_2.jpg): 6698d52c0000000025015ac1_12.jpg
[17:12:31]   重复图片 (同 6698d52c0000000025015ac1_3.jpg): 6698d52c0000000025015ac1_13.jpg
[17:12:31]   重复图片 (同 6698d52c0000000025015ac1_4.jpg): 6698d52c0000000025015ac1_14.jpg
[17:12:31]   重复图片 (同 6698d52c0000000025015ac1_5.jpg): 6698d52c0000000025015ac1_15.jpg
[17:12:31]   重复图片 (同 6698d52c0000000025015ac1_6.jpg): 6698d52c0000000025015ac1_16.jpg
[17:12:31]   重复图片 (同 6698d52c0000000025015ac1_7.jpg): 6698d52c0000000025015ac1_17.jpg
[17:12:31]   重复图片 (同 6698d52c0000000025015ac1_8.jpg): 6698d52c0000000025015ac1_18.jpg
[17:12:31]   重复图片 (同 6698d52c0000000025015ac1_9.jpg): 6698d52c0000000025015ac1_19.jpg
[17:12:31]   重复图片 (同 6698d52c0000000025015ac1_10.jpg): 6698d52c0000000025015ac1_20.jpg
[17:12:31]   去重后: 10 张
[17:12:31]   OK -> 结婚日记 _ 微胖大码女生一定要提前去试妆.md
[17:12:31] [17/19] 差点被坑，试妆真的不能只试一次！...
