[08:06:53] === 小红书采集脚本启动 ===
[08:06:56] 开始采集: keyword=婚庆主要提供哪些服务？, limit=10
[08:06:56] 搜索: 婚庆主要提供哪些服务？ (limit=10)
[08:07:12] 搜索到 10 条结果
[08:07:12] [1/10] 大家的四大金刚都花了多少钱？...
[08:07:32]   下载 image 1/2: 6960c716000000002200a0ba_1.jpg OK
[08:07:32]   下载 image 2/2: 6960c716000000002200a0ba_2.jpg OK
[08:07:32]   重复图片 (同 6960c716000000002200a0ba_1.jpg): 6960c716000000002200a0ba_2.jpg
[08:07:32]   去重后: 1 张
[08:07:32]   OK -> 大家的四大金刚都花了多少钱？.md
[08:07:32] [2/10] 希望每一个姐妹都能有个完美的婚礼！🎎...
[08:07:55]   下载 image 1/12: 692aad9e000000000d00fb52_1.jpg OK
[08:07:56]   下载 image 2/12: 692aad9e000000000d00fb52_2.jpg OK
[08:07:56]   下载 image 3/12: 692aad9e000000000d00fb52_3.jpg OK
[08:07:57]   下载 image 4/12: 692aad9e000000000d00fb52_4.jpg OK
[08:07:57]   下载 image 5/12: 692aad9e000000000d00fb52_5.jpg OK
[08:07:58]   下载 image 6/12: 692aad9e000000000d00fb52_6.jpg OK
[08:07:58]   下载 image 7/12: 692aad9e000000000d00fb52_7.jpg OK
[08:07:58]   下载 image 8/12: 692aad9e000000000d00fb52_8.jpg OK
[08:07:59]   下载 image 9/12: 692aad9e000000000d00fb52_9.jpg OK
[08:07:59]   下载 image 10/12: 692aad9e000000000d00fb52_10.jpg OK
[08:07:59]   下载 image 11/12: 692aad9e000000000d00fb52_11.jpg OK
[08:07:59]   下载 image 12/12: 692aad9e000000000d00fb52_12.jpg OK
[08:07:59]   重复图片 (同 692aad9e000000000d00fb52_1.jpg): 692aad9e000000000d00fb52_7.jpg
[08:07:59]   重复图片 (同 692aad9e000000000d00fb52_2.jpg): 692aad9e000000000d00fb52_8.jpg
[08:07:59]   重复图片 (同 692aad9e000000000d00fb52_3.jpg): 692aad9e000000000d00fb52_9.jpg
[08:07:59]   重复图片 (同 692aad9e000000000d00fb52_4.jpg): 692aad9e000000000d00fb52_10.jpg
[08:07:59]   重复图片 (同 692aad9e000000000d00fb52_5.jpg): 692aad9e000000000d00fb52_11.jpg
[08:08:00]   重复图片 (同 692aad9e000000000d00fb52_6.jpg): 692aad9e000000000d00fb52_12.jpg
[08:08:00]   去重后: 6 张
[08:08:00]   OK -> 希望每一个姐妹都能有个完美的婚礼！🎎.md
[08:08:00] [3/10] 避雷！婚庆 怎么谈？千万不要乱说话啊！...
[08:08:26]   下载 image 1/14: 6603d177000000000d00daa4_1.jpg OK
[08:08:26]   下载 image 2/14: 6603d177000000000d00daa4_2.jpg OK
[08:08:27]   下载 image 3/14: 6603d177000000000d00daa4_3.jpg OK
[08:08:28]   下载 image 4/14: 6603d177000000000d00daa4_4.jpg OK
[08:08:28]   下载 image 5/14: 6603d177000000000d00daa4_5.jpg OK
[08:08:28]   下载 image 6/14: 6603d177000000000d00daa4_6.jpg OK
[08:08:28]   下载 image 7/14: 6603d177000000000d00daa4_7.jpg OK
[08:08:29]   下载 image 8/14: 6603d177000000000d00daa4_8.jpg OK
[08:08:29]   下载 image 9/14: 6603d177000000000d00daa4_9.jpg OK
[08:08:29]   下载 image 10/14: 6603d177000000000d00daa4_10.jpg OK
[08:08:29]   下载 image 11/14: 6603d177000000000d00daa4_11.jpg OK
[08:08:30]   下载 image 12/14: 6603d177000000000d00daa4_12.jpg OK
[08:08:30]   下载 image 13/14: 6603d177000000000d00daa4_13.jpg OK
[08:08:30]   下载 image 14/14: 6603d177000000000d00daa4_14.jpg OK
[08:08:30]   重复图片 (同 6603d177000000000d00daa4_1.jpg): 6603d177000000000d00daa4_8.jpg
[08:08:30]   重复图片 (同 6603d177000000000d00daa4_2.jpg): 6603d177000000000d00daa4_9.jpg
[08:08:30]   重复图片 (同 6603d177000000000d00daa4_3.jpg): 6603d177000000000d00daa4_10.jpg
[08:08:30]   重复图片 (同 6603d177000000000d00daa4_4.jpg): 6603d177000000000d00daa4_11.jpg
[08:08:30]   重复图片 (同 6603d177000000000d00daa4_5.jpg): 6603d177000000000d00daa4_12.jpg
[08:08:30]   重复图片 (同 6603d177000000000d00daa4_6.jpg): 6603d177000000000d00daa4_13.jpg
[08:08:30]   重复图片 (同 6603d177000000000d00daa4_7.jpg): 6603d177000000000d00daa4_14.jpg
[08:08:30]   去重后: 7 张
[08:08:30]   OK -> 避雷！婚庆 怎么谈？千万不要乱说话啊！.md
[08:08:30] [4/10] 收到婚礼一条龙套餐了！...
[08:08:55]   下载 image 1/30: 6a4c712c000000001c026bf2_1.jpg OK
[08:08:56]   下载 image 2/30: 6a4c712c000000001c026bf2_2.jpg OK
[08:08:56]   下载 image 3/30: 6a4c712c000000001c026bf2_3.jpg OK
[08:08:57]   下载 image 4/30: 6a4c712c000000001c026bf2_4.jpg OK
[08:08:58]   下载 image 5/30: 6a4c712c000000001c026bf2_5.jpg OK
[08:08:59]   下载 image 6/30: 6a4c712c000000001c026bf2_6.jpg OK
[08:09:00]   下载 image 7/30: 6a4c712c000000001c026bf2_7.jpg OK
[08:09:01]   下载 image 8/30: 6a4c712c000000001c026bf2_8.jpg OK
[08:09:02]   下载 image 9/30: 6a4c712c000000001c026bf2_9.jpg OK
[08:09:04]   下载 image 10/30: 6a4c712c000000001c026bf2_10.jpg OK
[08:09:05]   下载 image 11/30: 6a4c712c000000001c026bf2_11.jpg OK
[08:09:07]   下载 image 12/30: 6a4c712c000000001c026bf2_12.jpg OK
[08:09:09]   下载 image 13/30: 6a4c712c000000001c026bf2_13.jpg OK
[08:09:11]   下载 image 14/30: 6a4c712c000000001c026bf2_14.jpg OK
[08:09:11]   下载 image 15/30: 6a4c712c000000001c026bf2_15.jpg OK
[08:09:12]   下载 image 16/30: 6a4c712c000000001c026bf2_16.jpg OK
[08:09:12]   下载 image 17/30: 6a4c712c000000001c026bf2_17.jpg OK
[08:09:12]   下载 image 18/30: 6a4c712c000000001c026bf2_18.jpg OK
[08:09:13]   下载 image 19/30: 6a4c712c000000001c026bf2_19.jpg OK
[08:09:43]   下载 image 20/30 失败: The read operation timed out
[08:09:44]   下载 image 21/30: 6a4c712c000000001c026bf2_21.jpg OK
[08:09:44]   下载 image 22/30: 6a4c712c000000001c026bf2_22.jpg OK
[08:09:44]   下载 image 23/30: 6a4c712c000000001c026bf2_23.jpg OK
[08:09:45]   下载 image 24/30: 6a4c712c000000001c026bf2_24.jpg OK
[08:09:45]   下载 image 25/30: 6a4c712c000000001c026bf2_25.jpg OK
[08:09:45]   下载 image 26/30: 6a4c712c000000001c026bf2_26.jpg OK
[08:09:45]   下载 image 27/30: 6a4c712c000000001c026bf2_27.jpg OK
[08:09:45]   下载 image 28/30: 6a4c712c000000001c026bf2_28.jpg OK
[08:09:49]   下载 image 29/30: 6a4c712c000000001c026bf2_29.jpg OK
[08:09:49]   下载 image 30/30: 6a4c712c000000001c026bf2_30.jpg OK
[08:09:49]   重复图片 (同 6a4c712c000000001c026bf2_1.jpg): 6a4c712c000000001c026bf2_16.jpg
[08:09:49]   重复图片 (同 6a4c712c000000001c026bf2_2.jpg): 6a4c712c000000001c026bf2_17.jpg
[08:09:49]   重复图片 (同 6a4c712c000000001c026bf2_3.jpg): 6a4c712c000000001c026bf2_18.jpg
[08:09:49]   重复图片 (同 6a4c712c000000001c026bf2_4.jpg): 6a4c712c000000001c026bf2_19.jpg
[08:09:49]   重复图片 (同 6a4c712c000000001c026bf2_6.jpg): 6a4c712c000000001c026bf2_21.jpg
[08:09:49]   重复图片 (同 6a4c712c000000001c026bf2_7.jpg): 6a4c712c000000001c026bf2_22.jpg
[08:09:49]   重复图片 (同 6a4c712c000000001c026bf2_8.jpg): 6a4c712c000000001c026bf2_23.jpg
[08:09:49]   重复图片 (同 6a4c712c000000001c026bf2_9.jpg): 6a4c712c000000001c026bf2_24.jpg
[08:09:49]   重复图片 (同 6a4c712c000000001c026bf2_10.jpg): 6a4c712c000000001c026bf2_25.jpg
[08:09:49]   重复图片 (同 6a4c712c000000001c026bf2_11.jpg): 6a4c712c000000001c026bf2_26.jpg
[08:09:49]   重复图片 (同 6a4c712c000000001c026bf2_12.jpg): 6a4c712c000000001c026bf2_27.jpg
[08:09:49]   重复图片 (同 6a4c712c000000001c026bf2_13.jpg): 6a4c712c000000001c026bf2_28.jpg
[08:09:49]   重复图片 (同 6a4c712c000000001c026bf2_14.jpg): 6a4c712c000000001c026bf2_29.jpg
[08:09:49]   重复图片 (同 6a4c712c000000001c026bf2_15.jpg): 6a4c712c000000001c026bf2_30.jpg
[08:09:49]   去重后: 15 张
[08:09:49]   OK -> 收到婚礼一条龙套餐了！.md
[08:09:49] [5/10] 东北小县城婚礼四大金刚价格...
[08:10:20]   下载 image 1/2: 68babe9f000000001d039afb_1.jpg OK
[08:10:20]   下载 image 2/2: 68babe9f000000001d039afb_2.jpg OK
[08:10:20]   重复图片 (同 68babe9f000000001d039afb_1.jpg): 68babe9f000000001d039afb_2.jpg
[08:10:20]   去重后: 1 张
[08:10:20]   OK -> 东北小县城婚礼四大金刚价格.md
[08:10:20] [6/10] 婚礼四大金刚超详细沟通细节❗赶紧抄作业...
[08:10:44]   下载 image 1/12: 68fb27500000000003036d09_1.jpg OK
[08:10:44]   下载 image 2/12: 68fb27500000000003036d09_2.jpg OK
[08:10:44]   下载 image 3/12: 68fb27500000000003036d09_3.jpg OK
[08:10:44]   下载 image 4/12: 68fb27500000000003036d09_4.jpg OK
[08:10:44]   下载 image 5/12: 68fb27500000000003036d09_5.jpg OK
[08:10:44]   下载 image 6/12: 68fb27500000000003036d09_6.jpg OK
[08:10:45]   下载 image 7/12: 68fb27500000000003036d09_7.jpg OK
[08:10:45]   下载 image 8/12: 68fb27500000000003036d09_8.jpg OK
[08:10:45]   下载 image 9/12: 68fb27500000000003036d09_9.jpg OK
[08:10:45]   下载 image 10/12: 68fb27500000000003036d09_10.jpg OK
[08:10:45]   下载 image 11/12: 68fb27500000000003036d09_11.jpg OK
[08:10:45]   下载 image 12/12: 68fb27500000000003036d09_12.jpg OK
[08:10:45]   重复图片 (同 68fb27500000000003036d09_1.jpg): 68fb27500000000003036d09_7.jpg
[08:10:45]   重复图片 (同 68fb27500000000003036d09_2.jpg): 68fb27500000000003036d09_8.jpg
[08:10:45]   重复图片 (同 68fb27500000000003036d09_3.jpg): 68fb27500000000003036d09_9.jpg
[08:10:45]   重复图片 (同 68fb27500000000003036d09_4.jpg): 68fb27500000000003036d09_10.jpg
[08:10:45]   重复图片 (同 68fb27500000000003036d09_5.jpg): 68fb27500000000003036d09_11.jpg
[08:10:45]   重复图片 (同 68fb27500000000003036d09_6.jpg): 68fb27500000000003036d09_12.jpg
[08:10:45]   去重后: 6 张
[08:10:45]   OK -> 婚礼四大金刚超详细沟通细节❗赶紧抄作业.md
[08:10:45] [7/10] 和婚庆沟通别忘了这十个细节‼️...
[08:11:07]   下载 image 1/8: 68e72bda00000000070225ab_1.jpg OK
[08:11:07]   下载 image 2/8: 68e72bda00000000070225ab_2.jpg OK
[08:11:07]   下载 image 3/8: 68e72bda00000000070225ab_3.jpg OK
[08:11:07]   下载 image 4/8: 68e72bda00000000070225ab_4.jpg OK
[08:11:07]   下载 image 5/8: 68e72bda00000000070225ab_5.jpg OK
[08:11:07]   下载 image 6/8: 68e72bda00000000070225ab_6.jpg OK
[08:11:07]   下载 image 7/8: 68e72bda00000000070225ab_7.jpg OK
[08:11:08]   下载 image 8/8: 68e72bda00000000070225ab_8.jpg OK
[08:11:08]   重复图片 (同 68e72bda00000000070225ab_1.jpg): 68e72bda00000000070225ab_5.jpg
[08:11:08]   重复图片 (同 68e72bda00000000070225ab_2.jpg): 68e72bda00000000070225ab_6.jpg
[08:11:08]   重复图片 (同 68e72bda00000000070225ab_3.jpg): 68e72bda00000000070225ab_7.jpg
[08:11:08]   重复图片 (同 68e72bda00000000070225ab_4.jpg): 68e72bda00000000070225ab_8.jpg
[08:11:08]   去重后: 4 张
[08:11:08]   OK -> 和婚庆沟通别忘了这十个细节‼️.md
[08:11:08] [8/10] 近期备婚日常｜婚礼预算更新ing...
[08:11:31]   下载 image 1/2: 6a536068000000002200a74a_1.jpg OK
[08:11:31]   下载 image 2/2: 6a536068000000002200a74a_2.jpg OK
[08:11:31]   重复图片 (同 6a536068000000002200a74a_1.jpg): 6a536068000000002200a74a_2.jpg
[08:11:31]   去重后: 1 张
[08:11:31]   OK -> 近期备婚日常｜婚礼预算更新ing.md
[08:11:31] [9/10] 备婚避雷⚡️为什么我劝你不要找婚庆一条龙？...
[08:11:55]   下载 image 1/2: 6a5617c1000000002201b46c_1.jpg OK
[08:11:55]   下载 image 2/2: 6a5617c1000000002201b46c_2.jpg OK
[08:11:55]   重复图片 (同 6a5617c1000000002201b46c_1.jpg): 6a5617c1000000002201b46c_2.jpg
[08:11:55]   去重后: 1 张
[08:11:55]   OK -> 备婚避雷⚡️为什么我劝你不要找婚庆一条龙？.md
[08:11:55] [10/10] 来，结婚开销清单！...
[08:12:17]   下载 image 1/2: 6968a20e0000000022038844_1.jpg OK
[08:12:17]   下载 image 2/2: 6968a20e0000000022038844_2.jpg OK
[08:12:17]   重复图片 (同 6968a20e0000000022038844_1.jpg): 6968a20e0000000022038844_2.jpg
[08:12:17]   去重后: 1 张
[08:12:17]   OK -> 来，结婚开销清单！.md
[08:12:17] === 采集完成: 成功 10/10, 用时 321s ===
[08:12:17] 汇总已追加: d:\obsidian\demo\05_long_project\小红书\_运行日志.md
