[17:20:25] ============================================================
[17:20:25] 小红书博主笔记采集 启动
[17:20:25] OPENCLI_CMD: ('node', 'd:\\voice\\opencli-main\\dist\\main.js')
[17:20:25] 输出目录: d:\obsidian\demo\05_long_project\小红书
[17:20:25] ============================================================
[17:20:32] 博主主页: https://www.xiaohongshu.com/user/profile/67cad3c6000000000a03f880?xsec_token=ABcSoDHRhpZpQFXqnGiUye9Cj3DOwgKMtU7YltDKFpkCU=&xsec_source=pc_note
[17:20:32] 采集数量: 100
[17:20:32] 获取博主笔记列表 (limit=100)...
[17:21:12] 博主共 100 篇笔记, 开始逐篇采集
[17:21:12] ----------------------------------------
[17:21:12] [1/100] 按头安利🔥吹爆青田这家网红婚纱店🎆...
[17:21:28] 博主: 青田嫁日婚纱礼服馆
[17:21:29]   下载 image 1/26: 68385df0000000002301efe5_1.jpg OK
[17:21:29]   下载 image 2/26: 68385df0000000002301efe5_2.jpg OK
[17:21:29]   下载 image 3/26: 68385df0000000002301efe5_3.jpg OK
[17:21:29]   下载 image 4/26: 68385df0000000002301efe5_4.jpg OK
[17:21:30]   下载 image 5/26: 68385df0000000002301efe5_5.jpg OK
[17:21:31]   下载 image 6/26: 68385df0000000002301efe5_6.jpg OK
[17:21:32]   下载 image 7/26: 68385df0000000002301efe5_7.jpg OK
[17:21:33]   下载 image 8/26: 68385df0000000002301efe5_8.jpg OK
[17:21:33]   下载 image 9/26: 68385df0000000002301efe5_9.jpg OK
[17:21:34]   下载 image 10/26: 68385df0000000002301efe5_10.jpg OK
[17:21:35]   下载 image 11/26: 68385df0000000002301efe5_11.jpg OK
[17:21:36]   下载 image 12/26: 68385df0000000002301efe5_12.jpg OK
[17:21:36]   下载 image 13/26: 68385df0000000002301efe5_13.jpg OK
[17:21:36]   下载 image 14/26: 68385df0000000002301efe5_14.jpg OK
[17:21:36]   下载 image 15/26: 68385df0000000002301efe5_15.jpg OK
[17:21:36]   下载 image 16/26: 68385df0000000002301efe5_16.jpg OK
[17:21:36]   下载 image 17/26: 68385df0000000002301efe5_17.jpg OK
[17:21:36]   下载 image 18/26: 68385df0000000002301efe5_18.jpg OK
[17:21:36]   下载 image 19/26: 68385df0000000002301efe5_19.jpg OK
[17:21:36]   下载 image 20/26: 68385df0000000002301efe5_20.jpg OK
[17:21:37]   下载 image 21/26: 68385df0000000002301efe5_21.jpg OK
[17:21:37]   下载 image 22/26: 68385df0000000002301efe5_22.jpg OK
[17:21:37]   下载 image 23/26: 68385df0000000002301efe5_23.jpg OK
[17:21:37]   下载 image 24/26: 68385df0000000002301efe5_24.jpg OK
[17:21:37]   下载 image 25/26: 68385df0000000002301efe5_25.jpg OK
[17:21:37]   下载 image 26/26: 68385df0000000002301efe5_26.jpg OK
[17:21:37]   重复图片 (同 68385df0000000002301efe5_1.jpg): 68385df0000000002301efe5_14.jpg
[17:21:37]   重复图片 (同 68385df0000000002301efe5_2.jpg): 68385df0000000002301efe5_15.jpg
[17:21:37]   重复图片 (同 68385df0000000002301efe5_3.jpg): 68385df0000000002301efe5_16.jpg
[17:21:37]   重复图片 (同 68385df0000000002301efe5_4.jpg): 68385df0000000002301efe5_17.jpg
[17:21:37]   重复图片 (同 68385df0000000002301efe5_5.jpg): 68385df0000000002301efe5_18.jpg
[17:21:37]   重复图片 (同 68385df0000000002301efe5_6.jpg): 68385df0000000002301efe5_19.jpg
[17:21:37]   重复图片 (同 68385df0000000002301efe5_7.jpg): 68385df0000000002301efe5_20.jpg
[17:21:37]   重复图片 (同 68385df0000000002301efe5_8.jpg): 68385df0000000002301efe5_21.jpg
[17:21:37]   重复图片 (同 68385df0000000002301efe5_9.jpg): 68385df0000000002301efe5_22.jpg
[17:21:37]   重复图片 (同 68385df0000000002301efe5_10.jpg): 68385df0000000002301efe5_23.jpg
[17:21:37]   重复图片 (同 68385df0000000002301efe5_11.jpg): 68385df0000000002301efe5_24.jpg
[17:21:37]   重复图片 (同 68385df0000000002301efe5_12.jpg): 68385df0000000002301efe5_25.jpg
[17:21:37]   重复图片 (同 68385df0000000002301efe5_13.jpg): 68385df0000000002301efe5_26.jpg
[17:21:37]   去重后: 13 张
[17:21:37]   OK -> 按头安利🔥吹爆青田这家网红婚纱店🎆.md
[17:21:37] [2/100] 一篇告诉你✅不同身材怎么选婚纱礼服👗...
[17:21:57]   下载 image 1/20: 69621d7d0000000009039fe7_1.jpg OK
[17:21:57]   下载 image 2/20: 69621d7d0000000009039fe7_2.jpg OK
[17:21:57]   下载 image 3/20: 69621d7d0000000009039fe7_3.jpg OK
[17:21:57]   下载 image 4/20: 69621d7d0000000009039fe7_4.jpg OK
[17:21:57]   下载 image 5/20: 69621d7d0000000009039fe7_5.jpg OK
[17:21:58]   下载 image 6/20: 69621d7d0000000009039fe7_6.jpg OK
[17:21:58]   下载 image 7/20: 69621d7d0000000009039fe7_7.jpg OK
[17:21:58]   下载 image 8/20: 69621d7d0000000009039fe7_8.jpg OK
[17:21:58]   下载 image 9/20: 69621d7d0000000009039fe7_9.jpg OK
[17:21:59]   下载 image 10/20: 69621d7d0000000009039fe7_10.jpg OK
[17:21:59]   下载 image 11/20: 69621d7d0000000009039fe7_11.jpg OK
[17:21:59]   下载 image 12/20: 69621d7d0000000009039fe7_12.jpg OK
[17:21:59]   下载 image 13/20: 69621d7d0000000009039fe7_13.jpg OK
[17:21:59]   下载 image 14/20: 69621d7d0000000009039fe7_14.jpg OK
[17:21:59]   下载 image 15/20: 69621d7d0000000009039fe7_15.jpg OK
[17:21:59]   下载 image 16/20: 69621d7d0000000009039fe7_16.jpg OK
[17:21:59]   下载 image 17/20: 69621d7d0000000009039fe7_17.jpg OK
[17:21:59]   下载 image 18/20: 69621d7d0000000009039fe7_18.jpg OK
[17:21:59]   下载 image 19/20: 69621d7d0000000009039fe7_19.jpg OK
[17:21:59]   下载 image 20/20: 69621d7d0000000009039fe7_20.jpg OK
[17:21:59]   重复图片 (同 69621d7d0000000009039fe7_1.jpg): 69621d7d0000000009039fe7_11.jpg
[17:21:59]   重复图片 (同 69621d7d0000000009039fe7_2.jpg): 69621d7d0000000009039fe7_12.jpg
[17:21:59]   重复图片 (同 69621d7d0000000009039fe7_3.jpg): 69621d7d0000000009039fe7_13.jpg
[17:21:59]   重复图片 (同 69621d7d0000000009039fe7_4.jpg): 69621d7d0000000009039fe7_14.jpg
[17:21:59]   重复图片 (同 69621d7d0000000009039fe7_5.jpg): 69621d7d0000000009039fe7_15.jpg
[17:21:59]   重复图片 (同 69621d7d0000000009039fe7_6.jpg): 69621d7d0000000009039fe7_16.jpg
[17:21:59]   重复图片 (同 69621d7d0000000009039fe7_7.jpg): 69621d7d0000000009039fe7_17.jpg
[17:21:59]   重复图片 (同 69621d7d0000000009039fe7_8.jpg): 69621d7d0000000009039fe7_18.jpg
[17:21:59]   重复图片 (同 69621d7d0000000009039fe7_9.jpg): 69621d7d0000000009039fe7_19.jpg
[17:21:59]   重复图片 (同 69621d7d0000000009039fe7_10.jpg): 69621d7d0000000009039fe7_20.jpg
[17:21:59]   去重后: 10 张
[17:21:59]   OK -> 一篇告诉你✅不同身材怎么选婚纱礼服👗.md
[17:21:59] [3/100] 身材娇小的新娘，婚纱应该怎么选？🧐...
[17:22:16]   下载 image 1/24: 6953a5060000000022009d74_1.jpg OK
[17:22:17]   下载 image 2/24: 6953a5060000000022009d74_2.jpg OK
[17:22:17]   下载 image 3/24: 6953a5060000000022009d74_3.jpg OK
[17:22:17]   下载 image 4/24: 6953a5060000000022009d74_4.jpg OK
[17:22:18]   下载 image 5/24: 6953a5060000000022009d74_5.jpg OK
[17:22:19]   下载 image 6/24: 6953a5060000000022009d74_6.jpg OK
[17:22:20]   下载 image 7/24: 6953a5060000000022009d74_7.jpg OK
[17:22:20]   下载 image 8/24: 6953a5060000000022009d74_8.jpg OK
[17:22:21]   下载 image 9/24: 6953a5060000000022009d74_9.jpg OK
[17:22:23]   下载 image 10/24: 6953a5060000000022009d74_10.jpg OK
[17:22:23]   下载 image 11/24: 6953a5060000000022009d74_11.jpg OK
[17:22:23]   下载 image 12/24: 6953a5060000000022009d74_12.jpg OK
[17:22:23]   下载 image 13/24: 6953a5060000000022009d74_13.jpg OK
[17:22:24]   下载 image 14/24: 6953a5060000000022009d74_14.jpg OK
[17:22:24]   下载 image 15/24: 6953a5060000000022009d74_15.jpg OK
[17:22:24]   下载 image 16/24: 6953a5060000000022009d74_16.jpg OK
[17:22:24]   下载 image 17/24: 6953a5060000000022009d74_17.jpg OK
[17:22:24]   下载 image 18/24: 6953a5060000000022009d74_18.jpg OK
[17:22:24]   下载 image 19/24: 6953a5060000000022009d74_19.jpg OK
[17:22:24]   下载 image 20/24: 6953a5060000000022009d74_20.jpg OK
[17:22:24]   下载 image 21/24: 6953a5060000000022009d74_21.jpg OK
[17:22:24]   下载 image 22/24: 6953a5060000000022009d74_22.jpg OK
[17:22:24]   下载 image 23/24: 6953a5060000000022009d74_23.jpg OK
[17:22:24]   下载 image 24/24: 6953a5060000000022009d74_24.jpg OK
[17:22:24]   重复图片 (同 6953a5060000000022009d74_1.jpg): 6953a5060000000022009d74_13.jpg
[17:22:24]   重复图片 (同 6953a5060000000022009d74_2.jpg): 6953a5060000000022009d74_14.jpg
[17:22:24]   重复图片 (同 6953a5060000000022009d74_3.jpg): 6953a5060000000022009d74_15.jpg
[17:22:24]   重复图片 (同 6953a5060000000022009d74_4.jpg): 6953a5060000000022009d74_16.jpg
[17:22:24]   重复图片 (同 6953a5060000000022009d74_5.jpg): 6953a5060000000022009d74_17.jpg
[17:22:24]   重复图片 (同 6953a5060000000022009d74_6.jpg): 6953a5060000000022009d74_18.jpg
[17:22:24]   重复图片 (同 6953a5060000000022009d74_7.jpg): 6953a5060000000022009d74_19.jpg
[17:22:24]   重复图片 (同 6953a5060000000022009d74_8.jpg): 6953a5060000000022009d74_20.jpg
[17:22:24]   重复图片 (同 6953a5060000000022009d74_9.jpg): 6953a5060000000022009d74_21.jpg
[17:22:24]   重复图片 (同 6953a5060000000022009d74_10.jpg): 6953a5060000000022009d74_22.jpg
[17:22:24]   重复图片 (同 6953a5060000000022009d74_11.jpg): 6953a5060000000022009d74_23.jpg
[17:22:24]   重复图片 (同 6953a5060000000022009d74_12.jpg): 6953a5060000000022009d74_24.jpg
[17:22:24]   去重后: 12 张
[17:22:24]   OK -> 身材娇小的新娘，婚纱应该怎么选？🧐.md
[17:22:24] [4/100] 备婚必看婚纱挑选秘籍 | 不同身材的适配款...
[17:22:43]   下载 image 1/20: 695109ed000000002103f1c8_1.jpg OK
[17:22:43]   下载 image 2/20: 695109ed000000002103f1c8_2.jpg OK
[17:22:43]   下载 image 3/20: 695109ed000000002103f1c8_3.jpg OK
[17:22:44]   下载 image 4/20: 695109ed000000002103f1c8_4.jpg OK
[17:22:44]   下载 image 5/20: 695109ed000000002103f1c8_5.jpg OK
[17:22:45]   下载 image 6/20: 695109ed000000002103f1c8_6.jpg OK
[17:22:46]   下载 image 7/20: 695109ed000000002103f1c8_7.jpg OK
[17:22:47]   下载 image 8/20: 695109ed000000002103f1c8_8.jpg OK
[17:22:47]   下载 image 9/20: 695109ed000000002103f1c8_9.jpg OK
[17:22:47]   下载 image 10/20: 695109ed000000002103f1c8_10.jpg OK
[17:22:48]   下载 image 11/20: 695109ed000000002103f1c8_11.jpg OK
[17:22:48]   下载 image 12/20: 695109ed000000002103f1c8_12.jpg OK
[17:22:48]   下载 image 13/20: 695109ed000000002103f1c8_13.jpg OK
[17:22:48]   下载 image 14/20: 695109ed000000002103f1c8_14.jpg OK
[17:22:48]   下载 image 15/20: 695109ed000000002103f1c8_15.jpg OK
[17:22:48]   下载 image 16/20: 695109ed000000002103f1c8_16.jpg OK
[17:22:48]   下载 image 17/20: 695109ed000000002103f1c8_17.jpg OK
[17:22:48]   下载 image 18/20: 695109ed000000002103f1c8_18.jpg OK
[17:22:48]   下载 image 19/20: 695109ed000000002103f1c8_19.jpg OK
[17:22:48]   下载 image 20/20: 695109ed000000002103f1c8_20.jpg OK
[17:22:48]   重复图片 (同 695109ed000000002103f1c8_1.jpg): 695109ed000000002103f1c8_11.jpg
[17:22:48]   重复图片 (同 695109ed000000002103f1c8_2.jpg): 695109ed000000002103f1c8_12.jpg
[17:22:48]   重复图片 (同 695109ed000000002103f1c8_3.jpg): 695109ed000000002103f1c8_13.jpg
[17:22:48]   重复图片 (同 695109ed000000002103f1c8_4.jpg): 695109ed000000002103f1c8_14.jpg
[17:22:48]   重复图片 (同 695109ed000000002103f1c8_5.jpg): 695109ed000000002103f1c8_15.jpg
[17:22:48]   重复图片 (同 695109ed000000002103f1c8_6.jpg): 695109ed000000002103f1c8_16.jpg
[17:22:48]   重复图片 (同 695109ed000000002103f1c8_7.jpg): 695109ed000000002103f1c8_17.jpg
[17:22:48]   重复图片 (同 695109ed000000002103f1c8_8.jpg): 695109ed000000002103f1c8_18.jpg
[17:22:48]   重复图片 (同 695109ed000000002103f1c8_9.jpg): 695109ed000000002103f1c8_19.jpg
[17:22:48]   重复图片 (同 695109ed000000002103f1c8_10.jpg): 695109ed000000002103f1c8_20.jpg
[17:22:48]   去重后: 10 张
[17:22:48]   OK -> 备婚必看婚纱挑选秘籍 _ 不同身材的适配款.md
[17:22:48] [5/100] 缎面婚纱VS纱面婚纱‼️究竟选哪件⁉️纠结...
[17:23:12]   下载 image 1/16: 694a51fc000000001b0244cb_1.jpg OK
[17:23:12]   下载 image 2/16: 694a51fc000000001b0244cb_2.jpg OK
[17:23:12]   下载 image 3/16: 694a51fc000000001b0244cb_3.jpg OK
[17:23:12]   下载 image 4/16: 694a51fc000000001b0244cb_4.jpg OK
[17:23:12]   下载 image 5/16: 694a51fc000000001b0244cb_5.jpg OK
[17:23:13]   下载 image 6/16: 694a51fc000000001b0244cb_6.jpg OK
[17:23:13]   下载 image 7/16: 694a51fc000000001b0244cb_7.jpg OK
[17:23:13]   下载 image 8/16: 694a51fc000000001b0244cb_8.jpg OK
[17:23:13]   下载 image 9/16: 694a51fc000000001b0244cb_9.jpg OK
[17:23:13]   下载 image 10/16: 694a51fc000000001b0244cb_10.jpg OK
[17:23:13]   下载 image 11/16: 694a51fc000000001b0244cb_11.jpg OK
[17:23:13]   下载 image 12/16: 694a51fc000000001b0244cb_12.jpg OK
[17:23:13]   下载 image 13/16: 694a51fc000000001b0244cb_13.jpg OK
[17:23:14]   下载 image 14/16: 694a51fc000000001b0244cb_14.jpg OK
[17:23:14]   下载 image 15/16: 694a51fc000000001b0244cb_15.jpg OK
[17:23:14]   下载 image 16/16: 694a51fc000000001b0244cb_16.jpg OK
[17:23:14]   重复图片 (同 694a51fc000000001b0244cb_1.jpg): 694a51fc000000001b0244cb_9.jpg
[17:23:14]   重复图片 (同 694a51fc000000001b0244cb_2.jpg): 694a51fc000000001b0244cb_10.jpg
[17:23:14]   重复图片 (同 694a51fc000000001b0244cb_3.jpg): 694a51fc000000001b0244cb_11.jpg
[17:23:14]   重复图片 (同 694a51fc000000001b0244cb_4.jpg): 694a51fc000000001b0244cb_12.jpg
[17:23:14]   重复图片 (同 694a51fc000000001b0244cb_5.jpg): 694a51fc000000001b0244cb_13.jpg
[17:23:14]   重复图片 (同 694a51fc000000001b0244cb_6.jpg): 694a51fc000000001b0244cb_14.jpg
[17:23:14]   重复图片 (同 694a51fc000000001b0244cb_7.jpg): 694a51fc000000001b0244cb_15.jpg
[17:23:14]   重复图片 (同 694a51fc000000001b0244cb_8.jpg): 694a51fc000000001b0244cb_16.jpg
[17:23:14]   去重后: 8 张
[17:23:14]   OK -> 缎面婚纱VS纱面婚纱‼️究竟选哪件⁉️纠结.md
[17:23:14] [6/100] 备婚必看！热门婚纱，选对款比选贵重要🎀...
[17:23:32]   下载 image 1/20: 6947c052000000001e01392e_1.jpg OK
[17:23:32]   下载 image 2/20: 6947c052000000001e01392e_2.jpg OK
[17:23:32]   下载 image 3/20: 6947c052000000001e01392e_3.jpg OK
[17:23:33]   下载 image 4/20: 6947c052000000001e01392e_4.jpg OK
[17:23:34]   下载 image 5/20: 6947c052000000001e01392e_5.jpg OK
[17:23:34]   下载 image 6/20: 6947c052000000001e01392e_6.jpg OK
[17:23:35]   下载 image 7/20: 6947c052000000001e01392e_7.jpg OK
[17:23:36]   下载 image 8/20: 6947c052000000001e01392e_8.jpg OK
[17:23:37]   下载 image 9/20: 6947c052000000001e01392e_9.jpg OK
[17:23:37]   下载 image 10/20: 6947c052000000001e01392e_10.jpg OK
[17:23:37]   下载 image 11/20: 6947c052000000001e01392e_11.jpg OK
[17:23:37]   下载 image 12/20: 6947c052000000001e01392e_12.jpg OK
[17:23:37]   下载 image 13/20: 6947c052000000001e01392e_13.jpg OK
[17:23:37]   下载 image 14/20: 6947c052000000001e01392e_14.jpg OK
[17:23:37]   下载 image 15/20: 6947c052000000001e01392e_15.jpg OK
[17:23:37]   下载 image 16/20: 6947c052000000001e01392e_16.jpg OK
[17:23:38]   下载 image 17/20: 6947c052000000001e01392e_17.jpg OK
[17:23:38]   下载 image 18/20: 6947c052000000001e01392e_18.jpg OK
[17:23:38]   下载 image 19/20: 6947c052000000001e01392e_19.jpg OK
[17:23:38]   下载 image 20/20: 6947c052000000001e01392e_20.jpg OK
[17:23:38]   重复图片 (同 6947c052000000001e01392e_1.jpg): 6947c052000000001e01392e_11.jpg
[17:23:38]   重复图片 (同 6947c052000000001e01392e_2.jpg): 6947c052000000001e01392e_12.jpg
[17:23:38]   重复图片 (同 6947c052000000001e01392e_3.jpg): 6947c052000000001e01392e_13.jpg
[17:23:38]   重复图片 (同 6947c052000000001e01392e_4.jpg): 6947c052000000001e01392e_14.jpg
[17:23:38]   重复图片 (同 6947c052000000001e01392e_5.jpg): 6947c052000000001e01392e_15.jpg
[17:23:38]   重复图片 (同 6947c052000000001e01392e_6.jpg): 6947c052000000001e01392e_16.jpg
[17:23:38]   重复图片 (同 6947c052000000001e01392e_7.jpg): 6947c052000000001e01392e_17.jpg
[17:23:38]   重复图片 (同 6947c052000000001e01392e_8.jpg): 6947c052000000001e01392e_18.jpg
[17:23:38]   重复图片 (同 6947c052000000001e01392e_9.jpg): 6947c052000000001e01392e_19.jpg
[17:23:38]   重复图片 (同 6947c052000000001e01392e_10.jpg): 6947c052000000001e01392e_20.jpg
[17:23:38]   去重后: 10 张
[17:23:38]   OK -> 备婚必看！热门婚纱，选对款比选贵重要🎀.md
[17:23:38] [7/100] 一张图教你不同风格婚纱怎么选❓备婚攻略❗...
[17:23:59]   下载 image 1/18: 693e7c2c000000001e009c14_1.jpg OK
[17:23:59]   下载 image 2/18: 693e7c2c000000001e009c14_2.jpg OK
[17:23:59]   下载 image 3/18: 693e7c2c000000001e009c14_3.jpg OK
[17:23:59]   下载 image 4/18: 693e7c2c000000001e009c14_4.jpg OK
[17:23:59]   下载 image 5/18: 693e7c2c000000001e009c14_5.jpg OK
[17:23:59]   下载 image 6/18: 693e7c2c000000001e009c14_6.jpg OK
[17:23:59]   下载 image 7/18: 693e7c2c000000001e009c14_7.jpg OK
[17:24:00]   下载 image 8/18: 693e7c2c000000001e009c14_8.jpg OK
[17:24:00]   下载 image 9/18: 693e7c2c000000001e009c14_9.jpg OK
[17:24:00]   下载 image 10/18: 693e7c2c000000001e009c14_10.jpg OK
[17:24:00]   下载 image 11/18: 693e7c2c000000001e009c14_11.jpg OK
[17:24:00]   下载 image 12/18: 693e7c2c000000001e009c14_12.jpg OK
[17:24:00]   下载 image 13/18: 693e7c2c000000001e009c14_13.jpg OK
[17:24:00]   下载 image 14/18: 693e7c2c000000001e009c14_14.jpg OK
[17:24:00]   下载 image 15/18: 693e7c2c000000001e009c14_15.jpg OK
[17:24:00]   下载 image 16/18: 693e7c2c000000001e009c14_16.jpg OK
[17:24:00]   下载 image 17/18: 693e7c2c000000001e009c14_17.jpg OK
[17:24:00]   下载 image 18/18: 693e7c2c000000001e009c14_18.jpg OK
[17:24:01]   重复图片 (同 693e7c2c000000001e009c14_1.jpg): 693e7c2c000000001e009c14_10.jpg
[17:24:01]   重复图片 (同 693e7c2c000000001e009c14_2.jpg): 693e7c2c000000001e009c14_11.jpg
[17:24:01]   重复图片 (同 693e7c2c000000001e009c14_3.jpg): 693e7c2c000000001e009c14_12.jpg
[17:24:01]   重复图片 (同 693e7c2c000000001e009c14_4.jpg): 693e7c2c000000001e009c14_13.jpg
[17:24:01]   重复图片 (同 693e7c2c000000001e009c14_5.jpg): 693e7c2c000000001e009c14_14.jpg
[17:24:01]   重复图片 (同 693e7c2c000000001e009c14_6.jpg): 693e7c2c000000001e009c14_15.jpg
[17:24:01]   重复图片 (同 693e7c2c000000001e009c14_7.jpg): 693e7c2c000000001e009c14_16.jpg
[17:24:01]   重复图片 (同 693e7c2c000000001e009c14_8.jpg): 693e7c2c000000001e009c14_17.jpg
[17:24:01]   重复图片 (同 693e7c2c000000001e009c14_9.jpg): 693e7c2c000000001e009c14_18.jpg
[17:24:01]   去重后: 9 张
[17:24:01]   OK -> 一张图教你不同风格婚纱怎么选❓备婚攻略❗_172401.md
[17:24:01] [8/100] 备婚必看|新娘如何选出适合自己的婚纱 ❗...
[17:24:19]   下载 image 1/16: 69356046000000001f00701a_1.jpg OK
[17:24:19]   下载 image 2/16: 69356046000000001f00701a_2.jpg OK
[17:24:19]   下载 image 3/16: 69356046000000001f00701a_3.jpg OK
[17:24:20]   下载 image 4/16: 69356046000000001f00701a_4.jpg OK
[17:24:20]   下载 image 5/16: 69356046000000001f00701a_5.jpg OK
[17:24:21]   下载 image 6/16: 69356046000000001f00701a_6.jpg OK
[17:24:22]   下载 image 7/16: 69356046000000001f00701a_7.jpg OK
[17:24:22]   下载 image 8/16: 69356046000000001f00701a_8.jpg OK
[17:24:22]   下载 image 9/16: 69356046000000001f00701a_9.jpg OK
[17:24:22]   下载 image 10/16: 69356046000000001f00701a_10.jpg OK
[17:24:22]   下载 image 11/16: 69356046000000001f00701a_11.jpg OK
[17:24:22]   下载 image 12/16: 69356046000000001f00701a_12.jpg OK
[17:24:22]   下载 image 13/16: 69356046000000001f00701a_13.jpg OK
[17:24:22]   下载 image 14/16: 69356046000000001f00701a_14.jpg OK
[17:24:22]   下载 image 15/16: 69356046000000001f00701a_15.jpg OK
[17:24:22]   下载 image 16/16: 69356046000000001f00701a_16.jpg OK
[17:24:22]   重复图片 (同 69356046000000001f00701a_1.jpg): 69356046000000001f00701a_9.jpg
[17:24:22]   重复图片 (同 69356046000000001f00701a_2.jpg): 69356046000000001f00701a_10.jpg
[17:24:22]   重复图片 (同 69356046000000001f00701a_3.jpg): 69356046000000001f00701a_11.jpg
[17:24:23]   重复图片 (同 69356046000000001f00701a_4.jpg): 69356046000000001f00701a_12.jpg
[17:24:23]   重复图片 (同 69356046000000001f00701a_5.jpg): 69356046000000001f00701a_13.jpg
[17:24:23]   重复图片 (同 69356046000000001f00701a_6.jpg): 69356046000000001f00701a_14.jpg
[17:24:23]   重复图片 (同 69356046000000001f00701a_7.jpg): 69356046000000001f00701a_15.jpg
[17:24:23]   重复图片 (同 69356046000000001f00701a_8.jpg): 69356046000000001f00701a_16.jpg
[17:24:23]   去重后: 8 张
[17:24:23]   OK -> 备婚必看_新娘如何选出适合自己的婚纱 ❗.md
[17:24:23] [9/100] 一张图教你不同风格婚纱怎么选❓备婚攻略...
[17:24:41]   下载 image 1/18: 69314303000000001e00eddb_1.jpg OK
[17:24:41]   下载 image 2/18: 69314303000000001e00eddb_2.jpg OK
[17:24:41]   下载 image 3/18: 69314303000000001e00eddb_3.jpg OK
[17:24:42]   下载 image 4/18: 69314303000000001e00eddb_4.jpg OK
[17:24:43]   下载 image 5/18: 69314303000000001e00eddb_5.jpg OK
[17:24:44]   下载 image 6/18: 69314303000000001e00eddb_6.jpg OK
[17:24:45]   下载 image 7/18: 69314303000000001e00eddb_7.jpg OK
[17:24:46]   下载 image 8/18: 69314303000000001e00eddb_8.jpg OK
[17:24:46]   下载 image 9/18: 69314303000000001e00eddb_9.jpg OK
[17:24:46]   下载 image 10/18: 69314303000000001e00eddb_10.jpg OK
[17:24:46]   下载 image 11/18: 69314303000000001e00eddb_11.jpg OK
[17:24:47]   下载 image 12/18: 69314303000000001e00eddb_12.jpg OK
[17:24:47]   下载 image 13/18: 69314303000000001e00eddb_13.jpg OK
[17:24:47]   下载 image 14/18: 69314303000000001e00eddb_14.jpg OK
[17:24:47]   下载 image 15/18: 69314303000000001e00eddb_15.jpg OK
[17:24:47]   下载 image 16/18: 69314303000000001e00eddb_16.jpg OK
[17:24:48]   下载 image 17/18: 69314303000000001e00eddb_17.jpg OK
[17:24:48]   下载 image 18/18: 69314303000000001e00eddb_18.jpg OK
[17:24:48]   重复图片 (同 69314303000000001e00eddb_1.jpg): 69314303000000001e00eddb_10.jpg
[17:24:48]   重复图片 (同 69314303000000001e00eddb_2.jpg): 69314303000000001e00eddb_11.jpg
[17:24:48]   重复图片 (同 69314303000000001e00eddb_3.jpg): 69314303000000001e00eddb_12.jpg
[17:24:48]   重复图片 (同 69314303000000001e00eddb_4.jpg): 69314303000000001e00eddb_13.jpg
[17:24:48]   重复图片 (同 69314303000000001e00eddb_5.jpg): 69314303000000001e00eddb_14.jpg
[17:24:48]   重复图片 (同 69314303000000001e00eddb_6.jpg): 69314303000000001e00eddb_15.jpg
[17:24:48]   重复图片 (同 69314303000000001e00eddb_7.jpg): 69314303000000001e00eddb_16.jpg
[17:24:48]   重复图片 (同 69314303000000001e00eddb_8.jpg): 69314303000000001e00eddb_17.jpg
[17:24:48]   重复图片 (同 69314303000000001e00eddb_9.jpg): 69314303000000001e00eddb_18.jpg
[17:24:48]   去重后: 9 张
[17:24:48]   OK -> 一张图教你不同风格婚纱怎么选❓备婚攻略.md
[17:24:48] [10/100] 备婚必看|新娘如何选出适合自己的婚纱 ❗...
[17:25:08]   下载 image 1/20: 6928372a0000000019027416_1.jpg OK
[17:25:08]   下载 image 2/20: 6928372a0000000019027416_2.jpg OK
[17:25:08]   下载 image 3/20: 6928372a0000000019027416_3.jpg OK
[17:25:09]   下载 image 4/20: 6928372a0000000019027416_4.jpg OK
[17:25:10]   下载 image 5/20: 6928372a0000000019027416_5.jpg OK
[17:25:11]   下载 image 6/20: 6928372a0000000019027416_6.jpg OK
[17:25:12]   下载 image 7/20: 6928372a0000000019027416_7.jpg OK
[17:25:13]   下载 image 8/20: 6928372a0000000019027416_8.jpg OK
[17:25:14]   下载 image 9/20: 6928372a0000000019027416_9.jpg OK
[17:25:14]   下载 image 10/20: 6928372a0000000019027416_10.jpg OK
[17:25:14]   下载 image 11/20: 6928372a0000000019027416_11.jpg OK
[17:25:14]   下载 image 12/20: 6928372a0000000019027416_12.jpg OK
[17:25:14]   下载 image 13/20: 6928372a0000000019027416_13.jpg OK
[17:25:14]   下载 image 14/20: 6928372a0000000019027416_14.jpg OK
[17:25:14]   下载 image 15/20: 6928372a0000000019027416_15.jpg OK
[17:25:14]   下载 image 16/20: 6928372a0000000019027416_16.jpg OK
[17:25:15]   下载 image 17/20: 6928372a0000000019027416_17.jpg OK
[17:25:15]   下载 image 18/20: 6928372a0000000019027416_18.jpg OK
[17:25:15]   下载 image 19/20: 6928372a0000000019027416_19.jpg OK
[17:25:15]   下载 image 20/20: 6928372a0000000019027416_20.jpg OK
[17:25:15]   重复图片 (同 6928372a0000000019027416_1.jpg): 6928372a0000000019027416_11.jpg
[17:25:15]   重复图片 (同 6928372a0000000019027416_2.jpg): 6928372a0000000019027416_12.jpg
[17:25:15]   重复图片 (同 6928372a0000000019027416_3.jpg): 6928372a0000000019027416_13.jpg
[17:25:15]   重复图片 (同 6928372a0000000019027416_4.jpg): 6928372a0000000019027416_14.jpg
[17:25:15]   重复图片 (同 6928372a0000000019027416_5.jpg): 6928372a0000000019027416_15.jpg
[17:25:15]   重复图片 (同 6928372a0000000019027416_6.jpg): 6928372a0000000019027416_16.jpg
[17:25:15]   重复图片 (同 6928372a0000000019027416_7.jpg): 6928372a0000000019027416_17.jpg
[17:25:15]   重复图片 (同 6928372a0000000019027416_8.jpg): 6928372a0000000019027416_18.jpg
[17:25:15]   重复图片 (同 6928372a0000000019027416_9.jpg): 6928372a0000000019027416_19.jpg
[17:25:15]   重复图片 (同 6928372a0000000019027416_10.jpg): 6928372a0000000019027416_20.jpg
[17:25:15]   去重后: 10 张
[17:25:15]   OK -> 备婚必看_新娘如何选出适合自己的婚纱 ❗_172515.md
[17:25:15] [11/100] 如何选婚纱 一篇教你轻松搞定🎀...
[17:25:33]   下载 image 1/22: 69205a4e000000001e029d5d_1.jpg OK
[17:25:33]   下载 image 2/22: 69205a4e000000001e029d5d_2.jpg OK
[17:25:33]   下载 image 3/22: 69205a4e000000001e029d5d_3.jpg OK
[17:25:33]   下载 image 4/22: 69205a4e000000001e029d5d_4.jpg OK
[17:25:33]   下载 image 5/22: 69205a4e000000001e029d5d_5.jpg OK
[17:25:33]   下载 image 6/22: 69205a4e000000001e029d5d_6.jpg OK
[17:25:34]   下载 image 7/22: 69205a4e000000001e029d5d_7.jpg OK
[17:25:34]   下载 image 8/22: 69205a4e000000001e029d5d_8.jpg OK
[17:25:34]   下载 image 9/22: 69205a4e000000001e029d5d_9.jpg OK
[17:25:34]   下载 image 10/22: 69205a4e000000001e029d5d_10.jpg OK
[17:25:34]   下载 image 11/22: 69205a4e000000001e029d5d_11.jpg OK
[17:25:35]   下载 image 12/22: 69205a4e000000001e029d5d_12.jpg OK
[17:25:35]   下载 image 13/22: 69205a4e000000001e029d5d_13.jpg OK
[17:25:35]   下载 image 14/22: 69205a4e000000001e029d5d_14.jpg OK
[17:25:35]   下载 image 15/22: 69205a4e000000001e029d5d_15.jpg OK
[17:25:35]   下载 image 16/22: 69205a4e000000001e029d5d_16.jpg OK
[17:25:35]   下载 image 17/22: 69205a4e000000001e029d5d_17.jpg OK
[17:25:35]   下载 image 18/22: 69205a4e000000001e029d5d_18.jpg OK
[17:25:35]   下载 image 19/22: 69205a4e000000001e029d5d_19.jpg OK
[17:25:35]   下载 image 20/22: 69205a4e000000001e029d5d_20.jpg OK
[17:25:35]   下载 image 21/22: 69205a4e000000001e029d5d_21.jpg OK
[17:25:35]   下载 image 22/22: 69205a4e000000001e029d5d_22.jpg OK
[17:25:35]   重复图片 (同 69205a4e000000001e029d5d_6.jpg): 69205a4e000000001e029d5d_7.jpg
[17:25:35]   重复图片 (同 69205a4e000000001e029d5d_1.jpg): 69205a4e000000001e029d5d_12.jpg
[17:25:35]   重复图片 (同 69205a4e000000001e029d5d_2.jpg): 69205a4e000000001e029d5d_13.jpg
[17:25:35]   重复图片 (同 69205a4e000000001e029d5d_3.jpg): 69205a4e000000001e029d5d_14.jpg
[17:25:35]   重复图片 (同 69205a4e000000001e029d5d_4.jpg): 69205a4e000000001e029d5d_15.jpg
[17:25:35]   重复图片 (同 69205a4e000000001e029d5d_5.jpg): 69205a4e000000001e029d5d_16.jpg
[17:25:35]   重复图片 (同 69205a4e000000001e029d5d_6.jpg): 69205a4e000000001e029d5d_17.jpg
[17:25:35]   重复图片 (同 69205a4e000000001e029d5d_6.jpg): 69205a4e000000001e029d5d_18.jpg
[17:25:35]   重复图片 (同 69205a4e000000001e029d5d_8.jpg): 69205a4e000000001e029d5d_19.jpg
[17:25:35]   重复图片 (同 69205a4e000000001e029d5d_9.jpg): 69205a4e000000001e029d5d_20.jpg
[17:25:35]   重复图片 (同 69205a4e000000001e029d5d_10.jpg): 69205a4e000000001e029d5d_21.jpg
[17:25:35]   重复图片 (同 69205a4e000000001e029d5d_11.jpg): 69205a4e000000001e029d5d_22.jpg
[17:25:35]   去重后: 10 张
[17:25:35]   OK -> 如何选婚纱 一篇教你轻松搞定🎀.md
[17:25:35] [12/100] 了解这些婚纱基础要素，选出心中更称心婚礼...
[17:25:54]   下载 image 1/20: 691c5995000000001f006e95_1.jpg OK
[17:25:54]   下载 image 2/20: 691c5995000000001f006e95_2.jpg OK
[17:25:54]   下载 image 3/20: 691c5995000000001f006e95_3.jpg OK
[17:25:54]   下载 image 4/20: 691c5995000000001f006e95_4.jpg OK
[17:25:54]   下载 image 5/20: 691c5995000000001f006e95_5.jpg OK
[17:25:54]   下载 image 6/20: 691c5995000000001f006e95_6.jpg OK
[17:25:55]   下载 image 7/20: 691c5995000000001f006e95_7.jpg OK
[17:25:55]   下载 image 8/20: 691c5995000000001f006e95_8.jpg OK
[17:25:55]   下载 image 9/20: 691c5995000000001f006e95_9.jpg OK
[17:25:55]   下载 image 10/20: 691c5995000000001f006e95_10.jpg OK
[17:25:55]   下载 image 11/20: 691c5995000000001f006e95_11.jpg OK
[17:25:55]   下载 image 12/20: 691c5995000000001f006e95_12.jpg OK
[17:25:55]   下载 image 13/20: 691c5995000000001f006e95_13.jpg OK
[17:25:55]   下载 image 14/20: 691c5995000000001f006e95_14.jpg OK
[17:25:55]   下载 image 15/20: 691c5995000000001f006e95_15.jpg OK
[17:25:56]   下载 image 16/20: 691c5995000000001f006e95_16.jpg OK
[17:25:56]   下载 image 17/20: 691c5995000000001f006e95_17.jpg OK
[17:25:56]   下载 image 18/20: 691c5995000000001f006e95_18.jpg OK
[17:25:56]   下载 image 19/20: 691c5995000000001f006e95_19.jpg OK
[17:25:56]   下载 image 20/20: 691c5995000000001f006e95_20.jpg OK
[17:25:56]   重复图片 (同 691c5995000000001f006e95_1.jpg): 691c5995000000001f006e95_11.jpg
[17:25:56]   重复图片 (同 691c5995000000001f006e95_2.jpg): 691c5995000000001f006e95_12.jpg
[17:25:56]   重复图片 (同 691c5995000000001f006e95_3.jpg): 691c5995000000001f006e95_13.jpg
[17:25:56]   重复图片 (同 691c5995000000001f006e95_4.jpg): 691c5995000000001f006e95_14.jpg
[17:25:56]   重复图片 (同 691c5995000000001f006e95_5.jpg): 691c5995000000001f006e95_15.jpg
[17:25:56]   重复图片 (同 691c5995000000001f006e95_6.jpg): 691c5995000000001f006e95_16.jpg
[17:25:56]   重复图片 (同 691c5995000000001f006e95_7.jpg): 691c5995000000001f006e95_17.jpg
[17:25:56]   重复图片 (同 691c5995000000001f006e95_8.jpg): 691c5995000000001f006e95_18.jpg
[17:25:56]   重复图片 (同 691c5995000000001f006e95_9.jpg): 691c5995000000001f006e95_19.jpg
[17:25:56]   重复图片 (同 691c5995000000001f006e95_10.jpg): 691c5995000000001f006e95_20.jpg
[17:25:56]   去重后: 10 张
[17:25:56]   OK -> 了解这些婚纱基础要素，选出心中更称心婚礼.md
[17:25:56] [13/100] 别再纠结啦❗️扬长避短的婚纱合集来啦...
[17:26:18]   下载 image 1/18: 691aff0b000000000d03475f_1.jpg OK
[17:26:18]   下载 image 2/18: 691aff0b000000000d03475f_2.jpg OK
[17:26:18]   下载 image 3/18: 691aff0b000000000d03475f_3.jpg OK
[17:26:19]   下载 image 4/18: 691aff0b000000000d03475f_4.jpg OK
[17:26:19]   下载 image 5/18: 691aff0b000000000d03475f_5.jpg OK
[17:26:19]   下载 image 6/18: 691aff0b000000000d03475f_6.jpg OK
[17:26:19]   下载 image 7/18: 691aff0b000000000d03475f_7.jpg OK
[17:26:19]   下载 image 8/18: 691aff0b000000000d03475f_8.jpg OK
[17:26:19]   下载 image 9/18: 691aff0b000000000d03475f_9.jpg OK
[17:26:19]   下载 image 10/18: 691aff0b000000000d03475f_10.jpg OK
[17:26:20]   下载 image 11/18: 691aff0b000000000d03475f_11.jpg OK
[17:26:20]   下载 image 12/18: 691aff0b000000000d03475f_12.jpg OK
[17:26:20]   下载 image 13/18: 691aff0b000000000d03475f_13.jpg OK
[17:26:20]   下载 image 14/18: 691aff0b000000000d03475f_14.jpg OK
[17:26:20]   下载 image 15/18: 691aff0b000000000d03475f_15.jpg OK
[17:26:20]   下载 image 16/18: 691aff0b000000000d03475f_16.jpg OK
[17:26:20]   下载 image 17/18: 691aff0b000000000d03475f_17.jpg OK
[17:26:20]   下载 image 18/18: 691aff0b000000000d03475f_18.jpg OK
[17:26:20]   重复图片 (同 691aff0b000000000d03475f_1.jpg): 691aff0b000000000d03475f_10.jpg
[17:26:20]   重复图片 (同 691aff0b000000000d03475f_2.jpg): 691aff0b000000000d03475f_11.jpg
[17:26:20]   重复图片 (同 691aff0b000000000d03475f_3.jpg): 691aff0b000000000d03475f_12.jpg
[17:26:20]   重复图片 (同 691aff0b000000000d03475f_4.jpg): 691aff0b000000000d03475f_13.jpg
[17:26:20]   重复图片 (同 691aff0b000000000d03475f_5.jpg): 691aff0b000000000d03475f_14.jpg
[17:26:20]   重复图片 (同 691aff0b000000000d03475f_6.jpg): 691aff0b000000000d03475f_15.jpg
[17:26:20]   重复图片 (同 691aff0b000000000d03475f_7.jpg): 691aff0b000000000d03475f_16.jpg
[17:26:20]   重复图片 (同 691aff0b000000000d03475f_8.jpg): 691aff0b000000000d03475f_17.jpg
[17:26:20]   重复图片 (同 691aff0b000000000d03475f_9.jpg): 691aff0b000000000d03475f_18.jpg
[17:26:20]   去重后: 9 张
[17:26:20]   OK -> 别再纠结啦❗️扬长避短的婚纱合集来啦.md
[17:26:20] [14/100] 新娘看过来‼️不同身材挑秀禾攻略 超全...
[17:26:40]   下载 image 1/18: 6919b3e80000000005031ff7_1.jpg OK
[17:26:40]   下载 image 2/18: 6919b3e80000000005031ff7_2.jpg OK
[17:26:40]   下载 image 3/18: 6919b3e80000000005031ff7_3.jpg OK
[17:26:41]   下载 image 4/18: 6919b3e80000000005031ff7_4.jpg OK
[17:26:42]   下载 image 5/18: 6919b3e80000000005031ff7_5.jpg OK
[17:26:43]   下载 image 6/18: 6919b3e80000000005031ff7_6.jpg OK
[17:26:44]   下载 image 7/18: 6919b3e80000000005031ff7_7.jpg OK
[17:26:44]   下载 image 8/18: 6919b3e80000000005031ff7_8.jpg OK
[17:26:44]   下载 image 9/18: 6919b3e80000000005031ff7_9.jpg OK
[17:26:44]   下载 image 10/18: 6919b3e80000000005031ff7_10.jpg OK
[17:26:45]   下载 image 11/18: 6919b3e80000000005031ff7_11.jpg OK
[17:26:45]   下载 image 12/18: 6919b3e80000000005031ff7_12.jpg OK
[17:26:45]   下载 image 13/18: 6919b3e80000000005031ff7_13.jpg OK
[17:26:45]   下载 image 14/18: 6919b3e80000000005031ff7_14.jpg OK
[17:26:45]   下载 image 15/18: 6919b3e80000000005031ff7_15.jpg OK
[17:26:45]   下载 image 16/18: 6919b3e80000000005031ff7_16.jpg OK
[17:26:45]   下载 image 17/18: 6919b3e80000000005031ff7_17.jpg OK
[17:26:45]   下载 image 18/18: 6919b3e80000000005031ff7_18.jpg OK
[17:26:45]   重复图片 (同 6919b3e80000000005031ff7_1.jpg): 6919b3e80000000005031ff7_10.jpg
[17:26:45]   重复图片 (同 6919b3e80000000005031ff7_2.jpg): 6919b3e80000000005031ff7_11.jpg
[17:26:45]   重复图片 (同 6919b3e80000000005031ff7_3.jpg): 6919b3e80000000005031ff7_12.jpg
[17:26:45]   重复图片 (同 6919b3e80000000005031ff7_4.jpg): 6919b3e80000000005031ff7_13.jpg
[17:26:45]   重复图片 (同 6919b3e80000000005031ff7_5.jpg): 6919b3e80000000005031ff7_14.jpg
[17:26:45]   重复图片 (同 6919b3e80000000005031ff7_6.jpg): 6919b3e80000000005031ff7_15.jpg
[17:26:45]   重复图片 (同 6919b3e80000000005031ff7_7.jpg): 6919b3e80000000005031ff7_16.jpg
[17:26:45]   重复图片 (同 6919b3e80000000005031ff7_8.jpg): 6919b3e80000000005031ff7_17.jpg
[17:26:45]   重复图片 (同 6919b3e80000000005031ff7_9.jpg): 6919b3e80000000005031ff7_18.jpg
[17:26:45]   去重后: 9 张
[17:26:45]   OK -> 新娘看过来‼️不同身材挑秀禾攻略 超全.md
[17:26:45] [15/100] 「备婚新娘篇」选秀禾攻略🏮超全笔记👍...
[17:27:05]   下载 image 1/12: 69184b03000000000703b2ad_1.jpg OK
[17:27:05]   下载 image 2/12: 69184b03000000000703b2ad_2.jpg OK
[17:27:05]   下载 image 3/12: 69184b03000000000703b2ad_3.jpg OK
[17:27:06]   下载 image 4/12: 69184b03000000000703b2ad_4.jpg OK
[17:27:06]   下载 image 5/12: 69184b03000000000703b2ad_5.jpg OK
[17:27:06]   下载 image 6/12: 69184b03000000000703b2ad_6.jpg OK
[17:27:06]   下载 image 7/12: 69184b03000000000703b2ad_7.jpg OK
[17:27:06]   下载 image 8/12: 69184b03000000000703b2ad_8.jpg OK
[17:27:06]   下载 image 9/12: 69184b03000000000703b2ad_9.jpg OK
[17:27:07]   下载 image 10/12: 69184b03000000000703b2ad_10.jpg OK
[17:27:07]   下载 image 11/12: 69184b03000000000703b2ad_11.jpg OK
[17:27:07]   下载 image 12/12: 69184b03000000000703b2ad_12.jpg OK
[17:27:07]   重复图片 (同 69184b03000000000703b2ad_2.jpg): 69184b03000000000703b2ad_3.jpg
[17:27:07]   重复图片 (同 69184b03000000000703b2ad_1.jpg): 69184b03000000000703b2ad_7.jpg
[17:27:07]   重复图片 (同 69184b03000000000703b2ad_2.jpg): 69184b03000000000703b2ad_8.jpg
[17:27:07]   重复图片 (同 69184b03000000000703b2ad_2.jpg): 69184b03000000000703b2ad_9.jpg
[17:27:07]   重复图片 (同 69184b03000000000703b2ad_4.jpg): 69184b03000000000703b2ad_10.jpg
[17:27:07]   重复图片 (同 69184b03000000000703b2ad_5.jpg): 69184b03000000000703b2ad_11.jpg
[17:27:07]   重复图片 (同 69184b03000000000703b2ad_6.jpg): 69184b03000000000703b2ad_12.jpg
[17:27:07]   去重后: 5 张
[17:27:07]   OK -> 「备婚新娘篇」选秀禾攻略🏮超全笔记👍.md
[17:27:07] [16/100] 不同风格不同身材女孩怎么选婚纱|青田婚纱...
[17:27:29]   下载 image 1/18: 69170633000000001b0325b1_1.jpg OK
[17:27:29]   下载 image 2/18: 69170633000000001b0325b1_2.jpg OK
[17:27:29]   下载 image 3/18: 69170633000000001b0325b1_3.jpg OK
[17:27:29]   下载 image 4/18: 69170633000000001b0325b1_4.jpg OK
[17:27:29]   下载 image 5/18: 69170633000000001b0325b1_5.jpg OK
[17:27:29]   下载 image 6/18: 69170633000000001b0325b1_6.jpg OK
[17:27:29]   下载 image 7/18: 69170633000000001b0325b1_7.jpg OK
[17:27:30]   下载 image 8/18: 69170633000000001b0325b1_8.jpg OK
[17:27:30]   下载 image 9/18: 69170633000000001b0325b1_9.jpg OK
[17:27:30]   下载 image 10/18: 69170633000000001b0325b1_10.jpg OK
[17:27:30]   下载 image 11/18: 69170633000000001b0325b1_11.jpg OK
[17:27:30]   下载 image 12/18: 69170633000000001b0325b1_12.jpg OK
[17:27:30]   下载 image 13/18: 69170633000000001b0325b1_13.jpg OK
[17:27:30]   下载 image 14/18: 69170633000000001b0325b1_14.jpg OK
[17:27:30]   下载 image 15/18: 69170633000000001b0325b1_15.jpg OK
[17:27:30]   下载 image 16/18: 69170633000000001b0325b1_16.jpg OK
[17:27:30]   下载 image 17/18: 69170633000000001b0325b1_17.jpg OK
[17:27:30]   下载 image 18/18: 69170633000000001b0325b1_18.jpg OK
[17:27:30]   重复图片 (同 69170633000000001b0325b1_1.jpg): 69170633000000001b0325b1_10.jpg
[17:27:30]   重复图片 (同 69170633000000001b0325b1_2.jpg): 69170633000000001b0325b1_11.jpg
[17:27:30]   重复图片 (同 69170633000000001b0325b1_3.jpg): 69170633000000001b0325b1_12.jpg
[17:27:30]   重复图片 (同 69170633000000001b0325b1_4.jpg): 69170633000000001b0325b1_13.jpg
[17:27:30]   重复图片 (同 69170633000000001b0325b1_5.jpg): 69170633000000001b0325b1_14.jpg
[17:27:30]   重复图片 (同 69170633000000001b0325b1_6.jpg): 69170633000000001b0325b1_15.jpg
[17:27:30]   重复图片 (同 69170633000000001b0325b1_7.jpg): 69170633000000001b0325b1_16.jpg
[17:27:30]   重复图片 (同 69170633000000001b0325b1_8.jpg): 69170633000000001b0325b1_17.jpg
[17:27:30]   重复图片 (同 69170633000000001b0325b1_9.jpg): 69170633000000001b0325b1_18.jpg
[17:27:30]   去重后: 9 张
[17:27:30]   OK -> 不同风格不同身材女孩怎么选婚纱_青田婚纱.md
[17:27:30] [17/100] 试了20件婚纱才敢说如何选婚纱教你轻松搞定...
[17:27:51]   下载 image 1/18: 691061d9000000000700964c_1.jpg OK
[17:27:51]   下载 image 2/18: 691061d9000000000700964c_2.jpg OK
[17:27:51]   下载 image 3/18: 691061d9000000000700964c_3.jpg OK
[17:27:52]   下载 image 4/18: 691061d9000000000700964c_4.jpg OK
[17:27:53]   下载 image 5/18: 691061d9000000000700964c_5.jpg OK
[17:27:53]   下载 image 6/18: 691061d9000000000700964c_6.jpg OK
[17:27:54]   下载 image 7/18: 691061d9000000000700964c_7.jpg OK
[17:27:55]   下载 image 8/18: 691061d9000000000700964c_8.jpg OK
[17:27:55]   下载 image 9/18: 691061d9000000000700964c_9.jpg OK
[17:27:55]   下载 image 10/18: 691061d9000000000700964c_10.jpg OK
[17:27:55]   下载 image 11/18: 691061d9000000000700964c_11.jpg OK
[17:27:55]   下载 image 12/18: 691061d9000000000700964c_12.jpg OK
[17:27:55]   下载 image 13/18: 691061d9000000000700964c_13.jpg OK
[17:27:55]   下载 image 14/18: 691061d9000000000700964c_14.jpg OK
[17:27:55]   下载 image 15/18: 691061d9000000000700964c_15.jpg OK
[17:27:56]   下载 image 16/18: 691061d9000000000700964c_16.jpg OK
[17:27:56]   下载 image 17/18: 691061d9000000000700964c_17.jpg OK
[17:27:56]   下载 image 18/18: 691061d9000000000700964c_18.jpg OK
[17:27:56]   重复图片 (同 691061d9000000000700964c_1.jpg): 691061d9000000000700964c_10.jpg
[17:27:56]   重复图片 (同 691061d9000000000700964c_2.jpg): 691061d9000000000700964c_11.jpg
[17:27:56]   重复图片 (同 691061d9000000000700964c_3.jpg): 691061d9000000000700964c_12.jpg
[17:27:56]   重复图片 (同 691061d9000000000700964c_4.jpg): 691061d9000000000700964c_13.jpg
[17:27:56]   重复图片 (同 691061d9000000000700964c_5.jpg): 691061d9000000000700964c_14.jpg
[17:27:56]   重复图片 (同 691061d9000000000700964c_6.jpg): 691061d9000000000700964c_15.jpg
[17:27:56]   重复图片 (同 691061d9000000000700964c_7.jpg): 691061d9000000000700964c_16.jpg
[17:27:56]   重复图片 (同 691061d9000000000700964c_8.jpg): 691061d9000000000700964c_17.jpg
[17:27:56]   重复图片 (同 691061d9000000000700964c_9.jpg): 691061d9000000000700964c_18.jpg
[17:27:56]   去重后: 9 张
[17:27:56]   OK -> 试了20件婚纱才敢说如何选婚纱教你轻松搞定.md
[17:27:56] [18/100] 60秒说清婚纱类型🤔如何表达款式需求👀...
[17:28:15]   下载 image 1/18: 690f39d2000000000300d982_1.jpg OK
[17:28:15]   下载 image 2/18: 690f39d2000000000300d982_2.jpg OK
[17:28:15]   下载 image 3/18: 690f39d2000000000300d982_3.jpg OK
[17:28:16]   下载 image 4/18: 690f39d2000000000300d982_4.jpg OK
[17:28:17]   下载 image 5/18: 690f39d2000000000300d982_5.jpg OK
[17:28:18]   下载 image 6/18: 690f39d2000000000300d982_6.jpg OK
[17:28:18]   下载 image 7/18: 690f39d2000000000300d982_7.jpg OK
[17:28:19]   下载 image 8/18: 690f39d2000000000300d982_8.jpg OK
[17:28:19]   下载 image 9/18: 690f39d2000000000300d982_9.jpg OK
[17:28:19]   下载 image 10/18: 690f39d2000000000300d982_10.jpg OK
[17:28:20]   下载 image 11/18: 690f39d2000000000300d982_11.jpg OK
[17:28:20]   下载 image 12/18: 690f39d2000000000300d982_12.jpg OK
[17:28:20]   下载 image 13/18: 690f39d2000000000300d982_13.jpg OK
[17:28:20]   下载 image 14/18: 690f39d2000000000300d982_14.jpg OK
[17:28:20]   下载 image 15/18: 690f39d2000000000300d982_15.jpg OK
[17:28:20]   下载 image 16/18: 690f39d2000000000300d982_16.jpg OK
[17:28:20]   下载 image 17/18: 690f39d2000000000300d982_17.jpg OK
[17:28:20]   下载 image 18/18: 690f39d2000000000300d982_18.jpg OK
[17:28:21]   重复图片 (同 690f39d2000000000300d982_1.jpg): 690f39d2000000000300d982_10.jpg
[17:28:21]   重复图片 (同 690f39d2000000000300d982_2.jpg): 690f39d2000000000300d982_11.jpg
[17:28:21]   重复图片 (同 690f39d2000000000300d982_3.jpg): 690f39d2000000000300d982_12.jpg
[17:28:21]   重复图片 (同 690f39d2000000000300d982_4.jpg): 690f39d2000000000300d982_13.jpg
[17:28:21]   重复图片 (同 690f39d2000000000300d982_5.jpg): 690f39d2000000000300d982_14.jpg
[17:28:21]   重复图片 (同 690f39d2000000000300d982_6.jpg): 690f39d2000000000300d982_15.jpg
[17:28:21]   重复图片 (同 690f39d2000000000300d982_7.jpg): 690f39d2000000000300d982_16.jpg
[17:28:21]   重复图片 (同 690f39d2000000000300d982_8.jpg): 690f39d2000000000300d982_17.jpg
[17:28:21]   重复图片 (同 690f39d2000000000300d982_9.jpg): 690f39d2000000000300d982_18.jpg
[17:28:21]   去重后: 9 张
[17:28:21]   OK -> 60秒说清婚纱类型🤔如何表达款式需求👀.md
[17:28:21] [19/100] 青田婚纱礼服租凭/定制套系💖备婚必看...
[17:28:40]   下载 image 1/24: 690db357000000000703540a_1.jpg OK
[17:28:40]   下载 image 2/24: 690db357000000000703540a_2.jpg OK
[17:28:40]   下载 image 3/24: 690db357000000000703540a_3.jpg OK
[17:28:42]   下载 image 4/24: 690db357000000000703540a_4.jpg OK
[17:28:44]   下载 image 5/24: 690db357000000000703540a_5.jpg OK
[17:28:46]   下载 image 6/24: 690db357000000000703540a_6.jpg OK
[17:28:48]   下载 image 7/24: 690db357000000000703540a_7.jpg OK
[17:28:49]   下载 image 8/24: 690db357000000000703540a_8.jpg OK
[17:28:51]   下载 image 9/24: 690db357000000000703540a_9.jpg OK
[17:28:53]   下载 image 10/24: 690db357000000000703540a_10.jpg OK
[17:28:54]   下载 image 11/24: 690db357000000000703540a_11.jpg OK
[17:28:54]   下载 image 12/24: 690db357000000000703540a_12.jpg OK
[17:28:55]   下载 image 13/24: 690db357000000000703540a_13.jpg OK
[17:28:55]   下载 image 14/24: 690db357000000000703540a_14.jpg OK
[17:28:55]   下载 image 15/24: 690db357000000000703540a_15.jpg OK
[17:28:55]   下载 image 16/24: 690db357000000000703540a_16.jpg OK
[17:28:55]   下载 image 17/24: 690db357000000000703540a_17.jpg OK
[17:28:55]   下载 image 18/24: 690db357000000000703540a_18.jpg OK
[17:28:55]   下载 image 19/24: 690db357000000000703540a_19.jpg OK
[17:28:55]   下载 image 20/24: 690db357000000000703540a_20.jpg OK
[17:28:56]   下载 image 21/24: 690db357000000000703540a_21.jpg OK
[17:28:56]   下载 image 22/24: 690db357000000000703540a_22.jpg OK
[17:28:56]   下载 image 23/24: 690db357000000000703540a_23.jpg OK
[17:28:56]   下载 image 24/24: 690db357000000000703540a_24.jpg OK
[17:28:56]   重复图片 (同 690db357000000000703540a_1.jpg): 690db357000000000703540a_13.jpg
[17:28:56]   重复图片 (同 690db357000000000703540a_2.jpg): 690db357000000000703540a_14.jpg
[17:28:56]   重复图片 (同 690db357000000000703540a_3.jpg): 690db357000000000703540a_15.jpg
[17:28:56]   重复图片 (同 690db357000000000703540a_4.jpg): 690db357000000000703540a_16.jpg
[17:28:56]   重复图片 (同 690db357000000000703540a_5.jpg): 690db357000000000703540a_17.jpg
[17:28:56]   重复图片 (同 690db357000000000703540a_6.jpg): 690db357000000000703540a_18.jpg
[17:28:56]   重复图片 (同 690db357000000000703540a_7.jpg): 690db357000000000703540a_19.jpg
[17:28:56]   重复图片 (同 690db357000000000703540a_8.jpg): 690db357000000000703540a_20.jpg
[17:28:56]   重复图片 (同 690db357000000000703540a_9.jpg): 690db357000000000703540a_21.jpg
[17:28:56]   重复图片 (同 690db357000000000703540a_10.jpg): 690db357000000000703540a_22.jpg
[17:28:57]   重复图片 (同 690db357000000000703540a_11.jpg): 690db357000000000703540a_23.jpg
[17:28:57]   重复图片 (同 690db357000000000703540a_12.jpg): 690db357000000000703540a_24.jpg
[17:28:57]   去重后: 12 张
[17:28:57]   OK -> 青田婚纱礼服租凭_定制套系💖备婚必看.md
[17:28:57] [20/100] 婚纱挑选秘籍 | 不同身材的绝美适配款↙️...
[17:29:18]   下载 image 1/18: 690b16e90000000007034ab2_1.jpg OK
[17:29:18]   下载 image 2/18: 690b16e90000000007034ab2_2.jpg OK
[17:29:18]   下载 image 3/18: 690b16e90000000007034ab2_3.jpg OK
[17:29:18]   下载 image 4/18: 690b16e90000000007034ab2_4.jpg OK
[17:29:19]   下载 image 5/18: 690b16e90000000007034ab2_5.jpg OK
[17:29:20]   下载 image 6/18: 690b16e90000000007034ab2_6.jpg OK
[17:29:21]   下载 image 7/18: 690b16e90000000007034ab2_7.jpg OK
[17:29:21]   下载 image 8/18: 690b16e90000000007034ab2_8.jpg OK
[17:29:22]   下载 image 9/18: 690b16e90000000007034ab2_9.jpg OK
[17:29:22]   下载 image 10/18: 690b16e90000000007034ab2_10.jpg OK
[17:29:22]   下载 image 11/18: 690b16e90000000007034ab2_11.jpg OK
[17:29:22]   下载 image 12/18: 690b16e90000000007034ab2_12.jpg OK
[17:29:22]   下载 image 13/18: 690b16e90000000007034ab2_13.jpg OK
[17:29:22]   下载 image 14/18: 690b16e90000000007034ab2_14.jpg OK
[17:29:22]   下载 image 15/18: 690b16e90000000007034ab2_15.jpg OK
[17:29:22]   下载 image 16/18: 690b16e90000000007034ab2_16.jpg OK
[17:29:22]   下载 image 17/18: 690b16e90000000007034ab2_17.jpg OK
[17:29:22]   下载 image 18/18: 690b16e90000000007034ab2_18.jpg OK
[17:29:22]   重复图片 (同 690b16e90000000007034ab2_1.jpg): 690b16e90000000007034ab2_10.jpg
[17:29:23]   重复图片 (同 690b16e90000000007034ab2_2.jpg): 690b16e90000000007034ab2_11.jpg
[17:29:23]   重复图片 (同 690b16e90000000007034ab2_3.jpg): 690b16e90000000007034ab2_12.jpg
[17:29:23]   重复图片 (同 690b16e90000000007034ab2_4.jpg): 690b16e90000000007034ab2_13.jpg
[17:29:23]   重复图片 (同 690b16e90000000007034ab2_5.jpg): 690b16e90000000007034ab2_14.jpg
[17:29:23]   重复图片 (同 690b16e90000000007034ab2_6.jpg): 690b16e90000000007034ab2_15.jpg
[17:29:23]   重复图片 (同 690b16e90000000007034ab2_7.jpg): 690b16e90000000007034ab2_16.jpg
[17:29:23]   重复图片 (同 690b16e90000000007034ab2_8.jpg): 690b16e90000000007034ab2_17.jpg
[17:29:23]   重复图片 (同 690b16e90000000007034ab2_9.jpg): 690b16e90000000007034ab2_18.jpg
[17:29:23]   去重后: 9 张
[17:29:23]   OK -> 婚纱挑选秘籍 _ 不同身材的绝美适配款↙️.md
[17:29:23] [21/100] 新娘试攻略｜试纱过程注意事项‼️备婚收藏...
[17:29:43]   下载 image 1/10: 6909cf2f0000000004021881_1.jpg OK
[17:29:43]   下载 image 2/10: 6909cf2f0000000004021881_2.jpg OK
[17:29:43]   下载 image 3/10: 6909cf2f0000000004021881_3.jpg OK
[17:29:44]   下载 image 4/10: 6909cf2f0000000004021881_4.jpg OK
[17:29:44]   下载 image 5/10: 6909cf2f0000000004021881_5.jpg OK
[17:29:44]   下载 image 6/10: 6909cf2f0000000004021881_6.jpg OK
[17:29:44]   下载 image 7/10: 6909cf2f0000000004021881_7.jpg OK
[17:29:44]   下载 image 8/10: 6909cf2f0000000004021881_8.jpg OK
[17:29:45]   下载 image 9/10: 6909cf2f0000000004021881_9.jpg OK
[17:29:45]   下载 image 10/10: 6909cf2f0000000004021881_10.jpg OK
[17:29:45]   重复图片 (同 6909cf2f0000000004021881_1.jpg): 6909cf2f0000000004021881_6.jpg
[17:29:45]   重复图片 (同 6909cf2f0000000004021881_2.jpg): 6909cf2f0000000004021881_7.jpg
[17:29:45]   重复图片 (同 6909cf2f0000000004021881_3.jpg): 6909cf2f0000000004021881_8.jpg
[17:29:45]   重复图片 (同 6909cf2f0000000004021881_4.jpg): 6909cf2f0000000004021881_9.jpg
[17:29:45]   重复图片 (同 6909cf2f0000000004021881_5.jpg): 6909cf2f0000000004021881_10.jpg
[17:29:45]   去重后: 5 张
[17:29:45]   OK -> 新娘试攻略｜试纱过程注意事项‼️备婚收藏.md
[17:29:45] [22/100] ❤️如何选婚纱✨教你轻松搞定‼️备婚收藏...
[17:30:03]   下载 image 1/24: 690884f00000000005033ff5_1.jpg OK
[17:30:03]   下载 image 2/24: 690884f00000000005033ff5_2.jpg OK
[17:30:03]   下载 image 3/24: 690884f00000000005033ff5_3.jpg OK
[17:30:04]   下载 image 4/24: 690884f00000000005033ff5_4.jpg OK
[17:30:05]   下载 image 5/24: 690884f00000000005033ff5_5.jpg OK
[17:30:06]   下载 image 6/24: 690884f00000000005033ff5_6.jpg OK
[17:30:07]   下载 image 7/24: 690884f00000000005033ff5_7.jpg OK
[17:30:07]   下载 image 8/24: 690884f00000000005033ff5_8.jpg OK
[17:30:08]   下载 image 9/24: 690884f00000000005033ff5_9.jpg OK
[17:30:09]   下载 image 10/24: 690884f00000000005033ff5_10.jpg OK
[17:30:09]   下载 image 11/24: 690884f00000000005033ff5_11.jpg OK
[17:30:10]   下载 image 12/24: 690884f00000000005033ff5_12.jpg OK
[17:30:10]   下载 image 13/24: 690884f00000000005033ff5_13.jpg OK
[17:30:10]   下载 image 14/24: 690884f00000000005033ff5_14.jpg OK
[17:30:10]   下载 image 15/24: 690884f00000000005033ff5_15.jpg OK
[17:30:10]   下载 image 16/24: 690884f00000000005033ff5_16.jpg OK
[17:30:10]   下载 image 17/24: 690884f00000000005033ff5_17.jpg OK
[17:30:10]   下载 image 18/24: 690884f00000000005033ff5_18.jpg OK
[17:30:10]   下载 image 19/24: 690884f00000000005033ff5_19.jpg OK
[17:30:10]   下载 image 20/24: 690884f00000000005033ff5_20.jpg OK
[17:30:10]   下载 image 21/24: 690884f00000000005033ff5_21.jpg OK
[17:30:10]   下载 image 22/24: 690884f00000000005033ff5_22.jpg OK
[17:30:10]   下载 image 23/24: 690884f00000000005033ff5_23.jpg OK
[17:30:10]   下载 image 24/24: 690884f00000000005033ff5_24.jpg OK
[17:30:11]   重复图片 (同 690884f00000000005033ff5_1.jpg): 690884f00000000005033ff5_13.jpg
[17:30:11]   重复图片 (同 690884f00000000005033ff5_2.jpg): 690884f00000000005033ff5_14.jpg
[17:30:11]   重复图片 (同 690884f00000000005033ff5_3.jpg): 690884f00000000005033ff5_15.jpg
[17:30:11]   重复图片 (同 690884f00000000005033ff5_4.jpg): 690884f00000000005033ff5_16.jpg
[17:30:11]   重复图片 (同 690884f00000000005033ff5_5.jpg): 690884f00000000005033ff5_17.jpg
[17:30:11]   重复图片 (同 690884f00000000005033ff5_6.jpg): 690884f00000000005033ff5_18.jpg
[17:30:11]   重复图片 (同 690884f00000000005033ff5_7.jpg): 690884f00000000005033ff5_19.jpg
[17:30:11]   重复图片 (同 690884f00000000005033ff5_8.jpg): 690884f00000000005033ff5_20.jpg
[17:30:11]   重复图片 (同 690884f00000000005033ff5_9.jpg): 690884f00000000005033ff5_21.jpg
[17:30:11]   重复图片 (同 690884f00000000005033ff5_10.jpg): 690884f00000000005033ff5_22.jpg
[17:30:11]   重复图片 (同 690884f00000000005033ff5_11.jpg): 690884f00000000005033ff5_23.jpg
[17:30:11]   重复图片 (同 690884f00000000005033ff5_12.jpg): 690884f00000000005033ff5_24.jpg
[17:30:11]   去重后: 12 张
[17:30:11]   OK -> ❤️如何选婚纱✨教你轻松搞定‼️备婚收藏.md
[17:30:11] [23/100] 备婚攻略|超温馨的试纱小贴士来啦🌠...
