[22:21:33] ============================================================
[22:21:33] 小红书单篇笔记采集 启动
[22:21:33] OPENCLI_CMD: ('node', 'd:\\voice\\opencli-main\\dist\\main.js')
[22:21:33] 输出目录: d:\obsidian\demo\05_long_project\小红书
[22:21:33] ============================================================
[22:21:35] URL: https://www.xiaohongshu.com/explore/69a11850000000001b0178db?xsec_token=ABTfBTF9-eTHEGeUkowMKBXog8Nscv48bi7RRn5VuCRP0=&xsec_source=pc_search&source=web_note_detail_r10
[22:21:35] note_id: 69a11850000000001b0178db
[22:21:35] 获取笔记详情中...
[22:21:47] 标题: 备婚分享｜婚纱试穿租赁小经验
[22:21:47] 下载图片中...
[22:21:48]   下载 image 1/8: 69a11850000000001b0178db_1.jpg OK
[22:21:48]   下载 image 2/8: 69a11850000000001b0178db_2.jpg OK
[22:21:48]   下载 image 3/8: 69a11850000000001b0178db_3.jpg OK
[22:21:48]   下载 image 4/8: 69a11850000000001b0178db_4.jpg OK
[22:21:48]   下载 image 5/8: 69a11850000000001b0178db_5.jpg OK
[22:21:48]   下载 image 6/8: 69a11850000000001b0178db_6.jpg OK
[22:21:48]   下载 image 7/8: 69a11850000000001b0178db_7.jpg OK
[22:21:49]   下载 image 8/8: 69a11850000000001b0178db_8.jpg OK
[22:21:49]   重复图片 (同 69a11850000000001b0178db_1.jpg): 69a11850000000001b0178db_5.jpg
[22:21:49]   重复图片 (同 69a11850000000001b0178db_2.jpg): 69a11850000000001b0178db_6.jpg
[22:21:49]   重复图片 (同 69a11850000000001b0178db_3.jpg): 69a11850000000001b0178db_7.jpg
[22:21:49]   重复图片 (同 69a11850000000001b0178db_4.jpg): 69a11850000000001b0178db_8.jpg
[22:21:49]   去重后: 4 张
[22:21:49] 下载图片: 4 张 (直接下载)
[22:21:49] 已保存: d:\obsidian\demo\05_long_project\小红书\备婚分享｜婚纱试穿租赁小经验.md
[22:21:49] 完成
