[12:43:19] ============================================================
[12:43:19] 小红书点点 AI 批量问答采集 启动
[12:43:19] ============================================================
[12:43:20] 清单文件: d:\obsidian\demo\inbox\问题清单.md
[12:43:20] 共 3 个问题
[12:43:20] 输出目录: d:\obsidian\demo\05_long_project\小红书
[12:43:20] ------------------------------------------------------------
[12:43:20] [1/3] 伴娘伴手礼一般放几样
[12:43:20]   调用 search-ai 中, 请稍候 (约 30-60 秒)...
[12:44:02]   获取到 5 个 section
[12:44:02]   OK -> 伴娘伴手礼一般放几样.md
[12:44:18] [2/3] 伴娘伴手礼一般放哪些东西
[12:44:18]   调用 search-ai 中, 请稍候 (约 30-60 秒)...
[12:44:42]   获取到 7 个 section
[12:44:42]   OK -> 伴娘伴手礼一般放哪些东西.md
[12:44:59] [3/3] 伴娘伴手礼价格多少合适
[12:44:59]   调用 search-ai 中, 请稍候 (约 30-60 秒)...
[12:45:22]   获取到 6 个 section
[12:45:22]   OK -> 伴娘伴手礼价格多少合适.md
[12:45:22] ============================================================
[12:45:22] 批量采集完成: 成功 3/3, 失败 0, 用时 122s
