[08:13:19] === 小红书采集脚本启动 ===
[08:13:23] 开始采集: keyword=婚前试婚纱攻略, limit=10
[08:13:23] 搜索: 婚前试婚纱攻略 (limit=10)
[08:13:40] 搜索到 10 条结果
[08:13:40] [1/10] 备婚必看✨超全试纱攻略｜不踩雷全流程📝...
[08:13:57]   下载 image 1/14: 69d10763000000002200dc46_1.jpg OK
[08:13:58]   下载 image 2/14: 69d10763000000002200dc46_2.jpg OK
[08:13:58]   下载 image 3/14: 69d10763000000002200dc46_3.jpg OK
[08:14:28]   下载 image 4/14 失败: timed out
[08:14:29]   下载 image 5/14: 69d10763000000002200dc46_5.jpg OK
[08:14:30]   下载 image 6/14: 69d10763000000002200dc46_6.jpg OK
[08:14:30]   下载 image 7/14: 69d10763000000002200dc46_7.jpg OK
[08:14:30]   下载 image 8/14: 69d10763000000002200dc46_8.jpg OK
[08:14:30]   下载 image 9/14: 69d10763000000002200dc46_9.jpg OK
[08:14:31]   下载 image 10/14: 69d10763000000002200dc46_10.jpg OK
[08:14:31]   下载 image 11/14: 69d10763000000002200dc46_11.jpg OK
[08:14:31]   下载 image 12/14: 69d10763000000002200dc46_12.jpg OK
[08:14:32]   下载 image 13/14: 69d10763000000002200dc46_13.jpg OK
[08:14:32]   下载 image 14/14: 69d10763000000002200dc46_14.jpg OK
[08:14:32]   重复图片 (同 69d10763000000002200dc46_1.jpg): 69d10763000000002200dc46_8.jpg
[08:14:32]   重复图片 (同 69d10763000000002200dc46_2.jpg): 69d10763000000002200dc46_9.jpg
[08:14:32]   重复图片 (同 69d10763000000002200dc46_3.jpg): 69d10763000000002200dc46_10.jpg
[08:14:32]   重复图片 (同 69d10763000000002200dc46_5.jpg): 69d10763000000002200dc46_12.jpg
[08:14:32]   重复图片 (同 69d10763000000002200dc46_6.jpg): 69d10763000000002200dc46_13.jpg
[08:14:32]   重复图片 (同 69d10763000000002200dc46_7.jpg): 69d10763000000002200dc46_14.jpg
[08:14:32]   尝试 1/3 失败: [WinError 183] 当文件已存在时，无法创建该文件。: 'd:\\obsidian\\demo\\inbox\\附件\\69d10763000000002200dc46\\69d10763000000002200dc46_5.jpg' -> 'd:\\obsidian\\demo\\inbox\\附件\\69d10763000000002200dc46\\69d10763000000002200dc46_4.jpg'
[08:15:08]   下载 image 1/14: 69d10763000000002200dc46_1.jpg OK
[08:15:10]   下载 image 2/14: 69d10763000000002200dc46_2.jpg OK
[08:15:10]   下载 image 3/14: 69d10763000000002200dc46_3.jpg OK
[08:15:10]   下载 image 4/14: 69d10763000000002200dc46_4.jpg OK
[08:15:10]   下载 image 5/14: 69d10763000000002200dc46_5.jpg OK
[08:15:10]   下载 image 6/14: 69d10763000000002200dc46_6.jpg OK
[08:15:10]   下载 image 7/14: 69d10763000000002200dc46_7.jpg OK
[08:15:11]   下载 image 8/14: 69d10763000000002200dc46_8.jpg OK
[08:15:11]   下载 image 9/14: 69d10763000000002200dc46_9.jpg OK
[08:15:11]   下载 image 10/14: 69d10763000000002200dc46_10.jpg OK
[08:15:11]   下载 image 11/14: 69d10763000000002200dc46_11.jpg OK
[08:15:11]   下载 image 12/14: 69d10763000000002200dc46_12.jpg OK
[08:15:12]   下载 image 13/14: 69d10763000000002200dc46_13.jpg OK
[08:15:12]   下载 image 14/14: 69d10763000000002200dc46_14.jpg OK
[08:15:12]   重复图片 (同 69d10763000000002200dc46_1.jpg): 69d10763000000002200dc46_8.jpg
[08:15:12]   重复图片 (同 69d10763000000002200dc46_2.jpg): 69d10763000000002200dc46_9.jpg
[08:15:12]   重复图片 (同 69d10763000000002200dc46_3.jpg): 69d10763000000002200dc46_10.jpg
[08:15:12]   重复图片 (同 69d10763000000002200dc46_4.jpg): 69d10763000000002200dc46_11.jpg
[08:15:12]   重复图片 (同 69d10763000000002200dc46_5.jpg): 69d10763000000002200dc46_12.jpg
[08:15:12]   重复图片 (同 69d10763000000002200dc46_6.jpg): 69d10763000000002200dc46_13.jpg
[08:15:12]   重复图片 (同 69d10763000000002200dc46_7.jpg): 69d10763000000002200dc46_14.jpg
[08:15:12]   去重后: 7 张
[08:15:12]   OK -> 备婚必看✨超全试纱攻略｜不踩雷全流程📝.md
[08:15:12] [2/10] 试婚纱千万别太听店员的…我被坑醒了...
[08:15:36]   下载 image 1/18: 69f1a59d000000003603111f_1.jpg OK
[08:15:36]   下载 image 2/18: 69f1a59d000000003603111f_2.jpg OK
[08:15:37]   下载 image 3/18: 69f1a59d000000003603111f_3.jpg OK
[08:15:37]   下载 image 4/18: 69f1a59d000000003603111f_4.jpg OK
[08:15:37]   下载 image 5/18: 69f1a59d000000003603111f_5.jpg OK
[08:15:37]   下载 image 6/18: 69f1a59d000000003603111f_6.jpg OK
[08:15:38]   下载 image 7/18: 69f1a59d000000003603111f_7.jpg OK
[08:15:38]   下载 image 8/18: 69f1a59d000000003603111f_8.jpg OK
[08:15:40]   下载 image 9/18: 69f1a59d000000003603111f_9.jpg OK
[08:15:40]   下载 image 10/18: 69f1a59d000000003603111f_10.jpg OK
[08:15:41]   下载 image 11/18: 69f1a59d000000003603111f_11.jpg OK
[08:15:41]   下载 image 12/18: 69f1a59d000000003603111f_12.jpg OK
[08:15:42]   下载 image 13/18: 69f1a59d000000003603111f_13.jpg OK
[08:15:42]   下载 image 14/18: 69f1a59d000000003603111f_14.jpg OK
[08:15:42]   下载 image 15/18: 69f1a59d000000003603111f_15.jpg OK
[08:15:42]   下载 image 16/18: 69f1a59d000000003603111f_16.jpg OK
[08:15:43]   下载 image 17/18: 69f1a59d000000003603111f_17.jpg OK
[08:15:43]   下载 image 18/18: 69f1a59d000000003603111f_18.jpg OK
[08:15:43]   重复图片 (同 69f1a59d000000003603111f_1.jpg): 69f1a59d000000003603111f_10.jpg
[08:15:43]   重复图片 (同 69f1a59d000000003603111f_2.jpg): 69f1a59d000000003603111f_11.jpg
[08:15:43]   重复图片 (同 69f1a59d000000003603111f_3.jpg): 69f1a59d000000003603111f_12.jpg
[08:15:43]   重复图片 (同 69f1a59d000000003603111f_4.jpg): 69f1a59d000000003603111f_13.jpg
[08:15:43]   重复图片 (同 69f1a59d000000003603111f_5.jpg): 69f1a59d000000003603111f_14.jpg
[08:15:43]   重复图片 (同 69f1a59d000000003603111f_6.jpg): 69f1a59d000000003603111f_15.jpg
[08:15:43]   重复图片 (同 69f1a59d000000003603111f_7.jpg): 69f1a59d000000003603111f_16.jpg
[08:15:43]   重复图片 (同 69f1a59d000000003603111f_8.jpg): 69f1a59d000000003603111f_17.jpg
[08:15:43]   重复图片 (同 69f1a59d000000003603111f_9.jpg): 69f1a59d000000003603111f_18.jpg
[08:15:43]   去重后: 9 张
[08:15:43]   OK -> 试婚纱千万别太听店员的…我被坑醒了.md
[08:15:43] [3/10] 备婚必看|不同身材选婚纱差别好大❗️...
[08:16:04]   下载 image 1/12: 6a2fc03f000000001700a321_1.jpg OK
[08:16:05]   下载 image 2/12: 6a2fc03f000000001700a321_2.jpg OK
[08:16:05]   下载 image 3/12: 6a2fc03f000000001700a321_3.jpg OK
[08:16:05]   下载 image 4/12: 6a2fc03f000000001700a321_4.jpg OK
[08:16:05]   下载 image 5/12: 6a2fc03f000000001700a321_5.jpg OK
[08:16:06]   下载 image 6/12: 6a2fc03f000000001700a321_6.jpg OK
[08:16:06]   下载 image 7/12: 6a2fc03f000000001700a321_7.jpg OK
[08:16:06]   下载 image 8/12: 6a2fc03f000000001700a321_8.jpg OK
[08:16:06]   下载 image 9/12: 6a2fc03f000000001700a321_9.jpg OK
[08:16:06]   下载 image 10/12: 6a2fc03f000000001700a321_10.jpg OK
[08:16:07]   下载 image 11/12: 6a2fc03f000000001700a321_11.jpg OK
[08:16:07]   下载 image 12/12: 6a2fc03f000000001700a321_12.jpg OK
[08:16:07]   重复图片 (同 6a2fc03f000000001700a321_1.jpg): 6a2fc03f000000001700a321_7.jpg
[08:16:07]   重复图片 (同 6a2fc03f000000001700a321_2.jpg): 6a2fc03f000000001700a321_8.jpg
[08:16:07]   重复图片 (同 6a2fc03f000000001700a321_3.jpg): 6a2fc03f000000001700a321_9.jpg
[08:16:07]   重复图片 (同 6a2fc03f000000001700a321_4.jpg): 6a2fc03f000000001700a321_10.jpg
[08:16:07]   重复图片 (同 6a2fc03f000000001700a321_5.jpg): 6a2fc03f000000001700a321_11.jpg
[08:16:07]   重复图片 (同 6a2fc03f000000001700a321_6.jpg): 6a2fc03f000000001700a321_12.jpg
[08:16:07]   去重后: 6 张
[08:16:07]   OK -> 备婚必看_不同身材选婚纱差别好大❗️.md
[08:16:07] [4/10] 新手拍婚纱照，这几点不看，后悔都来不及...
[08:16:29]   下载 image 1/2: 69ee7a3c000000003700c1c5_1.jpg OK
[08:16:29]   下载 image 2/2: 69ee7a3c000000003700c1c5_2.jpg OK
[08:16:29]   重复图片 (同 69ee7a3c000000003700c1c5_1.jpg): 69ee7a3c000000003700c1c5_2.jpg
[08:16:29]   去重后: 1 张
[08:16:29]   OK -> 新手拍婚纱照，这几点不看，后悔都来不及.md
[08:16:29] [5/10] 【试婚纱注意事项｜避雷避坑TIPS】...
[08:17:06]   note-full 失败: timeout
[08:17:06]   尝试 1/3 失败: note-full 返回空
[08:17:35]   下载 image 1/36: 6891c82c0000000023021077_1.jpg OK
[08:17:36]   下载 image 2/36: 6891c82c0000000023021077_2.jpg OK
[08:18:07]   下载 image 3/36 失败: timed out
[08:18:08]   下载 image 4/36: 6891c82c0000000023021077_4.jpg OK
[08:18:09]   下载 image 5/36: 6891c82c0000000023021077_5.jpg OK
[08:18:10]   下载 image 6/36: 6891c82c0000000023021077_6.jpg OK
[08:18:11]   下载 image 7/36: 6891c82c0000000023021077_7.jpg OK
[08:18:12]   下载 image 8/36: 6891c82c0000000023021077_8.jpg OK
[08:18:13]   下载 image 9/36: 6891c82c0000000023021077_9.jpg OK
[08:18:14]   下载 image 10/36: 6891c82c0000000023021077_10.jpg OK
[08:18:15]   下载 image 11/36: 6891c82c0000000023021077_11.jpg OK
[08:18:16]   下载 image 12/36: 6891c82c0000000023021077_12.jpg OK
[08:18:17]   下载 image 13/36: 6891c82c0000000023021077_13.jpg OK
[08:18:18]   下载 image 14/36: 6891c82c0000000023021077_14.jpg OK
[08:18:19]   下载 image 15/36: 6891c82c0000000023021077_15.jpg OK
[08:18:20]   下载 image 16/36: 6891c82c0000000023021077_16.jpg OK
[08:18:20]   下载 image 17/36: 6891c82c0000000023021077_17.jpg OK
[08:18:20]   下载 image 18/36: 6891c82c0000000023021077_18.jpg OK
[08:18:21]   下载 image 19/36: 6891c82c0000000023021077_19.jpg OK
[08:18:21]   下载 image 20/36: 6891c82c0000000023021077_20.jpg OK
[08:18:22]   下载 image 21/36: 6891c82c0000000023021077_21.jpg OK
[08:18:23]   下载 image 22/36: 6891c82c0000000023021077_22.jpg OK
[08:18:23]   下载 image 23/36: 6891c82c0000000023021077_23.jpg OK
[08:18:24]   下载 image 24/36: 6891c82c0000000023021077_24.jpg OK
[08:18:24]   下载 image 25/36: 6891c82c0000000023021077_25.jpg OK
[08:18:25]   下载 image 26/36: 6891c82c0000000023021077_26.jpg OK
[08:18:25]   下载 image 27/36: 6891c82c0000000023021077_27.jpg OK
[08:18:26]   下载 image 28/36: 6891c82c0000000023021077_28.jpg OK
[08:18:26]   下载 image 29/36: 6891c82c0000000023021077_29.jpg OK
[08:18:26]   下载 image 30/36: 6891c82c0000000023021077_30.jpg OK
[08:18:27]   下载 image 31/36: 6891c82c0000000023021077_31.jpg OK
[08:18:27]   下载 image 32/36: 6891c82c0000000023021077_32.jpg OK
[08:18:28]   下载 image 33/36: 6891c82c0000000023021077_33.jpg OK
[08:18:29]   下载 image 34/36: 6891c82c0000000023021077_34.jpg OK
[08:18:30]   下载 image 35/36: 6891c82c0000000023021077_35.jpg OK
[08:18:30]   下载 image 36/36: 6891c82c0000000023021077_36.jpg OK
[08:18:30]   重复图片 (同 6891c82c0000000023021077_1.jpg): 6891c82c0000000023021077_19.jpg
[08:18:30]   重复图片 (同 6891c82c0000000023021077_2.jpg): 6891c82c0000000023021077_20.jpg
[08:18:30]   重复图片 (同 6891c82c0000000023021077_4.jpg): 6891c82c0000000023021077_22.jpg
[08:18:31]   重复图片 (同 6891c82c0000000023021077_5.jpg): 6891c82c0000000023021077_23.jpg
[08:18:31]   重复图片 (同 6891c82c0000000023021077_6.jpg): 6891c82c0000000023021077_24.jpg
[08:18:31]   重复图片 (同 6891c82c0000000023021077_7.jpg): 6891c82c0000000023021077_25.jpg
[08:18:31]   重复图片 (同 6891c82c0000000023021077_8.jpg): 6891c82c0000000023021077_26.jpg
[08:18:31]   重复图片 (同 6891c82c0000000023021077_9.jpg): 6891c82c0000000023021077_27.jpg
[08:18:31]   重复图片 (同 6891c82c0000000023021077_10.jpg): 6891c82c0000000023021077_28.jpg
[08:18:31]   重复图片 (同 6891c82c0000000023021077_11.jpg): 6891c82c0000000023021077_29.jpg
[08:18:31]   重复图片 (同 6891c82c0000000023021077_12.jpg): 6891c82c0000000023021077_30.jpg
[08:18:31]   重复图片 (同 6891c82c0000000023021077_13.jpg): 6891c82c0000000023021077_31.jpg
[08:18:31]   重复图片 (同 6891c82c0000000023021077_14.jpg): 6891c82c0000000023021077_32.jpg
[08:18:31]   重复图片 (同 6891c82c0000000023021077_15.jpg): 6891c82c0000000023021077_33.jpg
[08:18:31]   重复图片 (同 6891c82c0000000023021077_16.jpg): 6891c82c0000000023021077_34.jpg
[08:18:31]   重复图片 (同 6891c82c0000000023021077_17.jpg): 6891c82c0000000023021077_35.jpg
[08:18:31]   重复图片 (同 6891c82c0000000023021077_18.jpg): 6891c82c0000000023021077_36.jpg
[08:18:31]   尝试 2/3 失败: [WinError 183] 当文件已存在时，无法创建该文件。: 'd:\\obsidian\\demo\\inbox\\附件\\6891c82c0000000023021077\\6891c82c0000000023021077_4.jpg' -> 'd:\\obsidian\\demo\\inbox\\附件\\6891c82c0000000023021077\\6891c82c0000000023021077_3.jpg'
[08:19:09]   note-full 失败: timeout
[08:19:09]   尝试 3/3 失败: note-full 返回空
[08:19:09] [6/10] 试纱踩坑，雷区我都踩过了！！...
[08:19:46]   note-full 失败: timeout
[08:19:46]   尝试 1/3 失败: note-full 返回空
[08:20:12]   下载 image 1/14: 673ac3aa0000000007035bd9_1.jpg OK
[08:20:12]   下载 image 2/14: 673ac3aa0000000007035bd9_2.jpg OK
[08:20:42]   下载 image 3/14 失败: timed out
[08:20:43]   下载 image 4/14: 673ac3aa0000000007035bd9_4.jpg OK
[08:20:43]   下载 image 5/14: 673ac3aa0000000007035bd9_5.jpg OK
[08:20:44]   下载 image 6/14: 673ac3aa0000000007035bd9_6.jpg OK
[08:20:44]   下载 image 7/14: 673ac3aa0000000007035bd9_7.jpg OK
[08:20:44]   下载 image 8/14: 673ac3aa0000000007035bd9_8.jpg OK
[08:20:45]   下载 image 9/14: 673ac3aa0000000007035bd9_9.jpg OK
[08:20:45]   下载 image 10/14: 673ac3aa0000000007035bd9_10.jpg OK
[08:20:45]   下载 image 11/14: 673ac3aa0000000007035bd9_11.jpg OK
[08:20:45]   下载 image 12/14: 673ac3aa0000000007035bd9_12.jpg OK
[08:20:46]   下载 image 13/14: 673ac3aa0000000007035bd9_13.jpg OK
[08:20:46]   下载 image 14/14: 673ac3aa0000000007035bd9_14.jpg OK
[08:20:46]   重复图片 (同 673ac3aa0000000007035bd9_1.jpg): 673ac3aa0000000007035bd9_8.jpg
[08:20:46]   重复图片 (同 673ac3aa0000000007035bd9_2.jpg): 673ac3aa0000000007035bd9_9.jpg
[08:20:46]   重复图片 (同 673ac3aa0000000007035bd9_4.jpg): 673ac3aa0000000007035bd9_11.jpg
[08:20:46]   重复图片 (同 673ac3aa0000000007035bd9_5.jpg): 673ac3aa0000000007035bd9_12.jpg
[08:20:46]   重复图片 (同 673ac3aa0000000007035bd9_6.jpg): 673ac3aa0000000007035bd9_13.jpg
[08:20:46]   重复图片 (同 673ac3aa0000000007035bd9_7.jpg): 673ac3aa0000000007035bd9_14.jpg
[08:20:46]   尝试 2/3 失败: [WinError 183] 当文件已存在时，无法创建该文件。: 'd:\\obsidian\\demo\\inbox\\附件\\673ac3aa0000000007035bd9\\673ac3aa0000000007035bd9_4.jpg' -> 'd:\\obsidian\\demo\\inbox\\附件\\673ac3aa0000000007035bd9\\673ac3aa0000000007035bd9_3.jpg'
[08:21:16]   下载 image 1/14: 673ac3aa0000000007035bd9_1.jpg OK
[08:21:16]   下载 image 2/14: 673ac3aa0000000007035bd9_2.jpg OK
[08:21:17]   下载 image 3/14: 673ac3aa0000000007035bd9_3.jpg OK
[08:21:17]   下载 image 4/14: 673ac3aa0000000007035bd9_4.jpg OK
[08:21:17]   下载 image 5/14: 673ac3aa0000000007035bd9_5.jpg OK
[08:21:18]   下载 image 6/14: 673ac3aa0000000007035bd9_6.jpg OK
[08:21:18]   下载 image 7/14: 673ac3aa0000000007035bd9_7.jpg OK
[08:21:18]   下载 image 8/14: 673ac3aa0000000007035bd9_8.jpg OK
[08:21:19]   下载 image 9/14: 673ac3aa0000000007035bd9_9.jpg OK
[08:21:19]   下载 image 10/14: 673ac3aa0000000007035bd9_10.jpg OK
[08:21:19]   下载 image 11/14: 673ac3aa0000000007035bd9_11.jpg OK
[08:21:19]   下载 image 12/14: 673ac3aa0000000007035bd9_12.jpg OK
[08:21:19]   下载 image 13/14: 673ac3aa0000000007035bd9_13.jpg OK
[08:21:20]   下载 image 14/14: 673ac3aa0000000007035bd9_14.jpg OK
[08:21:20]   重复图片 (同 673ac3aa0000000007035bd9_1.jpg): 673ac3aa0000000007035bd9_8.jpg
[08:21:20]   重复图片 (同 673ac3aa0000000007035bd9_2.jpg): 673ac3aa0000000007035bd9_9.jpg
[08:21:20]   重复图片 (同 673ac3aa0000000007035bd9_3.jpg): 673ac3aa0000000007035bd9_10.jpg
[08:21:20]   重复图片 (同 673ac3aa0000000007035bd9_4.jpg): 673ac3aa0000000007035bd9_11.jpg
[08:21:20]   重复图片 (同 673ac3aa0000000007035bd9_5.jpg): 673ac3aa0000000007035bd9_12.jpg
[08:21:20]   重复图片 (同 673ac3aa0000000007035bd9_6.jpg): 673ac3aa0000000007035bd9_13.jpg
[08:21:20]   重复图片 (同 673ac3aa0000000007035bd9_7.jpg): 673ac3aa0000000007035bd9_14.jpg
[08:21:20]   去重后: 7 张
[08:21:20]   OK -> 试纱踩坑，雷区我都踩过了！！.md
[08:21:20] [7/10] 备婚新娘必看！试纱前一定要留意的6件事...
[08:21:50]   下载 image 1/3: 6a007ee5000000003502fb7e_1.jpg OK
