[09:27:22] === 小红书采集脚本启动 ===
[09:27:36] 开始采集: keyword=租赁婚纱预算, limit=10
[09:27:36] 搜索: 租赁婚纱预算 (limit=10)
[09:27:52] 搜索到 10 条结果
[09:27:52] [1/10] 婚庆避雷填坑指南第十期...
[09:28:03]   下载 image 1/8: 6a5830230000000001030df1_1.jpg OK
[09:28:03]   下载 image 2/8: 6a5830230000000001030df1_2.jpg OK
[09:28:03]   下载 image 3/8: 6a5830230000000001030df1_3.jpg OK
[09:28:04]   下载 image 4/8: 6a5830230000000001030df1_4.jpg OK
[09:28:04]   下载 image 5/8: 6a5830230000000001030df1_5.jpg OK
[09:28:04]   下载 image 6/8: 6a5830230000000001030df1_6.jpg OK
[09:28:04]   下载 image 7/8: 6a5830230000000001030df1_7.jpg OK
[09:28:04]   下载 image 8/8: 6a5830230000000001030df1_8.jpg OK
[09:28:05]   重复图片 (同 6a5830230000000001030df1_1.jpg): 6a5830230000000001030df1_5.jpg
[09:28:05]   重复图片 (同 6a5830230000000001030df1_2.jpg): 6a5830230000000001030df1_6.jpg
[09:28:05]   重复图片 (同 6a5830230000000001030df1_3.jpg): 6a5830230000000001030df1_7.jpg
[09:28:05]   重复图片 (同 6a5830230000000001030df1_4.jpg): 6a5830230000000001030df1_8.jpg
[09:28:05]   去重后: 4 张
[09:28:05]   OK -> 婚庆避雷填坑指南第十期.md
[09:28:05] [2/10] 天津3.5k婚纱租赁体验...
[09:28:24]   下载 image 1/8: 69f74f12000000003601a40f_1.jpg OK
[09:28:24]   下载 image 2/8: 69f74f12000000003601a40f_2.jpg OK
[09:28:24]   下载 image 3/8: 69f74f12000000003601a40f_3.jpg OK
[09:28:25]   下载 image 4/8: 69f74f12000000003601a40f_4.jpg OK
[09:28:25]   下载 image 5/8: 69f74f12000000003601a40f_5.jpg OK
[09:28:25]   下载 image 6/8: 69f74f12000000003601a40f_6.jpg OK
[09:28:25]   下载 image 7/8: 69f74f12000000003601a40f_7.jpg OK
[09:28:25]   下载 image 8/8: 69f74f12000000003601a40f_8.jpg OK
[09:28:26]   重复图片 (同 69f74f12000000003601a40f_1.jpg): 69f74f12000000003601a40f_5.jpg
[09:28:26]   重复图片 (同 69f74f12000000003601a40f_2.jpg): 69f74f12000000003601a40f_6.jpg
[09:28:26]   重复图片 (同 69f74f12000000003601a40f_3.jpg): 69f74f12000000003601a40f_7.jpg
[09:28:26]   重复图片 (同 69f74f12000000003601a40f_4.jpg): 69f74f12000000003601a40f_8.jpg
[09:28:26]   去重后: 4 张
[09:28:26]   OK -> 天津3.5k婚纱租赁体验.md
[09:28:26] [3/10] 10月份婚期进展…...
[09:28:46]   下载 image 1/16: 69d9fe9300000000230127a4_1.jpg OK
[09:28:47]   下载 image 2/16: 69d9fe9300000000230127a4_2.jpg OK
[09:28:47]   下载 image 3/16: 69d9fe9300000000230127a4_3.jpg OK
[09:28:47]   下载 image 4/16: 69d9fe9300000000230127a4_4.jpg OK
[09:28:47]   下载 image 5/16: 69d9fe9300000000230127a4_5.jpg OK
[09:28:48]   下载 image 6/16: 69d9fe9300000000230127a4_6.jpg OK
[09:28:48]   下载 image 7/16: 69d9fe9300000000230127a4_7.jpg OK
[09:28:48]   下载 image 8/16: 69d9fe9300000000230127a4_8.jpg OK
[09:28:49]   下载 image 9/16: 69d9fe9300000000230127a4_9.jpg OK
[09:28:49]   下载 image 10/16: 69d9fe9300000000230127a4_10.jpg OK
[09:28:49]   下载 image 11/16: 69d9fe9300000000230127a4_11.jpg OK
[09:28:49]   下载 image 12/16: 69d9fe9300000000230127a4_12.jpg OK
[09:28:49]   下载 image 13/16: 69d9fe9300000000230127a4_13.jpg OK
[09:28:50]   下载 image 14/16: 69d9fe9300000000230127a4_14.jpg OK
[09:28:51]   下载 image 15/16: 69d9fe9300000000230127a4_15.jpg OK
[09:28:51]   下载 image 16/16: 69d9fe9300000000230127a4_16.jpg OK
[09:28:51]   重复图片 (同 69d9fe9300000000230127a4_1.jpg): 69d9fe9300000000230127a4_9.jpg
[09:28:51]   重复图片 (同 69d9fe9300000000230127a4_2.jpg): 69d9fe9300000000230127a4_10.jpg
[09:28:51]   重复图片 (同 69d9fe9300000000230127a4_3.jpg): 69d9fe9300000000230127a4_11.jpg
[09:28:51]   重复图片 (同 69d9fe9300000000230127a4_4.jpg): 69d9fe9300000000230127a4_12.jpg
[09:28:51]   重复图片 (同 69d9fe9300000000230127a4_5.jpg): 69d9fe9300000000230127a4_13.jpg
[09:28:51]   重复图片 (同 69d9fe9300000000230127a4_6.jpg): 69d9fe9300000000230127a4_14.jpg
[09:28:51]   重复图片 (同 69d9fe9300000000230127a4_7.jpg): 69d9fe9300000000230127a4_15.jpg
[09:28:52]   重复图片 (同 69d9fe9300000000230127a4_8.jpg): 69d9fe9300000000230127a4_16.jpg
[09:28:52]   去重后: 8 张
[09:28:52]   OK -> 10月份婚期进展….md
[09:28:52] [4/10] 普通人婚礼实际预算...
[09:29:13]   下载 image 1/4: 6a3e9a00000000001101b346_1.jpg OK
[09:29:13]   下载 image 2/4: 6a3e9a00000000001101b346_2.jpg OK
[09:29:13]   下载 image 3/4: 6a3e9a00000000001101b346_3.jpg OK
[09:29:13]   下载 image 4/4: 6a3e9a00000000001101b346_4.jpg OK
[09:29:13]   重复图片 (同 6a3e9a00000000001101b346_1.jpg): 6a3e9a00000000001101b346_3.jpg
[09:29:13]   重复图片 (同 6a3e9a00000000001101b346_2.jpg): 6a3e9a00000000001101b346_4.jpg
[09:29:13]   去重后: 2 张
[09:29:13]   OK -> 普通人婚礼实际预算.md
[09:29:13] [5/10] 备婚最大的感受是：被消费主义狠狠裹挟🫧...
[09:29:36]   下载 image 1/6: 69cbab480000000023007274_1.jpg OK
[09:29:36]   下载 image 2/6: 69cbab480000000023007274_2.jpg OK
[09:29:36]   下载 image 3/6: 69cbab480000000023007274_3.jpg OK
[09:29:37]   下载 image 4/6: 69cbab480000000023007274_4.jpg OK
[09:29:37]   下载 image 5/6: 69cbab480000000023007274_5.jpg OK
[09:29:37]   下载 image 6/6: 69cbab480000000023007274_6.jpg OK
[09:29:38]   重复图片 (同 69cbab480000000023007274_1.jpg): 69cbab480000000023007274_4.jpg
[09:29:38]   重复图片 (同 69cbab480000000023007274_2.jpg): 69cbab480000000023007274_5.jpg
[09:29:38]   重复图片 (同 69cbab480000000023007274_3.jpg): 69cbab480000000023007274_6.jpg
[09:29:38]   去重后: 3 张
[09:29:38]   OK -> 备婚最大的感受是：被消费主义狠狠裹挟🫧.md
[09:29:38] [6/10] 盘点㊙️普通人结一次婚，要花多少钱？...
[09:30:04]   下载 image 1/2: 69c7f5c1000000001e00f572_1.jpg OK
[09:30:54]   下载 video 2/2: 69c7f5c1000000001e00f572_2.mp4 OK
[09:30:54]   OK -> 盘点㊙️普通人结一次婚，要花多少钱？.md
[09:30:54] [7/10] 租婚纱还是买婚纱...
[09:31:30]   note-full 失败: timeout
[09:31:30]   尝试 1/3 失败: note-full 返回空
[09:31:59]   下载 image 1/2: 6a3210bd000000000702f30b_1.jpg OK
[09:31:59]   下载 image 2/2: 6a3210bd000000000702f30b_2.jpg OK
[09:31:59]   OK -> 租婚纱还是买婚纱.md
[09:31:59] [8/10] 租婚纱时踩过的坑...
[09:32:24]   下载 image 1/8: 699f12e80000000028021413_1.jpg OK
[09:32:25]   下载 image 2/8: 699f12e80000000028021413_2.jpg OK
[09:32:25]   下载 image 3/8: 699f12e80000000028021413_3.jpg OK
[09:32:26]   下载 image 4/8: 699f12e80000000028021413_4.jpg OK
[09:32:26]   下载 image 5/8: 699f12e80000000028021413_5.jpg OK
[09:32:26]   下载 image 6/8: 699f12e80000000028021413_6.jpg OK
[09:32:27]   下载 image 7/8: 699f12e80000000028021413_7.jpg OK
[09:32:27]   下载 image 8/8: 699f12e80000000028021413_8.jpg OK
[09:32:27]   重复图片 (同 699f12e80000000028021413_2.jpg): 699f12e80000000028021413_6.jpg
[09:32:27]   重复图片 (同 699f12e80000000028021413_3.jpg): 699f12e80000000028021413_7.jpg
[09:32:27]   重复图片 (同 699f12e80000000028021413_4.jpg): 699f12e80000000028021413_8.jpg
[09:32:27]   去重后: 5 张
[09:32:27]   OK -> 租婚纱时踩过的坑.md
[09:32:27] [9/10] 备婚需要花多少钱...
[09:32:53]   下载 image 1/2: 6a3f5af60000000011006a2d_1.jpg OK
[09:32:53]   下载 image 2/2: 6a3f5af60000000011006a2d_2.jpg OK
[09:32:53]   OK -> 备婚需要花多少钱.md
[09:32:53] [10/10] 2027年备婚进度条缓慢推进...
[09:33:19]   下载 image 1/8: 6a426ade000000001603c440_1.jpg OK
[09:33:19]   下载 image 2/8: 6a426ade000000001603c440_2.jpg OK
[09:33:20]   下载 image 3/8: 6a426ade000000001603c440_3.jpg OK
[09:33:20]   下载 image 4/8: 6a426ade000000001603c440_4.jpg OK
[09:33:20]   下载 image 5/8: 6a426ade000000001603c440_5.jpg OK
[09:33:20]   下载 image 6/8: 6a426ade000000001603c440_6.jpg OK
[09:33:21]   下载 image 7/8: 6a426ade000000001603c440_7.jpg OK
[09:33:21]   下载 image 8/8: 6a426ade000000001603c440_8.jpg OK
[09:33:21]   重复图片 (同 6a426ade000000001603c440_2.jpg): 6a426ade000000001603c440_6.jpg
[09:33:21]   重复图片 (同 6a426ade000000001603c440_3.jpg): 6a426ade000000001603c440_7.jpg
[09:33:21]   重复图片 (同 6a426ade000000001603c440_4.jpg): 6a426ade000000001603c440_8.jpg
[09:33:21]   去重后: 5 张
[09:33:21]   OK -> 2027年备婚进度条缓慢推进.md
[09:33:21] === 采集完成: 成功 10/10, 用时 345s ===
[09:33:21] 汇总已追加: d:\obsidian\demo\05_long_project\小红书\_运行日志.md
