[09:08:42] ============================================================
[09:08:42] 小红书单篇笔记采集 启动
[09:08:42] OPENCLI_CMD: ('node', 'd:\\voice\\opencli-main\\dist\\main.js')
[09:08:42] 输出目录: d:\obsidian\demo\05_long_project\小红书
[09:08:42] ============================================================
[09:08:44] URL: https://www.xiaohongshu.com/explore/69db4177000000002301487d?xsec_token=ABQVR1NCdMj7WcATThLaZw3eRVwOAADqvOFHtNd_vrfvk=&xsec_source=pc_search&source=web_explore_feed
[09:08:44] note_id: 69db4177000000002301487d
[09:08:44] 获取笔记详情中...
[09:09:02] 标题: 备婚试妆｜6 组主纱盘发，直接抄作业✨
[09:09:02] 下载图片中...
[09:09:03]   下载 image 1/14: 69db4177000000002301487d_1.jpg OK
[09:09:03]   下载 image 2/14: 69db4177000000002301487d_2.jpg OK
[09:09:03]   下载 image 3/14: 69db4177000000002301487d_3.jpg OK
[09:09:03]   下载 image 4/14: 69db4177000000002301487d_4.jpg OK
[09:09:04]   下载 image 5/14: 69db4177000000002301487d_5.jpg OK
[09:09:04]   下载 image 6/14: 69db4177000000002301487d_6.jpg OK
[09:09:04]   下载 image 7/14: 69db4177000000002301487d_7.jpg OK
[09:09:04]   下载 image 8/14: 69db4177000000002301487d_8.jpg OK
[09:09:04]   下载 image 9/14: 69db4177000000002301487d_9.jpg OK
[09:09:04]   下载 image 10/14: 69db4177000000002301487d_10.jpg OK
[09:09:04]   下载 image 11/14: 69db4177000000002301487d_11.jpg OK
[09:09:04]   下载 image 12/14: 69db4177000000002301487d_12.jpg OK
[09:09:05]   下载 image 13/14: 69db4177000000002301487d_13.jpg OK
[09:09:05]   下载 image 14/14: 69db4177000000002301487d_14.jpg OK
[09:09:05]   重复图片 (同 69db4177000000002301487d_2.jpg): 69db4177000000002301487d_9.jpg
[09:09:05]   重复图片 (同 69db4177000000002301487d_3.jpg): 69db4177000000002301487d_10.jpg
[09:09:05]   重复图片 (同 69db4177000000002301487d_4.jpg): 69db4177000000002301487d_11.jpg
[09:09:05]   重复图片 (同 69db4177000000002301487d_5.jpg): 69db4177000000002301487d_12.jpg
[09:09:05]   重复图片 (同 69db4177000000002301487d_6.jpg): 69db4177000000002301487d_13.jpg
[09:09:05]   重复图片 (同 69db4177000000002301487d_7.jpg): 69db4177000000002301487d_14.jpg
[09:09:05]   去重后: 8 张
[09:09:05] 下载图片: 8 张 (直接下载)
[09:09:05] 已保存: d:\obsidian\demo\05_long_project\小红书\备婚试妆｜6 组主纱盘发，直接抄作业✨.md
[09:09:05] 完成
