[22:21:57] === 小红书采集脚本启动 ===
[22:22:02] 开始采集: keyword=试纱一般需要多久, limit=10
[22:22:02] 搜索: 试纱一般需要多久 (limit=10)
[22:22:11] 搜索到 10 条结果
[22:22:11] [1/10] 试纱3小时！我悟了！选哪个！...
[22:22:30]   下载 image 1/28: 69a6b3a400000000260306a3_1.jpg OK
[22:22:30]   下载 image 2/28: 69a6b3a400000000260306a3_2.jpg OK
[22:22:30]   下载 image 3/28: 69a6b3a400000000260306a3_3.jpg OK
[22:22:30]   下载 image 4/28: 69a6b3a400000000260306a3_4.jpg OK
[22:22:30]   下载 image 5/28: 69a6b3a400000000260306a3_5.jpg OK
[22:22:30]   下载 image 6/28: 69a6b3a400000000260306a3_6.jpg OK
[22:22:30]   下载 image 7/28: 69a6b3a400000000260306a3_7.jpg OK
[22:22:30]   下载 image 8/28: 69a6b3a400000000260306a3_8.jpg OK
[22:22:30]   下载 image 9/28: 69a6b3a400000000260306a3_9.jpg OK
[22:22:31]   下载 image 10/28: 69a6b3a400000000260306a3_10.jpg OK
[22:22:31]   下载 image 11/28: 69a6b3a400000000260306a3_11.jpg OK
[22:22:31]   下载 image 12/28: 69a6b3a400000000260306a3_12.jpg OK
[22:22:31]   下载 image 13/28: 69a6b3a400000000260306a3_13.jpg OK
[22:22:31]   下载 image 14/28: 69a6b3a400000000260306a3_14.jpg OK
[22:22:31]   下载 image 15/28: 69a6b3a400000000260306a3_15.jpg OK
[22:22:31]   下载 image 16/28: 69a6b3a400000000260306a3_16.jpg OK
[22:22:31]   下载 image 17/28: 69a6b3a400000000260306a3_17.jpg OK
[22:22:32]   下载 image 18/28: 69a6b3a400000000260306a3_18.jpg OK
[22:22:32]   下载 image 19/28: 69a6b3a400000000260306a3_19.jpg OK
[22:22:32]   下载 image 20/28: 69a6b3a400000000260306a3_20.jpg OK
[22:22:32]   下载 image 21/28: 69a6b3a400000000260306a3_21.jpg OK
[22:22:32]   下载 image 22/28: 69a6b3a400000000260306a3_22.jpg OK
[22:22:32]   下载 image 23/28: 69a6b3a400000000260306a3_23.jpg OK
[22:22:32]   下载 image 24/28: 69a6b3a400000000260306a3_24.jpg OK
[22:22:32]   下载 image 25/28: 69a6b3a400000000260306a3_25.jpg OK
[22:22:32]   下载 image 26/28: 69a6b3a400000000260306a3_26.jpg OK
[22:22:32]   下载 image 27/28: 69a6b3a400000000260306a3_27.jpg OK
[22:22:32]   下载 image 28/28: 69a6b3a400000000260306a3_28.jpg OK
[22:22:33]   重复图片 (同 69a6b3a400000000260306a3_2.jpg): 69a6b3a400000000260306a3_16.jpg
[22:22:33]   重复图片 (同 69a6b3a400000000260306a3_3.jpg): 69a6b3a400000000260306a3_17.jpg
[22:22:33]   重复图片 (同 69a6b3a400000000260306a3_4.jpg): 69a6b3a400000000260306a3_18.jpg
[22:22:33]   重复图片 (同 69a6b3a400000000260306a3_5.jpg): 69a6b3a400000000260306a3_19.jpg
[22:22:33]   重复图片 (同 69a6b3a400000000260306a3_6.jpg): 69a6b3a400000000260306a3_20.jpg
[22:22:33]   重复图片 (同 69a6b3a400000000260306a3_7.jpg): 69a6b3a400000000260306a3_21.jpg
[22:22:33]   重复图片 (同 69a6b3a400000000260306a3_8.jpg): 69a6b3a400000000260306a3_22.jpg
[22:22:33]   重复图片 (同 69a6b3a400000000260306a3_9.jpg): 69a6b3a400000000260306a3_23.jpg
[22:22:33]   重复图片 (同 69a6b3a400000000260306a3_10.jpg): 69a6b3a400000000260306a3_24.jpg
[22:22:33]   重复图片 (同 69a6b3a400000000260306a3_11.jpg): 69a6b3a400000000260306a3_25.jpg
[22:22:33]   重复图片 (同 69a6b3a400000000260306a3_12.jpg): 69a6b3a400000000260306a3_26.jpg
[22:22:33]   重复图片 (同 69a6b3a400000000260306a3_13.jpg): 69a6b3a400000000260306a3_27.jpg
[22:22:33]   重复图片 (同 69a6b3a400000000260306a3_14.jpg): 69a6b3a400000000260306a3_28.jpg
[22:22:33]   去重后: 15 张
[22:22:33]   OK -> 试纱3小时！我悟了！选哪个！.md
[22:22:33] [2/10] 试婚纱还是一定要带妆啊！...
[22:22:59]   下载 image 1/16: 684692c2000000002300d00c_1.jpg OK
[22:22:59]   下载 image 2/16: 684692c2000000002300d00c_2.jpg OK
[22:22:59]   下载 image 3/16: 684692c2000000002300d00c_3.jpg OK
[22:22:59]   下载 image 4/16: 684692c2000000002300d00c_4.jpg OK
[22:22:59]   下载 image 5/16: 684692c2000000002300d00c_5.jpg OK
[22:22:59]   下载 image 6/16: 684692c2000000002300d00c_6.jpg OK
[22:22:59]   下载 image 7/16: 684692c2000000002300d00c_7.jpg OK
[22:22:59]   下载 image 8/16: 684692c2000000002300d00c_8.jpg OK
[22:22:59]   下载 image 9/16: 684692c2000000002300d00c_9.jpg OK
[22:22:59]   下载 image 10/16: 684692c2000000002300d00c_10.jpg OK
[22:23:00]   下载 image 11/16: 684692c2000000002300d00c_11.jpg OK
[22:23:00]   下载 image 12/16: 684692c2000000002300d00c_12.jpg OK
[22:23:01]   下载 image 13/16: 684692c2000000002300d00c_13.jpg OK
[22:23:01]   下载 image 14/16: 684692c2000000002300d00c_14.jpg OK
[22:23:01]   下载 image 15/16: 684692c2000000002300d00c_15.jpg OK
[22:23:02]   下载 image 16/16: 684692c2000000002300d00c_16.jpg OK
[22:23:02]   重复图片 (同 684692c2000000002300d00c_2.jpg): 684692c2000000002300d00c_10.jpg
[22:23:02]   重复图片 (同 684692c2000000002300d00c_3.jpg): 684692c2000000002300d00c_11.jpg
[22:23:02]   重复图片 (同 684692c2000000002300d00c_4.jpg): 684692c2000000002300d00c_12.jpg
[22:23:02]   重复图片 (同 684692c2000000002300d00c_5.jpg): 684692c2000000002300d00c_13.jpg
[22:23:02]   重复图片 (同 684692c2000000002300d00c_6.jpg): 684692c2000000002300d00c_14.jpg
[22:23:02]   重复图片 (同 684692c2000000002300d00c_7.jpg): 684692c2000000002300d00c_15.jpg
[22:23:02]   重复图片 (同 684692c2000000002300d00c_8.jpg): 684692c2000000002300d00c_16.jpg
[22:23:02]   去重后: 9 张
[22:23:02]   OK -> 试婚纱还是一定要带妆啊！.md
[22:23:02] [3/10] 媳妇试婚纱期间，我要做些啥...
[22:23:28]   下载 image 1/2: 69743bc0000000000d008c9e_1.jpg OK
[22:23:28]   下载 image 2/2: 69743bc0000000000d008c9e_2.jpg OK
[22:23:28]   OK -> 媳妇试婚纱期间，我要做些啥.md
[22:23:28] [4/10] 试纱8小时 累瘫...
[22:23:58]   下载 image 1/22: 685579c70000000022030470_1.jpg OK
[22:23:58]   下载 image 2/22: 685579c70000000022030470_2.jpg OK
[22:23:58]   下载 image 3/22: 685579c70000000022030470_3.jpg OK
[22:23:58]   下载 image 4/22: 685579c70000000022030470_4.jpg OK
[22:23:58]   下载 image 5/22: 685579c70000000022030470_5.jpg OK
[22:23:58]   下载 image 6/22: 685579c70000000022030470_6.jpg OK
[22:23:59]   下载 image 7/22: 685579c70000000022030470_7.jpg OK
[22:23:59]   下载 image 8/22: 685579c70000000022030470_8.jpg OK
[22:23:59]   下载 image 9/22: 685579c70000000022030470_9.jpg OK
[22:24:00]   下载 image 10/22: 685579c70000000022030470_10.jpg OK
[22:24:00]   下载 image 11/22: 685579c70000000022030470_11.jpg OK
[22:24:00]   下载 image 12/22: 685579c70000000022030470_12.jpg OK
[22:24:00]   下载 image 13/22: 685579c70000000022030470_13.jpg OK
[22:24:00]   下载 image 14/22: 685579c70000000022030470_14.jpg OK
[22:24:00]   下载 image 15/22: 685579c70000000022030470_15.jpg OK
[22:24:00]   下载 image 16/22: 685579c70000000022030470_16.jpg OK
[22:24:00]   下载 image 17/22: 685579c70000000022030470_17.jpg OK
[22:24:01]   下载 image 18/22: 685579c70000000022030470_18.jpg OK
[22:24:01]   下载 image 19/22: 685579c70000000022030470_19.jpg OK
[22:24:01]   下载 image 20/22: 685579c70000000022030470_20.jpg OK
[22:24:01]   下载 image 21/22: 685579c70000000022030470_21.jpg OK
[22:24:01]   下载 image 22/22: 685579c70000000022030470_22.jpg OK
[22:24:01]   重复图片 (同 685579c70000000022030470_2.jpg): 685579c70000000022030470_13.jpg
[22:24:01]   重复图片 (同 685579c70000000022030470_3.jpg): 685579c70000000022030470_14.jpg
[22:24:01]   重复图片 (同 685579c70000000022030470_4.jpg): 685579c70000000022030470_15.jpg
[22:24:01]   重复图片 (同 685579c70000000022030470_5.jpg): 685579c70000000022030470_16.jpg
[22:24:02]   重复图片 (同 685579c70000000022030470_6.jpg): 685579c70000000022030470_17.jpg
[22:24:02]   重复图片 (同 685579c70000000022030470_7.jpg): 685579c70000000022030470_18.jpg
[22:24:02]   重复图片 (同 685579c70000000022030470_8.jpg): 685579c70000000022030470_19.jpg
[22:24:02]   重复图片 (同 685579c70000000022030470_9.jpg): 685579c70000000022030470_20.jpg
[22:24:02]   重复图片 (同 685579c70000000022030470_10.jpg): 685579c70000000022030470_21.jpg
[22:24:02]   重复图片 (同 685579c70000000022030470_11.jpg): 685579c70000000022030470_22.jpg
[22:24:02]   去重后: 12 张
[22:24:02]   OK -> 试纱8小时 累瘫.md
[22:24:02] [5/10] 试纱2次全踩雷｜第3次才悟出的8个必问清单...
[22:24:25]   下载 image 1/6: 6a43182c000000001102f947_1.jpg OK
[22:24:25]   下载 image 2/6: 6a43182c000000001102f947_2.jpg OK
[22:24:25]   下载 image 3/6: 6a43182c000000001102f947_3.jpg OK
[22:24:25]   下载 image 4/6: 6a43182c000000001102f947_4.jpg OK
[22:24:25]   下载 image 5/6: 6a43182c000000001102f947_5.jpg OK
[22:24:25]   下载 image 6/6: 6a43182c000000001102f947_6.jpg OK
[22:24:25]   重复图片 (同 6a43182c000000001102f947_2.jpg): 6a43182c000000001102f947_5.jpg
[22:24:25]   重复图片 (同 6a43182c000000001102f947_3.jpg): 6a43182c000000001102f947_6.jpg
[22:24:25]   去重后: 4 张
[22:24:25]   OK -> 试纱2次全踩雷｜第3次才悟出的8个必问清单.md
[22:24:25] [6/10] 【试婚纱注意事项｜避雷避坑TIPS】...
[22:24:53]   下载 image 1/36: 6891c82c0000000023021077_1.jpg OK
[22:24:53]   下载 image 2/36: 6891c82c0000000023021077_2.jpg OK
[22:24:53]   下载 image 3/36: 6891c82c0000000023021077_3.jpg OK
[22:24:53]   下载 image 4/36: 6891c82c0000000023021077_4.jpg OK
[22:24:53]   下载 image 5/36: 6891c82c0000000023021077_5.jpg OK
[22:24:53]   下载 image 6/36: 6891c82c0000000023021077_6.jpg OK
[22:24:54]   下载 image 7/36: 6891c82c0000000023021077_7.jpg OK
[22:24:54]   下载 image 8/36: 6891c82c0000000023021077_8.jpg OK
[22:24:54]   下载 image 9/36: 6891c82c0000000023021077_9.jpg OK
[22:24:54]   下载 image 10/36: 6891c82c0000000023021077_10.jpg OK
[22:24:54]   下载 image 11/36: 6891c82c0000000023021077_11.jpg OK
[22:24:54]   下载 image 12/36: 6891c82c0000000023021077_12.jpg OK
[22:24:54]   下载 image 13/36: 6891c82c0000000023021077_13.jpg OK
[22:24:55]   下载 image 14/36: 6891c82c0000000023021077_14.jpg OK
[22:24:55]   下载 image 15/36: 6891c82c0000000023021077_15.jpg OK
[22:24:55]   下载 image 16/36: 6891c82c0000000023021077_16.jpg OK
[22:24:55]   下载 image 17/36: 6891c82c0000000023021077_17.jpg OK
[22:24:55]   下载 image 18/36: 6891c82c0000000023021077_18.jpg OK
[22:24:55]   下载 image 19/36: 6891c82c0000000023021077_19.jpg OK
[22:24:55]   下载 image 20/36: 6891c82c0000000023021077_20.jpg OK
[22:24:56]   下载 image 21/36: 6891c82c0000000023021077_21.jpg OK
[22:24:56]   下载 image 22/36: 6891c82c0000000023021077_22.jpg OK
[22:24:56]   下载 image 23/36: 6891c82c0000000023021077_23.jpg OK
[22:24:56]   下载 image 24/36: 6891c82c0000000023021077_24.jpg OK
[22:24:56]   下载 image 25/36: 6891c82c0000000023021077_25.jpg OK
[22:24:57]   下载 image 26/36: 6891c82c0000000023021077_26.jpg OK
[22:24:57]   下载 image 27/36: 6891c82c0000000023021077_27.jpg OK
[22:24:57]   下载 image 28/36: 6891c82c0000000023021077_28.jpg OK
[22:24:57]   下载 image 29/36: 6891c82c0000000023021077_29.jpg OK
[22:24:57]   下载 image 30/36: 6891c82c0000000023021077_30.jpg OK
[22:24:58]   下载 image 31/36: 6891c82c0000000023021077_31.jpg OK
[22:24:58]   下载 image 32/36: 6891c82c0000000023021077_32.jpg OK
[22:24:58]   下载 image 33/36: 6891c82c0000000023021077_33.jpg OK
[22:24:58]   下载 image 34/36: 6891c82c0000000023021077_34.jpg OK
[22:24:58]   下载 image 35/36: 6891c82c0000000023021077_35.jpg OK
[22:24:59]   下载 image 36/36: 6891c82c0000000023021077_36.jpg OK
[22:24:59]   重复图片 (同 6891c82c0000000023021077_2.jpg): 6891c82c0000000023021077_20.jpg
[22:24:59]   重复图片 (同 6891c82c0000000023021077_3.jpg): 6891c82c0000000023021077_21.jpg
[22:24:59]   重复图片 (同 6891c82c0000000023021077_4.jpg): 6891c82c0000000023021077_22.jpg
[22:24:59]   重复图片 (同 6891c82c0000000023021077_5.jpg): 6891c82c0000000023021077_23.jpg
[22:24:59]   重复图片 (同 6891c82c0000000023021077_6.jpg): 6891c82c0000000023021077_24.jpg
[22:24:59]   重复图片 (同 6891c82c0000000023021077_7.jpg): 6891c82c0000000023021077_25.jpg
[22:24:59]   重复图片 (同 6891c82c0000000023021077_8.jpg): 6891c82c0000000023021077_26.jpg
[22:24:59]   重复图片 (同 6891c82c0000000023021077_9.jpg): 6891c82c0000000023021077_27.jpg
[22:24:59]   重复图片 (同 6891c82c0000000023021077_10.jpg): 6891c82c0000000023021077_28.jpg
[22:24:59]   重复图片 (同 6891c82c0000000023021077_11.jpg): 6891c82c0000000023021077_29.jpg
[22:25:00]   重复图片 (同 6891c82c0000000023021077_12.jpg): 6891c82c0000000023021077_30.jpg
[22:25:00]   重复图片 (同 6891c82c0000000023021077_13.jpg): 6891c82c0000000023021077_31.jpg
[22:25:00]   重复图片 (同 6891c82c0000000023021077_14.jpg): 6891c82c0000000023021077_32.jpg
[22:25:00]   重复图片 (同 6891c82c0000000023021077_15.jpg): 6891c82c0000000023021077_33.jpg
[22:25:00]   重复图片 (同 6891c82c0000000023021077_16.jpg): 6891c82c0000000023021077_34.jpg
[22:25:00]   重复图片 (同 6891c82c0000000023021077_17.jpg): 6891c82c0000000023021077_35.jpg
[22:25:00]   重复图片 (同 6891c82c0000000023021077_18.jpg): 6891c82c0000000023021077_36.jpg
[22:25:00]   去重后: 19 张
[22:25:00]   OK -> 【试婚纱注意事项｜避雷避坑TIPS】.md
[22:25:00] [7/10] 备婚攻略之《试纱前一定要问清楚的问题》...
[22:25:24]   下载 image 1/10: 69a7b889000000001d0248b5_1.jpg OK
[22:25:24]   下载 image 2/10: 69a7b889000000001d0248b5_2.jpg OK
[22:25:24]   下载 image 3/10: 69a7b889000000001d0248b5_3.jpg OK
[22:25:24]   下载 image 4/10: 69a7b889000000001d0248b5_4.jpg OK
[22:25:24]   下载 image 5/10: 69a7b889000000001d0248b5_5.jpg OK
[22:25:24]   下载 image 6/10: 69a7b889000000001d0248b5_6.jpg OK
[22:25:24]   下载 image 7/10: 69a7b889000000001d0248b5_7.jpg OK
[22:25:24]   下载 image 8/10: 69a7b889000000001d0248b5_8.jpg OK
[22:25:25]   下载 image 9/10: 69a7b889000000001d0248b5_9.jpg OK
[22:25:25]   下载 image 10/10: 69a7b889000000001d0248b5_10.jpg OK
[22:25:25]   重复图片 (同 69a7b889000000001d0248b5_2.jpg): 69a7b889000000001d0248b5_7.jpg
[22:25:25]   重复图片 (同 69a7b889000000001d0248b5_3.jpg): 69a7b889000000001d0248b5_8.jpg
[22:25:25]   重复图片 (同 69a7b889000000001d0248b5_4.jpg): 69a7b889000000001d0248b5_9.jpg
[22:25:25]   重复图片 (同 69a7b889000000001d0248b5_5.jpg): 69a7b889000000001d0248b5_10.jpg
[22:25:25]   去重后: 6 张
[22:25:25]   OK -> 备婚攻略之《试纱前一定要问清楚的问题》_69a7b889000000001d0248b5.md
[22:25:25] [8/10] 主纱～...
[22:25:50]   下载 image 1/14: 68b65eb7000000001b01eaec_1.jpg OK
[22:25:50]   下载 image 2/14: 68b65eb7000000001b01eaec_2.jpg OK
[22:25:50]   下载 image 3/14: 68b65eb7000000001b01eaec_3.jpg OK
[22:25:50]   下载 image 4/14: 68b65eb7000000001b01eaec_4.jpg OK
[22:25:51]   下载 image 5/14: 68b65eb7000000001b01eaec_5.jpg OK
[22:25:51]   下载 image 6/14: 68b65eb7000000001b01eaec_6.jpg OK
[22:25:51]   下载 image 7/14: 68b65eb7000000001b01eaec_7.jpg OK
[22:25:51]   下载 image 8/14: 68b65eb7000000001b01eaec_8.jpg OK
[22:25:51]   下载 image 9/14: 68b65eb7000000001b01eaec_9.jpg OK
[22:25:51]   下载 image 10/14: 68b65eb7000000001b01eaec_10.jpg OK
[22:25:51]   下载 image 11/14: 68b65eb7000000001b01eaec_11.jpg OK
[22:25:51]   下载 image 12/14: 68b65eb7000000001b01eaec_12.jpg OK
[22:25:51]   下载 image 13/14: 68b65eb7000000001b01eaec_13.jpg OK
[22:25:51]   下载 image 14/14: 68b65eb7000000001b01eaec_14.jpg OK
[22:25:52]   重复图片 (同 68b65eb7000000001b01eaec_2.jpg): 68b65eb7000000001b01eaec_9.jpg
[22:25:52]   重复图片 (同 68b65eb7000000001b01eaec_3.jpg): 68b65eb7000000001b01eaec_10.jpg
[22:25:52]   重复图片 (同 68b65eb7000000001b01eaec_4.jpg): 68b65eb7000000001b01eaec_11.jpg
[22:25:52]   重复图片 (同 68b65eb7000000001b01eaec_5.jpg): 68b65eb7000000001b01eaec_12.jpg
[22:25:52]   重复图片 (同 68b65eb7000000001b01eaec_6.jpg): 68b65eb7000000001b01eaec_13.jpg
[22:25:52]   重复图片 (同 68b65eb7000000001b01eaec_7.jpg): 68b65eb7000000001b01eaec_14.jpg
[22:25:52]   去重后: 8 张
[22:25:52]   OK -> 主纱～.md
[22:25:52] [9/10] 第一次试纱建议...
[22:26:14]   下载 image 1/2: 69f0a1060000000020038eb5_1.jpg OK
[22:26:14]   下载 image 2/2: 69f0a1060000000020038eb5_2.jpg OK
[22:26:14]   OK -> 第一次试纱建议.md
[22:26:14] [10/10] 第一次试纱的姐妹，求求你们看完再去😭...
[22:26:37]   下载 image 1/2: 6a56420b000000000f0293b2_1.jpg OK
[22:26:38]   下载 image 2/2: 6a56420b000000000f0293b2_2.jpg OK
[22:26:38]   OK -> 第一次试纱的姐妹，求求你们看完再去😭.md
[22:26:38] === 采集完成: 成功 10/10, 用时 276s ===
[22:26:38] 汇总已追加: d:\obsidian\demo\05_long_project\小红书\_运行日志.md
