[22:31:30] === 小红书采集脚本启动 ===
[22:31:47] 开始采集: keyword=异地租纱攻略怎么租, limit=10
[22:31:47] 搜索: 异地租纱攻略怎么租 (limit=10)
[22:32:03] 搜索到 10 条结果
[22:32:03] [1/10] ♥️备婚攻略｜异地租纱全攻略，花小钱办大事🆗...
[22:32:16]   下载 image 1/8: 6a07d098000000000702c8f2_1.jpg OK
[22:32:16]   下载 image 2/8: 6a07d098000000000702c8f2_2.jpg OK
[22:32:16]   下载 image 3/8: 6a07d098000000000702c8f2_3.jpg OK
[22:32:17]   下载 image 4/8: 6a07d098000000000702c8f2_4.jpg OK
[22:32:17]   下载 image 5/8: 6a07d098000000000702c8f2_5.jpg OK
[22:32:17]   下载 image 6/8: 6a07d098000000000702c8f2_6.jpg OK
[22:32:17]   下载 image 7/8: 6a07d098000000000702c8f2_7.jpg OK
[22:32:17]   下载 image 8/8: 6a07d098000000000702c8f2_8.jpg OK
[22:32:17]   重复图片 (同 6a07d098000000000702c8f2_1.jpg): 6a07d098000000000702c8f2_5.jpg
[22:32:17]   重复图片 (同 6a07d098000000000702c8f2_2.jpg): 6a07d098000000000702c8f2_6.jpg
[22:32:17]   重复图片 (同 6a07d098000000000702c8f2_3.jpg): 6a07d098000000000702c8f2_7.jpg
[22:32:17]   重复图片 (同 6a07d098000000000702c8f2_4.jpg): 6a07d098000000000702c8f2_8.jpg
[22:32:17]   去重后: 4 张
[22:32:17]   OK -> ♥️备婚攻略｜异地租纱全攻略，花小钱办大事🆗.md
[22:32:17] [2/10] 分享一个异地办答谢宴，没时间试纱的好方法...
[22:32:37]   下载 image 1/6: 68e5ef590000000004020673_1.jpg OK
[22:32:37]   下载 image 2/6: 68e5ef590000000004020673_2.jpg OK
[22:32:37]   下载 image 3/6: 68e5ef590000000004020673_3.jpg OK
[22:32:37]   下载 image 4/6: 68e5ef590000000004020673_4.jpg OK
[22:32:37]   下载 image 5/6: 68e5ef590000000004020673_5.jpg OK
[22:32:37]   下载 image 6/6: 68e5ef590000000004020673_6.jpg OK
[22:32:37]   重复图片 (同 68e5ef590000000004020673_1.jpg): 68e5ef590000000004020673_4.jpg
[22:32:37]   重复图片 (同 68e5ef590000000004020673_2.jpg): 68e5ef590000000004020673_5.jpg
[22:32:37]   重复图片 (同 68e5ef590000000004020673_3.jpg): 68e5ef590000000004020673_6.jpg
[22:32:37]   去重后: 3 张
[22:32:37]   OK -> 分享一个异地办答谢宴，没时间试纱的好方法.md
[22:32:37] [3/10] 异地租婚纱一点都不麻烦！👰看完我的就会啦...
[22:32:57]   下载 image 1/18: 65d32df60000000007026e80_1.jpg OK
[22:32:57]   下载 image 2/18: 65d32df60000000007026e80_2.jpg OK
[22:32:58]   下载 image 3/18: 65d32df60000000007026e80_3.jpg OK
[22:32:58]   下载 image 4/18: 65d32df60000000007026e80_4.jpg OK
[22:32:58]   下载 image 5/18: 65d32df60000000007026e80_5.jpg OK
[22:32:58]   下载 image 6/18: 65d32df60000000007026e80_6.jpg OK
[22:32:58]   下载 image 7/18: 65d32df60000000007026e80_7.jpg OK
[22:32:59]   下载 image 8/18: 65d32df60000000007026e80_8.jpg OK
[22:33:00]   下载 image 9/18: 65d32df60000000007026e80_9.jpg OK
[22:33:00]   下载 image 10/18: 65d32df60000000007026e80_10.jpg OK
[22:33:00]   下载 image 11/18: 65d32df60000000007026e80_11.jpg OK
[22:33:00]   下载 image 12/18: 65d32df60000000007026e80_12.jpg OK
[22:33:00]   下载 image 13/18: 65d32df60000000007026e80_13.jpg OK
[22:33:01]   下载 image 14/18: 65d32df60000000007026e80_14.jpg OK
[22:33:01]   下载 image 15/18: 65d32df60000000007026e80_15.jpg OK
[22:33:01]   下载 image 16/18: 65d32df60000000007026e80_16.jpg OK
[22:33:01]   下载 image 17/18: 65d32df60000000007026e80_17.jpg OK
[22:33:02]   下载 image 18/18: 65d32df60000000007026e80_18.jpg OK
[22:33:02]   重复图片 (同 65d32df60000000007026e80_1.jpg): 65d32df60000000007026e80_10.jpg
[22:33:02]   重复图片 (同 65d32df60000000007026e80_2.jpg): 65d32df60000000007026e80_11.jpg
[22:33:02]   重复图片 (同 65d32df60000000007026e80_3.jpg): 65d32df60000000007026e80_12.jpg
[22:33:02]   重复图片 (同 65d32df60000000007026e80_4.jpg): 65d32df60000000007026e80_13.jpg
[22:33:02]   重复图片 (同 65d32df60000000007026e80_5.jpg): 65d32df60000000007026e80_14.jpg
[22:33:02]   重复图片 (同 65d32df60000000007026e80_6.jpg): 65d32df60000000007026e80_15.jpg
[22:33:02]   重复图片 (同 65d32df60000000007026e80_7.jpg): 65d32df60000000007026e80_16.jpg
[22:33:02]   重复图片 (同 65d32df60000000007026e80_8.jpg): 65d32df60000000007026e80_17.jpg
[22:33:02]   重复图片 (同 65d32df60000000007026e80_9.jpg): 65d32df60000000007026e80_18.jpg
[22:33:02]   去重后: 9 张
[22:33:02]   OK -> 异地租婚纱一点都不麻烦！👰看完我的就会啦.md
[22:33:02] [4/10] 备婚分享｜婚纱试穿租赁小经验...
[22:33:29]   下载 image 1/8: 69a11850000000001b0178db_1.jpg OK
[22:33:29]   下载 image 2/8: 69a11850000000001b0178db_2.jpg OK
[22:33:29]   下载 image 3/8: 69a11850000000001b0178db_3.jpg OK
[22:33:29]   下载 image 4/8: 69a11850000000001b0178db_4.jpg OK
[22:33:29]   下载 image 5/8: 69a11850000000001b0178db_5.jpg OK
[22:33:29]   下载 image 6/8: 69a11850000000001b0178db_6.jpg OK
[22:33:29]   下载 image 7/8: 69a11850000000001b0178db_7.jpg OK
[22:33:29]   下载 image 8/8: 69a11850000000001b0178db_8.jpg OK
[22:33:29]   重复图片 (同 69a11850000000001b0178db_2.jpg): 69a11850000000001b0178db_6.jpg
[22:33:29]   重复图片 (同 69a11850000000001b0178db_3.jpg): 69a11850000000001b0178db_7.jpg
[22:33:29]   重复图片 (同 69a11850000000001b0178db_4.jpg): 69a11850000000001b0178db_8.jpg
[22:33:29]   去重后: 5 张
[22:33:29]   OK -> 备婚分享｜婚纱试穿租赁小经验_69a11850000000001b0178db.md
[22:33:29] [5/10] 异地租赁婚纱不能回避的现实问题&亲身教训...
[22:33:51]   下载 image 1/8: 68e1f37b00000000040218bb_1.jpg OK
[22:33:51]   下载 image 2/8: 68e1f37b00000000040218bb_2.jpg OK
[22:33:51]   下载 image 3/8: 68e1f37b00000000040218bb_3.jpg OK
[22:33:51]   下载 image 4/8: 68e1f37b00000000040218bb_4.jpg OK
[22:33:51]   下载 image 5/8: 68e1f37b00000000040218bb_5.jpg OK
[22:33:51]   下载 image 6/8: 68e1f37b00000000040218bb_6.jpg OK
[22:33:51]   下载 image 7/8: 68e1f37b00000000040218bb_7.jpg OK
[22:33:52]   下载 image 8/8: 68e1f37b00000000040218bb_8.jpg OK
[22:33:52]   重复图片 (同 68e1f37b00000000040218bb_2.jpg): 68e1f37b00000000040218bb_6.jpg
[22:33:52]   重复图片 (同 68e1f37b00000000040218bb_3.jpg): 68e1f37b00000000040218bb_7.jpg
[22:33:52]   重复图片 (同 68e1f37b00000000040218bb_4.jpg): 68e1f37b00000000040218bb_8.jpg
[22:33:52]   去重后: 5 张
[22:33:52]   OK -> 异地租赁婚纱不能回避的现实问题&亲身教训.md
[22:33:52] [6/10] 婚礼前3天才回老家，异地怎么租婚纱？...
[22:34:14]   下载 image 1/2: 6a4b29cf0000000021017d17_1.jpg OK
[22:34:46]   下载 video 2/2 失败: timed out
[22:34:46]   OK -> 婚礼前3天才回老家，异地怎么租婚纱？.md
[22:34:46] [7/10] 备婚攻略之《试纱前一定要问清楚的问题》...
[22:35:10]   下载 image 1/10: 69a7b889000000001d0248b5_1.jpg OK
[22:35:11]   下载 image 2/10: 69a7b889000000001d0248b5_2.jpg OK
[22:35:11]   下载 image 3/10: 69a7b889000000001d0248b5_3.jpg OK
[22:35:13]   下载 image 4/10: 69a7b889000000001d0248b5_4.jpg OK
[22:35:13]   下载 image 5/10: 69a7b889000000001d0248b5_5.jpg OK
[22:35:13]   下载 image 6/10: 69a7b889000000001d0248b5_6.jpg OK
[22:35:14]   下载 image 7/10: 69a7b889000000001d0248b5_7.jpg OK
[22:35:14]   下载 image 8/10: 69a7b889000000001d0248b5_8.jpg OK
[22:35:14]   下载 image 9/10: 69a7b889000000001d0248b5_9.jpg OK
[22:35:14]   下载 image 10/10: 69a7b889000000001d0248b5_10.jpg OK
[22:35:14]   重复图片 (同 69a7b889000000001d0248b5_1.jpg): 69a7b889000000001d0248b5_6.jpg
[22:35:14]   重复图片 (同 69a7b889000000001d0248b5_2.jpg): 69a7b889000000001d0248b5_7.jpg
[22:35:14]   重复图片 (同 69a7b889000000001d0248b5_3.jpg): 69a7b889000000001d0248b5_8.jpg
[22:35:14]   重复图片 (同 69a7b889000000001d0248b5_4.jpg): 69a7b889000000001d0248b5_9.jpg
[22:35:14]   重复图片 (同 69a7b889000000001d0248b5_5.jpg): 69a7b889000000001d0248b5_10.jpg
[22:35:14]   去重后: 5 张
[22:35:14]   OK -> 备婚攻略之《试纱前一定要问清楚的问题》_69a7b889000000001d0248b5.md
[22:35:14] [8/10] 分享一个租婚纱新思路...
[22:35:36]   下载 image 1/2: 68e63efe0000000003020704_1.jpg OK
[22:35:37]   下载 image 2/2: 68e63efe0000000003020704_2.jpg OK
[22:35:37]   重复图片 (同 68e63efe0000000003020704_1.jpg): 68e63efe0000000003020704_2.jpg
[22:35:37]   去重后: 1 张
[22:35:37]   OK -> 分享一个租婚纱新思路.md
[22:35:37] [9/10] 异地高效备婚❤️仅用一天定下婚礼三件套✌️...
[22:36:00]   下载 image 1/4: 67aad005000000001902c1ba_1.jpg OK
[22:36:00]   下载 image 2/4: 67aad005000000001902c1ba_2.jpg OK
[22:36:00]   下载 image 3/4: 67aad005000000001902c1ba_3.jpg OK
[22:36:00]   下载 image 4/4: 67aad005000000001902c1ba_4.jpg OK
[22:36:00]   重复图片 (同 67aad005000000001902c1ba_2.jpg): 67aad005000000001902c1ba_4.jpg
[22:36:00]   去重后: 3 张
[22:36:00]   OK -> 异地高效备婚❤️仅用一天定下婚礼三件套✌️.md
[22:36:00] [10/10] 备婚日记4️⃣ 租婚纱的注意事项📋...
[22:36:27]   下载 image 1/8: 68b93e88000000001b022451_1.jpg OK
[22:36:27]   下载 image 2/8: 68b93e88000000001b022451_2.jpg OK
[22:36:27]   下载 image 3/8: 68b93e88000000001b022451_3.jpg OK
[22:36:28]   下载 image 4/8: 68b93e88000000001b022451_4.jpg OK
[22:36:28]   下载 image 5/8: 68b93e88000000001b022451_5.jpg OK
[22:36:28]   下载 image 6/8: 68b93e88000000001b022451_6.jpg OK
[22:36:28]   下载 image 7/8: 68b93e88000000001b022451_7.jpg OK
[22:36:28]   下载 image 8/8: 68b93e88000000001b022451_8.jpg OK
[22:36:28]   重复图片 (同 68b93e88000000001b022451_2.jpg): 68b93e88000000001b022451_6.jpg
[22:36:28]   重复图片 (同 68b93e88000000001b022451_3.jpg): 68b93e88000000001b022451_7.jpg
[22:36:28]   重复图片 (同 68b93e88000000001b022451_4.jpg): 68b93e88000000001b022451_8.jpg
[22:36:28]   去重后: 5 张
[22:36:28]   OK -> 备婚日记4️⃣ 租婚纱的注意事项📋.md
[22:36:28] === 采集完成: 成功 10/10, 用时 282s ===
[22:36:28] 汇总已追加: d:\obsidian\demo\05_long_project\小红书\_运行日志.md
