[07:54:42] === 小红书采集脚本启动 ===
[07:54:48] 开始采集: keyword=婚前多久试婚纱？, limit=10
[07:54:48] 搜索: 婚前多久试婚纱？ (limit=10)
[07:55:07] 搜索到 10 条结果
[07:55:07] [1/10] 2026备婚不吵架｜和爱的人一 起...
[07:55:27]   下载 image 1/14: 6a4f0264000000001503efca_1.jpg OK
[07:55:27]   下载 image 2/14: 6a4f0264000000001503efca_2.jpg OK
[07:55:28]   下载 image 3/14: 6a4f0264000000001503efca_3.jpg OK
[07:55:28]   下载 image 4/14: 6a4f0264000000001503efca_4.jpg OK
[07:55:28]   下载 image 5/14: 6a4f0264000000001503efca_5.jpg OK
[07:55:28]   下载 image 6/14: 6a4f0264000000001503efca_6.jpg OK
[07:55:28]   下载 image 7/14: 6a4f0264000000001503efca_7.jpg OK
[07:55:28]   下载 image 8/14: 6a4f0264000000001503efca_8.jpg OK
[07:55:29]   下载 image 9/14: 6a4f0264000000001503efca_9.jpg OK
[07:55:29]   下载 image 10/14: 6a4f0264000000001503efca_10.jpg OK
[07:55:29]   下载 image 11/14: 6a4f0264000000001503efca_11.jpg OK
[07:55:29]   下载 image 12/14: 6a4f0264000000001503efca_12.jpg OK
[07:55:29]   下载 image 13/14: 6a4f0264000000001503efca_13.jpg OK
[07:55:29]   下载 image 14/14: 6a4f0264000000001503efca_14.jpg OK
[07:55:29]   重复图片 (同 6a4f0264000000001503efca_1.jpg): 6a4f0264000000001503efca_8.jpg
[07:55:29]   重复图片 (同 6a4f0264000000001503efca_2.jpg): 6a4f0264000000001503efca_9.jpg
[07:55:30]   重复图片 (同 6a4f0264000000001503efca_3.jpg): 6a4f0264000000001503efca_10.jpg
[07:55:30]   重复图片 (同 6a4f0264000000001503efca_4.jpg): 6a4f0264000000001503efca_11.jpg
[07:55:30]   重复图片 (同 6a4f0264000000001503efca_5.jpg): 6a4f0264000000001503efca_12.jpg
[07:55:30]   重复图片 (同 6a4f0264000000001503efca_6.jpg): 6a4f0264000000001503efca_13.jpg
[07:55:30]   重复图片 (同 6a4f0264000000001503efca_7.jpg): 6a4f0264000000001503efca_14.jpg
[07:55:30]   去重后: 7 张
[07:55:30]   OK -> 2026备婚不吵架｜和爱的人一 起.md
[07:55:30] [2/10] 大家是提前多久试纱呀...
[07:55:54]   下载 image 1/2: 69bcb1240000000023020e14_1.jpg OK
[07:55:54]   下载 image 2/2: 69bcb1240000000023020e14_2.jpg OK
[07:55:54]   重复图片 (同 69bcb1240000000023020e14_1.jpg): 69bcb1240000000023020e14_2.jpg
[07:55:54]   去重后: 1 张
[07:55:54]   OK -> 大家是提前多久试纱呀.md
[07:55:54] [3/10] 备婚攻略之《试纱前一定要问清楚的问题》...
[07:56:16]   下载 image 1/10: 69a7b889000000001d0248b5_1.jpg OK
[07:56:16]   下载 image 2/10: 69a7b889000000001d0248b5_2.jpg OK
[07:56:16]   下载 image 3/10: 69a7b889000000001d0248b5_3.jpg OK
[07:56:16]   下载 image 4/10: 69a7b889000000001d0248b5_4.jpg OK
[07:56:16]   下载 image 5/10: 69a7b889000000001d0248b5_5.jpg OK
[07:56:17]   下载 image 6/10: 69a7b889000000001d0248b5_6.jpg OK
[07:56:17]   下载 image 7/10: 69a7b889000000001d0248b5_7.jpg OK
[07:56:17]   下载 image 8/10: 69a7b889000000001d0248b5_8.jpg OK
[07:56:17]   下载 image 9/10: 69a7b889000000001d0248b5_9.jpg OK
[07:56:17]   下载 image 10/10: 69a7b889000000001d0248b5_10.jpg OK
[07:56:17]   重复图片 (同 69a7b889000000001d0248b5_1.jpg): 69a7b889000000001d0248b5_6.jpg
[07:56:17]   重复图片 (同 69a7b889000000001d0248b5_2.jpg): 69a7b889000000001d0248b5_7.jpg
[07:56:18]   重复图片 (同 69a7b889000000001d0248b5_3.jpg): 69a7b889000000001d0248b5_8.jpg
[07:56:18]   重复图片 (同 69a7b889000000001d0248b5_4.jpg): 69a7b889000000001d0248b5_9.jpg
[07:56:18]   重复图片 (同 69a7b889000000001d0248b5_5.jpg): 69a7b889000000001d0248b5_10.jpg
[07:56:18]   去重后: 5 张
[07:56:18]   OK -> 备婚攻略之《试纱前一定要问清楚的问题》.md
[07:56:18] [4/10] 姑奶奶差点漏掉超多事！...
[07:56:38]   下载 image 1/2: 6a50af070000000007010c4f_1.jpg OK
[07:56:38]   下载 image 2/2: 6a50af070000000007010c4f_2.jpg OK
[07:56:38]   重复图片 (同 6a50af070000000007010c4f_1.jpg): 6a50af070000000007010c4f_2.jpg
[07:56:38]   去重后: 1 张
[07:56:38]   OK -> 姑奶奶差点漏掉超多事！.md
[07:56:38] [5/10] 明年结婚的，闭眼抄！（备婚流程90天足够了）...
[07:56:59]   下载 image 1/2: 68e6a88b000000000400111e_1.jpg OK
[07:57:00]   下载 image 2/2: 68e6a88b000000000400111e_2.jpg OK
[07:57:00]   重复图片 (同 68e6a88b000000000400111e_1.jpg): 68e6a88b000000000400111e_2.jpg
[07:57:00]   去重后: 1 张
[07:57:00]   OK -> 明年结婚的，闭眼抄！（备婚流程90天足够了）.md
[07:57:00] [6/10] 同一件婚纱减肥10斤前🆚后试穿对比...
[07:57:24]   下载 image 1/8: 67fdc53a000000001b024e9e_1.jpg OK
[07:57:24]   下载 image 2/8: 67fdc53a000000001b024e9e_2.jpg OK
[07:57:24]   下载 image 3/8: 67fdc53a000000001b024e9e_3.jpg OK
[07:57:24]   下载 image 4/8: 67fdc53a000000001b024e9e_4.jpg OK
[07:57:25]   下载 image 5/8: 67fdc53a000000001b024e9e_5.jpg OK
[07:57:25]   下载 image 6/8: 67fdc53a000000001b024e9e_6.jpg OK
[07:57:25]   下载 image 7/8: 67fdc53a000000001b024e9e_7.jpg OK
[07:57:25]   下载 image 8/8: 67fdc53a000000001b024e9e_8.jpg OK
[07:57:25]   重复图片 (同 67fdc53a000000001b024e9e_1.jpg): 67fdc53a000000001b024e9e_5.jpg
[07:57:25]   重复图片 (同 67fdc53a000000001b024e9e_2.jpg): 67fdc53a000000001b024e9e_6.jpg
[07:57:25]   重复图片 (同 67fdc53a000000001b024e9e_3.jpg): 67fdc53a000000001b024e9e_7.jpg
[07:57:25]   重复图片 (同 67fdc53a000000001b024e9e_4.jpg): 67fdc53a000000001b024e9e_8.jpg
[07:57:25]   去重后: 4 张
[07:57:25]   OK -> 同一件婚纱减肥10斤前🆚后试穿对比.md
[07:57:25] [7/10] 备婚千万不要太早试纱，二试全部换光...
[07:57:49]   下载 image 1/12: 6967a342000000000903b93c_1.jpg OK
[07:57:49]   下载 image 2/12: 6967a342000000000903b93c_2.jpg OK
[07:57:49]   下载 image 3/12: 6967a342000000000903b93c_3.jpg OK
[07:57:49]   下载 image 4/12: 6967a342000000000903b93c_4.jpg OK
[07:57:49]   下载 image 5/12: 6967a342000000000903b93c_5.jpg OK
[07:57:49]   下载 image 6/12: 6967a342000000000903b93c_6.jpg OK
[07:57:50]   下载 image 7/12: 6967a342000000000903b93c_7.jpg OK
[07:57:50]   下载 image 8/12: 6967a342000000000903b93c_8.jpg OK
[07:57:51]   下载 image 9/12: 6967a342000000000903b93c_9.jpg OK
[07:57:51]   下载 image 10/12: 6967a342000000000903b93c_10.jpg OK
[07:57:51]   下载 image 11/12: 6967a342000000000903b93c_11.jpg OK
[07:57:51]   下载 image 12/12: 6967a342000000000903b93c_12.jpg OK
[07:57:51]   重复图片 (同 6967a342000000000903b93c_1.jpg): 6967a342000000000903b93c_7.jpg
[07:57:51]   重复图片 (同 6967a342000000000903b93c_2.jpg): 6967a342000000000903b93c_8.jpg
[07:57:51]   重复图片 (同 6967a342000000000903b93c_3.jpg): 6967a342000000000903b93c_9.jpg
[07:57:51]   重复图片 (同 6967a342000000000903b93c_4.jpg): 6967a342000000000903b93c_10.jpg
[07:57:51]   重复图片 (同 6967a342000000000903b93c_5.jpg): 6967a342000000000903b93c_11.jpg
[07:57:51]   重复图片 (同 6967a342000000000903b93c_6.jpg): 6967a342000000000903b93c_12.jpg
[07:57:51]   去重后: 6 张
[07:57:51]   OK -> 备婚千万不要太早试纱，二试全部换光.md
[07:57:51] [8/10] 试纱日记📔婚前15天极限选婚纱...
[07:58:14]   下载 image 1/36: 694242b3000000001b024bf1_1.jpg OK
[07:58:14]   下载 image 2/36: 694242b3000000001b024bf1_2.jpg OK
[07:58:14]   下载 image 3/36: 694242b3000000001b024bf1_3.jpg OK
[07:58:15]   下载 image 4/36: 694242b3000000001b024bf1_4.jpg OK
[07:58:15]   下载 image 5/36: 694242b3000000001b024bf1_5.jpg OK
[07:58:15]   下载 image 6/36: 694242b3000000001b024bf1_6.jpg OK
[07:58:15]   下载 image 7/36: 694242b3000000001b024bf1_7.jpg OK
[07:58:15]   下载 image 8/36: 694242b3000000001b024bf1_8.jpg OK
[07:58:16]   下载 image 9/36: 694242b3000000001b024bf1_9.jpg OK
[07:58:16]   下载 image 10/36: 694242b3000000001b024bf1_10.jpg OK
[07:58:17]   下载 image 11/36: 694242b3000000001b024bf1_11.jpg OK
[07:58:19]   下载 image 12/36: 694242b3000000001b024bf1_12.jpg OK
[07:58:20]   下载 image 13/36: 694242b3000000001b024bf1_13.jpg OK
[07:58:20]   下载 image 14/36: 694242b3000000001b024bf1_14.jpg OK
[07:58:21]   下载 image 15/36: 694242b3000000001b024bf1_15.jpg OK
[07:58:22]   下载 image 16/36: 694242b3000000001b024bf1_16.jpg OK
[07:58:24]   下载 image 17/36: 694242b3000000001b024bf1_17.jpg OK
[07:58:24]   下载 image 18/36: 694242b3000000001b024bf1_18.jpg OK
[07:58:24]   下载 image 19/36: 694242b3000000001b024bf1_19.jpg OK
[07:58:24]   下载 image 20/36: 694242b3000000001b024bf1_20.jpg OK
[07:58:24]   下载 image 21/36: 694242b3000000001b024bf1_21.jpg OK
[07:58:24]   下载 image 22/36: 694242b3000000001b024bf1_22.jpg OK
[07:58:24]   下载 image 23/36: 694242b3000000001b024bf1_23.jpg OK
[07:58:24]   下载 image 24/36: 694242b3000000001b024bf1_24.jpg OK
[07:58:25]   下载 image 25/36: 694242b3000000001b024bf1_25.jpg OK
[07:58:25]   下载 image 26/36: 694242b3000000001b024bf1_26.jpg OK
[07:58:25]   下载 image 27/36: 694242b3000000001b024bf1_27.jpg OK
[07:58:25]   下载 image 28/36: 694242b3000000001b024bf1_28.jpg OK
[07:58:25]   下载 image 29/36: 694242b3000000001b024bf1_29.jpg OK
[07:58:25]   下载 image 30/36: 694242b3000000001b024bf1_30.jpg OK
[07:58:25]   下载 image 31/36: 694242b3000000001b024bf1_31.jpg OK
[07:58:25]   下载 image 32/36: 694242b3000000001b024bf1_32.jpg OK
[07:58:26]   下载 image 33/36: 694242b3000000001b024bf1_33.jpg OK
[07:58:26]   下载 image 34/36: 694242b3000000001b024bf1_34.jpg OK
[07:58:26]   下载 image 35/36: 694242b3000000001b024bf1_35.jpg OK
[07:58:26]   下载 image 36/36: 694242b3000000001b024bf1_36.jpg OK
[07:58:27]   重复图片 (同 694242b3000000001b024bf1_1.jpg): 694242b3000000001b024bf1_19.jpg
[07:58:27]   重复图片 (同 694242b3000000001b024bf1_2.jpg): 694242b3000000001b024bf1_20.jpg
[07:58:27]   重复图片 (同 694242b3000000001b024bf1_3.jpg): 694242b3000000001b024bf1_21.jpg
[07:58:27]   重复图片 (同 694242b3000000001b024bf1_4.jpg): 694242b3000000001b024bf1_22.jpg
[07:58:27]   重复图片 (同 694242b3000000001b024bf1_5.jpg): 694242b3000000001b024bf1_23.jpg
[07:58:27]   重复图片 (同 694242b3000000001b024bf1_6.jpg): 694242b3000000001b024bf1_24.jpg
[07:58:27]   重复图片 (同 694242b3000000001b024bf1_7.jpg): 694242b3000000001b024bf1_25.jpg
[07:58:27]   重复图片 (同 694242b3000000001b024bf1_8.jpg): 694242b3000000001b024bf1_26.jpg
[07:58:27]   重复图片 (同 694242b3000000001b024bf1_9.jpg): 694242b3000000001b024bf1_27.jpg
[07:58:27]   重复图片 (同 694242b3000000001b024bf1_10.jpg): 694242b3000000001b024bf1_28.jpg
[07:58:27]   重复图片 (同 694242b3000000001b024bf1_11.jpg): 694242b3000000001b024bf1_29.jpg
[07:58:27]   重复图片 (同 694242b3000000001b024bf1_12.jpg): 694242b3000000001b024bf1_30.jpg
[07:58:27]   重复图片 (同 694242b3000000001b024bf1_13.jpg): 694242b3000000001b024bf1_31.jpg
[07:58:27]   重复图片 (同 694242b3000000001b024bf1_14.jpg): 694242b3000000001b024bf1_32.jpg
[07:58:27]   重复图片 (同 694242b3000000001b024bf1_15.jpg): 694242b3000000001b024bf1_33.jpg
[07:58:27]   重复图片 (同 694242b3000000001b024bf1_16.jpg): 694242b3000000001b024bf1_34.jpg
[07:58:27]   重复图片 (同 694242b3000000001b024bf1_17.jpg): 694242b3000000001b024bf1_35.jpg
[07:58:27]   重复图片 (同 694242b3000000001b024bf1_18.jpg): 694242b3000000001b024bf1_36.jpg
[07:58:27]   去重后: 18 张
[07:58:27]   OK -> 试纱日记📔婚前15天极限选婚纱.md
[07:58:27] [9/10] 婚前哪些变美动作立竿见影...
[07:58:50]   下载 image 1/14: 68a7e261000000001d02f874_1.jpg OK
[07:58:50]   下载 image 2/14: 68a7e261000000001d02f874_2.jpg OK
[07:58:50]   下载 image 3/14: 68a7e261000000001d02f874_3.jpg OK
[07:58:50]   下载 image 4/14: 68a7e261000000001d02f874_4.jpg OK
[07:58:51]   下载 image 5/14: 68a7e261000000001d02f874_5.jpg OK
[07:58:51]   下载 image 6/14: 68a7e261000000001d02f874_6.jpg OK
[07:58:51]   下载 image 7/14: 68a7e261000000001d02f874_7.jpg OK
[07:58:51]   下载 image 8/14: 68a7e261000000001d02f874_8.jpg OK
[07:58:51]   下载 image 9/14: 68a7e261000000001d02f874_9.jpg OK
[07:58:51]   下载 image 10/14: 68a7e261000000001d02f874_10.jpg OK
[07:58:51]   下载 image 11/14: 68a7e261000000001d02f874_11.jpg OK
[07:58:51]   下载 image 12/14: 68a7e261000000001d02f874_12.jpg OK
[07:58:52]   下载 image 13/14: 68a7e261000000001d02f874_13.jpg OK
[07:58:52]   下载 image 14/14: 68a7e261000000001d02f874_14.jpg OK
[07:58:52]   重复图片 (同 68a7e261000000001d02f874_1.jpg): 68a7e261000000001d02f874_8.jpg
[07:58:52]   重复图片 (同 68a7e261000000001d02f874_2.jpg): 68a7e261000000001d02f874_9.jpg
[07:58:52]   重复图片 (同 68a7e261000000001d02f874_3.jpg): 68a7e261000000001d02f874_10.jpg
[07:58:52]   重复图片 (同 68a7e261000000001d02f874_4.jpg): 68a7e261000000001d02f874_11.jpg
[07:58:52]   重复图片 (同 68a7e261000000001d02f874_5.jpg): 68a7e261000000001d02f874_12.jpg
[07:58:52]   重复图片 (同 68a7e261000000001d02f874_6.jpg): 68a7e261000000001d02f874_13.jpg
[07:58:52]   重复图片 (同 68a7e261000000001d02f874_7.jpg): 68a7e261000000001d02f874_14.jpg
[07:58:52]   去重后: 7 张
[07:58:52]   OK -> 婚前哪些变美动作立竿见影.md
[07:58:52] [10/10] 👰🏻‍♀️170/52备婚半个月瘦10斤～一周跟练...
[07:59:18]   下载 image 1/18: 67e557cd000000000603d76b_1.jpg OK
[07:59:18]   下载 image 2/18: 67e557cd000000000603d76b_2.jpg OK
[07:59:18]   下载 image 3/18: 67e557cd000000000603d76b_3.jpg OK
[07:59:18]   下载 image 4/18: 67e557cd000000000603d76b_4.jpg OK
[07:59:19]   下载 image 5/18: 67e557cd000000000603d76b_5.jpg OK
[07:59:19]   下载 image 6/18: 67e557cd000000000603d76b_6.jpg OK
[07:59:19]   下载 image 7/18: 67e557cd000000000603d76b_7.jpg OK
[07:59:19]   下载 image 8/18: 67e557cd000000000603d76b_8.jpg OK
[07:59:19]   下载 image 9/18: 67e557cd000000000603d76b_9.jpg OK
[07:59:19]   下载 image 10/18: 67e557cd000000000603d76b_10.jpg OK
[07:59:19]   下载 image 11/18: 67e557cd000000000603d76b_11.jpg OK
[07:59:20]   下载 image 12/18: 67e557cd000000000603d76b_12.jpg OK
[07:59:20]   下载 image 13/18: 67e557cd000000000603d76b_13.jpg OK
[07:59:20]   下载 image 14/18: 67e557cd000000000603d76b_14.jpg OK
[07:59:20]   下载 image 15/18: 67e557cd000000000603d76b_15.jpg OK
[07:59:20]   下载 image 16/18: 67e557cd000000000603d76b_16.jpg OK
[07:59:20]   下载 image 17/18: 67e557cd000000000603d76b_17.jpg OK
[07:59:21]   下载 image 18/18: 67e557cd000000000603d76b_18.jpg OK
[07:59:21]   重复图片 (同 67e557cd000000000603d76b_1.jpg): 67e557cd000000000603d76b_10.jpg
[07:59:21]   重复图片 (同 67e557cd000000000603d76b_2.jpg): 67e557cd000000000603d76b_11.jpg
[07:59:21]   重复图片 (同 67e557cd000000000603d76b_3.jpg): 67e557cd000000000603d76b_12.jpg
[07:59:21]   重复图片 (同 67e557cd000000000603d76b_4.jpg): 67e557cd000000000603d76b_13.jpg
[07:59:21]   重复图片 (同 67e557cd000000000603d76b_5.jpg): 67e557cd000000000603d76b_14.jpg
[07:59:21]   重复图片 (同 67e557cd000000000603d76b_6.jpg): 67e557cd000000000603d76b_15.jpg
[07:59:21]   重复图片 (同 67e557cd000000000603d76b_7.jpg): 67e557cd000000000603d76b_16.jpg
[07:59:21]   重复图片 (同 67e557cd000000000603d76b_8.jpg): 67e557cd000000000603d76b_17.jpg
[07:59:21]   重复图片 (同 67e557cd000000000603d76b_9.jpg): 67e557cd000000000603d76b_18.jpg
[07:59:21]   去重后: 9 张
[07:59:21]   OK -> 👰🏻‍♀️170_52备婚半个月瘦10斤～一周跟练.md
[07:59:21] === 采集完成: 成功 10/10, 用时 273s ===
[07:59:21] 汇总已追加: d:\obsidian\demo\05_long_project\小红书\_运行日志.md
