[21:25:13] ============================================================
[21:25:13] 鱼泡网职位搜索采集 启动
[21:25:13] OPENCLI_CMD: ('node', 'd:\\voice\\opencli-main\\dist\\main.js')
[21:25:13] 输出目录: d:\obsidian\demo\05_long_project\招聘
[21:25:13] ============================================================
[21:25:13] 关键词: 文员
[21:25:13] 城市: 宁波 (代码: a388)
[21:25:13] 区域: 全市
[21:25:14] 数量: 30
[21:25:14] 搜索中, 请稍候 (鱼泡 WAF 验证 + 滚动加载, limit=30, 最长 165s)...
[21:25:14] 调用 opencli yupao search (city=宁波[a388], limit=30, 超时 浏览器=165s/Python=195s)
[21:25:14] yupao search 调用失败: node:internal/fs/promises:633
  return new FileHandle(await PromisePrototypeThen(
                        ^

Error: EPERM: operation not permitted, open 'C:\Users\godisgirl\.opencli\registry.js'
    at async open (node:internal/fs/promises:633:25)
    at async Object.writeFile (node:internal/fs/promises:1207:14)
    at async writeCompatShimIfNeeded (file:///d:/voice/opencli-main/dist/discovery.js:52:5)
    at async Promise.all (index 1)
    at async ensureUserCliCompatShims (file:///d:/voice/opencli-main/dist/discovery.js:62:5)
    at async file:///d:/voice/opencli-main/dist/main.js:30:1 {
  errno: -4048,
  code: 'EPERM',
  syscall: 'open',
  path: 'C:\\Users\\godisgirl\\.opencli\\registry.js'
}

Node.js v22.16.0

[21:25:14] 未获取到职位, 退出 (可能原因: WAF 验证未通过/关键词无结果/网络超时)
