[22:09:45] ============================================================
[22:09:45] 鱼泡网职位搜索采集 启动
[22:09:45] OPENCLI_CMD: ('node', 'd:\\voice\\opencli-main\\dist\\main.js')
[22:09:45] 输出目录: d:\obsidian\demo\05_long_project\招聘
[22:09:45] ============================================================
[22:09:45] 关键词: 文员
[22:09:45] 城市: 宁波 (代码: a388)
[22:09:45] 区域: 全市
[22:09:45] 数量: 60
[22:09:45] 搜索中, 请稍候 (鱼泡 WAF 验证 + 滚动加载, limit=60, 最长 240s)...
[22:09:45] 调用 opencli yupao search (city=宁波[a388], limit=60, 超时 浏览器=240s/Python=270s)
[22:12:27]   [cli] [exp 0s first-batch(15)] https://www.yupao.com/topic/a388c0/?keywords=%E6%96%87%E5%91%98 | cards=15 | sentinel="加载中" visible=false
[22:12:27]   [cli] [exp   +req] https://cdn.yupaowang.com/other/check/reach dur=45ms size=0
[22:12:27]   [cli] [exp   +req] https://cdn.yupaowang.com/other/apm/check dur=33ms size=0
[22:12:28]   [cli] [exp   +req] https://www.yupao.com/api/api-seo/?id=94464066bb4ee514b4e2a1ba4138cb7e dur=120ms size=116311
[22:12:28]   [cli] [exp   +req] https://apmplus.volces.com/settings/get/webpro?aid=661661 dur=114ms size=977
[22:12:28]   [cli] [exp   +req] https://cdn.yupaowang.com/yupao_pc/wasm/robot_inspect_wasm_bg.wasm dur=6ms size=0
[22:12:28]   [cli] [exp   +req] https://yupao-prod.yupaowang.com/ab/v1/ui/all dur=63ms size=0
[22:12:28]   [cli] [exp   +req] https://yupao-prod.yupaowang.com/member/v1/resumeVipMembership/query dur=72ms size=0
[22:12:28]   [cli] [exp   +req] https://yupao-prod.yupaowang.com/account/v1/ypzp/authentication/getAuthStatus dur=60ms size=0
[22:12:28]   [cli] [exp   +req] https://yupao-prod.yupaowang.com/account/v1/userBase/getLoginUserInfo dur=89ms size=0
[22:12:28]   [cli] [exp   +req] https://yupao-prod.yupaowang.com/account/v1/identity/query dur=52ms size=0
[22:12:28]   [cli] [exp   +req] https://yupao-prod.yupaowang.com/account/v2/userBase/userCenter dur=135ms size=0
[22:12:28]   [cli] [exp   +req] https://yupao-prod.yupaowang.com/job/v2/search/words/guess dur=389ms size=0
[22:12:28]   [cli] [exp   +req] https://yupao-prod.yupaowang.com/integral/v1/integralPrice/getIntegralPrice dur=84ms size=0
[22:12:28]   [cli] [exp   +req] https://yupao-prod.yupaowang.com/reach/v2/im/account/getImToken dur=67ms size=825
[22:12:28]   [cli] [exp   +req] https://yupao-prod.yupaowang.com/crm-css/v1/complaint/buttonStyle dur=60ms size=0
[22:12:28]   [cli] [exp   +req] https://yupao-prod.yupaowang.com/lbs/v1/area/hot dur=93ms size=0
[22:12:28]   [cli] [exp   +req] https://yupao-prod.yupaowang.com/rightGateway/v1/right/batchQuery dur=114ms size=0
[22:12:28]   [cli] [exp   +req] https://yupao-prod.yupaowang.com/account/v1/setting/config dur=104ms size=0
[22:12:28]   [cli] [exp   +req] https://yupao-prod.yupaowang.com/account/v1/ypzp/authentication/getAuthStatus dur=62ms size=0
[22:12:28]   [cli] [exp   +req] https://snssdk.yupaowang.com/list dur=98ms size=0
[22:12:28]   [cli] [exp   +req] https://snssdk.yupaowang.com/list dur=46ms size=0
[22:12:28]   [cli] [exp   +req] https://snssdk.yupaowang.com/list dur=46ms size=0
[22:12:28]   [cli] [exp 8s baseline-8s] https://www.yupao.com/topic/a388c0/?keywords=%E6%96%87%E5%91%98 | cards=15 | sentinel="加载中" visible=false
[22:12:28]   [cli] [exp container] {"clientHeight":551,"diff":2297,"scrollHeight":2848,"scrollTop":0,"selector":"#mainR"}
[22:12:28]   [cli] [exp 10s mainR#1] https://www.yupao.com/topic/a388c0/?keywords=%E6%96%87%E5%91%98 | cards=15 | sentinel="加载中" visible=false
[22:12:28]   [cli] [exp 13s body#1] https://www.yupao.com/topic/a388c0/?keywords=%E6%96%87%E5%91%98 | cards=15 | sentinel="加载中" visible=false
[22:12:28]   [cli] [exp iter#1] DOM=15, allJobs 15→15, geo={"bodyY":675.3333129882812,"mainTop":"661/2848","sentinelInMainR":false,"sentinelTop":1853}
[22:12:28]   [cli] [exp 15s mainR#2] https://www.yupao.com/topic/a388c0/?keywords=%E6%96%87%E5%91%98 | cards=15 | sentinel="加载中" visible=false
[22:12:29]   [cli] [exp 17s body#2] https://www.yupao.com/topic/a388c0/?keywords=%E6%96%87%E5%91%98 | cards=15 | sentinel="加载中" visible=false
[22:12:29]   [cli] [exp iter#2] DOM=15, allJobs 15→15, geo={"bodyY":1350.6666259765625,"mainTop":"1323/2848","sentinelInMainR":false,"sentinelTop":1177}
[22:12:29]   [cli] [exp 19s mainR#3] https://www.yupao.com/topic/a388c0/?keywords=%E6%96%87%E5%91%98 | cards=15 | sentinel="加载中" visible=false
[22:12:29]   [cli] [exp 22s body#3] https://www.yupao.com/topic/a388c0/?keywords=%E6%96%87%E5%91%98 | cards=15 | sentinel="加载中" visible=true
[22:12:29]   [cli] [exp iter#3] DOM=15, allJobs 15→15, geo={"bodyY":1816.6666259765625,"mainTop":"1984/2848","sentinelInMainR":false,"sentinelTop":711}
[22:12:29]   [cli] [exp 24s mainR#4] https://www.yupao.com/topic/a388c0/?keywords=%E6%96%87%E5%91%98 | cards=15 | sentinel="加载中" visible=true
[22:12:29]   [cli] [exp 26s body#4] https://www.yupao.com/topic/a388c0/?keywords=%E6%96%87%E5%91%98 | cards=15 | sentinel="加载中" visible=true
[22:12:29]   [cli] [exp iter#4] DOM=15, allJobs 15→15, geo={"bodyY":1816.6666259765625,"mainTop":"2297/2848","sentinelInMainR":false,"sentinelTop":711}
[22:12:29]   [cli] [exp 28s mainR#5] https://www.yupao.com/topic/a388c0/?keywords=%E6%96%87%E5%91%98 | cards=15 | sentinel="加载中" visible=true
[22:12:29]   [cli] [exp 31s body#5] https://www.yupao.com/topic/a388c0/?keywords=%E6%96%87%E5%91%98 | cards=15 | sentinel="加载中" visible=true
[22:12:29]   [cli] [exp iter#5] DOM=15, allJobs 15→15, geo={"bodyY":1816.6666259765625,"mainTop":"2297/2848","sentinelInMainR":false,"sentinelTop":711}
[22:12:29]   [cli] [exp 33s mainR#6] https://www.yupao.com/topic/a388c0/?keywords=%E6%96%87%E5%91%98 | cards=15 | sentinel="加载中" visible=true
[22:12:29]   [cli] [exp 36s body#6] https://www.yupao.com/topic/a388c0/?keywords=%E6%96%87%E5%91%98 | cards=15 | sentinel="加载中" visible=true
[22:12:29]   [cli] [exp iter#6] DOM=15, allJobs 15→15, geo={"bodyY":1816.6666259765625,"mainTop":"2297/2848","sentinelInMainR":false,"sentinelTop":711}
[22:12:29]   [cli] [exp 38s mainR#7] https://www.yupao.com/topic/a388c0/?keywords=%E6%96%87%E5%91%98 | cards=15 | sentinel="加载中" visible=true
[22:12:29]   [cli] [exp 40s body#7] https://www.yupao.com/topic/a388c0/?keywords=%E6%96%87%E5%91%98 | cards=15 | sentinel="加载中" visible=true
[22:12:29]   [cli] [exp iter#7] DOM=15, allJobs 15→15, geo={"bodyY":1816.6666259765625,"mainTop":"2297/2848","sentinelInMainR":false,"sentinelTop":711}
[22:12:29]   [cli] [exp 42s mainR#8] https://www.yupao.com/topic/a388c0/?keywords=%E6%96%87%E5%91%98 | cards=15 | sentinel="加载中" visible=true
[22:12:29]   [cli] [exp 45s body#8] https://www.yupao.com/topic/a388c0/?keywords=%E6%96%87%E5%91%98 | cards=15 | sentinel="加载中" visible=true
[22:12:29]   [cli] [exp iter#8] DOM=15, allJobs 15→15, geo={"bodyY":1816.6666259765625,"mainTop":"2297/2848","sentinelInMainR":false,"sentinelTop":711}
[22:12:30]   [cli] [exp 47s mainR#9] https://www.yupao.com/topic/a388c0/?keywords=%E6%96%87%E5%91%98 | cards=15 | sentinel="加载中" visible=true
[22:12:30]   [cli] [exp 49s body#9] https://www.yupao.com/topic/a388c0/?keywords=%E6%96%87%E5%91%98 | cards=15 | sentinel="加载中" visible=true
[22:12:30]   [cli] [exp iter#9] DOM=15, allJobs 15→15, geo={"bodyY":1816.6666259765625,"mainTop":"2297/2848","sentinelInMainR":false,"sentinelTop":711}
[22:12:30]   [cli] [exp 51s mainR#10] https://www.yupao.com/topic/a388c0/?keywords=%E6%96%87%E5%91%98 | cards=15 | sentinel="加载中" visible=true
[22:12:30]   [cli] [exp 54s body#10] https://www.yupao.com/topic/a388c0/?keywords=%E6%96%87%E5%91%98 | cards=15 | sentinel="加载中" visible=true
[22:12:30]   [cli] [exp iter#10] DOM=15, allJobs 15→15, geo={"bodyY":1816.6666259765625,"mainTop":"2297/2848","sentinelInMainR":false,"sentinelTop":711}
[22:12:30]   [cli] [exp 56s mainR#11] https://www.yupao.com/topic/a388c0/?keywords=%E6%96%87%E5%91%98 | cards=15 | sentinel="加载中" visible=true
[22:12:30]   [cli] [exp 58s body#11] https://www.yupao.com/topic/a388c0/?keywords=%E6%96%87%E5%91%98 | cards=15 | sentinel="加载中" visible=true
[22:12:30]   [cli] [exp iter#11] DOM=15, allJobs 15→15, geo={"bodyY":1816.6666259765625,"mainTop":"2297/2848","sentinelInMainR":false,"sentinelTop":711}
[22:12:30]   [cli] [exp 60s mainR#12] https://www.yupao.com/topic/a388c0/?keywords=%E6%96%87%E5%91%98 | cards=15 | sentinel="加载中" visible=true
[22:12:30]   [cli] [exp 63s body#12] https://www.yupao.com/topic/a388c0/?keywords=%E6%96%87%E5%91%98 | cards=15 | sentinel="加载中" visible=true
[22:12:30]   [cli] [exp iter#12] DOM=15, allJobs 15→15, geo={"bodyY":1816.6666259765625,"mainTop":"2297/2848","sentinelInMainR":false,"sentinelTop":711}
[22:12:30]   [cli] [exp 65s mainR#13] https://www.yupao.com/topic/a388c0/?keywords=%E6%96%87%E5%91%98 | cards=15 | sentinel="加载中" visible=true
[22:12:30]   [cli] [exp 68s body#13] https://www.yupao.com/topic/a388c0/?keywords=%E6%96%87%E5%91%98 | cards=15 | sentinel="加载中" visible=true
[22:12:30]   [cli] [exp iter#13] DOM=15, allJobs 15→15, geo={"bodyY":1816.6666259765625,"mainTop":"2297/2848","sentinelInMainR":false,"sentinelTop":711}
[22:12:30]   [cli] [exp 70s mainR#14] https://www.yupao.com/topic/a388c0/?keywords=%E6%96%87%E5%91%98 | cards=15 | sentinel="加载中" visible=true
[22:12:30]   [cli] [exp 72s body#14] https://www.yupao.com/topic/a388c0/?keywords=%E6%96%87%E5%91%98 | cards=15 | sentinel="加载中" visible=true
[22:12:30]   [cli] [exp iter#14] DOM=15, allJobs 15→15, geo={"bodyY":1816.6666259765625,"mainTop":"2297/2848","sentinelInMainR":false,"sentinelTop":711}
[22:12:30]   [cli] [exp 74s mainR#15] https://www.yupao.com/topic/a388c0/?keywords=%E6%96%87%E5%91%98 | cards=15 | sentinel="加载中" visible=true
[22:12:30]   [cli] [exp 77s body#15] https://www.yupao.com/topic/a388c0/?keywords=%E6%96%87%E5%91%98 | cards=15 | sentinel="加载中" visible=true
[22:12:30]   [cli] [exp iter#15] DOM=15, allJobs 15→15, geo={"bodyY":1816.6666259765625,"mainTop":"2297/2848","sentinelInMainR":false,"sentinelTop":711}
[22:12:31]   [cli] [exp 79s mainR#16] https://www.yupao.com/topic/a388c0/?keywords=%E6%96%87%E5%91%98 | cards=15 | sentinel="加载中" visible=true
[22:12:31]   [cli] [exp 81s body#16] https://www.yupao.com/topic/a388c0/?keywords=%E6%96%87%E5%91%98 | cards=15 | sentinel="加载中" visible=true
[22:12:31]   [cli] [exp iter#16] DOM=15, allJobs 15→15, geo={"bodyY":1816.6666259765625,"mainTop":"2297/2848","sentinelInMainR":false,"sentinelTop":711}
[22:12:31]   [cli] [exp 83s mainR#17] https://www.yupao.com/topic/a388c0/?keywords=%E6%96%87%E5%91%98 | cards=15 | sentinel="加载中" visible=true
[22:12:31]   [cli] [exp 86s body#17] https://www.yupao.com/topic/a388c0/?keywords=%E6%96%87%E5%91%98 | cards=15 | sentinel="加载中" visible=true
[22:12:31]   [cli] [exp iter#17] DOM=15, allJobs 15→15, geo={"bodyY":1816.6666259765625,"mainTop":"2297/2848","sentinelInMainR":false,"sentinelTop":711}
[22:12:31]   [cli] [exp 88s mainR#18] https://www.yupao.com/topic/a388c0/?keywords=%E6%96%87%E5%91%98 | cards=15 | sentinel="加载中" visible=true
[22:12:31]   [cli] [exp 90s body#18] https://www.yupao.com/topic/a388c0/?keywords=%E6%96%87%E5%91%98 | cards=15 | sentinel="加载中" visible=true
[22:12:31]   [cli] [exp iter#18] DOM=15, allJobs 15→15, geo={"bodyY":1816.6666259765625,"mainTop":"2297/2848","sentinelInMainR":false,"sentinelTop":711}
[22:12:31]   [cli] [exp 92s mainR#19] https://www.yupao.com/topic/a388c0/?keywords=%E6%96%87%E5%91%98 | cards=15 | sentinel="加载中" visible=true
[22:12:31]   [cli] [exp 95s body#19] https://www.yupao.com/topic/a388c0/?keywords=%E6%96%87%E5%91%98 | cards=15 | sentinel="加载中" visible=true
[22:12:31]   [cli] [exp iter#19] DOM=15, allJobs 15→15, geo={"bodyY":1816.6666259765625,"mainTop":"2297/2848","sentinelInMainR":false,"sentinelTop":711}
[22:12:31]   [cli] [exp 97s mainR#20] https://www.yupao.com/topic/a388c0/?keywords=%E6%96%87%E5%91%98 | cards=15 | sentinel="加载中" visible=true
[22:12:31]   [cli] [exp 100s body#20] https://www.yupao.com/topic/a388c0/?keywords=%E6%96%87%E5%91%98 | cards=15 | sentinel="加载中" visible=true
[22:12:31]   [cli] [exp iter#20] DOM=15, allJobs 15→15, geo={"bodyY":1816.6666259765625,"mainTop":"2297/2848","sentinelInMainR":false,"sentinelTop":711}
[22:12:31]   [cli] [exp] loop ended: iter=20, allJobs=15
[22:12:31] 获取到 15 个职位 (去重后)
[22:12:31] 已保存: d:\obsidian\demo\05_long_project\招聘\鱼泡网_文员_宁波_221231.md
[22:12:31] 完成
