[08:53:12] ============================================================
[08:53:12] 鱼泡网职位搜索采集 启动
[08:53:12] OPENCLI_CMD: ('node', 'd:\\voice\\opencli-main\\dist\\main.js')
[08:53:12] 输出目录: d:\obsidian\demo\05_long_project\招聘
[08:53:12] ============================================================
[08:53:27] 关键词: 录入
[08:53:27] 城市: 宁波 (代码: a388)
[08:53:27] 区域(多选): 海曙区, 江北区, 北仑区, 镇海区, 鄞州区
[08:53:27] 数量: 50
[08:53:27] 搜索中, 请稍候 (鱼泡 WAF 验证 + 滚动加载, 约 30-90 秒)...
[08:53:27] --- 全市搜索 (city=宁波, 目标 500 个, 取回 100 个) ---
[08:53:27] 调用 opencli yupao search (city=宁波[a388], limit=100)
[08:54:29] 全市共获取 26 个职位, 开始按区域过滤...
[08:54:29]   海曙区: 3 个
[08:54:29]   江北区: 3 个
[08:54:29]   北仑区: 1 个
[08:54:29]   镇海区: 1 个
[08:54:29]   鄞州区: 3 个
[08:54:29] 过滤后总计: 11 个 (全市共 26, 其他区域 15)
[08:54:29] 获取到 11 个职位 (去重后)
[08:54:29] 已保存: d:\obsidian\demo\05_long_project\招聘\鱼泡网_录入_宁波多区.md
[08:54:29] 完成
