[21:27:48] ============================================================
[21:27:48] 鱼泡网职位搜索采集 启动
[21:27:48] OPENCLI_CMD: ('node', 'd:\\voice\\opencli-main\\dist\\main.js')
[21:27:48] 输出目录: d:\obsidian\demo\05_long_project\招聘
[21:27:48] ============================================================
[21:28:01] 关键词: 焊工
[21:28:01] 城市: 宁波 (代码: a388)
[21:28:01] 区域(多选): 海曙区, 江北区, 北仑区, 镇海区, 鄞州区
[21:28:01] 数量: 20
[21:28:01] 搜索中, 请稍候 (鱼泡 WAF 验证 + 滚动加载, 约 30-90 秒)...
[21:28:01] --- 全市搜索 (city=宁波, 目标 200 个, 取回 100 个) ---
[21:28:01] 调用 opencli yupao search (city=宁波[a388], limit=100)
[21:29:16] 全市共获取 15 个职位, 开始按区域过滤...
[21:29:16]   海曙区: 1 个
[21:29:16]   江北区: 0 个
[21:29:16]   北仑区: 2 个
[21:29:16]   镇海区: 0 个
[21:29:16]   鄞州区: 0 个
[21:29:16] 过滤后总计: 3 个 (全市共 15, 其他区域 2)
[21:29:16] 获取到 3 个职位 (去重后)
[21:29:16] 已保存: d:\obsidian\demo\05_long_project\招聘\鱼泡网_焊工_宁波多区.md
[21:29:16] 完成
