[20:31:04] ============================================================
[20:31:04] 鱼泡网职位搜索采集 启动
[20:31:04] OPENCLI_CMD: ('node', 'd:\\voice\\opencli-main\\dist\\main.js')
[20:31:04] 输出目录: d:\obsidian\demo\05_long_project\招聘
[20:31:04] ============================================================
[20:31:04] 关键词: 文员
[20:31:04] 城市: 宁波 (代码: a388)
[20:31:04] 区域: 全市
[20:31:04] 数量: 100
[20:31:04] 搜索中, 请稍候 (鱼泡 WAF 验证 + 滚动加载, limit=100, 最长 340s)...
[20:31:04] 调用 opencli yupao search (city=宁波[a388], limit=100, 超时 浏览器=340s/Python=370s)
[20:31:05] yupao search 调用失败: node:internal/fs/promises:633
  return new FileHandle(await PromisePrototypeThen(
                        ^

Error: EPERM: operation not permitted, open 'C:\Users\godisgirl\.opencli\errors.js'
    at async open (node:internal/fs/promises:633:25)
    at async Object.writeFile (node:internal/fs/promises:1207:14)
    at async writeCompatShimIfNeeded (file:///d:/voice/opencli-main/dist/discovery.js:52:5)
    at async Promise.all (index 3)
    at async ensureUserCliCompatShims (file:///d:/voice/opencli-main/dist/discovery.js:62:5)
    at async file:///d:/voice/opencli-main/dist/main.js:30:1 {
  errno: -4048,
  code: 'EPERM',
  syscall: 'open',
  path: 'C:\\Users\\godisgirl\\.opencli\\errors.js'
}

Node.js v22.16.0

[20:31:05] 未获取到职位, 退出 (可能原因: WAF 验证未通过/关键词无结果/网络超时)
