[21:27:10] ============================================================
[21:27:10] 鱼泡网职位搜索采集 启动
[21:27:10] OPENCLI_CMD: ('node', 'd:\\voice\\opencli-main\\dist\\main.js')
[21:27:10] 输出目录: d:\obsidian\demo\05_long_project\招聘
[21:27:10] ============================================================
[21:27:10] 关键词: 文员
[21:27:10] 城市: 宁波 (代码: a388)
[21:27:10] 区域: 全市
[21:27:10] 数量: 30
[21:27:10] 搜索中, 请稍候 (鱼泡 WAF 验证 + 滚动加载, limit=30, 最长 165s)...
[21:27:10] 调用 opencli yupao search (city=宁波[a388], limit=30, 超时 浏览器=165s/Python=195s)
[21:28:28]   [cli] [yupao:url 0s ready] https://www.yupao.com/topic/a388c0/?keywords=%E6%96%87%E5%91%98 | title=「宁波文员招聘信息」宁波文员哪里找工作-鱼泡直聘网 | cards=15
[21:28:28]   [cli] [yupao:url 1s first-batch(15)] https://www.yupao.com/topic/a388c0/?keywords=%E6%96%87%E5%91%98 | title=「宁波文员招聘信息」宁波文员哪里找工作-鱼泡直聘网 | cards=15
[21:28:28]   [cli] [yupao:exp:nextdata] {"A:ccLinksList":{"keys":["name","url"],"n":9},"A:listArea":{"keys":["id","pid","name","nameAd","adCode","ltr","lv","chd","status"],"n":35},"A:listAreaHot":{"keys":["id","pid","name","nameAd","ltr","lv","adCode","chd","status"],"n":20},"A:listJob":{"keys":["id","jobBizId","idQY","idUser","enterpriseId","coBizId","enterpriseIcon","title","salary","tags","username","dateStr","activeStr","address","isEnd","isLongTermRecruit","isLowQuality","isActive","isUrgent","isAuthQY","isAuth","isTop"],"n":15},"A:listOcc":{"keys":["id","name","nameSA","ltr","pid","chd"],"n":34},"A:listOccV1":{"keys":["id","name","nameSA","ltr","chd","type"],"n":13},"N:ccAreaInfo.id":388,"N:ccAreaInfo.lv":2,"N:coInfo.id":2869186,"N:coInfo.idCit":284,"N:coInfo.idPro":22,"N:coInfo.idUser":212555674,"N:coInfo.jobNum":0,"N:jobInfo.id":434699689,"N:jobInfo.idCit":388,"N:jobInfo.idDis":6087,"N:jobInfo.idPro":31,"O:ccAreaInfo":["id","name","ltr","lv"],"O:ccBaseConfig":["phone"],"O:coInfo":["id","idUser","idPro","idCit","coBizId","avatar","name","jobNum","username","type","establishTime","desc","businessScope","qualificationTag","isMine"],"O:jobInfo":["id","idPro","idCit","idDis","idCoBizId","title","salary","pubTime","tags","tagsCard","occTags","occShowTags","desc","videoAndImgs","userId","avatar","username","tel"],"O:listDynamicFilters":["0","1"],"O:listTabs":["0","1"],"O:qualificationTag":["0"],"O:selAreaIds":[],"O:selDynamicObj":[],"O:selOccOld":[],"O:selOccRec":[],"O:ssSeoLocationInfo":["provinceName","cityName","disName"],"O:ssSeoTDK":["title","description","keywords","summary"],"buildId":"9JWr33IjbGog0CiQHKmml","keys":["props","page","query","buildId","assetPrefix","isFallback","gssp","appGip","scriptLoader"],"page":"/job/recommend","ppKeys":["ccBaseConfig","ccLinksList","token","ccAreaInfo","ssSeoTDK","ssSeoLocationInfo","pageType","keywords","selAreaId","selAreaIds","selOccOld","selOccRec","selTab","selDynamicObj","listTabs","listArea","listAreaHot","listOcc","listOccV1","listDynamicFilters","isShowAddExpectBtn","listJob","pageSize","page","selJobId","jobInfo","coInfo","isBeforeLookComplaint","qualificationTag","maxSelOccNum"],"query":{"keywords":"文员","urlAreaId":"388","urlFlag":"/","urlOccIdStr":"c0","urlPageType":"topic"}}
[21:28:28]   [cli] [yupao:exp:page1-ids] ["/zhaogong/434699689/A33mrHvzigaxk8IR5u4FWCqYhg.html","/zhaogong/445072788/Avbh3RWWK5oX4LlDuCM6UKwgQz.html","/zhaogong/444942145/Acdj4Ud4YuFzh5Na0hSIKcmL2b.html","/zhaogong/436274287/AdbsbgieVO1BPBPCNSwThfyoDi.html","/zhaogong/373876970/Aexjv5gQtGzf2lAu18b6eb5Rbi.html","/zhaogong/443191445/Aldv3pHEjxR2xZa0vVa8RLA6ZN.html"]
[21:28:28]   [cli] [yupao:exp:page2-ids] {"ok":true,"u":"https://www.yupao.com/topic/a388c0/?keywords=%E6%96%87%E5%91%98&page=2","ids":["/zhaogong/434699689/A33mrHvzigaxk8IR5u4FWCqYhg.html","/zhaogong/445072788/Avbh3RWWK5oX4LlDuCM6UKwgQz.html","/zhaogong/444942145/Acdj4Ud4YuFzh5Na0hSIKcmL2b.html","/zhaogong/436274287/AdbsbgieVO1BPBPCNSwThfyoDi.html","/zhaogong/373876970/Aexjv5gQtGzf2lAu18b6eb5Rbi.html","/zhaogong/443191445/Aldv3pHEjxR2xZa0vVa8RLA6ZN.html"]}
[21:28:28]   [cli] [yupao:exp:page3-ids] {"ok":true,"u":"https://www.yupao.com/topic/a388c0/?keywords=%E6%96%87%E5%91%98&page=3","ids":["/zhaogong/434699689/A33mrHvzigaxk8IR5u4FWCqYhg.html","/zhaogong/445072788/Avbh3RWWK5oX4LlDuCM6UKwgQz.html","/zhaogong/444942145/Acdj4Ud4YuFzh5Na0hSIKcmL2b.html","/zhaogong/436274287/AdbsbgieVO1BPBPCNSwThfyoDi.html","/zhaogong/373876970/Aexjv5gQtGzf2lAu18b6eb5Rbi.html","/zhaogong/443191445/Aldv3pHEjxR2xZa0vVa8RLA6ZN.html"]}
[21:28:28] 获取到 15 个职位 (去重后)
[21:28:28] 已保存: d:\obsidian\demo\05_long_project\招聘\鱼泡网_文员_宁波_212828.md
[21:28:28] 完成
