[22:00:44] ============================================================
[22:00:44] 鱼泡网职位搜索采集 启动
[22:00:44] OPENCLI_CMD: ('node', 'd:\\voice\\opencli-main\\dist\\main.js')
[22:00:44] 输出目录: d:\obsidian\demo\05_long_project\招聘
[22:00:44] ============================================================
[22:00:44] 关键词: 文员
[22:00:44] 城市: 宁波 (代码: a388)
[22:00:44] 区域: 全市
[22:00:44] 数量: 60
[22:00:44] 搜索中, 请稍候 (鱼泡 WAF 验证 + 滚动加载, limit=60, 最长 240s)...
[22:00:44] 调用 opencli yupao search (city=宁波[a388], limit=60, 超时 浏览器=240s/Python=270s)
[22:02:43]   [cli] [exp 0s first-batch(15)] https://www.yupao.com/topic/a388c0/?keywords=%E6%96%87%E5%91%98 | cards=15
[22:02:43]   [cli] [exp 8s baseline-8s] https://www.yupao.com/topic/a388c0/?keywords=%E6%96%87%E5%91%98 | cards=15
[22:02:43]   [cli] [exp container] {"clientHeight":520,"diff":2328,"scrollHeight":2848,"scrollTop":0,"selector":"#mainR"}
[22:02:43]   [cli] [exp 11s scroll#1-done] https://www.yupao.com/topic/a388c0/?keywords=%E6%96%87%E5%91%98 | cards=15
[22:02:43]   [cli] [exp scroll#1] DOM=15, allJobs 15→15, scrollTop=624/2848
[22:02:43]   [cli] [exp 14s scroll#2-done] https://www.yupao.com/topic/a388c0/?keywords=%E6%96%87%E5%91%98 | cards=15
[22:02:43]   [cli] [exp scroll#2] DOM=15, allJobs 15→15, scrollTop=1248/2848
[22:02:43]   [cli] [exp 17s scroll#3-done] https://www.yupao.com/topic/a388c0/?keywords=%E6%96%87%E5%91%98 | cards=15
[22:02:43]   [cli] [exp scroll#3] DOM=15, allJobs 15→15, scrollTop=1872/2848
[22:02:43]   [cli] [exp 20s scroll#4-done] https://www.yupao.com/topic/a388c0/?keywords=%E6%96%87%E5%91%98 | cards=15
[22:02:43]   [cli] [exp scroll#4] DOM=15, allJobs 15→15, scrollTop=2328/2848
[22:02:43]   [cli] [exp 23s scroll#5-done] https://www.yupao.com/topic/a388c0/?keywords=%E6%96%87%E5%91%98 | cards=15
[22:02:43]   [cli] [exp scroll#5] DOM=15, allJobs 15→15, scrollTop=2328/2848
[22:02:43]   [cli] [exp 26s scroll#6-done] https://www.yupao.com/topic/a388c0/?keywords=%E6%96%87%E5%91%98 | cards=15
[22:02:43]   [cli] [exp scroll#6] DOM=15, allJobs 15→15, scrollTop=2328/2848
[22:02:43]   [cli] [exp 29s scroll#7-done] https://www.yupao.com/topic/a388c0/?keywords=%E6%96%87%E5%91%98 | cards=15
[22:02:43]   [cli] [exp scroll#7] DOM=15, allJobs 15→15, scrollTop=2328/2848
[22:02:43]   [cli] [exp 32s scroll#8-done] https://www.yupao.com/topic/a388c0/?keywords=%E6%96%87%E5%91%98 | cards=15
[22:02:43]   [cli] [exp scroll#8] DOM=15, allJobs 15→15, scrollTop=2328/2848
[22:02:43]   [cli] [exp 35s scroll#9-done] https://www.yupao.com/topic/a388c0/?keywords=%E6%96%87%E5%91%98 | cards=15
[22:02:43]   [cli] [exp scroll#9] DOM=15, allJobs 15→15, scrollTop=2328/2848
[22:02:44]   [cli] [exp 39s scroll#10-done] https://www.yupao.com/topic/a388c0/?keywords=%E6%96%87%E5%91%98 | cards=15
[22:02:44]   [cli] [exp scroll#10] DOM=15, allJobs 15→15, scrollTop=2328/2848
[22:02:44]   [cli] [exp 42s scroll#11-done] https://www.yupao.com/topic/a388c0/?keywords=%E6%96%87%E5%91%98 | cards=15
[22:02:44]   [cli] [exp scroll#11] DOM=15, allJobs 15→15, scrollTop=2328/2848
[22:02:44]   [cli] [exp 45s scroll#12-done] https://www.yupao.com/topic/a388c0/?keywords=%E6%96%87%E5%91%98 | cards=15
[22:02:44]   [cli] [exp scroll#12] DOM=15, allJobs 15→15, scrollTop=2328/2848
[22:02:44]   [cli] [exp 48s scroll#13-done] https://www.yupao.com/topic/a388c0/?keywords=%E6%96%87%E5%91%98 | cards=15
[22:02:44]   [cli] [exp scroll#13] DOM=15, allJobs 15→15, scrollTop=2328/2848
[22:02:44]   [cli] [exp 51s scroll#14-done] https://www.yupao.com/topic/a388c0/?keywords=%E6%96%87%E5%91%98 | cards=15
[22:02:44]   [cli] [exp scroll#14] DOM=15, allJobs 15→15, scrollTop=2328/2848
[22:02:44]   [cli] [exp 54s scroll#15-done] https://www.yupao.com/topic/a388c0/?keywords=%E6%96%87%E5%91%98 | cards=15
[22:02:44]   [cli] [exp scroll#15] DOM=15, allJobs 15→15, scrollTop=2328/2848
[22:02:44]   [cli] [exp] loop ended: iter=15, allJobs=15
[22:02:44] 获取到 15 个职位 (去重后)
[22:02:44] 已保存: d:\obsidian\demo\05_long_project\招聘\鱼泡网_文员_宁波_220244.md
[22:02:44] 完成
