[21:02:16] ============================================================
[21:02:16] 鱼泡网职位搜索采集 启动
[21:02:17] OPENCLI_CMD: ('node', 'd:\\voice\\opencli-main\\dist\\main.js')
[21:02:17] 输出目录: d:\obsidian\demo\05_long_project\招聘
[21:02:17] ============================================================
[21:02:17] 关键词: 文员
[21:02:17] 城市: 宁波 (代码: a388)
[21:02:17] 区域: 全市
[21:02:17] 数量: 100
[21:02:17] 搜索中, 请稍候 (鱼泡 WAF 验证 + 滚动加载, limit=100, 最长 340s)...
[21:02:17] 调用 opencli yupao search (city=宁波[a388], limit=100, 超时 浏览器=340s/Python=370s)
[21:03:06]   [cli] [yupao:url 0s ready] https://www.yupao.com/topic/a388c0/?keywords=%E6%96%87%E5%91%98 | title=「宁波文员招聘信息」宁波文员哪里找工作-鱼泡直聘网 | cards=15
[21:03:06]   [cli] [yupao:url 0s first-batch(15)] https://www.yupao.com/topic/a388c0/?keywords=%E6%96%87%E5%91%98 | title=「宁波文员招聘信息」宁波文员哪里找工作-鱼泡直聘网 | cards=15
[21:03:06]   [cli] [yupao:url 0s container-found] https://www.yupao.com/topic/a388c0/?keywords=%E6%96%87%E5%91%98 | title=「宁波文员招聘信息」宁波文员哪里找工作-鱼泡直聘网 | cards=15
[21:03:06]   [cli] [yupao:diag before#1] {"bodyScrollTop":0,"bodyText":"首页 职位 公司 校园 意外险 下载APP 消息 简历 任女士 推荐 文员 推荐 文员 添加求职期望 搜索 宁波 工作区域 职位类型 薪资待遇 结算方式 清空筛选条件 录入文员/无责月6K起/包吃包住/五险一金 7000-9000元/月 文员 月结 全职 20人以上 包住 包吃 社保 连渝科技 宁波","cards_data_index":15,"cards_yppc":0,"documentScrollTop":0,"innerHeight":759,"scrollables":[{"className":"","clientHeight":759,"diff":1809,"id":"","scrollHeight":2568,"scrollTop":0,"tag":"BODY"},{"className":"ahfj","clientHeight":559,"diff":1281,"id":"mainR","scrollHeight":1840,"scrollTop":0,"tag":"DIV"}],"sentinel":{"bottom":2568,"text":"加载中","top":2528,"visible":false},"title":"「宁波文员招聘信息」宁波文员哪里找工作-鱼泡直聘网","url":"https://www.yupao.com/topic/a388c0/?keywords=%E6%96%87%E5%91%98","windowScrollY":0}
[21:03:06]   [cli] [yupao:diag before#1] scrollContainer: {"clientHeight":559,"diff":1281,"found":true,"scrollHeight":1840,"scrollTop":0}
[21:03:06]   [cli] [yupao:url 5s scroll#1-done] about:blank | title= | cards=0
[21:03:06]   [cli] [yupao:probe] (no probe in window.name: )
[21:03:06]   [cli] [yupao:diag after#1] {"bodyScrollTop":0,"bodyText":"","cards_data_index":0,"cards_yppc":0,"documentScrollTop":0,"innerHeight":753,"scrollables":[],"sentinel":null,"title":"","url":"about:blank","windowScrollY":0}
[21:03:07]   [cli] [yupao:diag after#1] scrollContainer: {"found":false}
[21:03:07]   [cli] [yupao:scroll#1] DOM=0 cards, allJobs 15→15, noProgress=0
[21:03:07]   [cli] [yupao:url 9s scroll#2-done] about:blank | title= | cards=0
[21:03:07]   [cli] [yupao:scroll#2] DOM=0 cards, allJobs 15→15, noProgress=1
[21:03:07]   [cli] [yupao:diag before#3] {"bodyScrollTop":0,"bodyText":"","cards_data_index":0,"cards_yppc":0,"documentScrollTop":0,"innerHeight":753,"scrollables":[],"sentinel":null,"title":"","url":"about:blank","windowScrollY":0}
[21:03:07]   [cli] [yupao:diag before#3] scrollContainer: {"found":false}
[21:03:07]   [cli] [yupao:url 13s scroll#3-done] about:blank | title= | cards=0
[21:03:07]   [cli] [yupao:diag after#3] {"bodyScrollTop":0,"bodyText":"","cards_data_index":0,"cards_yppc":0,"documentScrollTop":0,"innerHeight":753,"scrollables":[],"sentinel":null,"title":"","url":"about:blank","windowScrollY":0}
[21:03:07]   [cli] [yupao:diag after#3] scrollContainer: {"found":false}
[21:03:07]   [cli] [yupao:scroll#3] DOM=0 cards, allJobs 15→15, noProgress=2
[21:03:07]   [cli] [yupao:url 17s scroll#4-done] about:blank | title= | cards=0
[21:03:07]   [cli] [yupao:scroll#4] DOM=0 cards, allJobs 15→15, noProgress=3
[21:03:07]   [cli] [yupao:url 21s scroll#5-done] about:blank | title= | cards=0
[21:03:07]   [cli] [yupao:scroll#5] DOM=0 cards, allJobs 15→15, noProgress=4
[21:03:07]   [cli] [yupao:diag before#6] {"bodyScrollTop":0,"bodyText":"","cards_data_index":0,"cards_yppc":0,"documentScrollTop":0,"innerHeight":753,"scrollables":[],"sentinel":null,"title":"","url":"about:blank","windowScrollY":0}
[21:03:07]   [cli] [yupao:diag before#6] scrollContainer: {"found":false}
[21:03:07]   [cli] [yupao:url 25s scroll#6-done] about:blank | title= | cards=0
[21:03:07]   [cli] [yupao:diag after#6] {"bodyScrollTop":0,"bodyText":"","cards_data_index":0,"cards_yppc":0,"documentScrollTop":0,"innerHeight":753,"scrollables":[],"sentinel":null,"title":"","url":"about:blank","windowScrollY":0}
[21:03:07]   [cli] [yupao:diag after#6] scrollContainer: {"found":false}
[21:03:07]   [cli] [yupao:scroll#6] DOM=0 cards, allJobs 15→15, noProgress=5
[21:03:07]   [cli] [yupao:url 29s scroll#7-done] about:blank | title= | cards=0
[21:03:07]   [cli] [yupao:scroll#7] DOM=0 cards, allJobs 15→15, noProgress=6
[21:03:07]   [cli] [yupao:url 33s scroll#8-done] about:blank | title= | cards=0
[21:03:07]   [cli] [yupao:scroll#8] DOM=0 cards, allJobs 15→15, noProgress=7
[21:03:07]   [cli] [yupao:diag before#9] {"bodyScrollTop":0,"bodyText":"","cards_data_index":0,"cards_yppc":0,"documentScrollTop":0,"innerHeight":753,"scrollables":[],"sentinel":null,"title":"","url":"about:blank","windowScrollY":0}
[21:03:07]   [cli] [yupao:diag before#9] scrollContainer: {"found":false}
[21:03:08]   [cli] [yupao:url 38s scroll#9-done] about:blank | title= | cards=0
[21:03:08]   [cli] [yupao:diag after#9] {"bodyScrollTop":0,"bodyText":"","cards_data_index":0,"cards_yppc":0,"documentScrollTop":0,"innerHeight":753,"scrollables":[],"sentinel":null,"title":"","url":"about:blank","windowScrollY":0}
[21:03:08]   [cli] [yupao:diag after#9] scrollContainer: {"found":false}
[21:03:08]   [cli] [yupao:scroll#9] DOM=0 cards, allJobs 15→15, noProgress=8
[21:03:08]   [cli] [yupao:url 42s scroll#10-done] about:blank | title= | cards=0
[21:03:08]   [cli] [yupao:scroll#10] DOM=0 cards, allJobs 15→15, noProgress=9
[21:03:08]   [cli] [yupao:scroll] loop ended: iter=10, allJobs=15, noProgress=10
[21:03:08]   [cli] [yupao:probe-final] []
[21:03:08] 获取到 15 个职位 (去重后)
[21:03:08] 已保存: d:\obsidian\demo\05_long_project\招聘\鱼泡网_文员_宁波_210308.md
[21:03:08] 完成
