[12:21:30] ============================================================
[12:21:30] 智联招聘批量投递 启动
[12:21:30] OPENCLI_CMD: ('node', 'd:/voice/opencli-main/dist/main.js')
[12:21:30] 来源文件: d:\obsidian\demo\05_long_project\招聘\智联招聘_数据_宁波多区.md
[12:21:30] 投递间隔: 5 秒
[12:21:30] 起始序号: 1
[12:21:30] 测试模式: 否
[12:21:30] 投递后复核: 是
[12:21:30] 只复核模式: 否
[12:21:30] ============================================================
[12:21:30] 提取到 65 个职位 URL
[12:21:30] 已处理 (将跳过): 76
[12:21:30] [1/65] 投递 CC347844610J41023328704 ...
[12:21:43]   成功: 该职位已投递过
[12:21:48] [2/65] 投递 CC347844610J41022037204 ...
[12:21:55]   成功: 该职位已投递过
[12:22:00] [3/65] 投递 CC347844610J41022037004 ...
[12:22:07]   成功: 该职位已投递过
[12:22:12] [4/65] 投递 CC347844610J41013878804 ...
[12:22:20]   成功: 该职位已投递过
[12:22:25] [5/65] 投递 CC347844610J41015933604 ...
[12:22:32]   成功: 该职位已投递过
[12:22:37] [6/65] 投递 CC347844610J41015887004 ...
[12:22:45]   成功: 该职位已投递过
[12:22:50] [7/65] 投递 CCL1522372410J41022638304 ...
[12:22:58]   成功: 该职位已投递过
[12:23:03] [8/65] 投递 CCL1389690510J40882225310 ...
[12:23:10]   成功: 该职位已投递过
[12:23:15] [9/65] 投递 CCL1293812770J40447822304 ...
[12:23:21]   成功: 该职位已投递过
[12:23:26] [10/65] 投递 CCL1293812770J40447841204 ...
[12:23:33]   成功: 该职位已投递过
