[14:27:08] ============================================================
[14:27:08] 智联招聘批量投递 启动
[14:27:08] OPENCLI_CMD: ('node', 'd:/voice/opencli-main/dist/main.js')
[14:27:08] 来源文件: d:\obsidian\demo\05_long_project\招聘\智联招聘_采购_宁波.md
[14:27:08] 投递间隔: 5 秒
[14:27:08] 起始序号: 1
[14:27:08] 测试模式: 否
[14:27:08] 投递后复核: 是
[14:27:08] 只复核模式: 否
[14:27:08] ============================================================
[14:27:08] 提取到 17 个职位 URL
[14:27:08] 已处理 (将跳过): 59
[14:27:08] [1/17] 投递 CCL1291245940J40500926413 ...
[14:27:30]   成功: 该职位已投递过
[14:27:35] [2/17] 投递 CC405709980J40890959113 ...
[14:27:52]   成功: 该职位已投递过
[14:27:57] [3/17] 投递 CC372837810J40836541605 ...
[14:28:17]   成功: 该职位已投递过
[14:28:22] [4/17] 投递 CC120997570J40876926705 ...
[14:28:32]   成功: 投递成功 (按钮已变"已投递")
[14:28:37] [5/17] 投递 CC201708120J40919837612 ...
[14:28:51]   成功: 该职位已投递过
[14:28:56] [6/17] 投递 CCL1509255670J40855181107 ...
[14:29:05]   状态: no_apply_button - 未找到投递按钮 (可能已下架或需手动投递)
[14:29:11] [7/17] 投递 CCL1509165850J40899892913 ...
[14:29:25]   成功: 该职位已投递过
[14:29:30] [8/17] 投递 CC447397680J00453344001 ...
[14:29:46]   状态: no_apply_button - 未找到投递按钮 (可能已下架或需手动投递)
[14:29:51] [9/17] 投递 CCL1293812770J40980645804 ...
[14:29:58]   成功: 该职位已投递过
[14:30:03] [10/17] 投递 CC379271710J40100956907 ...
[14:30:11]   成功: 该职位已投递过
[14:30:16] [11/17] 投递 CC140710560J40777116206 ...
[14:30:35]   成功: 该职位已投递过
[14:30:40] [12/17] 投递 CC459148810J40914444212 ...
[14:30:59]   成功: 该职位已投递过
[14:31:04] [13/17] 投递 CCL1514690950J40993569402 ...
[14:31:18]   成功: 该职位已投递过
[14:31:23] [14/17] 投递 CC633563622J90250009000 ...
[14:31:38]   状态: no_apply_button - 未找到投递按钮 (可能已下架或需手动投递)
[14:31:43] [15/17] 投递 CCL1462451470J40541929403 ...
[14:31:56]   成功: 该职位已投递过
[14:32:01] [16/17] 投递 CC563645580J40899904413 ...
[14:32:17]   成功: 该职位已投递过
[14:32:22] [17/17] 投递 CC405621120J40884703905 ...
[14:32:34]   状态: no_apply_button - 未找到投递按钮 (可能已下架或需手动投递)
[14:32:34] 
[14:32:34] ========== 投递阶段完成 ==========
[14:32:34] 成功: 13
[14:32:34] 已投递过: 0
[14:32:34] 失败: 4
[14:32:34] 跳过(已处理): 0
[14:32:34] 投递记录: d:\obsidian\demo\05_long_project\招聘\投递记录.md
[14:32:34] 
[14:32:34] ============================================================
[14:32:34] 投递复核 启动
[14:32:34] 待复核职位: 13 个
[14:32:34] 复核间隔: 3 秒
[14:32:34] ============================================================
[14:32:34] [1/13] 复核 CCL1291245940J40500926413 ...
[14:32:48]   ✓ 已投递: 已投递 (按钮: "已投递")
[14:32:51] [2/13] 复核 CC405709980J40890959113 ...
[14:33:02]   ✓ 已投递: 已投递 (按钮: "已投递")
[14:33:06] [3/13] 复核 CC372837810J40836541605 ...
[14:33:19]   ✓ 已投递: 已投递 (按钮: "已投递")
[14:33:22] [4/13] 复核 CC120997570J40876926705 ...
[14:33:35]   ✓ 已投递: 已投递 (按钮: "已投递")
[14:33:38] [5/13] 复核 CC201708120J40919837612 ...
[14:33:49]   ✓ 已投递: 已投递 (按钮: "已投递")
[14:33:52] [6/13] 复核 CCL1509165850J40899892913 ...
[14:34:01]   ✓ 已投递: 已投递 (按钮: "已投递")
[14:34:04] [7/13] 复核 CCL1293812770J40980645804 ...
[14:34:16]   ✓ 已投递: 已投递 (按钮: "已投递")
[14:34:19] [8/13] 复核 CC379271710J40100956907 ...
[14:34:36]   ✓ 已投递: 已投递 (按钮: "已投递")
[14:34:39] [9/13] 复核 CC140710560J40777116206 ...
[14:34:55]   ✓ 已投递: 已投递 (按钮: "已投递")
[14:34:58] [10/13] 复核 CC459148810J40914444212 ...
[14:35:14]   ✓ 已投递: 已投递 (按钮: "已投递")
[14:35:17] [11/13] 复核 CCL1514690950J40993569402 ...
[14:35:27]   ✓ 已投递: 已投递 (按钮: "已投递")
[14:35:30] [12/13] 复核 CCL1462451470J40541929403 ...
[14:35:39]   ✓ 已投递: 已投递 (按钮: "已投递")
[14:35:42] [13/13] 复核 CC563645580J40899904413 ...
[14:35:51]   ✓ 已投递: 已投递 (按钮: "已投递")
[14:35:51] 
[14:35:51] ========== 复核完成 ==========
[14:35:51] 已投递 (符合预期): 13
[14:35:51] 未投递 → 补投成功: 0
[14:35:51] 未投递 → 补投失败: 0
[14:35:51] 复核失败/异常: 0
[14:35:51] 复核记录: d:\obsidian\demo\05_long_project\招聘\投递复核记录.md
