[09:52:19] ============================================================
[09:52:19] 智联招聘批量投递 启动
[09:52:19] OPENCLI_CMD: ('node', 'd:/voice/opencli-main/dist/main.js')
[09:52:19] 来源文件: d:\obsidian\demo\05_long_project\招聘\智联招聘_录入_宁波多区.md
[09:52:19] 投递间隔: 5 秒
[09:52:19] 起始序号: 1
[09:52:19] 测试模式: 否
[09:52:19] 投递后复核: 是
[09:52:19] 只复核模式: 否
[09:52:19] ============================================================
[09:52:19] 提取到 59 个职位 URL
[09:52:19] 已处理 (将跳过): 56
[09:52:19] [57/59] 投递 CCL1526968830J40955084108 ...
[09:52:37]   成功: 该职位已投递过
[09:52:42] [58/59] 投递 CCL1526871520J40867582507 ...
[09:53:03]   成功: 该职位已投递过
[09:53:08] [59/59] 投递 CCL1507736510J40953599708 ...
[09:53:37]   已投递过: 该职位已投递过
[09:53:37] 
[09:53:37] ========== 投递阶段完成 ==========
[09:53:37] 成功: 2
[09:53:37] 已投递过: 1
[09:53:37] 失败: 0
[09:53:37] 跳过(已处理): 56
[09:53:37] 投递记录: d:\obsidian\demo\05_long_project\招聘\投递记录.md
[09:53:37] 
[09:53:37] ============================================================
[09:53:37] 投递复核 启动
[09:53:37] 待复核职位: 3 个
[09:53:37] 复核间隔: 3 秒
[09:53:37] ============================================================
[09:53:37] [1/3] 复核 CCL1526968830J40955084108 ...
[09:53:50]   ✓ 已投递: 已投递 (按钮: "已投递")
[09:53:53] [2/3] 复核 CCL1526871520J40867582507 ...
[09:54:40]   ✓ 已投递: 已投递 (按钮: "已投递")
[09:54:43] [3/3] 复核 CCL1507736510J40953599708 ...
[09:54:55]   尝试 1/2 失败: 💥 Unexpected error: Detached while handling command.
  Run with --verbose for de
[09:55:11]   尝试 2/2 失败: 💥 Unexpected error: Detached while handling command.
  Run with --verbose for de
[09:55:11]   复核失败: 💥 Unexpected error: Detached while handling command.
  Run with --verbose for details, or report: https://github.com/jackwener/opencli/issues

[09:55:11] 
[09:55:11] ========== 复核完成 ==========
[09:55:11] 已投递 (符合预期): 2
[09:55:11] 未投递 → 补投成功: 0
[09:55:11] 未投递 → 补投失败: 0
[09:55:11] 复核失败/异常: 1
[09:55:11] 复核记录: d:\obsidian\demo\05_long_project\招聘\投递复核记录.md
