[19:23:49] ============================================================
[19:23:49] 智联招聘职位搜索采集 启动
[19:23:49] OPENCLI_CMD: ('node', 'd:\\voice\\opencli-main\\dist\\main.js')
[19:23:49] 输出目录: d:\obsidian\demo\05_long_project\招聘
[19:23:49] ============================================================
[19:24:06] 关键词: 录入
[19:24:06] 城市: 宁波
[19:24:06] 区域(多选): 海曙区, 江北区, 北仑区, 镇海区, 鄞州区
[19:24:06] 数量: 50
[19:24:06] 搜索中, 请稍候 (约 15-30 秒)...
[19:24:06] --- 全市分页搜索 (city=宁波, 目标 500 个, 最多 10 页) ---
[19:24:06] 分页采集: 目标 500 个, 每页 30, 最多 10 页
[19:24:06] --- 第 1/10 页 ---
[19:24:06] 调用 opencli zhaopin search (city=宁波, limit=30, page=1)
[19:24:20] 第 1 页新增 30 个 (累计 30)
[19:24:23] --- 第 2/10 页 ---
[19:24:23] 调用 opencli zhaopin search (city=宁波, limit=30, page=2)
[19:24:46] 第 2 页新增 20 个 (累计 50)
[19:24:50] --- 第 3/10 页 ---
[19:24:50] 调用 opencli zhaopin search (city=宁波, limit=30, page=3)
[19:25:11] 第 3 页新增 20 个 (累计 70)
[19:25:15] --- 第 4/10 页 ---
[19:25:15] 调用 opencli zhaopin search (city=宁波, limit=30, page=4)
[19:25:37] 第 4 页新增 20 个 (累计 90)
[19:25:39] --- 第 5/10 页 ---
[19:25:39] 调用 opencli zhaopin search (city=宁波, limit=30, page=5)
[19:26:06] 第 5 页新增 15 个 (累计 105)
[19:26:09] --- 第 6/10 页 ---
[19:26:09] 调用 opencli zhaopin search (city=宁波, limit=30, page=6)
[19:26:19] 第 6 页新增 0 个 (累计 105)
[19:26:22] --- 第 7/10 页 ---
[19:26:22] 调用 opencli zhaopin search (city=宁波, limit=30, page=7)
[19:26:38] zhaopin search 调用失败: 📭 zhaopin search returned no data
→ The page structure may have changed — this adapter may be outdated.
  Debug:  zhaopin/search --verbose
  Report: https://github.com/jackwener/opencli/issues

[19:26:38] 第 7 页无数据, 结束分页
[19:26:38] 全市共获取 105 个职位, 开始按区域过滤...
[19:26:38]   海曙区: 8 个
[19:26:38]   江北区: 10 个
[19:26:38]   北仑区: 9 个
[19:26:38]   镇海区: 4 个
[19:26:38]   鄞州区: 30 个
[19:26:38] 过滤后总计: 61 个 (全市共 105, 其他区域 44)
[19:26:38] 获取到 61 个职位 (去重后)
[19:26:38] 已创建 (采集中): d:\obsidian\demo\05_long_project\招聘\智联招聘_录入_宁波多区.md
[19:26:38] 跳过详情获取 (已暂时取消), 只保留表格; 设置 SKIP_DETAIL=0 可恢复详情获取
[19:26:38] 已保存 (已采集): d:\obsidian\demo\05_long_project\招聘\智联招聘_录入_宁波多区.md
[19:26:38] 完成
