[17:47:40] ============================================================
[17:47:40] 智联招聘职位搜索采集 启动
[17:47:40] OPENCLI_CMD: ('node', 'd:\\voice\\opencli-main\\dist\\main.js')
[17:47:40] 输出目录: d:\obsidian\demo\05_long_project\招聘
[17:47:40] ============================================================
[17:47:55] 关键词: 录入
[17:47:55] 城市: 宁波
[17:47:55] 区域(多选): 海曙区, 江北区, 北仑区, 镇海区, 鄞州区
[17:47:55] 数量: 50
[17:47:55] 搜索中, 请稍候 (约 15-30 秒)...
[17:47:55] --- 全市分页搜索 (city=宁波, 目标 500 个, 最多 10 页) ---
[17:47:55] 分页采集: 目标 500 个, 每页 30, 最多 10 页
[17:47:55] --- 第 1/10 页 ---
[17:47:55] 调用 opencli zhaopin search (city=宁波, limit=30, page=1)
[17:48:07] 第 1 页新增 30 个 (累计 30)
[17:48:10] --- 第 2/10 页 ---
[17:48:10] 调用 opencli zhaopin search (city=宁波, limit=30, page=2)
[17:48:30] 第 2 页新增 20 个 (累计 50)
[17:48:34] --- 第 3/10 页 ---
[17:48:34] 调用 opencli zhaopin search (city=宁波, limit=30, page=3)
[17:49:00] 第 3 页新增 20 个 (累计 70)
[17:49:02] --- 第 4/10 页 ---
[17:49:02] 调用 opencli zhaopin search (city=宁波, limit=30, page=4)
[17:49:28] 第 4 页新增 20 个 (累计 90)
[17:49:32] --- 第 5/10 页 ---
[17:49:32] 调用 opencli zhaopin search (city=宁波, limit=30, page=5)
[17:50:05] 第 5 页新增 15 个 (累计 105)
[17:50:09] --- 第 6/10 页 ---
[17:50:09] 调用 opencli zhaopin search (city=宁波, limit=30, page=6)
[17:50:33] 第 6 页新增 0 个 (累计 105)
[17:50:37] --- 第 7/10 页 ---
[17:50:37] 调用 opencli zhaopin search (city=宁波, limit=30, page=7)
