[19:45:10] ============================================================
[19:45:10] 智联招聘批量投递 启动
[19:45:10] OPENCLI_CMD: ('node', 'd:/voice/opencli-main/dist/main.js')
[19:45:10] 来源文件: d:\obsidian\demo\05_long_project\招聘\智联招聘_录入_宁波多区.md
[19:45:10] 投递间隔: 5 秒
[19:45:10] 起始序号: 1
[19:45:10] 测试模式: 否
[19:45:10] 投递后复核: 是
[19:45:10] 只复核模式: 否
[19:45:10] ============================================================
[19:45:10] 提取到 60 个职位 URL
[19:45:10] 已处理 (将跳过): 0
[19:45:10] [1/60] 投递 CC325514410J40880188910 ...
[19:45:16]   触发风控: 触发腾讯云 EdgeOne 验证, 请先手动访问智联招聘搜索页解除风控
[19:45:16]   ⚠ 检测到腾讯云 EdgeOne 验证, 立即停止批量投递
[19:45:16]   请手动访问智联招聘搜索页解除风控后, 使用 --start 参数续投
[19:45:16]   续投命令: python zhaopin_apply.py "d:\obsidian\demo\05_long_project\招聘\智联招聘_录入_宁波多区.md" --start 2
[19:45:16] 
[19:45:16] ========== 投递阶段完成 ==========
[19:45:16] 成功: 0
[19:45:16] 已投递过: 0
[19:45:16] 失败: 0
[19:45:16] 跳过(已处理): 0
[19:45:16] 投递记录: d:\obsidian\demo\05_long_project\招聘\投递记录.md
[19:45:16] 无投递成功的记录, 跳过复核
