[11:09:03] ============================================================
[11:09:03] 智联招聘职位搜索采集 启动
[11:09:03] OPENCLI_CMD: ('node', 'd:\\voice\\opencli-main\\dist\\main.js')
[11:09:03] 输出目录: d:\obsidian\demo\05_long_project\招聘
[11:09:03] ============================================================
[11:09:16] 关键词: 数据
[11:09:16] 城市: 宁波
[11:09:16] 区域(多选): 海曙区, 江北区, 北仑区, 镇海区, 鄞州区
[11:09:16] 数量: 50
[11:09:16] 搜索中, 请稍候 (约 15-30 秒)...
[11:09:16] --- 全市分页搜索 (city=宁波, 目标 500 个, 最多 10 页) ---
[11:09:16] 分页采集: 目标 500 个, 每页 30, 最多 10 页
[11:09:16] --- 第 1/10 页 ---
[11:09:16] 调用 opencli zhaopin search (city=宁波, limit=30, page=1)
[11:09:28] 第 1 页新增 30 个 (累计 30)
[11:09:31] --- 第 2/10 页 ---
[11:09:31] 调用 opencli zhaopin search (city=宁波, limit=30, page=2)
[11:09:58] 第 2 页新增 20 个 (累计 50)
[11:10:00] --- 第 3/10 页 ---
[11:10:00] 调用 opencli zhaopin search (city=宁波, limit=30, page=3)
[11:10:27] 第 3 页新增 20 个 (累计 70)
[11:10:30] --- 第 4/10 页 ---
[11:10:30] 调用 opencli zhaopin search (city=宁波, limit=30, page=4)
[11:10:56] 第 4 页新增 20 个 (累计 90)
[11:10:58] --- 第 5/10 页 ---
[11:10:58] 调用 opencli zhaopin search (city=宁波, limit=30, page=5)
[11:11:24] 第 5 页新增 20 个 (累计 110)
[11:11:26] --- 第 6/10 页 ---
[11:11:26] 调用 opencli zhaopin search (city=宁波, limit=30, page=6)
[11:11:54] 第 6 页新增 20 个 (累计 130)
[11:11:58] --- 第 7/10 页 ---
[11:11:58] 调用 opencli zhaopin search (city=宁波, limit=30, page=7)
[11:12:24] 第 7 页新增 20 个 (累计 150)
[11:12:26] --- 第 8/10 页 ---
[11:12:26] 调用 opencli zhaopin search (city=宁波, limit=30, page=8)
[11:12:51] 第 8 页新增 20 个 (累计 170)
[11:12:54] --- 第 9/10 页 ---
[11:12:54] 调用 opencli zhaopin search (city=宁波, limit=30, page=9)
[11:13:19] 第 9 页新增 21 个 (累计 191)
[11:13:22] --- 第 10/10 页 ---
[11:13:22] 调用 opencli zhaopin search (city=宁波, limit=30, page=10)
[11:13:48] 第 10 页新增 19 个 (累计 210)
[11:13:51] 全市共获取 210 个职位, 开始按区域过滤...
[11:13:51]   海曙区: 19 个
[11:13:51]   江北区: 37 个
[11:13:51]   北仑区: 9 个
[11:13:51]   镇海区: 9 个
[11:13:51]   鄞州区: 50 个
[11:13:51] 过滤后总计: 124 个 (全市共 210, 其他区域 40)
[11:13:51] 获取到 124 个职位 (去重后)
[11:13:51] 已创建 (采集中): d:\obsidian\demo\05_long_project\招聘\智联招聘_数据_宁波多区.md
[11:13:51] 跳过详情获取 (已暂时取消), 只保留表格; 设置 SKIP_DETAIL=0 可恢复详情获取
[11:13:51] 已保存 (已采集): d:\obsidian\demo\05_long_project\招聘\智联招聘_数据_宁波多区.md
[11:13:51] 完成
